Original Lambdas:
Lambda 1: 226.15368890383624
Lambda 2: 470.4950264665735
mass_1_source: 1.5312678092812273
mass_2_source: 1.3682759336539767
Overwriting with the jester EOS:
NEW Lambdas:
Lambda 1: 218.1030772913739
Lambda 2: 463.5935338315368
2197it [0:00:03 bound:0 nc:  2 ncall:4.0e+03 eff:54.6% logz-ratio=-195.00+/-0.05 dlogz:2.18e+03>0.1]
7144it [0:01:06 bound:0 nc:161 ncall:7.0e+04 eff:10.2% logz-ratio=104.88+/-0.06 dlogz:2.85e+03>0.1]
7690it [0:02:51 bound:3 nc:840 ncall:2.5e+05 eff:3.1% logz-ratio=138.01+/-0.06 dlogz:2.82e+03>0.1]
8052it [0:04:29 bound:5 nc:803 ncall:5.9e+05 eff:1.4% logz-ratio=161.35+/-0.06 dlogz:2.9e+03>0.1]
8780it [0:05:38 bound:9 nc:192 ncall:9.0e+05 eff:1.0% logz-ratio=220.53+/-0.07 dlogz:4.5e+03>0.1]
9325it [0:06:39 bound:12 nc:520 ncall:1.0e+06 eff:0.9% logz-ratio=269.54+/-0.07 dlogz:4.45e+03>0.1]
10062it [0:07:52 bound:16 nc:320 ncall:1.3e+06 eff:0.8% logz-ratio=348.54+/-0.07 dlogz:4.37e+03>0.1]
10616it [0:08:58 bound:19 nc:426 ncall:1.5e+06 eff:0.7% logz-ratio=419.16+/-0.07 dlogz:4.3e+03>0.1]
11168it [0:09:59 bound:22 nc:619 ncall:1.7e+06 eff:0.7% logz-ratio=506.13+/-0.07 dlogz:4.21e+03>0.1]
11718it [0:11:05 bound:25 nc:281 ncall:1.9e+06 eff:0.6% logz-ratio=601.31+/-0.07 dlogz:4.12e+03>0.1]
12262it [0:12:09 bound:28 nc:311 ncall:2.1e+06 eff:0.6% logz-ratio=710.42+/-0.07 dlogz:4.01e+03>0.1]
12814it [0:13:18 bound:31 nc:916 ncall:2.3e+06 eff:0.6% logz-ratio=829.02+/-0.08 dlogz:4.38e+03>0.1]
13368it [0:14:30 bound:34 nc:352 ncall:2.5e+06 eff:0.5% logz-ratio=953.83+/-0.08 dlogz:5.25e+03>0.1]
13919it [0:15:37 bound:37 nc:334 ncall:2.7e+06 eff:0.5% logz-ratio=1087.09+/-0.08 dlogz:5.11e+03>0.1]
14468it [0:17:00 bound:40 nc:553 ncall:2.9e+06 eff:0.5% logz-ratio=1220.94+/-0.08 dlogz:4.98e+03>0.1]
15021it [0:18:09 bound:43 nc:359 ncall:3.1e+06 eff:0.5% logz-ratio=1350.14+/-0.08 dlogz:4.85e+03>0.1]
15572it [0:19:25 bound:46 nc:364 ncall:3.3e+06 eff:0.5% logz-ratio=1499.07+/-0.08 dlogz:4.7e+03>0.1]
16129it [0:20:39 bound:49 nc:370 ncall:3.5e+06 eff:0.5% logz-ratio=1636.14+/-0.08 dlogz:4.56e+03>0.1]
16680it [0:21:53 bound:52 nc:399 ncall:3.7e+06 eff:0.4% logz-ratio=1785.37+/-0.08 dlogz:5.11e+03>0.1]
17225it [0:23:05 bound:55 nc:356 ncall:4.0e+06 eff:0.4% logz-ratio=1945.99+/-0.08 dlogz:5.37e+03>0.1]
17777it [0:24:20 bound:58 nc:361 ncall:4.2e+06 eff:0.4% logz-ratio=2103.05+/-0.08 dlogz:5.22e+03>0.1]
18336it [0:25:44 bound:61 nc:430 ncall:4.4e+06 eff:0.4% logz-ratio=2258.44+/-0.09 dlogz:5.06e+03>0.1]
18884it [0:27:02 bound:64 nc:396 ncall:4.7e+06 eff:0.4% logz-ratio=2429.86+/-0.09 dlogz:4.89e+03>0.1]
19251it [0:28:05 bound:66 nc:544 ncall:4.8e+06 eff:0.4% logz-ratio=2540.48+/-0.09 dlogz:4.78e+03>0.1]
19805it [0:29:39 bound:69 nc:455 ncall:5.1e+06 eff:0.4% logz-ratio=2697.60+/-0.09 dlogz:4.62e+03>0.1]
19996it [0:31:02 bound:70 nc:370 ncall:5.2e+06 eff:0.4% logz-ratio=2754.73+/-0.09 dlogz:4.56e+03>0.1]
20353it [0:32:02 bound:72 nc:382 ncall:5.4e+06 eff:0.4% logz-ratio=2865.40+/-0.09 dlogz:5.15e+03>0.1]
20901it [0:33:39 bound:75 nc:645 ncall:5.6e+06 eff:0.4% logz-ratio=3035.57+/-0.09 dlogz:5.36e+03>0.1]
21266it [0:34:44 bound:77 nc:448 ncall:5.8e+06 eff:0.4% logz-ratio=3146.52+/-0.09 dlogz:5.25e+03>0.1]
21630it [0:35:57 bound:79 nc:467 ncall:6.0e+06 eff:0.4% logz-ratio=3241.57+/-0.09 dlogz:5.15e+03>0.1]
21996it [0:37:00 bound:81 nc:834 ncall:6.2e+06 eff:0.4% logz-ratio=3349.73+/-0.09 dlogz:5.05e+03>0.1]
22364it [0:38:02 bound:83 nc:513 ncall:6.4e+06 eff:0.3% logz-ratio=3452.00+/-0.09 dlogz:4.94e+03>0.1]
22740it [0:39:13 bound:85 nc:589 ncall:6.6e+06 eff:0.3% logz-ratio=3562.17+/-0.09 dlogz:4.83e+03>0.1]
23105it [0:40:25 bound:87 nc:508 ncall:6.8e+06 eff:0.3% logz-ratio=3663.77+/-0.09 dlogz:4.73e+03>0.1]
23473it [0:41:58 bound:89 nc:598 ncall:7.0e+06 eff:0.3% logz-ratio=3768.25+/-0.09 dlogz:4.75e+03>0.1]
23840it [0:43:18 bound:91 nc:700 ncall:7.3e+06 eff:0.3% logz-ratio=3869.23+/-0.09 dlogz:4.86e+03>0.1]
24200it [0:44:34 bound:93 nc:490 ncall:7.5e+06 eff:0.3% logz-ratio=3969.63+/-0.09 dlogz:5.07e+03>0.1]
24562it [0:46:14 bound:95 nc:587 ncall:7.8e+06 eff:0.3% logz-ratio=4065.49+/-0.09 dlogz:7e+03>0.1]
24928it [0:47:49 bound:97 nc:813 ncall:8.1e+06 eff:0.3% logz-ratio=4166.52+/-0.09 dlogz:6.9e+03>0.1]
25289it [0:49:06 bound:99 nc:544 ncall:8.4e+06 eff:0.3% logz-ratio=4272.98+/-0.09 dlogz:6.79e+03>0.1]
25660it [0:50:33 bound:101 nc:474 ncall:8.6e+06 eff:0.3% logz-ratio=4388.23+/-0.10 dlogz:6.68e+03>0.1]
26033it [0:52:10 bound:103 nc:942 ncall:8.8e+06 eff:0.3% logz-ratio=4498.93+/-0.10 dlogz:6.65e+03>0.1]
26405it [0:53:38 bound:105 nc:705 ncall:9.1e+06 eff:0.3% logz-ratio=4595.57+/-0.10 dlogz:6.55e+03>0.1]
26765it [0:55:01 bound:107 nc:843 ncall:9.4e+06 eff:0.3% logz-ratio=4711.22+/-0.10 dlogz:6.43e+03>0.1]
27124it [0:56:25 bound:109 nc:449 ncall:9.6e+06 eff:0.3% logz-ratio=4821.24+/-0.10 dlogz:6.32e+03>0.1]
27488it [0:57:58 bound:111 nc:709 ncall:9.8e+06 eff:0.3% logz-ratio=4938.19+/-0.10 dlogz:6.21e+03>0.1]
27856it [0:59:25 bound:113 nc:616 ncall:1.0e+07 eff:0.3% logz-ratio=5056.05+/-0.10 dlogz:6.11e+03>0.1]
28226it [1:01:16 bound:115 nc:622 ncall:1.0e+07 eff:0.3% logz-ratio=5196.89+/-0.10 dlogz:5.96e+03>0.1]
28230it [1:02:47 bound:115 nc:600 ncall:1.0e+07 eff:0.3% logz-ratio=5198.18+/-0.10 dlogz:5.96e+03>0.1]
28587it [1:04:31 bound:117 nc:785 ncall:1.1e+07 eff:0.3% logz-ratio=5332.57+/-0.10 dlogz:5.83e+03>0.1]
28952it [1:06:02 bound:119 nc:966 ncall:1.1e+07 eff:0.3% logz-ratio=5463.30+/-0.10 dlogz:5.7e+03>0.1]
29320it [1:07:48 bound:121 nc:739 ncall:1.1e+07 eff:0.3% logz-ratio=5596.68+/-0.10 dlogz:6.47e+03>0.1]
29692it [1:09:13 bound:123 nc:638 ncall:1.1e+07 eff:0.3% logz-ratio=5738.65+/-0.10 dlogz:6.33e+03>0.1]
30060it [1:10:56 bound:125 nc:708 ncall:1.2e+07 eff:0.3% logz-ratio=5875.58+/-0.10 dlogz:6.36e+03>0.1]
30429it [1:12:48 bound:127 nc:1566 ncall:1.2e+07 eff:0.3% logz-ratio=6020.15+/-0.10 dlogz:6.21e+03>0.1]
30796it [1:14:26 bound:129 nc:968 ncall:1.2e+07 eff:0.3% logz-ratio=6165.30+/-0.10 dlogz:6.07e+03>0.1]
31172it [1:16:02 bound:131 nc:721 ncall:1.3e+07 eff:0.2% logz-ratio=6316.74+/-0.10 dlogz:5.92e+03>0.1]
31533it [1:17:34 bound:133 nc:583 ncall:1.3e+07 eff:0.2% logz-ratio=6467.24+/-0.10 dlogz:5.77e+03>0.1]
31897it [1:19:13 bound:135 nc:1077 ncall:1.3e+07 eff:0.2% logz-ratio=6613.17+/-0.10 dlogz:5.93e+03>0.1]
32259it [1:20:45 bound:137 nc:738 ncall:1.3e+07 eff:0.2% logz-ratio=6763.49+/-0.10 dlogz:5.78e+03>0.1]
32628it [1:22:34 bound:139 nc:887 ncall:1.4e+07 eff:0.2% logz-ratio=6911.87+/-0.11 dlogz:5.64e+03>0.1]
32996it [1:24:23 bound:141 nc:972 ncall:1.4e+07 eff:0.2% logz-ratio=7071.51+/-0.11 dlogz:5.48e+03>0.1]
33357it [1:26:20 bound:143 nc:870 ncall:1.4e+07 eff:0.2% logz-ratio=7232.95+/-0.11 dlogz:5.31e+03>0.1]
33721it [1:28:18 bound:145 nc:965 ncall:1.5e+07 eff:0.2% logz-ratio=7407.43+/-0.11 dlogz:5.67e+03>0.1]
33905it [1:29:22 bound:146 nc:808 ncall:1.5e+07 eff:0.2% logz-ratio=7490.88+/-0.11 dlogz:5.58e+03>0.1]
34087it [1:30:25 bound:147 nc:2621 ncall:1.5e+07 eff:0.2% logz-ratio=7572.91+/-0.11 dlogz:5.5e+03>0.1]
34321it [1:31:25 bound:148 nc:950 ncall:1.5e+07 eff:0.2% logz-ratio=7681.22+/-0.11 dlogz:5.39e+03>0.1]
34458it [1:32:27 bound:149 nc:1944 ncall:1.5e+07 eff:0.2% logz-ratio=7736.50+/-0.11 dlogz:5.34e+03>0.1]
34644it [1:33:27 bound:150 nc:1083 ncall:1.6e+07 eff:0.2% logz-ratio=7807.79+/-0.11 dlogz:5.27e+03>0.1]
34651it [1:35:08 bound:150 nc:884 ncall:1.6e+07 eff:0.2% logz-ratio=7810.34+/-0.11 dlogz:5.26e+03>0.1]
34830it [1:36:10 bound:151 nc:904 ncall:1.6e+07 eff:0.2% logz-ratio=7888.41+/-0.11 dlogz:5.18e+03>0.1]
35011it [1:37:12 bound:152 nc:1738 ncall:1.6e+07 eff:0.2% logz-ratio=7963.25+/-0.11 dlogz:5.11e+03>0.1]
35199it [1:38:14 bound:153 nc:925 ncall:1.6e+07 eff:0.2% logz-ratio=8050.02+/-0.11 dlogz:5.02e+03>0.1]
35382it [1:39:24 bound:154 nc:962 ncall:1.6e+07 eff:0.2% logz-ratio=8132.87+/-0.11 dlogz:4.94e+03>0.1]
35564it [1:40:24 bound:155 nc:479 ncall:1.6e+07 eff:0.2% logz-ratio=8207.64+/-0.11 dlogz:4.87e+03>0.1]
35747it [1:41:27 bound:156 nc:896 ncall:1.7e+07 eff:0.2% logz-ratio=8287.49+/-0.11 dlogz:4.78e+03>0.1]
35932it [1:42:30 bound:157 nc:1867 ncall:1.7e+07 eff:0.2% logz-ratio=8365.53+/-0.11 dlogz:4.71e+03>0.1]
36114it [1:43:38 bound:158 nc:711 ncall:1.7e+07 eff:0.2% logz-ratio=8447.38+/-0.11 dlogz:4.62e+03>0.1]
36293it [1:44:39 bound:159 nc:685 ncall:1.7e+07 eff:0.2% logz-ratio=8513.07+/-0.11 dlogz:4.56e+03>0.1]
36473it [1:45:41 bound:160 nc:770 ncall:1.7e+07 eff:0.2% logz-ratio=8589.34+/-0.11 dlogz:4.48e+03>0.1]
36659it [1:46:52 bound:161 nc:1032 ncall:1.7e+07 eff:0.2% logz-ratio=8660.73+/-0.11 dlogz:4.41e+03>0.1]
36846it [1:47:58 bound:162 nc:821 ncall:1.8e+07 eff:0.2% logz-ratio=8736.26+/-0.11 dlogz:4.34e+03>0.1]
37025it [1:49:03 bound:163 nc:694 ncall:1.8e+07 eff:0.2% logz-ratio=8811.03+/-0.11 dlogz:4.31e+03>0.1]
37207it [1:50:07 bound:164 nc:929 ncall:1.8e+07 eff:0.2% logz-ratio=8883.55+/-0.11 dlogz:4.24e+03>0.1]
37386it [1:51:12 bound:165 nc:567 ncall:1.8e+07 eff:0.2% logz-ratio=8957.73+/-0.11 dlogz:4.16e+03>0.1]
37572it [1:52:23 bound:166 nc:1018 ncall:1.8e+07 eff:0.2% logz-ratio=9027.20+/-0.11 dlogz:4.09e+03>0.1]
37756it [1:53:30 bound:167 nc:1090 ncall:1.9e+07 eff:0.2% logz-ratio=9097.34+/-0.11 dlogz:4.02e+03>0.1]
37943it [1:54:36 bound:168 nc:849 ncall:1.9e+07 eff:0.2% logz-ratio=9161.91+/-0.11 dlogz:3.96e+03>0.1]
38128it [1:55:41 bound:169 nc:1945 ncall:1.9e+07 eff:0.2% logz-ratio=9230.39+/-0.11 dlogz:3.89e+03>0.1]
38312it [1:56:47 bound:170 nc:1075 ncall:1.9e+07 eff:0.2% logz-ratio=9288.74+/-0.11 dlogz:3.83e+03>0.1]
38497it [1:57:50 bound:171 nc:1236 ncall:1.9e+07 eff:0.2% logz-ratio=9353.11+/-0.11 dlogz:3.77e+03>0.1]
38681it [1:58:59 bound:172 nc:1335 ncall:1.9e+07 eff:0.2% logz-ratio=9416.47+/-0.11 dlogz:3.71e+03>0.1]
38867it [2:00:07 bound:173 nc:1135 ncall:2.0e+07 eff:0.2% logz-ratio=9486.81+/-0.11 dlogz:3.64e+03>0.1]
39054it [2:01:15 bound:174 nc:716 ncall:2.0e+07 eff:0.2% logz-ratio=9555.80+/-0.11 dlogz:3.57e+03>0.1]
39236it [2:02:30 bound:175 nc:989 ncall:2.0e+07 eff:0.2% logz-ratio=9627.81+/-0.11 dlogz:3.5e+03>0.1]
39421it [2:03:38 bound:176 nc:835 ncall:2.0e+07 eff:0.2% logz-ratio=9688.65+/-0.11 dlogz:3.44e+03>0.1]
39602it [2:04:48 bound:177 nc:911 ncall:2.0e+07 eff:0.2% logz-ratio=9744.70+/-0.11 dlogz:3.38e+03>0.1]
39781it [2:05:55 bound:178 nc:1180 ncall:2.1e+07 eff:0.2% logz-ratio=9807.13+/-0.11 dlogz:3.32e+03>0.1]
39784it [2:08:00 bound:178 nc:863 ncall:2.1e+07 eff:0.2% logz-ratio=9807.80+/-0.11 dlogz:3.32e+03>0.1]
39967it [2:09:10 bound:179 nc:1004 ncall:2.1e+07 eff:0.2% logz-ratio=9865.88+/-0.11 dlogz:3.26e+03>0.1]
40157it [2:10:18 bound:180 nc:1171 ncall:2.1e+07 eff:0.2% logz-ratio=9924.48+/-0.11 dlogz:3.2e+03>0.1]
40336it [2:11:24 bound:181 nc:1218 ncall:2.1e+07 eff:0.2% logz-ratio=9981.93+/-0.11 dlogz:3.14e+03>0.1]
40524it [2:12:41 bound:182 nc:1673 ncall:2.1e+07 eff:0.2% logz-ratio=10046.50+/-0.11 dlogz:3.08e+03>0.1]
40709it [2:13:48 bound:183 nc:1246 ncall:2.2e+07 eff:0.2% logz-ratio=10114.97+/-0.11 dlogz:3.1e+03>0.1]
40892it [2:14:58 bound:184 nc:1062 ncall:2.2e+07 eff:0.2% logz-ratio=10174.34+/-0.11 dlogz:3.04e+03>0.1]
41076it [2:16:10 bound:185 nc:1272 ncall:2.2e+07 eff:0.2% logz-ratio=10235.91+/-0.11 dlogz:3.01e+03>0.1]
41263it [2:17:22 bound:186 nc:929 ncall:2.2e+07 eff:0.2% logz-ratio=10306.87+/-0.11 dlogz:2.94e+03>0.1]
41453it [2:18:33 bound:187 nc:1152 ncall:2.2e+07 eff:0.2% logz-ratio=10367.43+/-0.11 dlogz:2.87e+03>0.1]
41636it [2:19:46 bound:188 nc:1013 ncall:2.3e+07 eff:0.2% logz-ratio=10429.64+/-0.12 dlogz:2.81e+03>0.1]
41817it [2:21:01 bound:189 nc:1970 ncall:2.3e+07 eff:0.2% logz-ratio=10491.85+/-0.11 dlogz:2.85e+03>0.1]
42002it [2:22:14 bound:190 nc:988 ncall:2.3e+07 eff:0.2% logz-ratio=10554.67+/-0.11 dlogz:3.02e+03>0.1]
42188it [2:23:28 bound:191 nc:900 ncall:2.3e+07 eff:0.2% logz-ratio=10616.83+/-0.12 dlogz:2.96e+03>0.1]
42372it [2:24:40 bound:192 nc:841 ncall:2.3e+07 eff:0.2% logz-ratio=10679.69+/-0.12 dlogz:2.89e+03>0.1]
42551it [2:25:58 bound:193 nc:1319 ncall:2.4e+07 eff:0.2% logz-ratio=10737.34+/-0.11 dlogz:2.84e+03>0.1]
42732it [2:27:09 bound:194 nc:1468 ncall:2.4e+07 eff:0.2% logz-ratio=10809.95+/-0.12 dlogz:2.76e+03>0.1]
42917it [2:28:18 bound:195 nc:1184 ncall:2.4e+07 eff:0.2% logz-ratio=10869.40+/-0.12 dlogz:2.7e+03>0.1]
43100it [2:29:30 bound:196 nc:817 ncall:2.4e+07 eff:0.2% logz-ratio=10939.45+/-0.12 dlogz:2.63e+03>0.1]
43285it [2:30:38 bound:197 nc:1095 ncall:2.4e+07 eff:0.2% logz-ratio=11003.17+/-0.12 dlogz:2.6e+03>0.1]
43467it [2:31:55 bound:198 nc:1135 ncall:2.5e+07 eff:0.2% logz-ratio=11066.28+/-0.12 dlogz:2.53e+03>0.1]
43654it [2:33:09 bound:199 nc:1128 ncall:2.5e+07 eff:0.2% logz-ratio=11125.66+/-0.12 dlogz:2.47e+03>0.1]
43836it [2:34:22 bound:200 nc:1182 ncall:2.5e+07 eff:0.2% logz-ratio=11188.59+/-0.12 dlogz:2.41e+03>0.1]
44020it [2:35:37 bound:201 nc:1001 ncall:2.5e+07 eff:0.2% logz-ratio=11253.83+/-0.12 dlogz:2.35e+03>0.1]
44198it [2:36:47 bound:202 nc:633 ncall:2.5e+07 eff:0.2% logz-ratio=11315.27+/-0.12 dlogz:2.28e+03>0.1]
44382it [2:38:04 bound:203 nc:1489 ncall:2.6e+07 eff:0.2% logz-ratio=11371.90+/-0.12 dlogz:2.23e+03>0.1]
44388it [2:40:10 bound:203 nc:1331 ncall:2.6e+07 eff:0.2% logz-ratio=11373.74+/-0.12 dlogz:2.23e+03>0.1]
44567it [2:41:20 bound:204 nc:782 ncall:2.6e+07 eff:0.2% logz-ratio=11433.53+/-0.12 dlogz:2.17e+03>0.1]
44749it [2:42:33 bound:205 nc:599 ncall:2.6e+07 eff:0.2% logz-ratio=11486.14+/-0.12 dlogz:2.11e+03>0.1]
44928it [2:43:43 bound:206 nc:1282 ncall:2.6e+07 eff:0.2% logz-ratio=11539.58+/-0.12 dlogz:2.06e+03>0.1]
45108it [2:44:58 bound:207 nc:1525 ncall:2.6e+07 eff:0.2% logz-ratio=11590.38+/-0.12 dlogz:2.01e+03>0.1]
45293it [2:46:11 bound:208 nc:937 ncall:2.7e+07 eff:0.2% logz-ratio=11644.37+/-0.12 dlogz:1.95e+03>0.1]
45477it [2:47:21 bound:209 nc:908 ncall:2.7e+07 eff:0.2% logz-ratio=11701.78+/-0.12 dlogz:1.9e+03>0.1]
45664it [2:48:31 bound:210 nc:1348 ncall:2.7e+07 eff:0.2% logz-ratio=11754.36+/-0.12 dlogz:1.84e+03>0.1]
45847it [2:49:47 bound:211 nc:636 ncall:2.7e+07 eff:0.2% logz-ratio=11806.16+/-0.12 dlogz:1.79e+03>0.1]
46032it [2:51:06 bound:212 nc:921 ncall:2.7e+07 eff:0.2% logz-ratio=11855.25+/-0.12 dlogz:1.92e+03>0.1]
46209it [2:52:24 bound:213 nc:521 ncall:2.8e+07 eff:0.2% logz-ratio=11897.77+/-0.12 dlogz:1.88e+03>0.1]
46393it [2:53:39 bound:214 nc:851 ncall:2.8e+07 eff:0.2% logz-ratio=11944.14+/-0.12 dlogz:1.83e+03>0.1]
46575it [2:54:54 bound:215 nc:1162 ncall:2.8e+07 eff:0.2% logz-ratio=11992.26+/-0.12 dlogz:1.78e+03>0.1]
46756it [2:56:07 bound:216 nc:1151 ncall:2.8e+07 eff:0.2% logz-ratio=12041.70+/-0.12 dlogz:1.73e+03>0.1]
46941it [2:57:23 bound:217 nc:1304 ncall:2.8e+07 eff:0.2% logz-ratio=12087.95+/-0.12 dlogz:1.68e+03>0.1]
47127it [2:58:38 bound:218 nc:1202 ncall:2.9e+07 eff:0.2% logz-ratio=12132.93+/-0.12 dlogz:1.64e+03>0.1]
47313it [2:59:45 bound:219 nc:1182 ncall:2.9e+07 eff:0.2% logz-ratio=12175.08+/-0.12 dlogz:1.6e+03>0.1]
47499it [3:01:10 bound:220 nc:1089 ncall:2.9e+07 eff:0.2% logz-ratio=12216.44+/-0.12 dlogz:1.58e+03>0.1]
47675it [3:02:24 bound:221 nc:953 ncall:2.9e+07 eff:0.2% logz-ratio=12256.01+/-0.12 dlogz:1.54e+03>0.1]
47855it [3:03:44 bound:222 nc:1147 ncall:2.9e+07 eff:0.2% logz-ratio=12294.93+/-0.12 dlogz:1.5e+03>0.1]
48037it [3:04:59 bound:223 nc:942 ncall:3.0e+07 eff:0.2% logz-ratio=12331.22+/-0.12 dlogz:1.46e+03>0.1]
48220it [3:06:18 bound:224 nc:1272 ncall:3.0e+07 eff:0.2% logz-ratio=12375.47+/-0.12 dlogz:1.42e+03>0.1]
48404it [3:07:28 bound:225 nc:927 ncall:3.0e+07 eff:0.2% logz-ratio=12412.55+/-0.12 dlogz:1.45e+03>0.1]
48590it [3:08:46 bound:226 nc:1862 ncall:3.0e+07 eff:0.2% logz-ratio=12450.57+/-0.12 dlogz:1.41e+03>0.1]
48773it [3:10:08 bound:227 nc:954 ncall:3.0e+07 eff:0.2% logz-ratio=12485.06+/-0.12 dlogz:1.38e+03>0.1]
48774it [3:12:23 bound:227 nc:1379 ncall:3.0e+07 eff:0.2% logz-ratio=12485.20+/-0.12 dlogz:1.38e+03>0.1]
48955it [3:13:38 bound:228 nc:1213 ncall:3.1e+07 eff:0.2% logz-ratio=12520.40+/-0.12 dlogz:1.34e+03>0.1]
49139it [3:14:50 bound:229 nc:1153 ncall:3.1e+07 eff:0.2% logz-ratio=12552.61+/-0.12 dlogz:1.31e+03>0.1]
49325it [3:16:08 bound:230 nc:1131 ncall:3.1e+07 eff:0.2% logz-ratio=12586.17+/-0.12 dlogz:1.3e+03>0.1]
49507it [3:17:21 bound:231 nc:946 ncall:3.1e+07 eff:0.2% logz-ratio=12617.85+/-0.12 dlogz:1.27e+03>0.1]
49695it [3:18:40 bound:232 nc:924 ncall:3.1e+07 eff:0.2% logz-ratio=12649.47+/-0.12 dlogz:1.23e+03>0.1]
49879it [3:19:56 bound:233 nc:762 ncall:3.2e+07 eff:0.2% logz-ratio=12678.16+/-0.12 dlogz:1.2e+03>0.1]
50062it [3:21:13 bound:234 nc:986 ncall:3.2e+07 eff:0.2% logz-ratio=12707.25+/-0.12 dlogz:1.18e+03>0.1]
50248it [3:22:30 bound:235 nc:1425 ncall:3.2e+07 eff:0.2% logz-ratio=12734.70+/-0.12 dlogz:1.15e+03>0.1]
50431it [3:23:44 bound:236 nc:550 ncall:3.2e+07 eff:0.2% logz-ratio=12765.58+/-0.12 dlogz:1.12e+03>0.1]
50618it [3:25:01 bound:237 nc:1079 ncall:3.2e+07 eff:0.2% logz-ratio=12793.57+/-0.12 dlogz:1.09e+03>0.1]
50800it [3:26:19 bound:238 nc:2199 ncall:3.3e+07 eff:0.2% logz-ratio=12819.13+/-0.12 dlogz:1.06e+03>0.1]
50985it [3:27:35 bound:239 nc:1661 ncall:3.3e+07 eff:0.2% logz-ratio=12845.80+/-0.12 dlogz:1.04e+03>0.1]
51170it [3:28:58 bound:240 nc:1309 ncall:3.3e+07 eff:0.2% logz-ratio=12873.63+/-0.12 dlogz:1.07e+03>0.1]
51356it [3:30:20 bound:241 nc:710 ncall:3.3e+07 eff:0.2% logz-ratio=12896.61+/-0.12 dlogz:1.05e+03>0.1]
51540it [3:31:38 bound:242 nc:625 ncall:3.3e+07 eff:0.2% logz-ratio=12922.34+/-0.12 dlogz:1.02e+03>0.1]
51722it [3:32:58 bound:243 nc:1082 ncall:3.4e+07 eff:0.2% logz-ratio=12947.45+/-0.12 dlogz:998>0.1]
51907it [3:34:11 bound:244 nc:1508 ncall:3.4e+07 eff:0.2% logz-ratio=12973.05+/-0.12 dlogz:972>0.1]
52091it [3:35:28 bound:245 nc:1044 ncall:3.4e+07 eff:0.2% logz-ratio=12998.57+/-0.12 dlogz:946>0.1]
52278it [3:36:44 bound:246 nc:808 ncall:3.4e+07 eff:0.2% logz-ratio=13023.02+/-0.12 dlogz:922>0.1]
52461it [3:38:00 bound:247 nc:870 ncall:3.5e+07 eff:0.2% logz-ratio=13045.77+/-0.12 dlogz:899>0.1]
52647it [3:39:16 bound:248 nc:1484 ncall:3.5e+07 eff:0.2% logz-ratio=13067.18+/-0.12 dlogz:878>0.1]
52832it [3:40:41 bound:249 nc:1420 ncall:3.5e+07 eff:0.2% logz-ratio=13087.98+/-0.12 dlogz:857>0.1]
53012it [3:41:58 bound:250 nc:929 ncall:3.5e+07 eff:0.2% logz-ratio=13106.89+/-0.12 dlogz:838>0.1]
53197it [3:43:28 bound:251 nc:1408 ncall:3.5e+07 eff:0.2% logz-ratio=13125.72+/-0.12 dlogz:819>0.1]
53198it [3:45:49 bound:251 nc:1229 ncall:3.5e+07 eff:0.2% logz-ratio=13125.84+/-0.12 dlogz:819>0.1]
53383it [3:47:20 bound:252 nc:963 ncall:3.6e+07 eff:0.2% logz-ratio=13144.95+/-0.12 dlogz:799>0.1]
53560it [3:48:38 bound:253 nc:989 ncall:3.6e+07 eff:0.1% logz-ratio=13166.05+/-0.13 dlogz:778>0.1]
53743it [3:50:06 bound:254 nc:1181 ncall:3.6e+07 eff:0.1% logz-ratio=13182.00+/-0.12 dlogz:762>0.1]
53928it [3:51:37 bound:255 nc:1182 ncall:3.6e+07 eff:0.1% logz-ratio=13203.05+/-0.13 dlogz:741>0.1]
54110it [3:53:02 bound:256 nc:1379 ncall:3.6e+07 eff:0.1% logz-ratio=13220.47+/-0.12 dlogz:723>0.1]
54294it [3:54:26 bound:257 nc:667 ncall:3.7e+07 eff:0.1% logz-ratio=13239.42+/-0.13 dlogz:704>0.1]
54478it [3:55:47 bound:258 nc:1306 ncall:3.7e+07 eff:0.1% logz-ratio=13258.43+/-0.13 dlogz:685>0.1]
54663it [3:57:07 bound:259 nc:528 ncall:3.7e+07 eff:0.1% logz-ratio=13276.62+/-0.13 dlogz:667>0.1]
54846it [3:58:33 bound:260 nc:1683 ncall:3.7e+07 eff:0.1% logz-ratio=13293.67+/-0.13 dlogz:650>0.1]
55028it [4:00:02 bound:261 nc:973 ncall:3.7e+07 eff:0.1% logz-ratio=13310.52+/-0.13 dlogz:633>0.1]
55209it [4:01:36 bound:262 nc:1207 ncall:3.8e+07 eff:0.1% logz-ratio=13328.37+/-0.13 dlogz:615>0.1]
55392it [4:03:01 bound:263 nc:1650 ncall:3.8e+07 eff:0.1% logz-ratio=13343.53+/-0.13 dlogz:600>0.1]
55575it [4:04:27 bound:264 nc:1851 ncall:3.8e+07 eff:0.1% logz-ratio=13359.69+/-0.13 dlogz:658>0.1]
55762it [4:05:52 bound:265 nc:2298 ncall:3.8e+07 eff:0.1% logz-ratio=13374.81+/-0.13 dlogz:642>0.1]
55941it [4:07:12 bound:266 nc:1753 ncall:3.9e+07 eff:0.1% logz-ratio=13389.55+/-0.13 dlogz:628>0.1]
56127it [4:08:32 bound:267 nc:1162 ncall:3.9e+07 eff:0.1% logz-ratio=13405.98+/-0.13 dlogz:611>0.1]
56312it [4:09:55 bound:268 nc:1293 ncall:3.9e+07 eff:0.1% logz-ratio=13419.96+/-0.13 dlogz:597>0.1]
56489it [4:11:20 bound:269 nc:977 ncall:3.9e+07 eff:0.1% logz-ratio=13435.14+/-0.13 dlogz:582>0.1]
56672it [4:12:49 bound:270 nc:1186 ncall:3.9e+07 eff:0.1% logz-ratio=13449.41+/-0.13 dlogz:567>0.1]
56857it [4:14:15 bound:271 nc:1278 ncall:4.0e+07 eff:0.1% logz-ratio=13462.64+/-0.13 dlogz:554>0.1]
57042it [4:15:43 bound:272 nc:1086 ncall:4.0e+07 eff:0.1% logz-ratio=13476.48+/-0.13 dlogz:540>0.1]
57049it [4:18:11 bound:272 nc:1325 ncall:4.0e+07 eff:0.1% logz-ratio=13476.91+/-0.13 dlogz:540>0.1]
57229it [4:19:34 bound:273 nc:1213 ncall:4.0e+07 eff:0.1% logz-ratio=13489.87+/-0.13 dlogz:527>0.1]
57411it [4:21:00 bound:274 nc:896 ncall:4.0e+07 eff:0.1% logz-ratio=13502.82+/-0.13 dlogz:514>0.1]
57594it [4:22:29 bound:275 nc:1382 ncall:4.0e+07 eff:0.1% logz-ratio=13516.55+/-0.13 dlogz:500>0.1]
57780it [4:23:52 bound:276 nc:1201 ncall:4.1e+07 eff:0.1% logz-ratio=13529.11+/-0.13 dlogz:487>0.1]
57967it [4:25:10 bound:277 nc:2160 ncall:4.1e+07 eff:0.1% logz-ratio=13539.86+/-0.13 dlogz:476>0.1]
58149it [4:26:31 bound:278 nc:656 ncall:4.1e+07 eff:0.1% logz-ratio=13552.09+/-0.13 dlogz:474>0.1]
58334it [4:27:57 bound:279 nc:970 ncall:4.1e+07 eff:0.1% logz-ratio=13562.94+/-0.13 dlogz:513>0.1]
58518it [4:29:17 bound:280 nc:3512 ncall:4.2e+07 eff:0.1% logz-ratio=13574.49+/-0.13 dlogz:502>0.1]
58700it [4:30:37 bound:281 nc:896 ncall:4.2e+07 eff:0.1% logz-ratio=13586.71+/-0.13 dlogz:489>0.1]
58886it [4:31:59 bound:282 nc:1093 ncall:4.2e+07 eff:0.1% logz-ratio=13597.69+/-0.13 dlogz:478>0.1]
59069it [4:33:23 bound:283 nc:995 ncall:4.2e+07 eff:0.1% logz-ratio=13608.15+/-0.13 dlogz:468>0.1]
59255it [4:34:50 bound:284 nc:744 ncall:4.2e+07 eff:0.1% logz-ratio=13619.34+/-0.13 dlogz:457>0.1]
59436it [4:36:10 bound:285 nc:1011 ncall:4.3e+07 eff:0.1% logz-ratio=13630.73+/-0.13 dlogz:445>0.1]
59622it [4:37:31 bound:286 nc:1227 ncall:4.3e+07 eff:0.1% logz-ratio=13642.91+/-0.13 dlogz:433>0.1]
59807it [4:38:59 bound:287 nc:1472 ncall:4.3e+07 eff:0.1% logz-ratio=13652.84+/-0.13 dlogz:423>0.1]
59989it [4:40:18 bound:288 nc:2029 ncall:4.3e+07 eff:0.1% logz-ratio=13662.74+/-0.13 dlogz:413>0.1]
60176it [4:41:42 bound:289 nc:717 ncall:4.3e+07 eff:0.1% logz-ratio=13672.89+/-0.13 dlogz:403>0.1]
60363it [4:43:02 bound:290 nc:1632 ncall:4.4e+07 eff:0.1% logz-ratio=13681.73+/-0.13 dlogz:394>0.1]
60544it [4:44:18 bound:291 nc:533 ncall:4.4e+07 eff:0.1% logz-ratio=13691.22+/-0.13 dlogz:384>0.1]
60728it [4:45:42 bound:292 nc:588 ncall:4.4e+07 eff:0.1% logz-ratio=13699.99+/-0.13 dlogz:375>0.1]
60910it [4:47:09 bound:293 nc:823 ncall:4.4e+07 eff:0.1% logz-ratio=13708.50+/-0.13 dlogz:367>0.1]
61093it [4:48:38 bound:294 nc:566 ncall:4.5e+07 eff:0.1% logz-ratio=13716.55+/-0.13 dlogz:358>0.1]
61099it [4:51:08 bound:294 nc:1098 ncall:4.5e+07 eff:0.1% logz-ratio=13716.77+/-0.13 dlogz:358>0.1]
61277it [4:52:28 bound:295 nc:1041 ncall:4.5e+07 eff:0.1% logz-ratio=13726.10+/-0.13 dlogz:349>0.1]
61461it [4:53:45 bound:296 nc:1510 ncall:4.5e+07 eff:0.1% logz-ratio=13734.07+/-0.13 dlogz:341>0.1]
61646it [4:55:11 bound:297 nc:1362 ncall:4.5e+07 eff:0.1% logz-ratio=13741.70+/-0.13 dlogz:333>0.1]
61829it [4:56:39 bound:298 nc:1068 ncall:4.5e+07 eff:0.1% logz-ratio=13750.06+/-0.13 dlogz:325>0.1]
62014it [4:58:03 bound:299 nc:1296 ncall:4.6e+07 eff:0.1% logz-ratio=13758.77+/-0.13 dlogz:316>0.1]
62199it [4:59:29 bound:300 nc:1380 ncall:4.6e+07 eff:0.1% logz-ratio=13766.73+/-0.13 dlogz:308>0.1]
62385it [5:00:54 bound:301 nc:1088 ncall:4.6e+07 eff:0.1% logz-ratio=13774.60+/-0.13 dlogz:300>0.1]
62567it [5:02:19 bound:302 nc:1367 ncall:4.6e+07 eff:0.1% logz-ratio=13783.21+/-0.13 dlogz:291>0.1]
62750it [5:03:45 bound:303 nc:1463 ncall:4.6e+07 eff:0.1% logz-ratio=13790.77+/-0.13 dlogz:294>0.1]
62935it [5:05:08 bound:304 nc:1097 ncall:4.7e+07 eff:0.1% logz-ratio=13798.44+/-0.13 dlogz:286>0.1]
63119it [5:06:29 bound:305 nc:1074 ncall:4.7e+07 eff:0.1% logz-ratio=13805.81+/-0.13 dlogz:279>0.1]
63303it [5:07:57 bound:306 nc:1442 ncall:4.7e+07 eff:0.1% logz-ratio=13813.64+/-0.13 dlogz:271>0.1]
63485it [5:09:21 bound:307 nc:1240 ncall:4.7e+07 eff:0.1% logz-ratio=13819.72+/-0.13 dlogz:265>0.1]
63668it [5:10:43 bound:308 nc:532 ncall:4.8e+07 eff:0.1% logz-ratio=13826.34+/-0.13 dlogz:258>0.1]
63853it [5:12:03 bound:309 nc:1322 ncall:4.8e+07 eff:0.1% logz-ratio=13833.38+/-0.13 dlogz:251>0.1]
64033it [5:13:26 bound:310 nc:931 ncall:4.8e+07 eff:0.1% logz-ratio=13839.67+/-0.13 dlogz:254>0.1]
64211it [5:14:44 bound:311 nc:1456 ncall:4.8e+07 eff:0.1% logz-ratio=13845.57+/-0.13 dlogz:248>0.1]
64397it [5:16:05 bound:312 nc:1452 ncall:4.8e+07 eff:0.1% logz-ratio=13851.68+/-0.13 dlogz:242>0.1]
64578it [5:17:23 bound:313 nc:1148 ncall:4.9e+07 eff:0.1% logz-ratio=13857.50+/-0.13 dlogz:236>0.1]
64764it [5:18:55 bound:314 nc:1046 ncall:4.9e+07 eff:0.1% logz-ratio=13863.14+/-0.13 dlogz:231>0.1]
64947it [5:20:17 bound:315 nc:1002 ncall:4.9e+07 eff:0.1% logz-ratio=13868.87+/-0.13 dlogz:225>0.1]
65131it [5:21:41 bound:316 nc:1172 ncall:4.9e+07 eff:0.1% logz-ratio=13874.68+/-0.13 dlogz:219>0.1]
65132it [5:24:17 bound:316 nc:973 ncall:4.9e+07 eff:0.1% logz-ratio=13874.70+/-0.13 dlogz:219>0.1]
65313it [5:25:34 bound:317 nc:1739 ncall:4.9e+07 eff:0.1% logz-ratio=13880.28+/-0.13 dlogz:213>0.1]
65496it [5:26:56 bound:318 nc:1388 ncall:5.0e+07 eff:0.1% logz-ratio=13886.26+/-0.13 dlogz:207>0.1]
65681it [5:28:25 bound:319 nc:1027 ncall:5.0e+07 eff:0.1% logz-ratio=13891.50+/-0.13 dlogz:213>0.1]
65864it [5:29:46 bound:320 nc:1039 ncall:5.0e+07 eff:0.1% logz-ratio=13896.42+/-0.13 dlogz:208>0.1]
66049it [5:31:06 bound:321 nc:1441 ncall:5.0e+07 eff:0.1% logz-ratio=13901.38+/-0.13 dlogz:203>0.1]
66236it [5:32:29 bound:322 nc:1343 ncall:5.1e+07 eff:0.1% logz-ratio=13906.24+/-0.13 dlogz:198>0.1]
66413it [5:33:46 bound:323 nc:1279 ncall:5.1e+07 eff:0.1% logz-ratio=13911.72+/-0.13 dlogz:193>0.1]
66597it [5:35:17 bound:324 nc:921 ncall:5.1e+07 eff:0.1% logz-ratio=13917.00+/-0.13 dlogz:187>0.1]
66781it [5:36:48 bound:325 nc:1041 ncall:5.1e+07 eff:0.1% logz-ratio=13922.60+/-0.13 dlogz:182>0.1]
66966it [5:38:14 bound:326 nc:995 ncall:5.1e+07 eff:0.1% logz-ratio=13927.65+/-0.14 dlogz:176>0.1]
67153it [5:39:42 bound:327 nc:1435 ncall:5.2e+07 eff:0.1% logz-ratio=13932.00+/-0.13 dlogz:172>0.1]
67336it [5:41:07 bound:328 nc:1513 ncall:5.2e+07 eff:0.1% logz-ratio=13936.59+/-0.14 dlogz:167>0.1]
67524it [5:42:29 bound:329 nc:1070 ncall:5.2e+07 eff:0.1% logz-ratio=13941.00+/-0.14 dlogz:163>0.1]
67706it [5:43:55 bound:330 nc:1272 ncall:5.2e+07 eff:0.1% logz-ratio=13945.28+/-0.14 dlogz:158>0.1]
67889it [5:45:17 bound:331 nc:1336 ncall:5.3e+07 eff:0.1% logz-ratio=13949.63+/-0.14 dlogz:154>0.1]
68074it [5:46:39 bound:332 nc:1934 ncall:5.3e+07 eff:0.1% logz-ratio=13953.55+/-0.14 dlogz:154>0.1]
68259it [5:48:05 bound:333 nc:1392 ncall:5.3e+07 eff:0.1% logz-ratio=13957.16+/-0.14 dlogz:150>0.1]
68440it [5:49:31 bound:334 nc:1220 ncall:5.3e+07 eff:0.1% logz-ratio=13961.65+/-0.14 dlogz:146>0.1]
68624it [5:50:54 bound:335 nc:1167 ncall:5.3e+07 eff:0.1% logz-ratio=13965.92+/-0.14 dlogz:141>0.1]
68810it [5:52:22 bound:336 nc:968 ncall:5.4e+07 eff:0.1% logz-ratio=13969.77+/-0.14 dlogz:137>0.1]
68993it [5:53:46 bound:337 nc:1126 ncall:5.4e+07 eff:0.1% logz-ratio=13973.63+/-0.14 dlogz:133>0.1]
69177it [5:55:15 bound:338 nc:1205 ncall:5.4e+07 eff:0.1% logz-ratio=13977.38+/-0.14 dlogz:129>0.1]
69181it [5:57:55 bound:338 nc:656 ncall:5.4e+07 eff:0.1% logz-ratio=13977.45+/-0.14 dlogz:129>0.1]
69358it [5:59:27 bound:339 nc:987 ncall:5.4e+07 eff:0.1% logz-ratio=13980.99+/-0.14 dlogz:126>0.1]
69541it [6:00:59 bound:340 nc:1226 ncall:5.5e+07 eff:0.1% logz-ratio=13984.30+/-0.14 dlogz:123>0.1]
69725it [6:02:24 bound:341 nc:896 ncall:5.5e+07 eff:0.1% logz-ratio=13987.82+/-0.14 dlogz:119>0.1]
69907it [6:03:53 bound:342 nc:1187 ncall:5.5e+07 eff:0.1% logz-ratio=13991.06+/-0.14 dlogz:116>0.1]
70096it [6:05:20 bound:343 nc:908 ncall:5.5e+07 eff:0.1% logz-ratio=13994.29+/-0.14 dlogz:112>0.1]
70279it [6:06:41 bound:344 nc:1421 ncall:5.5e+07 eff:0.1% logz-ratio=13997.37+/-0.14 dlogz:109>0.1]
70457it [6:08:12 bound:345 nc:1248 ncall:5.6e+07 eff:0.1% logz-ratio=14000.53+/-0.14 dlogz:106>0.1]
70642it [6:09:36 bound:346 nc:1502 ncall:5.6e+07 eff:0.1% logz-ratio=14003.94+/-0.14 dlogz:102>0.1]
70823it [6:11:01 bound:347 nc:1175 ncall:5.6e+07 eff:0.1% logz-ratio=14007.05+/-0.14 dlogz:100>0.1]
71008it [6:12:28 bound:348 nc:961 ncall:5.6e+07 eff:0.1% logz-ratio=14009.80+/-0.14 dlogz:97.3>0.1]
71198it [6:13:48 bound:349 nc:1015 ncall:5.7e+07 eff:0.1% logz-ratio=14012.47+/-0.14 dlogz:94.5>0.1]
71383it [6:15:16 bound:350 nc:1157 ncall:5.7e+07 eff:0.1% logz-ratio=14015.19+/-0.14 dlogz:91.7>0.1]
71573it [6:16:37 bound:351 nc:1214 ncall:5.7e+07 eff:0.1% logz-ratio=14018.13+/-0.14 dlogz:88.7>0.1]
71756it [6:17:57 bound:352 nc:1103 ncall:5.7e+07 eff:0.1% logz-ratio=14020.75+/-0.14 dlogz:86>0.1]
71940it [6:19:20 bound:353 nc:1164 ncall:5.7e+07 eff:0.1% logz-ratio=14023.38+/-0.14 dlogz:83.2>0.1]
72125it [6:20:55 bound:354 nc:700 ncall:5.8e+07 eff:0.1% logz-ratio=14025.92+/-0.14 dlogz:80.6>0.1]
72314it [6:22:26 bound:355 nc:1209 ncall:5.8e+07 eff:0.1% logz-ratio=14028.19+/-0.14 dlogz:78.2>0.1]
72494it [6:24:00 bound:356 nc:1207 ncall:5.8e+07 eff:0.1% logz-ratio=14030.38+/-0.14 dlogz:82.7>0.1]
72674it [6:25:28 bound:357 nc:1304 ncall:5.8e+07 eff:0.1% logz-ratio=14032.53+/-0.14 dlogz:80.5>0.1]
72851it [6:26:55 bound:358 nc:1187 ncall:5.8e+07 eff:0.1% logz-ratio=14034.76+/-0.14 dlogz:78.2>0.1]
73033it [6:28:29 bound:359 nc:1721 ncall:5.9e+07 eff:0.1% logz-ratio=14036.91+/-0.14 dlogz:75.9>0.1]
73038it [6:31:11 bound:359 nc:1329 ncall:5.9e+07 eff:0.1% logz-ratio=14036.97+/-0.14 dlogz:75.9>0.1]
73208it [6:32:41 bound:360 nc:1290 ncall:5.9e+07 eff:0.1% logz-ratio=14039.00+/-0.14 dlogz:73.8>0.1]
73393it [6:34:07 bound:361 nc:1243 ncall:5.9e+07 eff:0.1% logz-ratio=14041.04+/-0.14 dlogz:71.6>0.1]
73569it [6:35:32 bound:362 nc:870 ncall:5.9e+07 eff:0.1% logz-ratio=14042.94+/-0.14 dlogz:69.6>0.1]
73753it [6:36:59 bound:363 nc:1313 ncall:6.0e+07 eff:0.1% logz-ratio=14044.84+/-0.14 dlogz:67.6>0.1]
73932it [6:38:28 bound:364 nc:487 ncall:6.0e+07 eff:0.1% logz-ratio=14046.71+/-0.14 dlogz:65.7>0.1]
74115it [6:40:00 bound:365 nc:550 ncall:6.0e+07 eff:0.1% logz-ratio=14048.48+/-0.14 dlogz:63.8>0.1]
74298it [6:41:28 bound:366 nc:2430 ncall:6.0e+07 eff:0.1% logz-ratio=14050.27+/-0.14 dlogz:61.9>0.1]
74479it [6:42:55 bound:367 nc:736 ncall:6.0e+07 eff:0.1% logz-ratio=14051.88+/-0.14 dlogz:60.2>0.1]
74662it [6:44:19 bound:368 nc:3748 ncall:6.1e+07 eff:0.1% logz-ratio=14053.44+/-0.14 dlogz:58.6>0.1]
74842it [6:45:47 bound:369 nc:1216 ncall:6.1e+07 eff:0.1% logz-ratio=14054.92+/-0.14 dlogz:57>0.1]
75024it [6:47:18 bound:370 nc:783 ncall:6.1e+07 eff:0.1% logz-ratio=14056.45+/-0.14 dlogz:55.4>0.1]
75205it [6:48:43 bound:371 nc:720 ncall:6.1e+07 eff:0.1% logz-ratio=14057.99+/-0.14 dlogz:53.8>0.1]
75391it [6:50:12 bound:372 nc:1345 ncall:6.2e+07 eff:0.1% logz-ratio=14059.61+/-0.14 dlogz:52>0.1]
75577it [6:51:34 bound:373 nc:1149 ncall:6.2e+07 eff:0.1% logz-ratio=14061.08+/-0.14 dlogz:50.5>0.1]
75764it [6:52:59 bound:374 nc:1516 ncall:6.2e+07 eff:0.1% logz-ratio=14062.52+/-0.14 dlogz:49>0.1]
75950it [6:54:19 bound:375 nc:968 ncall:6.2e+07 eff:0.1% logz-ratio=14063.81+/-0.14 dlogz:52.4>0.1]
76136it [6:55:41 bound:376 nc:1420 ncall:6.2e+07 eff:0.1% logz-ratio=14065.17+/-0.14 dlogz:50.9>0.1]
76319it [6:57:01 bound:377 nc:1407 ncall:6.3e+07 eff:0.1% logz-ratio=14066.48+/-0.14 dlogz:49.5>0.1]
76506it [6:58:22 bound:378 nc:616 ncall:6.3e+07 eff:0.1% logz-ratio=14067.73+/-0.14 dlogz:48.2>0.1]
76688it [6:59:47 bound:379 nc:1217 ncall:6.3e+07 eff:0.1% logz-ratio=14068.86+/-0.14 dlogz:46.9>0.1]
76865it [7:01:17 bound:380 nc:736 ncall:6.3e+07 eff:0.1% logz-ratio=14069.98+/-0.14 dlogz:45.7>0.1]
76866it [7:04:00 bound:380 nc:684 ncall:6.3e+07 eff:0.1% logz-ratio=14069.99+/-0.14 dlogz:45.7>0.1]
77051it [7:05:27 bound:381 nc:1223 ncall:6.3e+07 eff:0.1% logz-ratio=14071.13+/-0.14 dlogz:44.5>0.1]
77231it [7:06:44 bound:382 nc:1362 ncall:6.4e+07 eff:0.1% logz-ratio=14072.21+/-0.14 dlogz:43.3>0.1]
77414it [7:08:08 bound:383 nc:1284 ncall:6.4e+07 eff:0.1% logz-ratio=14073.28+/-0.14 dlogz:42.2>0.1]
77597it [7:09:33 bound:384 nc:1471 ncall:6.4e+07 eff:0.1% logz-ratio=14074.31+/-0.14 dlogz:41>0.1]
77780it [7:11:01 bound:385 nc:2590 ncall:6.4e+07 eff:0.1% logz-ratio=14075.25+/-0.14 dlogz:40>0.1]
77963it [7:12:30 bound:386 nc:1261 ncall:6.5e+07 eff:0.1% logz-ratio=14076.24+/-0.14 dlogz:38.9>0.1]
78147it [7:13:51 bound:387 nc:680 ncall:6.5e+07 eff:0.1% logz-ratio=14077.17+/-0.14 dlogz:37.9>0.1]
78329it [7:15:22 bound:388 nc:1029 ncall:6.5e+07 eff:0.1% logz-ratio=14078.06+/-0.14 dlogz:36.9>0.1]
78512it [7:16:53 bound:389 nc:613 ncall:6.5e+07 eff:0.1% logz-ratio=14078.94+/-0.14 dlogz:36>0.1]
78699it [7:18:13 bound:390 nc:1124 ncall:6.5e+07 eff:0.1% logz-ratio=14079.80+/-0.14 dlogz:35>0.1]
78884it [7:19:38 bound:391 nc:1143 ncall:6.6e+07 eff:0.1% logz-ratio=14080.64+/-0.14 dlogz:34.1>0.1]
79066it [7:21:08 bound:392 nc:1457 ncall:6.6e+07 eff:0.1% logz-ratio=14081.49+/-0.14 dlogz:33.1>0.1]
79249it [7:22:28 bound:393 nc:1247 ncall:6.6e+07 eff:0.1% logz-ratio=14082.27+/-0.14 dlogz:32.3>0.1]
79433it [7:23:54 bound:394 nc:1246 ncall:6.6e+07 eff:0.1% logz-ratio=14083.07+/-0.14 dlogz:31.4>0.1]
79617it [7:25:17 bound:395 nc:1150 ncall:6.7e+07 eff:0.1% logz-ratio=14083.85+/-0.14 dlogz:30.5>0.1]
79801it [7:26:44 bound:396 nc:1361 ncall:6.7e+07 eff:0.1% logz-ratio=14084.64+/-0.14 dlogz:29.6>0.1]
79989it [7:28:17 bound:397 nc:1714 ncall:6.7e+07 eff:0.1% logz-ratio=14085.35+/-0.14 dlogz:28.8>0.1]
80175it [7:29:47 bound:398 nc:1806 ncall:6.7e+07 eff:0.1% logz-ratio=14086.02+/-0.14 dlogz:28>0.1]
80360it [7:31:12 bound:399 nc:1633 ncall:6.7e+07 eff:0.1% logz-ratio=14086.66+/-0.14 dlogz:27.3>0.1]
80545it [7:32:45 bound:400 nc:363 ncall:6.8e+07 eff:0.1% logz-ratio=14087.30+/-0.14 dlogz:26.6>0.1]
80731it [7:34:11 bound:401 nc:2248 ncall:6.8e+07 eff:0.1% logz-ratio=14087.92+/-0.14 dlogz:25.9>0.1]
80734it [7:36:56 bound:401 nc:834 ncall:6.8e+07 eff:0.1% logz-ratio=14087.93+/-0.14 dlogz:25.9>0.1]
80916it [7:38:18 bound:402 nc:1655 ncall:6.8e+07 eff:0.1% logz-ratio=14088.53+/-0.14 dlogz:25.2>0.1]
81096it [7:39:50 bound:403 nc:1059 ncall:6.8e+07 eff:0.1% logz-ratio=14089.10+/-0.14 dlogz:24.5>0.1]
81281it [7:41:16 bound:404 nc:1544 ncall:6.9e+07 eff:0.1% logz-ratio=14089.68+/-0.14 dlogz:23.8>0.1]
81466it [7:42:38 bound:405 nc:751 ncall:6.9e+07 eff:0.1% logz-ratio=14090.25+/-0.14 dlogz:23.2>0.1]
81647it [7:44:00 bound:406 nc:1250 ncall:6.9e+07 eff:0.1% logz-ratio=14090.81+/-0.14 dlogz:22.5>0.1]
81833it [7:45:23 bound:407 nc:1487 ncall:6.9e+07 eff:0.1% logz-ratio=14091.37+/-0.14 dlogz:21.9>0.1]
82014it [7:46:49 bound:408 nc:936 ncall:6.9e+07 eff:0.1% logz-ratio=14091.89+/-0.14 dlogz:21.3>0.1]
82200it [7:48:20 bound:409 nc:554 ncall:7.0e+07 eff:0.1% logz-ratio=14092.41+/-0.14 dlogz:21>0.1]
82384it [7:49:54 bound:410 nc:1445 ncall:7.0e+07 eff:0.1% logz-ratio=14092.89+/-0.14 dlogz:20.6>0.1]
82570it [7:51:28 bound:411 nc:1515 ncall:7.0e+07 eff:0.1% logz-ratio=14093.33+/-0.14 dlogz:20.1>0.1]
82749it [7:52:50 bound:412 nc:1090 ncall:7.0e+07 eff:0.1% logz-ratio=14093.76+/-0.14 dlogz:19.5>0.1]
82930it [7:54:15 bound:413 nc:1114 ncall:7.1e+07 eff:0.1% logz-ratio=14094.20+/-0.14 dlogz:19>0.1]
83110it [7:55:43 bound:414 nc:1032 ncall:7.1e+07 eff:0.1% logz-ratio=14094.62+/-0.14 dlogz:18.5>0.1]
83297it [7:57:14 bound:415 nc:1125 ncall:7.1e+07 eff:0.1% logz-ratio=14095.06+/-0.14 dlogz:18>0.1]
83474it [7:58:45 bound:416 nc:3111 ncall:7.1e+07 eff:0.1% logz-ratio=14095.45+/-0.14 dlogz:17.5>0.1]
83654it [8:00:10 bound:417 nc:929 ncall:7.1e+07 eff:0.1% logz-ratio=14095.82+/-0.15 dlogz:17>0.1]
83836it [8:01:37 bound:418 nc:786 ncall:7.2e+07 eff:0.1% logz-ratio=14096.18+/-0.15 dlogz:16.6>0.1]
84012it [8:03:02 bound:419 nc:942 ncall:7.2e+07 eff:0.1% logz-ratio=14096.51+/-0.15 dlogz:16.1>0.1]
84195it [8:04:32 bound:420 nc:1182 ncall:7.2e+07 eff:0.1% logz-ratio=14096.87+/-0.15 dlogz:15.7>0.1]
84379it [8:06:07 bound:421 nc:1751 ncall:7.2e+07 eff:0.1% logz-ratio=14097.22+/-0.15 dlogz:15.3>0.1]
84561it [8:07:40 bound:422 nc:1017 ncall:7.3e+07 eff:0.1% logz-ratio=14097.56+/-0.15 dlogz:14.9>0.1]
84564it [8:10:36 bound:422 nc:1168 ncall:7.3e+07 eff:0.1% logz-ratio=14097.57+/-0.15 dlogz:14.9>0.1]
84739it [8:12:05 bound:423 nc:1199 ncall:7.3e+07 eff:0.1% logz-ratio=14097.88+/-0.15 dlogz:14.7>0.1]
84923it [8:13:31 bound:424 nc:1450 ncall:7.3e+07 eff:0.1% logz-ratio=14098.20+/-0.15 dlogz:14.3>0.1]
85106it [8:15:02 bound:425 nc:1289 ncall:7.3e+07 eff:0.1% logz-ratio=14098.51+/-0.15 dlogz:13.9>0.1]
85286it [8:16:32 bound:426 nc:1039 ncall:7.4e+07 eff:0.1% logz-ratio=14098.81+/-0.15 dlogz:13.5>0.1]
85467it [8:17:59 bound:427 nc:1053 ncall:7.4e+07 eff:0.1% logz-ratio=14099.11+/-0.15 dlogz:13.1>0.1]
85656it [8:19:29 bound:428 nc:1819 ncall:7.4e+07 eff:0.1% logz-ratio=14099.40+/-0.15 dlogz:12.7>0.1]
85836it [8:20:57 bound:429 nc:1468 ncall:7.4e+07 eff:0.1% logz-ratio=14099.68+/-0.15 dlogz:12.9>0.1]
86017it [8:22:32 bound:430 nc:2703 ncall:7.5e+07 eff:0.1% logz-ratio=14099.94+/-0.15 dlogz:12.5>0.1]
86201it [8:24:05 bound:431 nc:1083 ncall:7.5e+07 eff:0.1% logz-ratio=14100.20+/-0.15 dlogz:12.2>0.1]
86385it [8:25:41 bound:432 nc:2160 ncall:7.5e+07 eff:0.1% logz-ratio=14100.45+/-0.15 dlogz:11.8>0.1]
86568it [8:27:16 bound:433 nc:1319 ncall:7.5e+07 eff:0.1% logz-ratio=14100.71+/-0.15 dlogz:11.5>0.1]
86753it [8:28:51 bound:434 nc:1014 ncall:7.6e+07 eff:0.1% logz-ratio=14100.95+/-0.15 dlogz:11.1>0.1]
86937it [8:30:18 bound:435 nc:1086 ncall:7.6e+07 eff:0.1% logz-ratio=14101.18+/-0.15 dlogz:10.8>0.1]
87119it [8:31:48 bound:436 nc:1026 ncall:7.6e+07 eff:0.1% logz-ratio=14101.39+/-0.15 dlogz:10.5>0.1]
87303it [8:33:17 bound:437 nc:1108 ncall:7.6e+07 eff:0.1% logz-ratio=14101.59+/-0.15 dlogz:10.2>0.1]
87487it [8:34:50 bound:438 nc:1336 ncall:7.7e+07 eff:0.1% logz-ratio=14101.79+/-0.15 dlogz:9.93>0.1]
87668it [8:36:26 bound:439 nc:1242 ncall:7.7e+07 eff:0.1% logz-ratio=14101.98+/-0.15 dlogz:9.87>0.1]
87855it [8:38:01 bound:440 nc:1126 ncall:7.7e+07 eff:0.1% logz-ratio=14102.16+/-0.15 dlogz:9.59>0.1]
88037it [8:39:38 bound:441 nc:1002 ncall:7.7e+07 eff:0.1% logz-ratio=14102.34+/-0.15 dlogz:9.32>0.1]
88222it [8:41:17 bound:442 nc:1034 ncall:7.8e+07 eff:0.1% logz-ratio=14102.51+/-0.15 dlogz:9.05>0.1]
88223it [8:44:27 bound:442 nc:1088 ncall:7.8e+07 eff:0.1% logz-ratio=14102.51+/-0.15 dlogz:9.05>0.1]
88403it [8:46:05 bound:443 nc:1117 ncall:7.8e+07 eff:0.1% logz-ratio=14102.68+/-0.15 dlogz:8.79>0.1]
88588it [8:47:46 bound:444 nc:1694 ncall:7.8e+07 eff:0.1% logz-ratio=14102.86+/-0.15 dlogz:8.53>0.1]
88769it [8:49:25 bound:445 nc:2101 ncall:7.8e+07 eff:0.1% logz-ratio=14103.02+/-0.15 dlogz:8.28>0.1]
88953it [8:51:03 bound:446 nc:1314 ncall:7.9e+07 eff:0.1% logz-ratio=14103.17+/-0.15 dlogz:8.03>0.1]
89137it [8:52:38 bound:447 nc:794 ncall:7.9e+07 eff:0.1% logz-ratio=14103.32+/-0.15 dlogz:7.79>0.1]
89319it [8:54:19 bound:448 nc:844 ncall:7.9e+07 eff:0.1% logz-ratio=14103.47+/-0.15 dlogz:7.55>0.1]
89497it [8:56:02 bound:449 nc:3249 ncall:7.9e+07 eff:0.1% logz-ratio=14103.61+/-0.15 dlogz:7.9>0.1]
89679it [8:57:42 bound:450 nc:2905 ncall:8.0e+07 eff:0.1% logz-ratio=14103.75+/-0.15 dlogz:7.67>0.1]
89859it [8:59:23 bound:451 nc:1023 ncall:8.0e+07 eff:0.1% logz-ratio=14103.88+/-0.15 dlogz:7.44>0.1]
90041it [9:01:07 bound:452 nc:1747 ncall:8.0e+07 eff:0.1% logz-ratio=14104.02+/-0.15 dlogz:7.21>0.1]
90223it [9:02:53 bound:453 nc:2514 ncall:8.0e+07 eff:0.1% logz-ratio=14104.15+/-0.15 dlogz:6.99>0.1]
90404it [9:04:37 bound:454 nc:1519 ncall:8.1e+07 eff:0.1% logz-ratio=14104.28+/-0.15 dlogz:6.77>0.1]
90590it [9:06:20 bound:455 nc:1870 ncall:8.1e+07 eff:0.1% logz-ratio=14104.40+/-0.15 dlogz:6.56>0.1]
90777it [9:08:02 bound:456 nc:1552 ncall:8.1e+07 eff:0.1% logz-ratio=14104.53+/-0.15 dlogz:6.34>0.1]
90961it [9:09:45 bound:457 nc:4902 ncall:8.2e+07 eff:0.1% logz-ratio=14104.64+/-0.15 dlogz:6.13>0.1]
91140it [9:11:21 bound:458 nc:2099 ncall:8.2e+07 eff:0.1% logz-ratio=14104.76+/-0.15 dlogz:5.93>0.1]
91322it [9:13:08 bound:459 nc:871 ncall:8.2e+07 eff:0.1% logz-ratio=14104.86+/-0.15 dlogz:5.73>0.1]
91504it [9:14:59 bound:460 nc:1225 ncall:8.2e+07 eff:0.1% logz-ratio=14104.97+/-0.15 dlogz:5.54>0.1]
91509it [9:18:24 bound:460 nc:1535 ncall:8.2e+07 eff:0.1% logz-ratio=14104.97+/-0.15 dlogz:5.53>0.1]
91689it [9:20:10 bound:461 nc:1526 ncall:8.3e+07 eff:0.1% logz-ratio=14105.07+/-0.15 dlogz:5.34>0.1]
91873it [9:21:54 bound:462 nc:1788 ncall:8.3e+07 eff:0.1% logz-ratio=14105.16+/-0.15 dlogz:5.68>0.1]
92055it [9:23:43 bound:463 nc:1404 ncall:8.3e+07 eff:0.1% logz-ratio=14105.26+/-0.15 dlogz:5.5>0.1]
92241it [9:25:28 bound:464 nc:1358 ncall:8.4e+07 eff:0.1% logz-ratio=14105.35+/-0.15 dlogz:5.31>0.1]
92425it [9:27:19 bound:465 nc:1840 ncall:8.4e+07 eff:0.1% logz-ratio=14105.44+/-0.15 dlogz:5.14>0.1]
92603it [9:29:03 bound:466 nc:3144 ncall:8.4e+07 eff:0.1% logz-ratio=14105.52+/-0.15 dlogz:4.97>0.1]
92789it [9:30:44 bound:467 nc:560 ncall:8.4e+07 eff:0.1% logz-ratio=14105.60+/-0.15 dlogz:4.79>0.1]
92974it [9:32:30 bound:468 nc:790 ncall:8.5e+07 eff:0.1% logz-ratio=14105.68+/-0.15 dlogz:4.62>0.1]
93160it [9:34:15 bound:469 nc:1106 ncall:8.5e+07 eff:0.1% logz-ratio=14105.75+/-0.15 dlogz:4.47>0.1]
93345it [9:36:07 bound:470 nc:1384 ncall:8.5e+07 eff:0.1% logz-ratio=14105.83+/-0.15 dlogz:4.31>0.1]
93524it [9:38:06 bound:471 nc:1673 ncall:8.6e+07 eff:0.1% logz-ratio=14105.89+/-0.15 dlogz:4.16>0.1]
93712it [9:40:05 bound:472 nc:854 ncall:8.6e+07 eff:0.1% logz-ratio=14105.96+/-0.15 dlogz:4>0.1]
93893it [9:42:00 bound:473 nc:3350 ncall:8.6e+07 eff:0.1% logz-ratio=14106.03+/-0.15 dlogz:3.85>0.1]
94074it [9:43:54 bound:474 nc:949 ncall:8.6e+07 eff:0.1% logz-ratio=14106.09+/-0.15 dlogz:4.12>0.1]
94256it [9:45:43 bound:475 nc:2141 ncall:8.7e+07 eff:0.1% logz-ratio=14106.15+/-0.15 dlogz:3.97>0.1]
94439it [9:47:35 bound:476 nc:2220 ncall:8.7e+07 eff:0.1% logz-ratio=14106.21+/-0.15 dlogz:3.82>0.1]
94624it [9:49:35 bound:477 nc:2457 ncall:8.7e+07 eff:0.1% logz-ratio=14106.26+/-0.15 dlogz:3.68>0.1]
94626it [9:53:06 bound:477 nc:1691 ncall:8.7e+07 eff:0.1% logz-ratio=14106.26+/-0.15 dlogz:3.68>0.1]
94809it [9:54:55 bound:478 nc:1383 ncall:8.8e+07 eff:0.1% logz-ratio=14106.32+/-0.15 dlogz:3.54>0.1]
94993it [9:56:47 bound:479 nc:2154 ncall:8.8e+07 eff:0.1% logz-ratio=14106.37+/-0.15 dlogz:3.4>0.1]
95177it [9:58:35 bound:480 nc:1848 ncall:8.8e+07 eff:0.1% logz-ratio=14106.42+/-0.15 dlogz:3.26>0.1]
95357it [10:00:24 bound:481 nc:1538 ncall:8.9e+07 eff:0.1% logz-ratio=14106.47+/-0.15 dlogz:3.13>0.1]
95535it [10:02:13 bound:482 nc:2028 ncall:8.9e+07 eff:0.1% logz-ratio=14106.51+/-0.15 dlogz:3>0.1]
95715it [10:04:02 bound:483 nc:1440 ncall:8.9e+07 eff:0.1% logz-ratio=14106.55+/-0.15 dlogz:2.88>0.1]
95898it [10:06:06 bound:484 nc:437 ncall:8.9e+07 eff:0.1% logz-ratio=14106.60+/-0.15 dlogz:2.75>0.1]
96075it [10:07:56 bound:485 nc:1904 ncall:9.0e+07 eff:0.1% logz-ratio=14106.63+/-0.15 dlogz:2.63>0.1]
96258it [10:09:49 bound:486 nc:1341 ncall:9.0e+07 eff:0.1% logz-ratio=14106.67+/-0.15 dlogz:2.51>0.1]
96441it [10:11:39 bound:487 nc:1437 ncall:9.0e+07 eff:0.1% logz-ratio=14106.71+/-0.15 dlogz:2.39>0.1]
96627it [10:13:26 bound:488 nc:1376 ncall:9.1e+07 eff:0.1% logz-ratio=14106.75+/-0.15 dlogz:2.28>0.1]
96812it [10:15:16 bound:489 nc:1955 ncall:9.1e+07 eff:0.1% logz-ratio=14106.78+/-0.15 dlogz:2.16>0.1]
96997it [10:17:04 bound:490 nc:1716 ncall:9.1e+07 eff:0.1% logz-ratio=14106.81+/-0.15 dlogz:2.05>0.1]
97178it [10:18:55 bound:491 nc:2306 ncall:9.2e+07 eff:0.1% logz-ratio=14106.84+/-0.15 dlogz:1.95>0.1]
97359it [10:20:47 bound:492 nc:3475 ncall:9.2e+07 eff:0.1% logz-ratio=14106.87+/-0.15 dlogz:1.85>0.1]
97540it [10:22:47 bound:493 nc:3033 ncall:9.2e+07 eff:0.1% logz-ratio=14106.90+/-0.15 dlogz:2.07>0.1]
97541it [10:26:36 bound:493 nc:2285 ncall:9.2e+07 eff:0.1% logz-ratio=14106.90+/-0.15 dlogz:2.07>0.1]
97720it [10:28:26 bound:494 nc:1971 ncall:9.2e+07 eff:0.1% logz-ratio=14106.93+/-0.15 dlogz:1.97>0.1]
97904it [10:30:21 bound:495 nc:1531 ncall:9.3e+07 eff:0.1% logz-ratio=14106.96+/-0.15 dlogz:1.87>0.1]
98083it [10:32:11 bound:496 nc:1417 ncall:9.3e+07 eff:0.1% logz-ratio=14106.98+/-0.15 dlogz:1.77>0.1]
98269it [10:34:08 bound:497 nc:3379 ncall:9.3e+07 eff:0.1% logz-ratio=14107.00+/-0.15 dlogz:1.68>0.1]
98453it [10:35:59 bound:498 nc:921 ncall:9.4e+07 eff:0.1% logz-ratio=14107.03+/-0.15 dlogz:1.59>0.1]
98637it [10:37:52 bound:499 nc:1230 ncall:9.4e+07 eff:0.1% logz-ratio=14107.05+/-0.15 dlogz:1.5>0.1]
98824it [10:39:48 bound:500 nc:1856 ncall:9.4e+07 eff:0.1% logz-ratio=14107.07+/-0.15 dlogz:1.41>0.1]
99007it [10:41:42 bound:501 nc:4210 ncall:9.5e+07 eff:0.1% logz-ratio=14107.09+/-0.15 dlogz:1.33>0.1]
99192it [10:43:37 bound:502 nc:1575 ncall:9.5e+07 eff:0.1% logz-ratio=14107.11+/-0.15 dlogz:1.24>0.1]
99376it [10:45:34 bound:503 nc:1502 ncall:9.5e+07 eff:0.1% logz-ratio=14107.13+/-0.15 dlogz:1.17>0.1]
99564it [10:47:35 bound:504 nc:2581 ncall:9.6e+07 eff:0.1% logz-ratio=14107.14+/-0.15 dlogz:1.09>0.1]
99751it [10:49:29 bound:505 nc:1907 ncall:9.6e+07 eff:0.1% logz-ratio=14107.16+/-0.15 dlogz:1.02>0.1]
99939it [10:51:27 bound:506 nc:1573 ncall:9.6e+07 eff:0.1% logz-ratio=14107.18+/-0.15 dlogz:0.951>0.1]
100122it [10:53:18 bound:507 nc:1473 ncall:9.7e+07 eff:0.1% logz-ratio=14107.19+/-0.15 dlogz:0.888>0.1]
100299it [10:55:07 bound:508 nc:2154 ncall:9.7e+07 eff:0.1% logz-ratio=14107.20+/-0.15 dlogz:0.829>0.1]
100480it [10:57:10 bound:509 nc:2613 ncall:9.7e+07 eff:0.1% logz-ratio=14107.22+/-0.15 dlogz:0.772>0.1]
100482it [11:01:07 bound:509 nc:1908 ncall:9.7e+07 eff:0.1% logz-ratio=14107.22+/-0.15 dlogz:0.771>0.1]
100663it [11:03:06 bound:510 nc:2228 ncall:9.7e+07 eff:0.1% logz-ratio=14107.23+/-0.15 dlogz:0.718>0.1]
100844it [11:05:07 bound:511 nc:822 ncall:9.8e+07 eff:0.1% logz-ratio=14107.24+/-0.15 dlogz:0.666>0.1]
101032it [11:07:06 bound:512 nc:1296 ncall:9.8e+07 eff:0.1% logz-ratio=14107.25+/-0.15 dlogz:0.638>0.1]
101213it [11:08:55 bound:513 nc:2147 ncall:9.8e+07 eff:0.1% logz-ratio=14107.26+/-0.15 dlogz:0.591>0.1]
101399it [11:10:54 bound:514 nc:1919 ncall:9.9e+07 eff:0.1% logz-ratio=14107.27+/-0.15 dlogz:0.546>0.1]
101584it [11:12:52 bound:515 nc:1753 ncall:9.9e+07 eff:0.1% logz-ratio=14107.28+/-0.15 dlogz:0.505>0.1]
101765it [11:14:48 bound:516 nc:1583 ncall:9.9e+07 eff:0.1% logz-ratio=14107.29+/-0.15 dlogz:0.466>0.1]
101948it [11:16:48 bound:517 nc:2054 ncall:1.0e+08 eff:0.1% logz-ratio=14107.30+/-0.15 dlogz:0.43>0.1]
102132it [11:18:46 bound:518 nc:1977 ncall:1.0e+08 eff:0.1% logz-ratio=14107.31+/-0.15 dlogz:0.396>0.1]
102315it [11:20:47 bound:519 nc:1631 ncall:1.0e+08 eff:0.1% logz-ratio=14107.32+/-0.15 dlogz:0.365>0.1]
102501it [11:22:54 bound:520 nc:2541 ncall:1.0e+08 eff:0.1% logz-ratio=14107.32+/-0.15 dlogz:0.336>0.1]
102684it [11:24:53 bound:521 nc:2360 ncall:1.0e+08 eff:0.1% logz-ratio=14107.33+/-0.15 dlogz:0.309>0.1]
102866it [11:26:58 bound:522 nc:1516 ncall:1.0e+08 eff:0.1% logz-ratio=14107.34+/-0.15 dlogz:0.284>0.1]
103047it [11:28:56 bound:523 nc:1765 ncall:1.0e+08 eff:0.1% logz-ratio=14107.34+/-0.15 dlogz:0.261>0.1]
103230it [11:30:57 bound:524 nc:1128 ncall:1.0e+08 eff:0.1% logz-ratio=14107.35+/-0.15 dlogz:0.239>0.1]
103232it [11:34:50 bound:524 nc:892 ncall:1.0e+08 eff:0.1% logz-ratio=14107.35+/-0.15 dlogz:0.239>0.1]
103412it [11:36:48 bound:525 nc:2537 ncall:1.0e+08 eff:0.1% logz-ratio=14107.35+/-0.15 dlogz:0.22>0.1]
103592it [11:38:51 bound:526 nc:1362 ncall:1.0e+08 eff:0.1% logz-ratio=14107.36+/-0.15 dlogz:0.202>0.1]
103775it [11:40:49 bound:527 nc:1291 ncall:1.0e+08 eff:0.1% logz-ratio=14107.36+/-0.15 dlogz:0.185>0.1]
103957it [11:42:53 bound:528 nc:1799 ncall:1.0e+08 eff:0.1% logz-ratio=14107.37+/-0.15 dlogz:0.199>0.1]
104139it [11:44:56 bound:529 nc:1239 ncall:1.0e+08 eff:0.1% logz-ratio=14107.37+/-0.15 dlogz:0.182>0.1]
104324it [11:47:01 bound:530 nc:1999 ncall:1.0e+08 eff:0.1% logz-ratio=14107.38+/-0.15 dlogz:0.167>0.1]
104503it [11:49:06 bound:531 nc:4554 ncall:1.0e+08 eff:0.1% logz-ratio=14107.38+/-0.15 dlogz:0.153>0.1]
104681it [11:51:04 bound:532 nc:4560 ncall:1.0e+08 eff:0.1% logz-ratio=14107.38+/-0.15 dlogz:0.14>0.1]
104869it [11:53:06 bound:533 nc:2263 ncall:1.0e+08 eff:0.1% logz-ratio=14107.39+/-0.15 dlogz:0.128>0.1]
105051it [11:55:10 bound:534 nc:1708 ncall:1.1e+08 eff:0.1% logz-ratio=14107.39+/-0.15 dlogz:0.117>0.1]
105238it [11:57:17 bound:535 nc:868 ncall:1.1e+08 eff:0.1% logz-ratio=14107.39+/-0.15 dlogz:0.107>0.1]
  0%|          | 0/10275 [00:00<?, ?it/s]  0%|          | 10/10275 [00:00<01:45, 96.86it/s]  0%|          | 40/10275 [00:00<00:48, 209.28it/s]  1%|          | 70/10275 [00:00<00:41, 244.80it/s]  1%|          | 100/10275 [00:00<00:38, 261.88it/s]  1%|▏         | 130/10275 [00:00<00:37, 271.71it/s]  2%|▏         | 160/10275 [00:00<00:36, 277.40it/s]  2%|▏         | 190/10275 [00:00<00:35, 280.58it/s]  2%|▏         | 230/10275 [00:00<00:33, 299.00it/s]  3%|▎         | 270/10275 [00:00<00:31, 313.64it/s]  3%|▎         | 310/10275 [00:01<00:31, 313.86it/s]  3%|▎         | 350/10275 [00:01<00:30, 323.70it/s]  4%|▍         | 390/10275 [00:01<00:30, 319.05it/s]  4%|▍         | 430/10275 [00:01<00:30, 327.20it/s]  5%|▍         | 470/10275 [00:01<00:30, 319.41it/s]  5%|▍         | 510/10275 [00:01<00:29, 328.28it/s]  5%|▌         | 550/10275 [00:01<00:29, 324.60it/s]  6%|▌         | 590/10275 [00:01<00:30, 321.22it/s]  6%|▌         | 630/10275 [00:02<00:29, 329.25it/s]  7%|▋         | 670/10275 [00:02<00:29, 327.70it/s]  7%|▋         | 710/10275 [00:02<00:28, 334.09it/s]  7%|▋         | 750/10275 [00:02<00:28, 329.29it/s]  8%|▊         | 790/10275 [00:02<00:29, 321.14it/s]  8%|▊         | 830/10275 [00:02<00:29, 318.83it/s]  8%|▊         | 870/10275 [00:02<00:28, 327.43it/s]  9%|▉         | 910/10275 [00:02<00:28, 333.73it/s]  9%|▉         | 950/10275 [00:03<00:29, 317.93it/s] 10%|▉         | 990/10275 [00:03<00:29, 318.95it/s] 10%|█         | 1030/10275 [00:03<00:30, 302.76it/s] 10%|█         | 1070/10275 [00:03<00:29, 309.74it/s] 11%|█         | 1110/10275 [00:03<00:28, 320.38it/s] 11%|█         | 1150/10275 [00:03<00:28, 320.26it/s] 12%|█▏        | 1190/10275 [00:03<00:27, 329.10it/s] 12%|█▏        | 1230/10275 [00:03<00:27, 329.61it/s] 12%|█▏        | 1270/10275 [00:04<00:26, 335.56it/s] 13%|█▎        | 1310/10275 [00:04<00:26, 340.28it/s] 13%|█▎        | 1350/10275 [00:04<00:26, 342.51it/s] 14%|█▎        | 1390/10275 [00:04<00:26, 334.58it/s] 14%|█▍        | 1430/10275 [00:04<00:26, 329.66it/s] 14%|█▍        | 1470/10275 [00:04<00:26, 336.18it/s] 15%|█▍        | 1510/10275 [00:04<00:25, 340.06it/s] 15%|█▌        | 1550/10275 [00:04<00:25, 343.69it/s] 15%|█▌        | 1590/10275 [00:04<00:25, 345.46it/s] 16%|█▌        | 1630/10275 [00:05<00:24, 346.45it/s] 16%|█▋        | 1670/10275 [00:05<00:24, 347.44it/s] 17%|█▋        | 1710/10275 [00:05<00:24, 348.04it/s] 17%|█▋        | 1750/10275 [00:05<00:24, 348.76it/s] 17%|█▋        | 1790/10275 [00:05<00:24, 348.08it/s] 18%|█▊        | 1830/10275 [00:05<00:24, 349.85it/s] 18%|█▊        | 1870/10275 [00:05<00:24, 338.76it/s] 19%|█▊        | 1910/10275 [00:05<00:24, 341.52it/s] 19%|█▉        | 1950/10275 [00:06<00:25, 332.81it/s] 19%|█▉        | 1990/10275 [00:06<00:24, 337.56it/s] 20%|█▉        | 2030/10275 [00:06<00:24, 341.78it/s] 20%|██        | 2070/10275 [00:06<00:24, 337.37it/s] 21%|██        | 2110/10275 [00:06<00:23, 341.29it/s] 21%|██        | 2150/10275 [00:06<00:24, 335.63it/s] 21%|██▏       | 2190/10275 [00:06<00:23, 340.01it/s] 22%|██▏       | 2230/10275 [00:06<00:25, 316.64it/s] 22%|██▏       | 2270/10275 [00:07<00:25, 316.09it/s] 22%|██▏       | 2310/10275 [00:07<00:25, 315.93it/s] 23%|██▎       | 2350/10275 [00:07<00:25, 316.50it/s] 23%|██▎       | 2390/10275 [00:07<00:24, 325.48it/s] 24%|██▎       | 2430/10275 [00:07<00:25, 304.53it/s] 24%|██▍       | 2470/10275 [00:07<00:26, 296.57it/s] 24%|██▍       | 2500/10275 [00:07<00:26, 291.15it/s] 25%|██▍       | 2540/10275 [00:07<00:25, 306.53it/s] 25%|██▌       | 2580/10275 [00:08<00:24, 318.91it/s] 25%|██▌       | 2620/10275 [00:08<00:24, 317.36it/s] 26%|██▌       | 2660/10275 [00:08<00:23, 325.30it/s] 26%|██▋       | 2700/10275 [00:08<00:22, 331.63it/s] 27%|██▋       | 2740/10275 [00:08<00:22, 336.55it/s] 27%|██▋       | 2780/10275 [00:08<00:22, 340.10it/s] 27%|██▋       | 2820/10275 [00:08<00:21, 342.93it/s] 28%|██▊       | 2860/10275 [00:08<00:22, 334.20it/s] 28%|██▊       | 2900/10275 [00:08<00:21, 338.57it/s] 29%|██▊       | 2940/10275 [00:09<00:21, 341.74it/s] 29%|██▉       | 2980/10275 [00:09<00:21, 344.65it/s] 29%|██▉       | 3020/10275 [00:09<00:20, 345.79it/s] 30%|██▉       | 3060/10275 [00:09<00:20, 347.37it/s] 30%|███       | 3100/10275 [00:09<00:20, 348.44it/s] 31%|███       | 3140/10275 [00:09<00:20, 348.80it/s] 31%|███       | 3180/10275 [00:09<00:21, 329.81it/s] 31%|███▏      | 3220/10275 [00:09<00:21, 324.51it/s] 32%|███▏      | 3260/10275 [00:10<00:22, 315.35it/s] 32%|███▏      | 3300/10275 [00:10<00:21, 324.98it/s] 33%|███▎      | 3340/10275 [00:10<00:20, 332.41it/s] 33%|███▎      | 3380/10275 [00:10<00:21, 321.71it/s] 33%|███▎      | 3420/10275 [00:10<00:21, 320.63it/s] 34%|███▎      | 3460/10275 [00:10<00:21, 319.37it/s] 34%|███▍      | 3500/10275 [00:10<00:20, 328.20it/s] 34%|███▍      | 3540/10275 [00:10<00:21, 314.81it/s] 35%|███▍      | 3580/10275 [00:11<00:22, 302.23it/s] 35%|███▌      | 3620/10275 [00:11<00:22, 294.88it/s] 36%|███▌      | 3660/10275 [00:11<00:22, 300.37it/s] 36%|███▌      | 3700/10275 [00:11<00:21, 305.20it/s] 36%|███▋      | 3740/10275 [00:11<00:20, 317.66it/s] 37%|███▋      | 3780/10275 [00:11<00:21, 301.22it/s] 37%|███▋      | 3820/10275 [00:11<00:22, 289.03it/s] 37%|███▋      | 3850/10275 [00:11<00:22, 287.73it/s] 38%|███▊      | 3890/10275 [00:12<00:20, 304.88it/s] 38%|███▊      | 3930/10275 [00:12<00:21, 300.01it/s] 39%|███▊      | 3970/10275 [00:12<00:21, 294.78it/s] 39%|███▉      | 4000/10275 [00:12<00:21, 286.57it/s] 39%|███▉      | 4030/10275 [00:12<00:22, 281.04it/s] 40%|███▉      | 4060/10275 [00:12<00:22, 282.10it/s] 40%|███▉      | 4100/10275 [00:12<00:21, 286.33it/s] 40%|████      | 4130/10275 [00:12<00:21, 285.67it/s] 40%|████      | 4160/10275 [00:13<00:21, 285.60it/s] 41%|████      | 4200/10275 [00:13<00:21, 286.73it/s] 41%|████      | 4230/10275 [00:13<00:21, 285.85it/s] 42%|████▏     | 4270/10275 [00:13<00:20, 286.43it/s] 42%|████▏     | 4300/10275 [00:13<00:21, 283.92it/s] 42%|████▏     | 4330/10275 [00:13<00:20, 283.43it/s] 42%|████▏     | 4360/10275 [00:13<00:20, 284.69it/s] 43%|████▎     | 4400/10275 [00:13<00:20, 286.70it/s] 43%|████▎     | 4440/10275 [00:13<00:19, 299.76it/s] 44%|████▎     | 4470/10275 [00:14<00:19, 294.24it/s] 44%|████▍     | 4510/10275 [00:14<00:19, 293.25it/s] 44%|████▍     | 4550/10275 [00:14<00:18, 302.65it/s] 45%|████▍     | 4590/10275 [00:14<00:19, 299.18it/s] 45%|████▍     | 4620/10275 [00:14<00:19, 291.88it/s] 45%|████▌     | 4660/10275 [00:14<00:19, 294.70it/s] 46%|████▌     | 4690/10275 [00:14<00:19, 292.99it/s] 46%|████▌     | 4720/10275 [00:14<00:19, 282.03it/s] 46%|████▋     | 4760/10275 [00:15<00:19, 285.29it/s] 47%|████▋     | 4790/10275 [00:15<00:19, 287.34it/s] 47%|████▋     | 4820/10275 [00:15<00:19, 281.66it/s] 47%|████▋     | 4850/10275 [00:15<00:19, 281.56it/s] 47%|████▋     | 4880/10275 [00:15<00:19, 279.90it/s] 48%|████▊     | 4910/10275 [00:15<00:19, 278.08it/s] 48%|████▊     | 4950/10275 [00:15<00:18, 282.22it/s] 48%|████▊     | 4980/10275 [00:15<00:19, 276.34it/s] 49%|████▉     | 5010/10275 [00:16<00:19, 269.80it/s] 49%|████▉     | 5040/10275 [00:16<00:19, 273.90it/s] 49%|████▉     | 5080/10275 [00:16<00:18, 286.05it/s] 50%|████▉     | 5120/10275 [00:16<00:17, 303.23it/s] 50%|█████     | 5160/10275 [00:16<00:16, 304.49it/s] 51%|█████     | 5200/10275 [00:16<00:15, 317.27it/s] 51%|█████     | 5240/10275 [00:16<00:15, 316.73it/s] 51%|█████▏    | 5280/10275 [00:16<00:15, 326.23it/s] 52%|█████▏    | 5320/10275 [00:16<00:15, 322.27it/s] 52%|█████▏    | 5360/10275 [00:17<00:14, 329.76it/s] 53%|█████▎    | 5400/10275 [00:17<00:15, 324.05it/s] 53%|█████▎    | 5440/10275 [00:17<00:14, 331.76it/s] 53%|█████▎    | 5480/10275 [00:17<00:14, 337.50it/s] 54%|█████▎    | 5520/10275 [00:17<00:14, 332.03it/s] 54%|█████▍    | 5560/10275 [00:17<00:13, 337.05it/s] 55%|█████▍    | 5600/10275 [00:17<00:13, 340.90it/s] 55%|█████▍    | 5640/10275 [00:17<00:13, 343.53it/s] 55%|█████▌    | 5680/10275 [00:18<00:13, 345.73it/s] 56%|█████▌    | 5720/10275 [00:18<00:13, 328.80it/s] 56%|█████▌    | 5760/10275 [00:18<00:13, 334.73it/s] 56%|█████▋    | 5800/10275 [00:18<00:13, 339.06it/s] 57%|█████▋    | 5840/10275 [00:18<00:13, 331.59it/s] 57%|█████▋    | 5880/10275 [00:18<00:13, 317.23it/s] 58%|█████▊    | 5920/10275 [00:18<00:13, 311.93it/s] 58%|█████▊    | 5960/10275 [00:18<00:13, 322.18it/s] 58%|█████▊    | 6000/10275 [00:19<00:13, 321.78it/s] 59%|█████▉    | 6040/10275 [00:19<00:12, 329.36it/s] 59%|█████▉    | 6080/10275 [00:19<00:13, 316.36it/s] 60%|█████▉    | 6120/10275 [00:19<00:13, 310.86it/s] 60%|█████▉    | 6160/10275 [00:19<00:13, 310.56it/s] 60%|██████    | 6200/10275 [00:19<00:13, 312.91it/s] 61%|██████    | 6240/10275 [00:19<00:12, 314.62it/s] 61%|██████    | 6280/10275 [00:19<00:13, 306.79it/s] 62%|██████▏   | 6320/10275 [00:20<00:12, 309.52it/s] 62%|██████▏   | 6360/10275 [00:20<00:12, 301.45it/s] 62%|██████▏   | 6400/10275 [00:20<00:12, 303.73it/s] 63%|██████▎   | 6440/10275 [00:20<00:12, 308.52it/s] 63%|██████▎   | 6480/10275 [00:20<00:12, 303.91it/s] 63%|██████▎   | 6520/10275 [00:20<00:12, 298.56it/s] 64%|██████▍   | 6560/10275 [00:20<00:12, 299.23it/s] 64%|██████▍   | 6600/10275 [00:20<00:12, 304.58it/s] 65%|██████▍   | 6640/10275 [00:21<00:12, 294.84it/s] 65%|██████▍   | 6670/10275 [00:21<00:12, 291.87it/s] 65%|██████▌   | 6710/10275 [00:21<00:11, 298.51it/s] 66%|██████▌   | 6750/10275 [00:21<00:11, 303.12it/s] 66%|██████▌   | 6790/10275 [00:21<00:11, 297.63it/s] 66%|██████▋   | 6820/10275 [00:21<00:11, 291.24it/s] 67%|██████▋   | 6860/10275 [00:21<00:11, 290.64it/s] 67%|██████▋   | 6890/10275 [00:21<00:11, 287.61it/s] 67%|██████▋   | 6920/10275 [00:22<00:11, 284.20it/s] 68%|██████▊   | 6960/10275 [00:22<00:11, 293.40it/s] 68%|██████▊   | 6990/10275 [00:22<00:11, 294.18it/s] 68%|██████▊   | 7020/10275 [00:22<00:11, 281.82it/s] 69%|██████▊   | 7050/10275 [00:22<00:11, 281.87it/s] 69%|██████▉   | 7090/10275 [00:22<00:11, 285.34it/s] 69%|██████▉   | 7130/10275 [00:22<00:10, 287.77it/s] 70%|██████▉   | 7170/10275 [00:22<00:10, 287.79it/s] 70%|███████   | 7210/10275 [00:23<00:10, 299.60it/s] 70%|███████   | 7240/10275 [00:23<00:10, 283.28it/s] 71%|███████   | 7270/10275 [00:23<00:10, 280.73it/s] 71%|███████   | 7300/10275 [00:23<00:10, 285.74it/s] 71%|███████▏  | 7330/10275 [00:23<00:10, 286.65it/s] 72%|███████▏  | 7360/10275 [00:23<00:10, 287.99it/s] 72%|███████▏  | 7400/10275 [00:23<00:10, 285.70it/s] 72%|███████▏  | 7430/10275 [00:23<00:10, 277.91it/s] 73%|███████▎  | 7470/10275 [00:24<00:09, 282.91it/s] 73%|███████▎  | 7500/10275 [00:24<00:09, 284.15it/s] 73%|███████▎  | 7530/10275 [00:24<00:09, 279.95it/s] 74%|███████▎  | 7560/10275 [00:24<00:09, 284.90it/s] 74%|███████▍  | 7590/10275 [00:24<00:09, 274.64it/s] 74%|███████▍  | 7620/10275 [00:24<00:09, 270.82it/s] 75%|███████▍  | 7660/10275 [00:24<00:09, 276.52it/s] 75%|███████▍  | 7690/10275 [00:24<00:09, 280.59it/s] 75%|███████▌  | 7720/10275 [00:24<00:09, 280.64it/s] 75%|███████▌  | 7750/10275 [00:25<00:08, 283.24it/s] 76%|███████▌  | 7780/10275 [00:25<00:08, 284.06it/s] 76%|███████▌  | 7820/10275 [00:25<00:08, 293.77it/s] 76%|███████▋  | 7850/10275 [00:25<00:08, 289.76it/s] 77%|███████▋  | 7880/10275 [00:25<00:08, 289.50it/s] 77%|███████▋  | 7910/10275 [00:25<00:08, 289.67it/s] 77%|███████▋  | 7950/10275 [00:25<00:08, 288.48it/s] 78%|███████▊  | 7980/10275 [00:25<00:08, 283.79it/s] 78%|███████▊  | 8020/10275 [00:25<00:07, 302.52it/s] 78%|███████▊  | 8060/10275 [00:26<00:07, 298.57it/s] 79%|███████▉  | 8100/10275 [00:26<00:07, 294.93it/s] 79%|███████▉  | 8140/10275 [00:26<00:07, 292.01it/s] 80%|███████▉  | 8170/10275 [00:26<00:07, 288.09it/s] 80%|███████▉  | 8200/10275 [00:26<00:07, 280.34it/s] 80%|████████  | 8240/10275 [00:26<00:06, 299.62it/s] 80%|████████  | 8270/10275 [00:26<00:07, 282.99it/s] 81%|████████  | 8300/10275 [00:26<00:06, 286.78it/s] 81%|████████  | 8340/10275 [00:27<00:06, 288.61it/s] 81%|████████▏ | 8370/10275 [00:27<00:06, 285.30it/s] 82%|████████▏ | 8400/10275 [00:27<00:06, 285.45it/s] 82%|████████▏ | 8430/10275 [00:27<00:06, 281.83it/s] 82%|████████▏ | 8460/10275 [00:27<00:06, 272.88it/s] 83%|████████▎ | 8490/10275 [00:27<00:06, 274.80it/s] 83%|████████▎ | 8520/10275 [00:27<00:06, 277.61it/s] 83%|████████▎ | 8550/10275 [00:27<00:06, 276.35it/s] 84%|████████▎ | 8580/10275 [00:27<00:06, 280.77it/s] 84%|████████▍ | 8610/10275 [00:28<00:05, 279.47it/s] 84%|████████▍ | 8640/10275 [00:28<00:05, 277.75it/s] 84%|████████▍ | 8670/10275 [00:28<00:05, 274.28it/s] 85%|████████▍ | 8710/10275 [00:28<00:05, 293.27it/s] 85%|████████▌ | 8740/10275 [00:28<00:05, 289.40it/s] 85%|████████▌ | 8770/10275 [00:28<00:05, 289.42it/s] 86%|████████▌ | 8800/10275 [00:28<00:05, 274.49it/s] 86%|████████▌ | 8840/10275 [00:28<00:05, 278.58it/s] 86%|████████▋ | 8870/10275 [00:28<00:05, 273.97it/s] 87%|████████▋ | 8910/10275 [00:29<00:04, 291.04it/s] 87%|████████▋ | 8950/10275 [00:29<00:04, 294.30it/s] 87%|████████▋ | 8980/10275 [00:29<00:04, 288.20it/s] 88%|████████▊ | 9010/10275 [00:29<00:04, 276.20it/s] 88%|████████▊ | 9040/10275 [00:29<00:04, 268.67it/s] 88%|████████▊ | 9070/10275 [00:29<00:04, 269.67it/s] 89%|████████▊ | 9100/10275 [00:29<00:04, 270.78it/s] 89%|████████▉ | 9140/10275 [00:29<00:03, 287.14it/s] 89%|████████▉ | 9170/10275 [00:30<00:03, 285.12it/s] 90%|████████▉ | 9200/10275 [00:30<00:03, 275.18it/s] 90%|████████▉ | 9230/10275 [00:30<00:03, 276.91it/s] 90%|█████████ | 9260/10275 [00:30<00:03, 276.10it/s] 90%|█████████ | 9290/10275 [00:30<00:03, 274.77it/s] 91%|█████████ | 9320/10275 [00:30<00:03, 281.49it/s] 91%|█████████ | 9350/10275 [00:30<00:03, 286.71it/s] 91%|█████████▏| 9380/10275 [00:30<00:03, 285.38it/s] 92%|█████████▏| 9410/10275 [00:30<00:03, 276.10it/s] 92%|█████████▏| 9440/10275 [00:30<00:03, 277.23it/s] 92%|█████████▏| 9470/10275 [00:31<00:02, 274.80it/s] 92%|█████████▏| 9500/10275 [00:31<00:02, 275.75it/s] 93%|█████████▎| 9530/10275 [00:31<00:02, 281.75it/s] 93%|█████████▎| 9560/10275 [00:31<00:02, 282.04it/s] 93%|█████████▎| 9590/10275 [00:31<00:02, 272.14it/s] 94%|█████████▎| 9620/10275 [00:31<00:02, 278.45it/s] 94%|█████████▍| 9650/10275 [00:31<00:02, 265.14it/s] 94%|█████████▍| 9680/10275 [00:31<00:02, 273.48it/s] 95%|█████████▍| 9710/10275 [00:31<00:02, 270.01it/s] 95%|█████████▍| 9750/10275 [00:32<00:01, 281.32it/s] 95%|█████████▌| 9790/10275 [00:32<00:01, 288.21it/s] 96%|█████████▌| 9820/10275 [00:32<00:01, 273.97it/s] 96%|█████████▌| 9850/10275 [00:32<00:01, 265.66it/s] 96%|█████████▌| 9880/10275 [00:32<00:01, 259.08it/s] 96%|█████████▋| 9910/10275 [00:32<00:01, 261.17it/s] 97%|█████████▋| 9940/10275 [00:32<00:01, 267.94it/s] 97%|█████████▋| 9970/10275 [00:32<00:01, 266.25it/s] 97%|█████████▋| 10000/10275 [00:33<00:01, 265.30it/s] 98%|█████████▊| 10030/10275 [00:33<00:00, 267.16it/s] 98%|█████████▊| 10060/10275 [00:33<00:00, 265.79it/s] 98%|█████████▊| 10090/10275 [00:33<00:00, 266.23it/s] 98%|█████████▊| 10120/10275 [00:33<00:00, 271.20it/s] 99%|█████████▉| 10150/10275 [00:33<00:00, 261.93it/s] 99%|█████████▉| 10180/10275 [00:33<00:00, 264.01it/s] 99%|█████████▉| 10210/10275 [00:33<00:00, 262.94it/s]100%|█████████▉| 10240/10275 [00:33<00:00, 258.38it/s]100%|█████████▉| 10270/10275 [00:34<00:00, 251.21it/s]100%|██████████| 10275/10275 [00:34<00:00, 300.92it/s]
  0%|          | 0/10275 [00:00<?, ?it/s]  0%|          | 20/10275 [00:00<01:00, 168.57it/s]  0%|          | 40/10275 [00:00<00:59, 172.74it/s]  1%|          | 60/10275 [00:00<00:58, 174.46it/s]  1%|          | 80/10275 [00:00<00:58, 175.48it/s]  1%|          | 100/10275 [00:00<00:57, 175.75it/s]  1%|          | 120/10275 [00:00<00:57, 176.12it/s]  1%|▏         | 140/10275 [00:00<00:57, 176.18it/s]  2%|▏         | 160/10275 [00:00<00:57, 176.21it/s]  2%|▏         | 180/10275 [00:01<00:57, 175.73it/s]  2%|▏         | 200/10275 [00:01<00:57, 176.54it/s]  2%|▏         | 230/10275 [00:01<00:50, 200.27it/s]  3%|▎         | 260/10275 [00:01<00:46, 216.14it/s]  3%|▎         | 290/10275 [00:01<00:45, 217.48it/s]  3%|▎         | 320/10275 [00:01<00:43, 226.92it/s]  3%|▎         | 350/10275 [00:01<00:42, 234.42it/s]  4%|▎         | 380/10275 [00:01<00:41, 240.18it/s]  4%|▍         | 410/10275 [00:01<00:40, 243.61it/s]  4%|▍         | 440/10275 [00:02<00:39, 246.12it/s]  5%|▍         | 470/10275 [00:02<00:39, 247.31it/s]  5%|▍         | 500/10275 [00:02<00:39, 248.45it/s]  5%|▌         | 530/10275 [00:02<00:39, 249.51it/s]  5%|▌         | 560/10275 [00:02<00:38, 249.87it/s]  6%|▌         | 590/10275 [00:02<00:38, 250.38it/s]  6%|▌         | 620/10275 [00:02<00:38, 250.99it/s]  6%|▋         | 650/10275 [00:02<00:38, 250.48it/s]  7%|▋         | 680/10275 [00:03<00:39, 241.72it/s]  7%|▋         | 710/10275 [00:03<00:39, 243.31it/s]  7%|▋         | 740/10275 [00:03<00:38, 245.29it/s]  7%|▋         | 770/10275 [00:03<00:39, 238.65it/s]  8%|▊         | 800/10275 [00:03<00:39, 242.02it/s]  8%|▊         | 830/10275 [00:03<00:38, 245.13it/s]  8%|▊         | 860/10275 [00:03<00:38, 244.37it/s]  9%|▊         | 890/10275 [00:03<00:38, 245.93it/s]  9%|▉         | 920/10275 [00:04<00:37, 246.89it/s]  9%|▉         | 950/10275 [00:04<00:37, 246.97it/s] 10%|▉         | 980/10275 [00:04<00:39, 238.07it/s] 10%|▉         | 1010/10275 [00:04<00:38, 241.48it/s] 10%|█         | 1040/10275 [00:04<00:37, 244.41it/s] 10%|█         | 1070/10275 [00:04<00:38, 236.40it/s] 11%|█         | 1100/10275 [00:04<00:38, 240.01it/s] 11%|█         | 1130/10275 [00:04<00:39, 233.61it/s] 11%|█▏        | 1160/10275 [00:05<00:38, 238.14it/s] 12%|█▏        | 1190/10275 [00:05<00:39, 231.90it/s] 12%|█▏        | 1220/10275 [00:05<00:38, 237.02it/s] 12%|█▏        | 1250/10275 [00:05<00:39, 229.52it/s] 12%|█▏        | 1280/10275 [00:05<00:38, 235.10it/s] 13%|█▎        | 1310/10275 [00:05<00:38, 230.14it/s] 13%|█▎        | 1340/10275 [00:05<00:37, 235.30it/s] 13%|█▎        | 1370/10275 [00:05<00:37, 238.83it/s] 14%|█▎        | 1400/10275 [00:06<00:36, 242.31it/s] 14%|█▍        | 1430/10275 [00:06<00:36, 241.83it/s] 14%|█▍        | 1460/10275 [00:06<00:37, 234.84it/s] 15%|█▍        | 1490/10275 [00:06<00:36, 238.20it/s] 15%|█▍        | 1520/10275 [00:06<00:38, 227.84it/s] 15%|█▌        | 1550/10275 [00:06<00:37, 232.39it/s] 15%|█▌        | 1580/10275 [00:06<00:36, 237.28it/s] 16%|█▌        | 1610/10275 [00:06<00:36, 240.46it/s] 16%|█▌        | 1640/10275 [00:07<00:38, 225.41it/s] 16%|█▋        | 1670/10275 [00:07<00:37, 231.19it/s] 17%|█▋        | 1700/10275 [00:07<00:37, 227.77it/s] 17%|█▋        | 1730/10275 [00:07<00:36, 232.63it/s] 17%|█▋        | 1760/10275 [00:07<00:38, 220.21it/s] 17%|█▋        | 1790/10275 [00:07<00:37, 227.45it/s] 18%|█▊        | 1820/10275 [00:07<00:37, 224.58it/s] 18%|█▊        | 1850/10275 [00:08<00:37, 224.81it/s] 18%|█▊        | 1880/10275 [00:08<00:36, 229.97it/s] 19%|█▊        | 1910/10275 [00:08<00:37, 224.11it/s] 19%|█▉        | 1940/10275 [00:08<00:37, 221.32it/s] 19%|█▉        | 1970/10275 [00:08<00:37, 221.33it/s] 19%|█▉        | 2000/10275 [00:08<00:36, 228.02it/s] 20%|█▉        | 2030/10275 [00:08<00:38, 214.50it/s] 20%|██        | 2060/10275 [00:09<00:37, 221.12it/s] 20%|██        | 2090/10275 [00:09<00:37, 220.52it/s] 21%|██        | 2120/10275 [00:09<00:35, 227.88it/s] 21%|██        | 2150/10275 [00:09<00:37, 218.24it/s] 21%|██        | 2180/10275 [00:09<00:35, 226.38it/s] 22%|██▏       | 2210/10275 [00:09<00:35, 224.34it/s] 22%|██▏       | 2240/10275 [00:09<00:34, 230.34it/s] 22%|██▏       | 2270/10275 [00:09<00:34, 234.73it/s] 22%|██▏       | 2300/10275 [00:10<00:33, 238.90it/s] 23%|██▎       | 2330/10275 [00:10<00:34, 232.45it/s] 23%|██▎       | 2360/10275 [00:10<00:33, 237.28it/s] 23%|██▎       | 2390/10275 [00:10<00:32, 240.74it/s] 24%|██▎       | 2420/10275 [00:10<00:32, 240.09it/s] 24%|██▍       | 2450/10275 [00:10<00:32, 242.85it/s] 24%|██▍       | 2480/10275 [00:10<00:31, 243.82it/s] 24%|██▍       | 2510/10275 [00:10<00:31, 245.19it/s] 25%|██▍       | 2540/10275 [00:11<00:31, 246.58it/s] 25%|██▌       | 2570/10275 [00:11<00:31, 247.51it/s] 25%|██▌       | 2600/10275 [00:11<00:31, 247.52it/s] 26%|██▌       | 2630/10275 [00:11<00:30, 247.90it/s] 26%|██▌       | 2660/10275 [00:11<00:31, 238.82it/s] 26%|██▌       | 2690/10275 [00:11<00:31, 241.36it/s] 26%|██▋       | 2720/10275 [00:11<00:31, 242.90it/s] 27%|██▋       | 2750/10275 [00:11<00:30, 244.48it/s] 27%|██▋       | 2780/10275 [00:12<00:30, 245.73it/s] 27%|██▋       | 2810/10275 [00:12<00:30, 246.41it/s] 28%|██▊       | 2840/10275 [00:12<00:30, 246.03it/s] 28%|██▊       | 2870/10275 [00:12<00:30, 245.83it/s] 28%|██▊       | 2900/10275 [00:12<00:29, 246.18it/s] 29%|██▊       | 2930/10275 [00:12<00:30, 237.00it/s] 29%|██▉       | 2960/10275 [00:12<00:30, 238.80it/s] 29%|██▉       | 2990/10275 [00:12<00:30, 241.22it/s] 29%|██▉       | 3020/10275 [00:12<00:29, 242.68it/s] 30%|██▉       | 3050/10275 [00:13<00:29, 243.57it/s] 30%|██▉       | 3080/10275 [00:13<00:29, 244.64it/s] 30%|███       | 3110/10275 [00:13<00:29, 244.64it/s] 31%|███       | 3140/10275 [00:13<00:30, 235.81it/s] 31%|███       | 3170/10275 [00:13<00:29, 239.21it/s] 31%|███       | 3200/10275 [00:13<00:29, 241.32it/s] 31%|███▏      | 3230/10275 [00:13<00:29, 241.60it/s] 32%|███▏      | 3260/10275 [00:14<00:29, 234.61it/s] 32%|███▏      | 3290/10275 [00:14<00:32, 216.32it/s] 32%|███▏      | 3320/10275 [00:14<00:32, 215.61it/s] 33%|███▎      | 3350/10275 [00:14<00:30, 223.68it/s] 33%|███▎      | 3380/10275 [00:14<00:31, 221.68it/s] 33%|███▎      | 3410/10275 [00:14<00:30, 227.69it/s] 33%|███▎      | 3440/10275 [00:14<00:31, 218.37it/s] 34%|███▍      | 3470/10275 [00:14<00:30, 226.03it/s] 34%|███▍      | 3500/10275 [00:15<00:31, 218.34it/s] 34%|███▍      | 3530/10275 [00:15<00:31, 217.36it/s] 35%|███▍      | 3560/10275 [00:15<00:29, 225.54it/s] 35%|███▍      | 3590/10275 [00:15<00:28, 230.87it/s] 35%|███▌      | 3620/10275 [00:15<00:28, 234.51it/s] 36%|███▌      | 3650/10275 [00:15<00:28, 228.53it/s] 36%|███▌      | 3680/10275 [00:15<00:29, 225.79it/s] 36%|███▌      | 3710/10275 [00:16<00:29, 223.83it/s] 36%|███▋      | 3740/10275 [00:16<00:28, 230.18it/s] 37%|███▋      | 3770/10275 [00:16<00:27, 234.56it/s] 37%|███▋      | 3800/10275 [00:16<00:28, 229.02it/s] 37%|███▋      | 3830/10275 [00:16<00:28, 225.54it/s] 38%|███▊      | 3860/10275 [00:16<00:27, 231.17it/s] 38%|███▊      | 3890/10275 [00:16<00:29, 219.41it/s] 38%|███▊      | 3920/10275 [00:16<00:30, 211.74it/s] 38%|███▊      | 3950/10275 [00:17<00:28, 220.62it/s] 39%|███▊      | 3980/10275 [00:17<00:27, 227.75it/s] 39%|███▉      | 4010/10275 [00:17<00:29, 214.12it/s] 39%|███▉      | 4040/10275 [00:17<00:27, 222.97it/s] 40%|███▉      | 4070/10275 [00:17<00:28, 215.07it/s] 40%|███▉      | 4100/10275 [00:17<00:29, 209.06it/s] 40%|████      | 4130/10275 [00:17<00:29, 211.69it/s] 40%|████      | 4160/10275 [00:18<00:27, 220.59it/s] 41%|████      | 4190/10275 [00:18<00:27, 220.26it/s] 41%|████      | 4220/10275 [00:18<00:27, 222.48it/s] 41%|████▏     | 4250/10275 [00:18<00:27, 220.72it/s] 42%|████▏     | 4280/10275 [00:18<00:27, 218.97it/s] 42%|████▏     | 4310/10275 [00:18<00:27, 215.83it/s] 42%|████▏     | 4340/10275 [00:18<00:27, 216.36it/s] 43%|████▎     | 4370/10275 [00:19<00:26, 223.56it/s] 43%|████▎     | 4400/10275 [00:19<00:26, 221.70it/s] 43%|████▎     | 4430/10275 [00:19<00:27, 211.52it/s] 43%|████▎     | 4460/10275 [00:19<00:27, 209.05it/s] 44%|████▎     | 4490/10275 [00:19<00:27, 206.83it/s] 44%|████▍     | 4520/10275 [00:19<00:26, 217.08it/s] 44%|████▍     | 4550/10275 [00:19<00:25, 224.96it/s] 45%|████▍     | 4580/10275 [00:19<00:24, 230.35it/s] 45%|████▍     | 4610/10275 [00:20<00:26, 215.33it/s] 45%|████▌     | 4640/10275 [00:20<00:27, 207.89it/s] 45%|████▌     | 4670/10275 [00:20<00:28, 198.02it/s] 46%|████▌     | 4700/10275 [00:20<00:27, 202.31it/s] 46%|████▌     | 4730/10275 [00:20<00:25, 213.27it/s] 46%|████▋     | 4760/10275 [00:20<00:24, 221.16it/s] 47%|████▋     | 4790/10275 [00:20<00:25, 217.01it/s] 47%|████▋     | 4820/10275 [00:21<00:26, 209.58it/s] 47%|████▋     | 4850/10275 [00:21<00:26, 206.05it/s] 47%|████▋     | 4880/10275 [00:21<00:25, 209.39it/s] 48%|████▊     | 4910/10275 [00:21<00:24, 218.80it/s] 48%|████▊     | 4940/10275 [00:21<00:24, 218.31it/s] 48%|████▊     | 4970/10275 [00:21<00:24, 217.51it/s] 49%|████▊     | 5000/10275 [00:21<00:24, 215.40it/s] 49%|████▉     | 5030/10275 [00:22<00:25, 207.98it/s] 49%|████▉     | 5060/10275 [00:22<00:25, 206.53it/s] 50%|████▉     | 5090/10275 [00:22<00:24, 215.86it/s] 50%|████▉     | 5120/10275 [00:22<00:23, 223.01it/s] 50%|█████     | 5150/10275 [00:22<00:23, 215.44it/s] 50%|█████     | 5180/10275 [00:22<00:23, 214.27it/s] 51%|█████     | 5210/10275 [00:22<00:23, 215.05it/s] 51%|█████     | 5240/10275 [00:23<00:23, 209.92it/s] 51%|█████▏    | 5270/10275 [00:23<00:23, 211.19it/s] 52%|█████▏    | 5300/10275 [00:23<00:23, 211.89it/s] 52%|█████▏    | 5330/10275 [00:23<00:22, 219.65it/s] 52%|█████▏    | 5360/10275 [00:23<00:23, 208.96it/s] 52%|█████▏    | 5390/10275 [00:23<00:23, 210.04it/s] 53%|█████▎    | 5420/10275 [00:23<00:23, 205.89it/s] 53%|█████▎    | 5450/10275 [00:24<00:23, 208.22it/s] 53%|█████▎    | 5480/10275 [00:24<00:22, 215.60it/s] 54%|█████▎    | 5510/10275 [00:24<00:22, 215.73it/s] 54%|█████▍    | 5540/10275 [00:24<00:22, 214.86it/s] 54%|█████▍    | 5570/10275 [00:24<00:22, 208.55it/s] 55%|█████▍    | 5600/10275 [00:24<00:22, 206.11it/s] 55%|█████▍    | 5630/10275 [00:24<00:23, 197.85it/s] 55%|█████▍    | 5650/10275 [00:25<00:23, 198.21it/s] 55%|█████▌    | 5680/10275 [00:25<00:21, 210.85it/s] 56%|█████▌    | 5710/10275 [00:25<00:21, 212.93it/s] 56%|█████▌    | 5740/10275 [00:25<00:21, 213.27it/s] 56%|█████▌    | 5770/10275 [00:25<00:21, 212.03it/s] 56%|█████▋    | 5800/10275 [00:25<00:21, 212.46it/s] 57%|█████▋    | 5830/10275 [00:25<00:21, 210.35it/s] 57%|█████▋    | 5860/10275 [00:26<00:20, 211.85it/s] 57%|█████▋    | 5890/10275 [00:26<00:20, 212.01it/s] 58%|█████▊    | 5920/10275 [00:26<00:20, 212.63it/s] 58%|█████▊    | 5950/10275 [00:26<00:21, 204.04it/s] 58%|█████▊    | 5980/10275 [00:26<00:20, 206.08it/s] 58%|█████▊    | 6010/10275 [00:26<00:19, 213.88it/s] 59%|█████▉    | 6040/10275 [00:26<00:19, 211.82it/s] 59%|█████▉    | 6070/10275 [00:27<00:19, 213.12it/s] 59%|█████▉    | 6100/10275 [00:27<00:19, 212.93it/s] 60%|█████▉    | 6130/10275 [00:27<00:20, 204.20it/s] 60%|█████▉    | 6160/10275 [00:27<00:19, 206.23it/s] 60%|██████    | 6190/10275 [00:27<00:20, 197.09it/s] 61%|██████    | 6220/10275 [00:27<00:19, 207.30it/s] 61%|██████    | 6250/10275 [00:27<00:19, 207.40it/s] 61%|██████    | 6280/10275 [00:28<00:19, 209.12it/s] 61%|██████▏   | 6310/10275 [00:28<00:19, 198.39it/s] 62%|██████▏   | 6340/10275 [00:28<00:20, 196.70it/s] 62%|██████▏   | 6370/10275 [00:28<00:20, 193.86it/s] 62%|██████▏   | 6400/10275 [00:28<00:19, 199.61it/s] 63%|██████▎   | 6430/10275 [00:28<00:19, 200.78it/s] 63%|██████▎   | 6460/10275 [00:28<00:18, 208.59it/s] 63%|██████▎   | 6490/10275 [00:29<00:19, 194.01it/s] 63%|██████▎   | 6510/10275 [00:29<00:19, 189.91it/s] 64%|██████▎   | 6530/10275 [00:29<00:19, 188.69it/s] 64%|██████▍   | 6560/10275 [00:29<00:19, 191.24it/s] 64%|██████▍   | 6580/10275 [00:29<00:19, 190.97it/s] 64%|██████▍   | 6610/10275 [00:29<00:18, 198.36it/s] 65%|██████▍   | 6630/10275 [00:29<00:18, 198.25it/s] 65%|██████▍   | 6660/10275 [00:30<00:17, 203.78it/s] 65%|██████▌   | 6690/10275 [00:30<00:18, 195.64it/s] 65%|██████▌   | 6710/10275 [00:30<00:18, 189.21it/s] 65%|██████▌   | 6730/10275 [00:30<00:18, 188.56it/s] 66%|██████▌   | 6750/10275 [00:30<00:19, 182.16it/s] 66%|██████▌   | 6770/10275 [00:30<00:19, 180.44it/s] 66%|██████▌   | 6790/10275 [00:30<00:18, 184.09it/s] 66%|██████▋   | 6820/10275 [00:30<00:17, 194.91it/s] 67%|██████▋   | 6840/10275 [00:30<00:17, 192.63it/s] 67%|██████▋   | 6870/10275 [00:31<00:17, 194.86it/s] 67%|██████▋   | 6890/10275 [00:31<00:17, 189.35it/s] 67%|██████▋   | 6910/10275 [00:31<00:17, 189.79it/s] 67%|██████▋   | 6930/10275 [00:31<00:17, 189.42it/s] 68%|██████▊   | 6950/10275 [00:31<00:17, 189.17it/s] 68%|██████▊   | 6970/10275 [00:31<00:17, 189.79it/s] 68%|██████▊   | 6990/10275 [00:31<00:17, 192.05it/s] 68%|██████▊   | 7020/10275 [00:31<00:16, 196.52it/s] 69%|██████▊   | 7040/10275 [00:32<00:16, 196.34it/s] 69%|██████▉   | 7070/10275 [00:32<00:16, 197.54it/s] 69%|██████▉   | 7100/10275 [00:32<00:15, 205.45it/s] 69%|██████▉   | 7130/10275 [00:32<00:15, 207.58it/s] 70%|██████▉   | 7160/10275 [00:32<00:15, 207.29it/s] 70%|██████▉   | 7190/10275 [00:32<00:14, 207.06it/s] 70%|███████   | 7220/10275 [00:32<00:14, 206.83it/s] 71%|███████   | 7250/10275 [00:33<00:15, 194.81it/s] 71%|███████   | 7270/10275 [00:33<00:15, 191.36it/s] 71%|███████   | 7300/10275 [00:33<00:14, 202.04it/s] 71%|███████▏  | 7330/10275 [00:33<00:14, 202.05it/s] 72%|███████▏  | 7360/10275 [00:33<00:14, 205.74it/s] 72%|███████▏  | 7390/10275 [00:33<00:13, 207.78it/s] 72%|███████▏  | 7420/10275 [00:33<00:14, 201.86it/s] 73%|███████▎  | 7450/10275 [00:34<00:14, 198.90it/s] 73%|███████▎  | 7470/10275 [00:34<00:14, 197.72it/s] 73%|███████▎  | 7490/10275 [00:34<00:14, 197.99it/s] 73%|███████▎  | 7510/10275 [00:34<00:14, 194.13it/s] 73%|███████▎  | 7540/10275 [00:34<00:13, 207.09it/s] 74%|███████▎  | 7570/10275 [00:34<00:13, 203.23it/s] 74%|███████▍  | 7600/10275 [00:34<00:13, 199.05it/s] 74%|███████▍  | 7630/10275 [00:34<00:13, 199.63it/s] 74%|███████▍  | 7650/10275 [00:35<00:13, 199.58it/s] 75%|███████▍  | 7670/10275 [00:35<00:13, 197.33it/s] 75%|███████▍  | 7700/10275 [00:35<00:13, 196.78it/s] 75%|███████▌  | 7730/10275 [00:35<00:13, 195.18it/s] 76%|███████▌  | 7760/10275 [00:35<00:12, 194.43it/s] 76%|███████▌  | 7780/10275 [00:35<00:12, 195.56it/s] 76%|███████▌  | 7800/10275 [00:35<00:12, 190.87it/s] 76%|███████▌  | 7830/10275 [00:35<00:12, 192.79it/s] 76%|███████▋  | 7860/10275 [00:36<00:12, 198.72it/s] 77%|███████▋  | 7890/10275 [00:36<00:11, 208.59it/s] 77%|███████▋  | 7920/10275 [00:36<00:11, 198.31it/s] 77%|███████▋  | 7950/10275 [00:36<00:11, 201.68it/s] 78%|███████▊  | 7980/10275 [00:36<00:11, 201.85it/s] 78%|███████▊  | 8010/10275 [00:36<00:11, 198.32it/s] 78%|███████▊  | 8030/10275 [00:36<00:11, 194.44it/s] 78%|███████▊  | 8050/10275 [00:37<00:11, 195.39it/s] 79%|███████▊  | 8070/10275 [00:37<00:11, 191.12it/s] 79%|███████▊  | 8090/10275 [00:37<00:11, 188.83it/s] 79%|███████▉  | 8120/10275 [00:37<00:11, 194.38it/s] 79%|███████▉  | 8150/10275 [00:37<00:10, 194.04it/s] 80%|███████▉  | 8170/10275 [00:37<00:10, 195.46it/s] 80%|███████▉  | 8190/10275 [00:37<00:10, 192.28it/s] 80%|███████▉  | 8210/10275 [00:37<00:10, 193.21it/s] 80%|████████  | 8230/10275 [00:38<00:10, 192.49it/s] 80%|████████  | 8250/10275 [00:38<00:10, 190.01it/s] 80%|████████  | 8270/10275 [00:38<00:10, 185.44it/s] 81%|████████  | 8290/10275 [00:38<00:10, 186.87it/s] 81%|████████  | 8310/10275 [00:38<00:10, 186.52it/s] 81%|████████  | 8330/10275 [00:38<00:10, 184.95it/s] 81%|████████▏ | 8360/10275 [00:38<00:09, 195.57it/s] 82%|████████▏ | 8390/10275 [00:38<00:09, 196.10it/s] 82%|████████▏ | 8410/10275 [00:38<00:09, 196.92it/s] 82%|████████▏ | 8430/10275 [00:39<00:09, 194.98it/s] 82%|████████▏ | 8450/10275 [00:39<00:09, 192.10it/s] 82%|████████▏ | 8470/10275 [00:39<00:09, 193.18it/s] 83%|████████▎ | 8490/10275 [00:39<00:09, 187.62it/s] 83%|████████▎ | 8510/10275 [00:39<00:09, 186.64it/s] 83%|████████▎ | 8530/10275 [00:39<00:09, 184.59it/s] 83%|████████▎ | 8550/10275 [00:39<00:09, 188.57it/s] 84%|████████▎ | 8580/10275 [00:39<00:08, 197.52it/s] 84%|████████▎ | 8600/10275 [00:39<00:08, 197.55it/s] 84%|████████▍ | 8620/10275 [00:40<00:08, 197.60it/s] 84%|████████▍ | 8650/10275 [00:40<00:08, 201.34it/s] 84%|████████▍ | 8680/10275 [00:40<00:08, 191.52it/s] 85%|████████▍ | 8710/10275 [00:40<00:07, 200.84it/s] 85%|████████▌ | 8740/10275 [00:40<00:07, 197.85it/s] 85%|████████▌ | 8770/10275 [00:40<00:07, 197.89it/s] 86%|████████▌ | 8800/10275 [00:40<00:07, 201.86it/s] 86%|████████▌ | 8830/10275 [00:41<00:07, 203.99it/s] 86%|████████▌ | 8860/10275 [00:41<00:06, 205.94it/s] 87%|████████▋ | 8890/10275 [00:41<00:06, 206.69it/s] 87%|████████▋ | 8920/10275 [00:41<00:06, 213.14it/s] 87%|████████▋ | 8950/10275 [00:41<00:06, 207.59it/s] 87%|████████▋ | 8980/10275 [00:41<00:05, 215.94it/s] 88%|████████▊ | 9010/10275 [00:41<00:05, 214.46it/s] 88%|████████▊ | 9040/10275 [00:42<00:05, 220.70it/s] 88%|████████▊ | 9070/10275 [00:42<00:05, 225.89it/s] 89%|████████▊ | 9100/10275 [00:42<00:05, 229.15it/s] 89%|████████▉ | 9130/10275 [00:42<00:04, 231.31it/s] 89%|████████▉ | 9160/10275 [00:42<00:04, 233.53it/s] 89%|████████▉ | 9190/10275 [00:42<00:04, 226.50it/s] 90%|████████▉ | 9220/10275 [00:42<00:04, 230.36it/s] 90%|█████████ | 9250/10275 [00:42<00:04, 232.55it/s] 90%|█████████ | 9280/10275 [00:43<00:04, 234.74it/s] 91%|█████████ | 9310/10275 [00:43<00:04, 235.87it/s] 91%|█████████ | 9340/10275 [00:43<00:03, 236.16it/s] 91%|█████████ | 9370/10275 [00:43<00:03, 227.60it/s] 91%|█████████▏| 9400/10275 [00:43<00:03, 231.31it/s] 92%|█████████▏| 9430/10275 [00:43<00:03, 233.50it/s] 92%|█████████▏| 9460/10275 [00:43<00:03, 235.55it/s] 92%|█████████▏| 9490/10275 [00:43<00:03, 236.33it/s] 93%|█████████▎| 9520/10275 [00:44<00:03, 220.13it/s] 93%|█████████▎| 9550/10275 [00:44<00:03, 217.43it/s] 93%|█████████▎| 9580/10275 [00:44<00:03, 208.85it/s] 94%|█████████▎| 9610/10275 [00:44<00:03, 209.76it/s] 94%|█████████▍| 9640/10275 [00:44<00:03, 204.88it/s] 94%|█████████▍| 9670/10275 [00:44<00:02, 207.84it/s] 94%|█████████▍| 9700/10275 [00:45<00:02, 208.28it/s] 95%|█████████▍| 9730/10275 [00:45<00:02, 208.30it/s] 95%|█████████▍| 9760/10275 [00:45<00:02, 209.20it/s] 95%|█████████▌| 9790/10275 [00:45<00:02, 207.05it/s] 96%|█████████▌| 9820/10275 [00:45<00:02, 200.97it/s] 96%|█████████▌| 9850/10275 [00:45<00:02, 205.57it/s] 96%|█████████▌| 9880/10275 [00:45<00:01, 205.22it/s] 96%|█████████▋| 9910/10275 [00:46<00:01, 210.11it/s] 97%|█████████▋| 9940/10275 [00:46<00:01, 204.30it/s] 97%|█████████▋| 9970/10275 [00:46<00:01, 200.74it/s] 97%|█████████▋| 10000/10275 [00:46<00:01, 201.07it/s] 98%|█████████▊| 10030/10275 [00:46<00:01, 198.63it/s] 98%|█████████▊| 10050/10275 [00:46<00:01, 195.28it/s] 98%|█████████▊| 10080/10275 [00:46<00:00, 197.74it/s] 98%|█████████▊| 10110/10275 [00:47<00:00, 208.89it/s] 99%|█████████▊| 10140/10275 [00:47<00:00, 209.54it/s] 99%|█████████▉| 10170/10275 [00:47<00:00, 198.02it/s] 99%|█████████▉| 10200/10275 [00:47<00:00, 200.25it/s]100%|█████████▉| 10230/10275 [00:47<00:00, 193.96it/s]100%|█████████▉| 10250/10275 [00:47<00:00, 194.70it/s]100%|██████████| 10275/10275 [00:47<00:00, 196.14it/s]100%|██████████| 10275/10275 [00:47<00:00, 214.58it/s]
  0%|          | 0/10275 [00:00<?, ?it/s]  9%|▉         | 924/10275 [00:00<00:01, 8845.91it/s] 18%|█▊        | 1809/10275 [00:00<00:01, 8313.37it/s] 26%|██▌       | 2642/10275 [00:00<00:01, 6317.33it/s] 32%|███▏      | 3315/10275 [00:00<00:01, 3705.39it/s] 37%|███▋      | 3803/10275 [00:00<00:01, 3356.60it/s] 45%|████▌     | 4648/10275 [00:01<00:01, 4360.01it/s] 51%|█████     | 5196/10275 [00:01<00:01, 3867.59it/s] 55%|█████▌    | 5661/10275 [00:01<00:01, 3316.88it/s] 60%|██████    | 6202/10275 [00:01<00:01, 3727.04it/s] 65%|██████▍   | 6638/10275 [00:01<00:01, 3395.74it/s] 69%|██████▉   | 7098/10275 [00:01<00:00, 3626.97it/s] 74%|███████▎  | 7560/10275 [00:01<00:00, 3857.38it/s] 78%|███████▊  | 7980/10275 [00:02<00:00, 3557.82it/s] 81%|████████▏ | 8362/10275 [00:02<00:00, 3092.71it/s] 86%|████████▌ | 8820/10275 [00:02<00:00, 3394.83it/s] 89%|████████▉ | 9185/10275 [00:02<00:00, 3305.23it/s] 94%|█████████▍| 9646/10275 [00:02<00:00, 3605.49it/s] 99%|█████████▉| 10150/10275 [00:02<00:00, 3919.37it/s]100%|██████████| 10275/10275 [00:02<00:00, 3912.18it/s]
