Tue Apr 21 11:23:57 CEST 2026
NVIDIA H100
==========================================
=== Running jester inference (SMC-RW) ===
==========================================
[INFO] jester: Loading configuration from config.yaml
[INFO] jester: JAX devices: [CudaDevice(id=0)]
[INFO] jester: Setting up prior...
[INFO] jester: Fixed parameters found in prior file: {'E_sat': -16.0}
[INFO] jester: Prior has 26 dimensions
[INFO] jester: Prior parameter names: ['K_sat', 'Q_sat', 'Z_sat', 'E_sym', 'L_sym', 'K_sym', 'Q_sym', 'Z_sym', 'nbreak', 'n_CSE_0_u', 'cs2_CSE_0', 'n_CSE_1_u', 'cs2_CSE_1', 'n_CSE_2_u', 'cs2_CSE_2', 'n_CSE_3_u', 'cs2_CSE_3', 'n_CSE_4_u', 'cs2_CSE_4', 'n_CSE_5_u', 'cs2_CSE_5', 'n_CSE_6_u', 'cs2_CSE_6', 'n_CSE_7_u', 'cs2_CSE_7', 'cs2_CSE_8']
[INFO] jester:   [0] K_sat: Uniform(150.0, 300.0)
[INFO] jester:   [1] Q_sat: Uniform(-500.0, 1100.0)
[INFO] jester:   [2] Z_sat: Uniform(-2500.0, 1500.0)
[INFO] jester:   [3] E_sym: Uniform(28.0, 45.0)
[INFO] jester:   [4] L_sym: Uniform(10.0, 200.0)
[INFO] jester:   [5] K_sym: Uniform(-400.0, 200.0)
[INFO] jester:   [6] Q_sym: Uniform(-1000.0, 1500.0)
[INFO] jester:   [7] Z_sym: Uniform(-2000.0, 1500.0)
[INFO] jester:   [8] nbreak: Uniform(0.16, 0.32)
[INFO] jester:   [9] n_CSE_0_u: Uniform(0.0, 1.0)
[INFO] jester:   [10] cs2_CSE_0: Uniform(0.0, 1.0)
[INFO] jester:   [11] n_CSE_1_u: Uniform(0.0, 1.0)
[INFO] jester:   [12] cs2_CSE_1: Uniform(0.0, 1.0)
[INFO] jester:   [13] n_CSE_2_u: Uniform(0.0, 1.0)
[INFO] jester:   [14] cs2_CSE_2: Uniform(0.0, 1.0)
[INFO] jester:   [15] n_CSE_3_u: Uniform(0.0, 1.0)
[INFO] jester:   [16] cs2_CSE_3: Uniform(0.0, 1.0)
[INFO] jester:   [17] n_CSE_4_u: Uniform(0.0, 1.0)
[INFO] jester:   [18] cs2_CSE_4: Uniform(0.0, 1.0)
[INFO] jester:   [19] n_CSE_5_u: Uniform(0.0, 1.0)
[INFO] jester:   [20] cs2_CSE_5: Uniform(0.0, 1.0)
[INFO] jester:   [21] n_CSE_6_u: Uniform(0.0, 1.0)
[INFO] jester:   [22] cs2_CSE_6: Uniform(0.0, 1.0)
[INFO] jester:   [23] n_CSE_7_u: Uniform(0.0, 1.0)
[INFO] jester:   [24] cs2_CSE_7: Uniform(0.0, 1.0)
[INFO] jester:   [25] cs2_CSE_8: Uniform(0.0, 1.0)
[INFO] jester: Setting up transform...
[INFO] jester: Derived max_nbreak from nbreak prior: 2.0000 n_sat
[INFO] jester: Initialized JesterTransform: EOS=MetaModel_with_CSE_EOS_model, TOV=<jesterTOV.tov.gr.GRTOVSolver object at 0x14ae5cc87590>
[INFO] jester:   Fixed parameters: {'E_sat': -16.0}
[INFO] jester: EOS type: metamodel_cse
[INFO] jester:   nb_CSE: 8
[INFO] jester:   ndat_metamodel: 100
[INFO] jester:   nmax_nsat: 25.0
[INFO] jester: TOV solver: gr
[INFO] jester:   ndat_TOV: 100
[INFO] jester: Checking to prepare GW normalizing flows...
[INFO] jester: Setting up likelihood...
[INFO] jester: Loading NF model for GW170817 from /gpfs/home6/twouters2/projects/jester_review/jester/jesterTOV/inference/flows/models/gw_maf/gw170817/gw170817_xp_nrtv3
[INFO] jester: Loaded NF model for GW170817
[INFO] jester: Pre-sampling 2000 mass pairs with seed=42 for GW170817
[INFO] jester: Pre-sampled mass range: m1=[1.362, 1.764] Msun, m2=[1.069, 1.368] Msun
[INFO] jester: Number of enabled likelihoods: 3
[INFO] jester:   - CONSTRAINTS_EOS:
[INFO] jester:     {
      "type": "constraints_eos",
      "penalty_causality": -10000000000.0,
      "penalty_stability": -10000000000.0,
      "penalty_pressure": -10000000000.0
}
[INFO] jester:   - RADIO:
[INFO] jester:     {
      "type": "radio",
      "pulsars": [
            {
                  "name": "J1614",
                  "mass_mean": 1.94,
                  "mass_std": 0.01
            },
            {
                  "name": "J0740",
                  "mass_mean": 2.08,
                  "mass_std": 0.07
            }
      ],
      "penalty_value": -100000.0,
      "nb_masses": 100
}
[INFO] jester:   - GW:
[INFO] jester:     {
      "type": "gw",
      "events": [
            {
                  "name": "GW170817",
                  "nf_model_dir": "/home/twouters2/projects/jester_review/jester/jesterTOV/inference/flows/models/gw_maf/gw170817/gw170817_xp_nrtv3/",
                  "from_bilby_result": null,
                  "from_npz_file": null,
                  "flow_config": null,
                  "retrain_flow": false
            }
      ],
      "penalty_value": 0.0,
      "N_masses_evaluation": 2000,
      "N_masses_batch_size": 1000,
      "seed": 42
}
[INFO] jester: Setting up smc-rw sampler...
[INFO] jester: Initializing BlackJAX SMC sampler with random_walk kernel
[INFO] jester: Configuration: 5000 particles, 10 MCMC steps per tempering stage
[INFO] jester: Target ESS: 0.9
[INFO] jester: ============================================================
[INFO] jester: Configuration Summary
[INFO] jester: ============================================================
[INFO] jester: EOS type: metamodel_cse
[INFO] jester: TOV solver: gr
[INFO] jester: Random seed: 43
[INFO] jester: Sampler type: smc-rw
[INFO] jester: Sampler Configuration:
[INFO] jester:   Particles: 5000
[INFO] jester:   MCMC steps: 10
[INFO] jester:   Target ESS: 0.9
[INFO] jester:   EOS samples to generate: 5000
[INFO] jester:   Output directory: ./outdir/
[INFO] jester: ============================================================

[INFO] jester: Testing likelihood evaluation...
