Original Lambdas:
Lambda 1: 226.15368890383624
Lambda 2: 470.4950264665735
mass_1_source: 1.5312678092812273
mass_2_source: 1.3682759336539767
Overwriting with the jester EOS:
NEW Lambdas:
Lambda 1: 218.1030772913739
Lambda 2: 463.5935338315368
1it [0:00:00 bound:0 nc:  1 ncall:1.0e+00 eff:100.0% logz-ratio=-13317.25+/-0.06 dlogz:inf>0.1]
7145it [0:01:04 bound:0 nc: 17 ncall:6.9e+04 eff:10.4% logz-ratio=1201.84+/-0.07 dlogz:3.18e+04>0.1]
7686it [0:02:51 bound:3 nc:867 ncall:2.4e+05 eff:3.2% logz-ratio=1487.83+/-0.07 dlogz:3.15e+04>0.1]
8055it [0:04:16 bound:5 nc:475 ncall:5.5e+05 eff:1.5% logz-ratio=1707.18+/-0.07 dlogz:3.13e+04>0.1]
8968it [0:05:18 bound:10 nc:145 ncall:7.8e+05 eff:1.1% logz-ratio=2297.45+/-0.07 dlogz:3.82e+04>0.1]
10066it [0:06:24 bound:16 nc:139 ncall:9.6e+05 eff:1.0% logz-ratio=3294.99+/-0.08 dlogz:3.72e+04>0.1]
11169it [0:07:28 bound:22 nc:155 ncall:1.1e+06 eff:1.0% logz-ratio=4604.00+/-0.08 dlogz:4.06e+04>0.1]
12088it [0:08:37 bound:27 nc:196 ncall:1.3e+06 eff:0.9% logz-ratio=6027.34+/-0.08 dlogz:3.92e+04>0.1]
13005it [0:09:40 bound:32 nc:340 ncall:1.5e+06 eff:0.9% logz-ratio=7812.33+/-0.09 dlogz:3.74e+04>0.1]
13912it [0:10:48 bound:37 nc:310 ncall:1.7e+06 eff:0.8% logz-ratio=9989.16+/-0.09 dlogz:3.52e+04>0.1]
14829it [0:11:54 bound:42 nc:249 ncall:1.8e+06 eff:0.8% logz-ratio=12635.39+/-0.09 dlogz:3.32e+04>0.1]
15747it [0:13:02 bound:47 nc:433 ncall:2.0e+06 eff:0.8% logz-ratio=15320.76+/-0.09 dlogz:3.05e+04>0.1]
16665it [0:14:16 bound:52 nc:170 ncall:2.2e+06 eff:0.7% logz-ratio=18146.29+/-0.09 dlogz:3.28e+04>0.1]
17404it [0:15:27 bound:56 nc:149 ncall:2.4e+06 eff:0.7% logz-ratio=20365.72+/-0.09 dlogz:3.06e+04>0.1]
18130it [0:16:38 bound:60 nc:138 ncall:2.6e+06 eff:0.7% logz-ratio=22330.49+/-0.09 dlogz:3e+04>0.1]
18871it [0:17:50 bound:64 nc:323 ncall:2.8e+06 eff:0.7% logz-ratio=24325.21+/-0.09 dlogz:2.8e+04>0.1]
19606it [0:19:03 bound:68 nc:259 ncall:3.0e+06 eff:0.7% logz-ratio=26082.95+/-0.09 dlogz:2.63e+04>0.1]
20146it [0:20:06 bound:71 nc:227 ncall:3.1e+06 eff:0.6% logz-ratio=27556.25+/-0.09 dlogz:2.48e+04>0.1]
20694it [0:21:09 bound:74 nc:297 ncall:3.3e+06 eff:0.6% logz-ratio=28938.06+/-0.09 dlogz:2.34e+04>0.1]
21241it [0:22:16 bound:77 nc:367 ncall:3.5e+06 eff:0.6% logz-ratio=30245.71+/-0.09 dlogz:2.21e+04>0.1]
21799it [0:23:36 bound:80 nc:396 ncall:3.7e+06 eff:0.6% logz-ratio=31416.76+/-0.10 dlogz:2.59e+04>0.1]
22350it [0:24:49 bound:83 nc:436 ncall:3.9e+06 eff:0.6% logz-ratio=32577.91+/-0.10 dlogz:2.47e+04>0.1]
22907it [0:26:07 bound:86 nc:340 ncall:4.1e+06 eff:0.6% logz-ratio=33715.17+/-0.09 dlogz:2.36e+04>0.1]
23461it [0:27:27 bound:89 nc:387 ncall:4.3e+06 eff:0.5% logz-ratio=34932.50+/-0.10 dlogz:2.37e+04>0.1]
23994it [0:28:49 bound:92 nc:394 ncall:4.5e+06 eff:0.5% logz-ratio=36024.33+/-0.10 dlogz:2.26e+04>0.1]
24536it [0:30:20 bound:95 nc:351 ncall:4.8e+06 eff:0.5% logz-ratio=37080.37+/-0.10 dlogz:2.2e+04>0.1]
24721it [0:31:49 bound:96 nc:351 ncall:4.8e+06 eff:0.5% logz-ratio=37390.46+/-0.10 dlogz:2.16e+04>0.1]
25081it [0:32:58 bound:98 nc:372 ncall:5.0e+06 eff:0.5% logz-ratio=38005.75+/-0.10 dlogz:2.1e+04>0.1]
25447it [0:34:02 bound:100 nc:667 ncall:5.2e+06 eff:0.5% logz-ratio=38688.14+/-0.10 dlogz:2.03e+04>0.1]
25810it [0:35:11 bound:102 nc:500 ncall:5.4e+06 eff:0.5% logz-ratio=39264.38+/-0.10 dlogz:1.98e+04>0.1]
26174it [0:36:28 bound:104 nc:593 ncall:5.5e+06 eff:0.5% logz-ratio=39908.63+/-0.10 dlogz:1.91e+04>0.1]
26547it [0:37:35 bound:106 nc:542 ncall:5.7e+06 eff:0.5% logz-ratio=40460.79+/-0.10 dlogz:1.86e+04>0.1]
26910it [0:38:58 bound:108 nc:537 ncall:5.9e+06 eff:0.5% logz-ratio=41096.01+/-0.10 dlogz:1.79e+04>0.1]
27277it [0:40:22 bound:110 nc:460 ncall:6.2e+06 eff:0.4% logz-ratio=41693.31+/-0.10 dlogz:2.07e+04>0.1]
27638it [0:41:48 bound:112 nc:590 ncall:6.4e+06 eff:0.4% logz-ratio=42269.95+/-0.10 dlogz:2.01e+04>0.1]
28010it [0:43:34 bound:114 nc:620 ncall:6.7e+06 eff:0.4% logz-ratio=42841.73+/-0.10 dlogz:2.09e+04>0.1]
28378it [0:45:14 bound:116 nc:546 ncall:6.9e+06 eff:0.4% logz-ratio=43354.22+/-0.10 dlogz:2.04e+04>0.1]
28742it [0:46:59 bound:118 nc:812 ncall:7.2e+06 eff:0.4% logz-ratio=43901.37+/-0.10 dlogz:1.98e+04>0.1]
29105it [0:48:33 bound:120 nc:664 ncall:7.4e+06 eff:0.4% logz-ratio=44452.19+/-0.10 dlogz:1.93e+04>0.1]
29466it [0:50:19 bound:122 nc:1692 ncall:7.7e+06 eff:0.4% logz-ratio=45007.66+/-0.10 dlogz:1.87e+04>0.1]
29836it [0:51:54 bound:124 nc:730 ncall:8.0e+06 eff:0.4% logz-ratio=45516.57+/-0.11 dlogz:1.82e+04>0.1]
30198it [0:53:37 bound:126 nc:760 ncall:8.2e+06 eff:0.4% logz-ratio=46031.93+/-0.11 dlogz:1.81e+04>0.1]
30376it [0:54:40 bound:127 nc:1011 ncall:8.4e+06 eff:0.4% logz-ratio=46282.59+/-0.10 dlogz:1.79e+04>0.1]
30554it [0:55:45 bound:128 nc:983 ncall:8.5e+06 eff:0.4% logz-ratio=46545.02+/-0.11 dlogz:2.12e+04>0.1]
30923it [0:57:35 bound:130 nc:552 ncall:8.9e+06 eff:0.3% logz-ratio=47072.16+/-0.10 dlogz:2.06e+04>0.1]
31105it [0:58:35 bound:131 nc:813 ncall:9.0e+06 eff:0.3% logz-ratio=47310.82+/-0.11 dlogz:2.04e+04>0.1]
31291it [0:59:36 bound:132 nc:612 ncall:9.2e+06 eff:0.3% logz-ratio=47570.04+/-0.11 dlogz:2.01e+04>0.1]
31476it [1:00:40 bound:133 nc:858 ncall:9.3e+06 eff:0.3% logz-ratio=47812.97+/-0.11 dlogz:1.99e+04>0.1]
31664it [1:02:54 bound:134 nc:685 ncall:9.5e+06 eff:0.3% logz-ratio=48090.14+/-0.11 dlogz:1.96e+04>0.1]
31843it [1:03:55 bound:135 nc:1013 ncall:9.6e+06 eff:0.3% logz-ratio=48331.03+/-0.11 dlogz:2.34e+04>0.1]
32029it [1:05:00 bound:136 nc:715 ncall:9.8e+06 eff:0.3% logz-ratio=48538.71+/-0.11 dlogz:2.32e+04>0.1]
32292it [1:06:00 bound:137 nc:894 ncall:1.0e+07 eff:0.3% logz-ratio=48912.68+/-0.11 dlogz:2.28e+04>0.1]
32576it [1:07:41 bound:139 nc:777 ncall:1.0e+07 eff:0.3% logz-ratio=49293.01+/-0.11 dlogz:2.25e+04>0.1]
32947it [1:09:20 bound:141 nc:699 ncall:1.1e+07 eff:0.3% logz-ratio=49755.18+/-0.11 dlogz:2.2e+04>0.1]
33133it [1:10:30 bound:142 nc:813 ncall:1.1e+07 eff:0.3% logz-ratio=50029.46+/-0.11 dlogz:2.17e+04>0.1]
33495it [1:12:14 bound:144 nc:660 ncall:1.1e+07 eff:0.3% logz-ratio=50465.39+/-0.11 dlogz:2.13e+04>0.1]
33676it [1:13:20 bound:145 nc:876 ncall:1.1e+07 eff:0.3% logz-ratio=50710.48+/-0.11 dlogz:2.1e+04>0.1]
33859it [1:14:21 bound:146 nc:794 ncall:1.1e+07 eff:0.3% logz-ratio=50969.84+/-0.11 dlogz:2.08e+04>0.1]
34227it [1:15:56 bound:148 nc:717 ncall:1.2e+07 eff:0.3% logz-ratio=51463.51+/-0.11 dlogz:2.03e+04>0.1]
34408it [1:16:57 bound:149 nc:819 ncall:1.2e+07 eff:0.3% logz-ratio=51711.20+/-0.11 dlogz:2e+04>0.1]
34780it [1:18:34 bound:151 nc:644 ncall:1.2e+07 eff:0.3% logz-ratio=52233.82+/-0.11 dlogz:2.07e+04>0.1]
35150it [1:19:56 bound:153 nc:374 ncall:1.2e+07 eff:0.3% logz-ratio=52765.83+/-0.11 dlogz:2.01e+04>0.1]
35522it [1:21:23 bound:155 nc:635 ncall:1.2e+07 eff:0.3% logz-ratio=53310.46+/-0.11 dlogz:2e+04>0.1]
35892it [1:22:42 bound:157 nc:626 ncall:1.3e+07 eff:0.3% logz-ratio=53844.40+/-0.11 dlogz:1.99e+04>0.1]
36265it [1:23:58 bound:159 nc:566 ncall:1.3e+07 eff:0.3% logz-ratio=54356.21+/-0.11 dlogz:1.94e+04>0.1]
36629it [1:25:17 bound:161 nc:471 ncall:1.3e+07 eff:0.3% logz-ratio=54880.50+/-0.11 dlogz:1.88e+04>0.1]
36996it [1:26:53 bound:163 nc:668 ncall:1.3e+07 eff:0.3% logz-ratio=55451.83+/-0.11 dlogz:1.83e+04>0.1]
37365it [1:28:09 bound:165 nc:242 ncall:1.4e+07 eff:0.3% logz-ratio=55986.03+/-0.12 dlogz:1.77e+04>0.1]
37734it [1:29:17 bound:167 nc:393 ncall:1.4e+07 eff:0.3% logz-ratio=56540.82+/-0.11 dlogz:1.72e+04>0.1]
38097it [1:30:18 bound:169 nc:422 ncall:1.4e+07 eff:0.3% logz-ratio=57103.58+/-0.11 dlogz:1.68e+04>0.1]
38457it [1:31:28 bound:171 nc:505 ncall:1.4e+07 eff:0.3% logz-ratio=57665.75+/-0.11 dlogz:1.69e+04>0.1]
38821it [1:32:45 bound:173 nc:599 ncall:1.4e+07 eff:0.3% logz-ratio=58189.87+/-0.12 dlogz:1.63e+04>0.1]
39006it [1:35:09 bound:174 nc:734 ncall:1.4e+07 eff:0.3% logz-ratio=58466.10+/-0.11 dlogz:1.61e+04>0.1]
39370it [1:36:18 bound:176 nc:1048 ncall:1.5e+07 eff:0.3% logz-ratio=59030.09+/-0.12 dlogz:1.88e+04>0.1]
39738it [1:37:25 bound:178 nc:436 ncall:1.5e+07 eff:0.3% logz-ratio=59568.72+/-0.12 dlogz:1.82e+04>0.1]
40102it [1:38:30 bound:180 nc:511 ncall:1.5e+07 eff:0.3% logz-ratio=60103.80+/-0.12 dlogz:1.77e+04>0.1]
40466it [1:39:48 bound:182 nc:765 ncall:1.5e+07 eff:0.3% logz-ratio=60683.69+/-0.12 dlogz:1.71e+04>0.1]
40836it [1:40:53 bound:184 nc:560 ncall:1.5e+07 eff:0.3% logz-ratio=61226.61+/-0.12 dlogz:1.66e+04>0.1]
41204it [1:42:01 bound:186 nc:481 ncall:1.6e+07 eff:0.3% logz-ratio=61819.06+/-0.12 dlogz:1.62e+04>0.1]
41572it [1:43:16 bound:188 nc:521 ncall:1.6e+07 eff:0.3% logz-ratio=62374.39+/-0.12 dlogz:1.56e+04>0.1]
41943it [1:44:21 bound:190 nc:381 ncall:1.6e+07 eff:0.3% logz-ratio=62915.17+/-0.12 dlogz:1.51e+04>0.1]
42313it [1:45:56 bound:192 nc:527 ncall:1.6e+07 eff:0.3% logz-ratio=63425.03+/-0.12 dlogz:1.52e+04>0.1]
42674it [1:47:35 bound:194 nc:942 ncall:1.6e+07 eff:0.3% logz-ratio=63991.07+/-0.12 dlogz:1.46e+04>0.1]
43043it [1:48:52 bound:196 nc:401 ncall:1.7e+07 eff:0.3% logz-ratio=64531.46+/-0.12 dlogz:1.41e+04>0.1]
43412it [1:49:59 bound:198 nc:450 ncall:1.7e+07 eff:0.3% logz-ratio=65091.51+/-0.12 dlogz:1.35e+04>0.1]
43781it [1:51:02 bound:200 nc:520 ncall:1.7e+07 eff:0.3% logz-ratio=65616.14+/-0.12 dlogz:1.31e+04>0.1]
44140it [1:52:11 bound:202 nc:414 ncall:1.7e+07 eff:0.3% logz-ratio=66125.40+/-0.12 dlogz:1.26e+04>0.1]
44513it [1:53:17 bound:204 nc:464 ncall:1.7e+07 eff:0.3% logz-ratio=66646.64+/-0.12 dlogz:1.21e+04>0.1]
44876it [1:54:22 bound:206 nc:370 ncall:1.7e+07 eff:0.3% logz-ratio=67161.17+/-0.12 dlogz:1.16e+04>0.1]
45244it [1:55:30 bound:208 nc:445 ncall:1.8e+07 eff:0.3% logz-ratio=67685.93+/-0.12 dlogz:1.11e+04>0.1]
45614it [1:56:37 bound:210 nc:592 ncall:1.8e+07 eff:0.3% logz-ratio=68186.09+/-0.12 dlogz:1.06e+04>0.1]
45982it [1:58:03 bound:212 nc:976 ncall:1.8e+07 eff:0.3% logz-ratio=68701.67+/-0.12 dlogz:1.05e+04>0.1]
46352it [1:59:16 bound:214 nc:542 ncall:1.8e+07 eff:0.3% logz-ratio=69208.02+/-0.12 dlogz:9.96e+03>0.1]
46724it [2:00:27 bound:216 nc:435 ncall:1.8e+07 eff:0.3% logz-ratio=69634.86+/-0.12 dlogz:9.53e+03>0.1]
47098it [2:01:49 bound:218 nc:522 ncall:1.9e+07 eff:0.3% logz-ratio=70094.21+/-0.12 dlogz:9.07e+03>0.1]
47462it [2:03:04 bound:220 nc:514 ncall:1.9e+07 eff:0.3% logz-ratio=70555.60+/-0.12 dlogz:8.61e+03>0.1]
47826it [2:04:14 bound:222 nc:422 ncall:1.9e+07 eff:0.3% logz-ratio=70971.59+/-0.12 dlogz:8.19e+03>0.1]
48019it [2:06:38 bound:223 nc:534 ncall:1.9e+07 eff:0.3% logz-ratio=71176.65+/-0.12 dlogz:8.15e+03>0.1]
48381it [2:08:12 bound:225 nc:541 ncall:1.9e+07 eff:0.2% logz-ratio=71564.42+/-0.12 dlogz:7.77e+03>0.1]
48748it [2:09:32 bound:227 nc:415 ncall:2.0e+07 eff:0.2% logz-ratio=71971.13+/-0.13 dlogz:7.36e+03>0.1]
49113it [2:11:03 bound:229 nc:569 ncall:2.0e+07 eff:0.2% logz-ratio=72333.04+/-0.12 dlogz:7.03e+03>0.1]
49480it [2:12:33 bound:231 nc:1431 ncall:2.0e+07 eff:0.2% logz-ratio=72676.87+/-0.12 dlogz:6.69e+03>0.1]
49846it [2:14:01 bound:233 nc:236 ncall:2.0e+07 eff:0.2% logz-ratio=73017.31+/-0.13 dlogz:6.35e+03>0.1]
50210it [2:15:25 bound:235 nc:494 ncall:2.1e+07 eff:0.2% logz-ratio=73322.41+/-0.12 dlogz:6.15e+03>0.1]
50575it [2:17:04 bound:237 nc:680 ncall:2.1e+07 eff:0.2% logz-ratio=73651.38+/-0.13 dlogz:5.82e+03>0.1]
50948it [2:18:29 bound:239 nc:615 ncall:2.1e+07 eff:0.2% logz-ratio=73960.42+/-0.13 dlogz:5.81e+03>0.1]
51306it [2:20:10 bound:241 nc:762 ncall:2.1e+07 eff:0.2% logz-ratio=74248.01+/-0.13 dlogz:5.52e+03>0.1]
51669it [2:21:38 bound:243 nc:599 ncall:2.2e+07 eff:0.2% logz-ratio=74505.37+/-0.13 dlogz:5.26e+03>0.1]
52038it [2:23:15 bound:245 nc:503 ncall:2.2e+07 eff:0.2% logz-ratio=74774.33+/-0.13 dlogz:4.99e+03>0.1]
52400it [2:24:56 bound:247 nc:1304 ncall:2.2e+07 eff:0.2% logz-ratio=75003.96+/-0.13 dlogz:4.76e+03>0.1]
52769it [2:26:21 bound:249 nc:642 ncall:2.2e+07 eff:0.2% logz-ratio=75230.53+/-0.13 dlogz:4.54e+03>0.1]
53025it [2:27:21 bound:250 nc:852 ncall:2.2e+07 eff:0.2% logz-ratio=75397.50+/-0.13 dlogz:4.37e+03>0.1]
53321it [2:28:56 bound:252 nc:649 ncall:2.3e+07 eff:0.2% logz-ratio=75574.13+/-0.13 dlogz:4.19e+03>0.1]
53504it [2:30:15 bound:253 nc:1746 ncall:2.3e+07 eff:0.2% logz-ratio=75679.37+/-0.13 dlogz:4.42e+03>0.1]
53876it [2:32:22 bound:255 nc:673 ncall:2.3e+07 eff:0.2% logz-ratio=75883.32+/-0.13 dlogz:4.22e+03>0.1]
54249it [2:34:15 bound:257 nc:706 ncall:2.3e+07 eff:0.2% logz-ratio=76071.55+/-0.13 dlogz:4.03e+03>0.1]
54619it [2:36:05 bound:259 nc:1121 ncall:2.4e+07 eff:0.2% logz-ratio=76255.50+/-0.13 dlogz:3.94e+03>0.1]
54798it [2:37:08 bound:260 nc:749 ncall:2.4e+07 eff:0.2% logz-ratio=76343.92+/-0.13 dlogz:3.85e+03>0.1]
54799it [2:38:48 bound:260 nc:805 ncall:2.4e+07 eff:0.2% logz-ratio=76344.27+/-0.13 dlogz:3.85e+03>0.1]
55165it [2:40:46 bound:262 nc:801 ncall:2.4e+07 eff:0.2% logz-ratio=76530.22+/-0.13 dlogz:3.67e+03>0.1]
55347it [2:42:08 bound:263 nc:944 ncall:2.4e+07 eff:0.2% logz-ratio=76614.18+/-0.13 dlogz:3.58e+03>0.1]
55531it [2:43:19 bound:264 nc:844 ncall:2.5e+07 eff:0.2% logz-ratio=76691.62+/-0.13 dlogz:3.5e+03>0.1]
55718it [2:44:25 bound:265 nc:828 ncall:2.5e+07 eff:0.2% logz-ratio=76778.76+/-0.13 dlogz:3.42e+03>0.1]
56083it [2:46:27 bound:267 nc:595 ncall:2.5e+07 eff:0.2% logz-ratio=76938.17+/-0.13 dlogz:3.26e+03>0.1]
56269it [2:47:35 bound:268 nc:1113 ncall:2.5e+07 eff:0.2% logz-ratio=77020.37+/-0.13 dlogz:3.18e+03>0.1]
56452it [2:48:39 bound:269 nc:795 ncall:2.5e+07 eff:0.2% logz-ratio=77093.71+/-0.13 dlogz:3.1e+03>0.1]
56636it [2:50:05 bound:270 nc:1106 ncall:2.6e+07 eff:0.2% logz-ratio=77168.58+/-0.13 dlogz:3.03e+03>0.1]
56821it [2:51:22 bound:271 nc:1354 ncall:2.6e+07 eff:0.2% logz-ratio=77233.93+/-0.13 dlogz:2.96e+03>0.1]
57004it [2:52:27 bound:272 nc:1013 ncall:2.6e+07 eff:0.2% logz-ratio=77298.26+/-0.13 dlogz:2.9e+03>0.1]
57187it [2:53:33 bound:273 nc:1012 ncall:2.6e+07 eff:0.2% logz-ratio=77358.81+/-0.13 dlogz:2.84e+03>0.1]
57368it [2:54:46 bound:274 nc:1167 ncall:2.6e+07 eff:0.2% logz-ratio=77418.26+/-0.13 dlogz:2.78e+03>0.1]
57553it [2:56:02 bound:275 nc:1230 ncall:2.6e+07 eff:0.2% logz-ratio=77492.58+/-0.13 dlogz:2.7e+03>0.1]
57741it [2:57:04 bound:276 nc:1233 ncall:2.7e+07 eff:0.2% logz-ratio=77555.98+/-0.13 dlogz:2.64e+03>0.1]
57919it [2:58:04 bound:277 nc:868 ncall:2.7e+07 eff:0.2% logz-ratio=77617.95+/-0.13 dlogz:2.58e+03>0.1]
58097it [2:59:17 bound:278 nc:758 ncall:2.7e+07 eff:0.2% logz-ratio=77683.70+/-0.13 dlogz:2.51e+03>0.1]
58282it [3:00:25 bound:279 nc:1047 ncall:2.7e+07 eff:0.2% logz-ratio=77741.55+/-0.13 dlogz:2.45e+03>0.1]
58467it [3:01:36 bound:280 nc:1003 ncall:2.7e+07 eff:0.2% logz-ratio=77795.07+/-0.13 dlogz:2.4e+03>0.1]
58652it [3:02:50 bound:281 nc:1108 ncall:2.8e+07 eff:0.2% logz-ratio=77857.61+/-0.13 dlogz:2.34e+03>0.1]
58832it [3:03:54 bound:282 nc:438 ncall:2.8e+07 eff:0.2% logz-ratio=77921.27+/-0.13 dlogz:2.27e+03>0.1]
59015it [3:05:01 bound:283 nc:917 ncall:2.8e+07 eff:0.2% logz-ratio=77973.87+/-0.13 dlogz:2.22e+03>0.1]
59199it [3:06:19 bound:284 nc:980 ncall:2.8e+07 eff:0.2% logz-ratio=78025.09+/-0.13 dlogz:2.17e+03>0.1]
59385it [3:07:40 bound:285 nc:1129 ncall:2.8e+07 eff:0.2% logz-ratio=78084.66+/-0.13 dlogz:2.11e+03>0.1]
59569it [3:08:53 bound:286 nc:1776 ncall:2.8e+07 eff:0.2% logz-ratio=78143.19+/-0.13 dlogz:2.18e+03>0.1]
59575it [3:10:58 bound:286 nc:886 ncall:2.8e+07 eff:0.2% logz-ratio=78146.08+/-0.13 dlogz:2.17e+03>0.1]
59755it [3:12:02 bound:287 nc:992 ncall:2.9e+07 eff:0.2% logz-ratio=78193.50+/-0.13 dlogz:2.13e+03>0.1]
59942it [3:13:15 bound:288 nc:789 ncall:2.9e+07 eff:0.2% logz-ratio=78245.78+/-0.13 dlogz:2.15e+03>0.1]
60126it [3:14:26 bound:289 nc:2386 ncall:2.9e+07 eff:0.2% logz-ratio=78291.79+/-0.13 dlogz:2.1e+03>0.1]
60309it [3:15:44 bound:290 nc:1181 ncall:2.9e+07 eff:0.2% logz-ratio=78343.84+/-0.13 dlogz:2.05e+03>0.1]
60495it [3:16:57 bound:291 nc:814 ncall:2.9e+07 eff:0.2% logz-ratio=78393.26+/-0.14 dlogz:2e+03>0.1]
60673it [3:18:08 bound:292 nc:882 ncall:3.0e+07 eff:0.2% logz-ratio=78441.72+/-0.13 dlogz:1.95e+03>0.1]
60852it [3:19:15 bound:293 nc:999 ncall:3.0e+07 eff:0.2% logz-ratio=78485.30+/-0.13 dlogz:1.91e+03>0.1]
61040it [3:20:24 bound:294 nc:924 ncall:3.0e+07 eff:0.2% logz-ratio=78532.32+/-0.13 dlogz:1.86e+03>0.1]
61222it [3:21:39 bound:295 nc:1100 ncall:3.0e+07 eff:0.2% logz-ratio=78576.89+/-0.13 dlogz:1.87e+03>0.1]
61398it [3:23:01 bound:296 nc:947 ncall:3.0e+07 eff:0.2% logz-ratio=78624.86+/-0.13 dlogz:1.82e+03>0.1]
61585it [3:24:20 bound:297 nc:1905 ncall:3.0e+07 eff:0.2% logz-ratio=78667.27+/-0.13 dlogz:2.01e+03>0.1]
61765it [3:25:41 bound:298 nc:848 ncall:3.1e+07 eff:0.2% logz-ratio=78709.53+/-0.13 dlogz:1.96e+03>0.1]
61947it [3:26:51 bound:299 nc:2001 ncall:3.1e+07 eff:0.2% logz-ratio=78757.41+/-0.13 dlogz:1.92e+03>0.1]
62133it [3:28:10 bound:300 nc:1160 ncall:3.1e+07 eff:0.2% logz-ratio=78799.62+/-0.14 dlogz:1.87e+03>0.1]
62314it [3:29:14 bound:301 nc:1001 ncall:3.1e+07 eff:0.2% logz-ratio=78840.95+/-0.13 dlogz:1.83e+03>0.1]
62504it [3:30:15 bound:302 nc:734 ncall:3.1e+07 eff:0.2% logz-ratio=78879.73+/-0.13 dlogz:1.79e+03>0.1]
62874it [3:32:19 bound:304 nc:978 ncall:3.2e+07 eff:0.2% logz-ratio=78959.18+/-0.13 dlogz:1.71e+03>0.1]
63057it [3:33:32 bound:305 nc:991 ncall:3.2e+07 eff:0.2% logz-ratio=78997.27+/-0.13 dlogz:1.67e+03>0.1]
63241it [3:34:46 bound:306 nc:876 ncall:3.2e+07 eff:0.2% logz-ratio=79032.58+/-0.14 dlogz:1.64e+03>0.1]
63426it [3:36:07 bound:307 nc:1169 ncall:3.2e+07 eff:0.2% logz-ratio=79066.38+/-0.14 dlogz:1.61e+03>0.1]
63611it [3:37:31 bound:308 nc:1206 ncall:3.2e+07 eff:0.2% logz-ratio=79103.62+/-0.14 dlogz:1.57e+03>0.1]
63797it [3:38:43 bound:309 nc:892 ncall:3.3e+07 eff:0.2% logz-ratio=79142.64+/-0.14 dlogz:1.53e+03>0.1]
63983it [3:39:56 bound:310 nc:1057 ncall:3.3e+07 eff:0.2% logz-ratio=79178.95+/-0.14 dlogz:1.49e+03>0.1]
64167it [3:41:11 bound:311 nc:768 ncall:3.3e+07 eff:0.2% logz-ratio=79213.80+/-0.14 dlogz:1.46e+03>0.1]
64170it [3:43:20 bound:311 nc:1125 ncall:3.3e+07 eff:0.2% logz-ratio=79214.14+/-0.14 dlogz:1.46e+03>0.1]
64355it [3:44:24 bound:312 nc:676 ncall:3.3e+07 eff:0.2% logz-ratio=79247.16+/-0.14 dlogz:1.42e+03>0.1]
64726it [3:46:28 bound:314 nc:816 ncall:3.4e+07 eff:0.2% logz-ratio=79317.01+/-0.14 dlogz:1.35e+03>0.1]
64910it [3:47:35 bound:315 nc:725 ncall:3.4e+07 eff:0.2% logz-ratio=79351.59+/-0.14 dlogz:1.32e+03>0.1]
65089it [3:48:38 bound:316 nc:1136 ncall:3.4e+07 eff:0.2% logz-ratio=79382.43+/-0.14 dlogz:1.29e+03>0.1]
65453it [3:50:33 bound:318 nc:812 ncall:3.4e+07 eff:0.2% logz-ratio=79437.84+/-0.14 dlogz:1.23e+03>0.1]
65635it [3:51:51 bound:319 nc:1468 ncall:3.4e+07 eff:0.2% logz-ratio=79466.57+/-0.14 dlogz:1.2e+03>0.1]
65816it [3:53:03 bound:320 nc:864 ncall:3.5e+07 eff:0.2% logz-ratio=79494.44+/-0.14 dlogz:1.18e+03>0.1]
65998it [3:54:14 bound:321 nc:524 ncall:3.5e+07 eff:0.2% logz-ratio=79519.50+/-0.14 dlogz:1.15e+03>0.1]
66186it [3:55:16 bound:322 nc:1023 ncall:3.5e+07 eff:0.2% logz-ratio=79548.12+/-0.14 dlogz:1.12e+03>0.1]
66368it [3:56:26 bound:323 nc:2234 ncall:3.5e+07 eff:0.2% logz-ratio=79576.74+/-0.14 dlogz:1.12e+03>0.1]
66631it [3:57:26 bound:324 nc:951 ncall:3.5e+07 eff:0.2% logz-ratio=79613.86+/-0.14 dlogz:1.08e+03>0.1]
66730it [3:58:27 bound:325 nc:823 ncall:3.5e+07 eff:0.2% logz-ratio=79626.64+/-0.14 dlogz:1.07e+03>0.1]
66914it [3:59:29 bound:326 nc:1462 ncall:3.6e+07 eff:0.2% logz-ratio=79655.22+/-0.14 dlogz:1.04e+03>0.1]
67098it [4:00:37 bound:327 nc:1057 ncall:3.6e+07 eff:0.2% logz-ratio=79680.90+/-0.14 dlogz:1.02e+03>0.1]
67464it [4:02:29 bound:329 nc:558 ncall:3.6e+07 eff:0.2% logz-ratio=79732.30+/-0.14 dlogz:965>0.1]
67648it [4:03:41 bound:330 nc:1029 ncall:3.6e+07 eff:0.2% logz-ratio=79754.70+/-0.14 dlogz:943>0.1]
67828it [4:04:42 bound:331 nc:845 ncall:3.6e+07 eff:0.2% logz-ratio=79777.31+/-0.14 dlogz:920>0.1]
68012it [4:05:54 bound:332 nc:1055 ncall:3.7e+07 eff:0.2% logz-ratio=79798.92+/-0.14 dlogz:898>0.1]
68194it [4:07:01 bound:333 nc:1171 ncall:3.7e+07 eff:0.2% logz-ratio=79820.89+/-0.14 dlogz:876>0.1]
68563it [4:09:14 bound:335 nc:1218 ncall:3.7e+07 eff:0.2% logz-ratio=79865.33+/-0.14 dlogz:832>0.1]
68747it [4:10:18 bound:336 nc:979 ncall:3.7e+07 eff:0.2% logz-ratio=79886.95+/-0.14 dlogz:810>0.1]
69114it [4:12:24 bound:338 nc:1015 ncall:3.8e+07 eff:0.2% logz-ratio=79933.35+/-0.14 dlogz:763>0.1]
69296it [4:13:32 bound:339 nc:962 ncall:3.8e+07 eff:0.2% logz-ratio=79953.01+/-0.14 dlogz:744>0.1]
69302it [4:15:29 bound:339 nc:784 ncall:3.8e+07 eff:0.2% logz-ratio=79953.70+/-0.14 dlogz:743>0.1]
69482it [4:16:30 bound:340 nc:1087 ncall:3.8e+07 eff:0.2% logz-ratio=79974.01+/-0.14 dlogz:723>0.1]
69852it [4:18:50 bound:342 nc:1089 ncall:3.8e+07 eff:0.2% logz-ratio=80009.38+/-0.14 dlogz:687>0.1]
70036it [4:20:06 bound:343 nc:1070 ncall:3.8e+07 eff:0.2% logz-ratio=80026.46+/-0.14 dlogz:670>0.1]
70404it [4:22:03 bound:345 nc:890 ncall:3.9e+07 eff:0.2% logz-ratio=80061.53+/-0.14 dlogz:634>0.1]
70590it [4:23:17 bound:346 nc:803 ncall:3.9e+07 eff:0.2% logz-ratio=80079.64+/-0.14 dlogz:647>0.1]
70777it [4:24:17 bound:347 nc:600 ncall:3.9e+07 eff:0.2% logz-ratio=80097.66+/-0.14 dlogz:629>0.1]
70961it [4:25:21 bound:348 nc:842 ncall:3.9e+07 eff:0.2% logz-ratio=80115.04+/-0.14 dlogz:611>0.1]
71319it [4:27:40 bound:350 nc:1029 ncall:4.0e+07 eff:0.2% logz-ratio=80146.70+/-0.14 dlogz:579>0.1]
71504it [4:29:01 bound:351 nc:812 ncall:4.0e+07 eff:0.2% logz-ratio=80163.46+/-0.14 dlogz:562>0.1]
71688it [4:30:09 bound:352 nc:1157 ncall:4.0e+07 eff:0.2% logz-ratio=80178.54+/-0.14 dlogz:547>0.1]
72058it [4:31:57 bound:354 nc:724 ncall:4.0e+07 eff:0.2% logz-ratio=80206.05+/-0.14 dlogz:520>0.1]
72240it [4:32:58 bound:355 nc:1049 ncall:4.0e+07 eff:0.2% logz-ratio=80219.60+/-0.14 dlogz:506>0.1]
72423it [4:34:00 bound:356 nc:1021 ncall:4.1e+07 eff:0.2% logz-ratio=80233.67+/-0.14 dlogz:492>0.1]
72798it [4:35:43 bound:358 nc:826 ncall:4.1e+07 eff:0.2% logz-ratio=80263.12+/-0.14 dlogz:462>0.1]
72986it [4:36:57 bound:359 nc:1806 ncall:4.1e+07 eff:0.2% logz-ratio=80274.54+/-0.14 dlogz:473>0.1]
73173it [4:38:00 bound:360 nc:912 ncall:4.1e+07 eff:0.2% logz-ratio=80288.37+/-0.14 dlogz:459>0.1]
73359it [4:39:10 bound:361 nc:972 ncall:4.1e+07 eff:0.2% logz-ratio=80300.27+/-0.14 dlogz:447>0.1]
73546it [4:40:12 bound:362 nc:817 ncall:4.2e+07 eff:0.2% logz-ratio=80312.56+/-0.14 dlogz:434>0.1]
73731it [4:41:36 bound:363 nc:791 ncall:4.2e+07 eff:0.2% logz-ratio=80325.79+/-0.14 dlogz:421>0.1]
73914it [4:42:43 bound:364 nc:922 ncall:4.2e+07 eff:0.2% logz-ratio=80337.03+/-0.14 dlogz:410>0.1]
74282it [4:44:46 bound:366 nc:839 ncall:4.2e+07 eff:0.2% logz-ratio=80359.67+/-0.14 dlogz:387>0.1]
74463it [4:46:04 bound:367 nc:1145 ncall:4.2e+07 eff:0.2% logz-ratio=80370.00+/-0.14 dlogz:376>0.1]
74467it [4:48:14 bound:367 nc:1120 ncall:4.2e+07 eff:0.2% logz-ratio=80370.20+/-0.14 dlogz:376>0.1]
74650it [4:49:19 bound:368 nc:2054 ncall:4.3e+07 eff:0.2% logz-ratio=80381.04+/-0.14 dlogz:365>0.1]
74836it [4:50:32 bound:369 nc:842 ncall:4.3e+07 eff:0.2% logz-ratio=80390.01+/-0.14 dlogz:356>0.1]
75019it [4:51:46 bound:370 nc:677 ncall:4.3e+07 eff:0.2% logz-ratio=80400.21+/-0.14 dlogz:346>0.1]
75223it [4:52:46 bound:371 nc:930 ncall:4.3e+07 eff:0.2% logz-ratio=80409.30+/-0.14 dlogz:337>0.1]
75384it [4:54:10 bound:372 nc:1370 ncall:4.3e+07 eff:0.2% logz-ratio=80417.28+/-0.14 dlogz:329>0.1]
75563it [4:55:18 bound:373 nc:797 ncall:4.4e+07 eff:0.2% logz-ratio=80426.03+/-0.14 dlogz:320>0.1]
75748it [4:56:27 bound:374 nc:1004 ncall:4.4e+07 eff:0.2% logz-ratio=80434.77+/-0.14 dlogz:311>0.1]
75935it [4:57:29 bound:375 nc:664 ncall:4.4e+07 eff:0.2% logz-ratio=80444.24+/-0.14 dlogz:301>0.1]
76117it [4:59:05 bound:376 nc:1189 ncall:4.4e+07 eff:0.2% logz-ratio=80452.85+/-0.14 dlogz:293>0.1]
76299it [5:00:28 bound:377 nc:989 ncall:4.4e+07 eff:0.2% logz-ratio=80462.59+/-0.14 dlogz:283>0.1]
76480it [5:01:39 bound:378 nc:586 ncall:4.4e+07 eff:0.2% logz-ratio=80470.77+/-0.14 dlogz:275>0.1]
76665it [5:02:43 bound:379 nc:1577 ncall:4.5e+07 eff:0.2% logz-ratio=80478.79+/-0.14 dlogz:267>0.1]
76850it [5:04:04 bound:380 nc:963 ncall:4.5e+07 eff:0.2% logz-ratio=80486.38+/-0.14 dlogz:259>0.1]
77036it [5:05:20 bound:381 nc:748 ncall:4.5e+07 eff:0.2% logz-ratio=80494.23+/-0.14 dlogz:251>0.1]
77218it [5:06:44 bound:382 nc:722 ncall:4.5e+07 eff:0.2% logz-ratio=80501.84+/-0.15 dlogz:243>0.1]
77401it [5:08:10 bound:383 nc:1096 ncall:4.5e+07 eff:0.2% logz-ratio=80508.30+/-0.14 dlogz:237>0.1]
77587it [5:09:33 bound:384 nc:1137 ncall:4.6e+07 eff:0.2% logz-ratio=80515.54+/-0.15 dlogz:229>0.1]
77772it [5:10:51 bound:385 nc:1113 ncall:4.6e+07 eff:0.2% logz-ratio=80522.07+/-0.15 dlogz:223>0.1]
77956it [5:12:14 bound:386 nc:969 ncall:4.6e+07 eff:0.2% logz-ratio=80528.74+/-0.15 dlogz:217>0.1]
78139it [5:13:45 bound:387 nc:629 ncall:4.6e+07 eff:0.2% logz-ratio=80534.88+/-0.15 dlogz:210>0.1]
78318it [5:15:03 bound:388 nc:2495 ncall:4.7e+07 eff:0.2% logz-ratio=80541.38+/-0.15 dlogz:225>0.1]
78502it [5:16:33 bound:389 nc:1298 ncall:4.7e+07 eff:0.2% logz-ratio=80547.20+/-0.15 dlogz:219>0.1]
78685it [5:18:04 bound:390 nc:1307 ncall:4.7e+07 eff:0.2% logz-ratio=80553.44+/-0.15 dlogz:213>0.1]
78868it [5:19:31 bound:391 nc:1022 ncall:4.7e+07 eff:0.2% logz-ratio=80559.27+/-0.15 dlogz:207>0.1]
78873it [5:22:11 bound:391 nc:1025 ncall:4.7e+07 eff:0.2% logz-ratio=80559.44+/-0.15 dlogz:207>0.1]
79054it [5:23:41 bound:392 nc:1078 ncall:4.7e+07 eff:0.2% logz-ratio=80565.08+/-0.15 dlogz:201>0.1]
79237it [5:25:09 bound:393 nc:1308 ncall:4.8e+07 eff:0.2% logz-ratio=80569.95+/-0.15 dlogz:196>0.1]
79419it [5:26:26 bound:394 nc:1854 ncall:4.8e+07 eff:0.2% logz-ratio=80575.25+/-0.15 dlogz:191>0.1]
79606it [5:27:50 bound:395 nc:1282 ncall:4.8e+07 eff:0.2% logz-ratio=80579.83+/-0.15 dlogz:186>0.1]
79791it [5:29:18 bound:396 nc:988 ncall:4.8e+07 eff:0.2% logz-ratio=80585.33+/-0.15 dlogz:181>0.1]
79974it [5:30:41 bound:397 nc:1473 ncall:4.9e+07 eff:0.2% logz-ratio=80590.30+/-0.15 dlogz:176>0.1]
80157it [5:32:10 bound:398 nc:1315 ncall:4.9e+07 eff:0.2% logz-ratio=80595.00+/-0.15 dlogz:171>0.1]
80339it [5:33:42 bound:399 nc:1005 ncall:4.9e+07 eff:0.2% logz-ratio=80600.17+/-0.15 dlogz:166>0.1]
80522it [5:35:09 bound:400 nc:1210 ncall:4.9e+07 eff:0.2% logz-ratio=80604.40+/-0.15 dlogz:161>0.1]
80710it [5:36:38 bound:401 nc:1032 ncall:5.0e+07 eff:0.2% logz-ratio=80608.40+/-0.15 dlogz:157>0.1]
80887it [5:38:09 bound:402 nc:1662 ncall:5.0e+07 eff:0.2% logz-ratio=80612.10+/-0.15 dlogz:153>0.1]
81072it [5:39:40 bound:403 nc:1220 ncall:5.0e+07 eff:0.2% logz-ratio=80616.55+/-0.15 dlogz:149>0.1]
81258it [5:41:13 bound:404 nc:1327 ncall:5.0e+07 eff:0.2% logz-ratio=80621.01+/-0.15 dlogz:144>0.1]
81444it [5:42:47 bound:405 nc:1306 ncall:5.0e+07 eff:0.2% logz-ratio=80625.17+/-0.15 dlogz:140>0.1]
81628it [5:44:18 bound:406 nc:1180 ncall:5.1e+07 eff:0.2% logz-ratio=80629.65+/-0.15 dlogz:135>0.1]
81806it [5:45:46 bound:407 nc:2269 ncall:5.1e+07 eff:0.2% logz-ratio=80633.51+/-0.15 dlogz:131>0.1]
81989it [5:47:20 bound:408 nc:1409 ncall:5.1e+07 eff:0.2% logz-ratio=80637.24+/-0.15 dlogz:128>0.1]
82176it [5:48:57 bound:409 nc:656 ncall:5.1e+07 eff:0.2% logz-ratio=80640.65+/-0.15 dlogz:124>0.1]
82356it [5:50:31 bound:410 nc:1276 ncall:5.2e+07 eff:0.2% logz-ratio=80644.42+/-0.15 dlogz:120>0.1]
82540it [5:51:57 bound:411 nc:1484 ncall:5.2e+07 eff:0.2% logz-ratio=80647.99+/-0.15 dlogz:117>0.1]
82544it [5:54:49 bound:411 nc:1085 ncall:5.2e+07 eff:0.2% logz-ratio=80648.06+/-0.15 dlogz:117>0.1]
82725it [5:56:20 bound:412 nc:1122 ncall:5.2e+07 eff:0.2% logz-ratio=80650.89+/-0.15 dlogz:114>0.1]
82906it [5:57:55 bound:413 nc:951 ncall:5.2e+07 eff:0.2% logz-ratio=80653.96+/-0.15 dlogz:110>0.1]
83085it [5:59:29 bound:414 nc:1836 ncall:5.3e+07 eff:0.2% logz-ratio=80656.92+/-0.15 dlogz:107>0.1]
83272it [6:01:03 bound:415 nc:1273 ncall:5.3e+07 eff:0.2% logz-ratio=80660.19+/-0.15 dlogz:104>0.1]
83459it [6:02:35 bound:416 nc:1662 ncall:5.3e+07 eff:0.2% logz-ratio=80663.33+/-0.15 dlogz:101>0.1]
83634it [6:04:07 bound:417 nc:1269 ncall:5.3e+07 eff:0.2% logz-ratio=80665.95+/-0.15 dlogz:103>0.1]
83814it [6:05:38 bound:418 nc:1591 ncall:5.4e+07 eff:0.2% logz-ratio=80668.63+/-0.15 dlogz:100>0.1]
83996it [6:07:14 bound:419 nc:1603 ncall:5.4e+07 eff:0.2% logz-ratio=80671.14+/-0.15 dlogz:97.6>0.1]
84180it [6:08:45 bound:420 nc:628 ncall:5.4e+07 eff:0.2% logz-ratio=80673.80+/-0.15 dlogz:94.8>0.1]
84363it [6:10:18 bound:421 nc:1139 ncall:5.4e+07 eff:0.2% logz-ratio=80676.48+/-0.15 dlogz:92>0.1]
84544it [6:11:49 bound:422 nc:1703 ncall:5.5e+07 eff:0.2% logz-ratio=80679.12+/-0.15 dlogz:90.6>0.1]
84725it [6:13:24 bound:423 nc:690 ncall:5.5e+07 eff:0.2% logz-ratio=80681.65+/-0.15 dlogz:88>0.1]
84914it [6:15:03 bound:424 nc:1155 ncall:5.5e+07 eff:0.2% logz-ratio=80683.95+/-0.15 dlogz:85.6>0.1]
85097it [6:16:32 bound:425 nc:1498 ncall:5.5e+07 eff:0.2% logz-ratio=80686.18+/-0.15 dlogz:83.2>0.1]
85276it [6:18:02 bound:426 nc:1351 ncall:5.6e+07 eff:0.2% logz-ratio=80688.60+/-0.15 dlogz:80.7>0.1]
85461it [6:19:38 bound:427 nc:1608 ncall:5.6e+07 eff:0.2% logz-ratio=80690.83+/-0.15 dlogz:79.3>0.1]
85639it [6:21:13 bound:428 nc:1343 ncall:5.6e+07 eff:0.2% logz-ratio=80692.80+/-0.15 dlogz:77.2>0.1]
85824it [6:22:48 bound:429 nc:982 ncall:5.6e+07 eff:0.2% logz-ratio=80694.79+/-0.15 dlogz:75.1>0.1]
86012it [6:24:25 bound:430 nc:2546 ncall:5.7e+07 eff:0.2% logz-ratio=80696.74+/-0.15 dlogz:73.1>0.1]
86014it [6:27:25 bound:430 nc:1129 ncall:5.7e+07 eff:0.2% logz-ratio=80696.76+/-0.15 dlogz:73.1>0.1]
86196it [6:29:08 bound:431 nc:1108 ncall:5.7e+07 eff:0.2% logz-ratio=80698.53+/-0.15 dlogz:71.2>0.1]
86377it [6:30:45 bound:432 nc:1577 ncall:5.7e+07 eff:0.2% logz-ratio=80700.57+/-0.15 dlogz:69.1>0.1]
86559it [6:32:28 bound:433 nc:1444 ncall:5.7e+07 eff:0.2% logz-ratio=80702.46+/-0.15 dlogz:67.1>0.1]
86739it [6:34:09 bound:434 nc:1684 ncall:5.8e+07 eff:0.2% logz-ratio=80704.20+/-0.15 dlogz:65.3>0.1]
86924it [6:35:42 bound:435 nc:1201 ncall:5.8e+07 eff:0.2% logz-ratio=80705.88+/-0.15 dlogz:63.5>0.1]
87107it [6:37:30 bound:436 nc:948 ncall:5.8e+07 eff:0.2% logz-ratio=80707.58+/-0.15 dlogz:61.7>0.1]
87297it [6:39:10 bound:437 nc:1182 ncall:5.8e+07 eff:0.1% logz-ratio=80709.25+/-0.15 dlogz:59.9>0.1]
87475it [6:40:52 bound:438 nc:2916 ncall:5.9e+07 eff:0.1% logz-ratio=80710.79+/-0.15 dlogz:62.2>0.1]
87659it [6:42:28 bound:439 nc:1545 ncall:5.9e+07 eff:0.1% logz-ratio=80712.36+/-0.15 dlogz:60.6>0.1]
87849it [6:44:06 bound:440 nc:896 ncall:5.9e+07 eff:0.1% logz-ratio=80713.99+/-0.15 dlogz:58.8>0.1]
88034it [6:45:41 bound:441 nc:1188 ncall:5.9e+07 eff:0.1% logz-ratio=80715.49+/-0.15 dlogz:57.2>0.1]
88221it [6:47:20 bound:442 nc:2808 ncall:6.0e+07 eff:0.1% logz-ratio=80716.98+/-0.15 dlogz:55.7>0.1]
88404it [6:48:54 bound:443 nc:888 ncall:6.0e+07 eff:0.1% logz-ratio=80718.38+/-0.15 dlogz:54.2>0.1]
88591it [6:50:37 bound:444 nc:1599 ncall:6.0e+07 eff:0.1% logz-ratio=80719.93+/-0.15 dlogz:52.5>0.1]
88774it [6:52:17 bound:445 nc:1615 ncall:6.0e+07 eff:0.1% logz-ratio=80721.34+/-0.15 dlogz:51>0.1]
88957it [6:53:55 bound:446 nc:1791 ncall:6.1e+07 eff:0.1% logz-ratio=80722.68+/-0.15 dlogz:49.6>0.1]
89141it [6:55:38 bound:447 nc:909 ncall:6.1e+07 eff:0.1% logz-ratio=80723.88+/-0.15 dlogz:48.3>0.1]
89324it [6:57:24 bound:448 nc:1364 ncall:6.1e+07 eff:0.1% logz-ratio=80725.01+/-0.15 dlogz:47.1>0.1]
89330it [7:00:24 bound:448 nc:1523 ncall:6.1e+07 eff:0.1% logz-ratio=80725.05+/-0.15 dlogz:47>0.1]
89506it [7:02:04 bound:449 nc:2757 ncall:6.1e+07 eff:0.1% logz-ratio=80726.07+/-0.15 dlogz:45.9>0.1]
89686it [7:03:44 bound:450 nc:3041 ncall:6.2e+07 eff:0.1% logz-ratio=80727.17+/-0.15 dlogz:44.7>0.1]
89867it [7:05:31 bound:451 nc:2593 ncall:6.2e+07 eff:0.1% logz-ratio=80728.23+/-0.15 dlogz:43.6>0.1]
90049it [7:07:11 bound:452 nc:904 ncall:6.2e+07 eff:0.1% logz-ratio=80729.27+/-0.15 dlogz:42.5>0.1]
90236it [7:08:54 bound:453 nc:2589 ncall:6.2e+07 eff:0.1% logz-ratio=80730.29+/-0.15 dlogz:41.3>0.1]
90426it [7:10:31 bound:454 nc:1584 ncall:6.3e+07 eff:0.1% logz-ratio=80731.32+/-0.15 dlogz:40.2>0.1]
90607it [7:12:08 bound:455 nc:1603 ncall:6.3e+07 eff:0.1% logz-ratio=80732.33+/-0.15 dlogz:39.1>0.1]
90788it [7:13:46 bound:456 nc:718 ncall:6.3e+07 eff:0.1% logz-ratio=80733.38+/-0.15 dlogz:38>0.1]
90971it [7:15:25 bound:457 nc:423 ncall:6.3e+07 eff:0.1% logz-ratio=80734.37+/-0.15 dlogz:36.9>0.1]
91157it [7:17:11 bound:458 nc:1246 ncall:6.4e+07 eff:0.1% logz-ratio=80735.40+/-0.15 dlogz:35.8>0.1]
91339it [7:19:04 bound:459 nc:3029 ncall:6.4e+07 eff:0.1% logz-ratio=80736.34+/-0.15 dlogz:34.7>0.1]
91524it [7:20:51 bound:460 nc:1305 ncall:6.4e+07 eff:0.1% logz-ratio=80737.22+/-0.15 dlogz:33.8>0.1]
91709it [7:22:32 bound:461 nc:1799 ncall:6.4e+07 eff:0.1% logz-ratio=80738.11+/-0.15 dlogz:32.8>0.1]
91893it [7:24:18 bound:462 nc:1002 ncall:6.5e+07 eff:0.1% logz-ratio=80739.00+/-0.15 dlogz:31.8>0.1]
92078it [7:26:07 bound:463 nc:1670 ncall:6.5e+07 eff:0.1% logz-ratio=80739.83+/-0.15 dlogz:30.9>0.1]
92259it [7:27:44 bound:464 nc:1758 ncall:6.5e+07 eff:0.1% logz-ratio=80740.62+/-0.15 dlogz:30>0.1]
92441it [7:29:39 bound:465 nc:1808 ncall:6.5e+07 eff:0.1% logz-ratio=80741.33+/-0.15 dlogz:29.2>0.1]
92618it [7:31:26 bound:466 nc:1291 ncall:6.6e+07 eff:0.1% logz-ratio=80742.01+/-0.15 dlogz:28.4>0.1]
92622it [7:34:35 bound:466 nc:1138 ncall:6.6e+07 eff:0.1% logz-ratio=80742.03+/-0.15 dlogz:28.4>0.1]
92800it [7:36:28 bound:467 nc:1155 ncall:6.6e+07 eff:0.1% logz-ratio=80742.69+/-0.15 dlogz:27.7>0.1]
92983it [7:38:09 bound:468 nc:1442 ncall:6.6e+07 eff:0.1% logz-ratio=80743.32+/-0.15 dlogz:26.9>0.1]
93165it [7:39:51 bound:469 nc:1267 ncall:6.6e+07 eff:0.1% logz-ratio=80743.95+/-0.15 dlogz:26.2>0.1]
93343it [7:41:39 bound:470 nc:954 ncall:6.7e+07 eff:0.1% logz-ratio=80744.54+/-0.15 dlogz:25.5>0.1]
93528it [7:43:24 bound:471 nc:1294 ncall:6.7e+07 eff:0.1% logz-ratio=80745.12+/-0.15 dlogz:24.9>0.1]
93711it [7:45:04 bound:472 nc:1407 ncall:6.7e+07 eff:0.1% logz-ratio=80745.66+/-0.15 dlogz:24.2>0.1]
93895it [7:46:48 bound:473 nc:1692 ncall:6.7e+07 eff:0.1% logz-ratio=80746.20+/-0.15 dlogz:23.6>0.1]
94080it [7:48:43 bound:474 nc:1482 ncall:6.8e+07 eff:0.1% logz-ratio=80746.73+/-0.15 dlogz:23>0.1]
94258it [7:50:29 bound:475 nc:1648 ncall:6.8e+07 eff:0.1% logz-ratio=80747.23+/-0.15 dlogz:22.4>0.1]
94444it [7:52:14 bound:476 nc:1581 ncall:6.8e+07 eff:0.1% logz-ratio=80747.71+/-0.15 dlogz:21.8>0.1]
94628it [7:53:59 bound:477 nc:1380 ncall:6.8e+07 eff:0.1% logz-ratio=80748.19+/-0.15 dlogz:21.2>0.1]
94811it [7:55:45 bound:478 nc:830 ncall:6.9e+07 eff:0.1% logz-ratio=80748.67+/-0.15 dlogz:20.7>0.1]
94994it [7:57:34 bound:479 nc:952 ncall:6.9e+07 eff:0.1% logz-ratio=80749.13+/-0.15 dlogz:20.1>0.1]
95174it [7:59:22 bound:480 nc:2060 ncall:6.9e+07 eff:0.1% logz-ratio=80749.60+/-0.15 dlogz:19.6>0.1]
95354it [8:01:04 bound:481 nc:664 ncall:7.0e+07 eff:0.1% logz-ratio=80750.06+/-0.16 dlogz:19>0.1]
95541it [8:02:47 bound:482 nc:1738 ncall:7.0e+07 eff:0.1% logz-ratio=80750.51+/-0.16 dlogz:18.5>0.1]
95722it [8:04:33 bound:483 nc:1515 ncall:7.0e+07 eff:0.1% logz-ratio=80750.94+/-0.16 dlogz:17.9>0.1]
95724it [8:07:50 bound:483 nc:1654 ncall:7.0e+07 eff:0.1% logz-ratio=80750.94+/-0.16 dlogz:17.9>0.1]
95902it [8:09:45 bound:484 nc:1821 ncall:7.0e+07 eff:0.1% logz-ratio=80751.35+/-0.16 dlogz:17.4>0.1]
96086it [8:11:34 bound:485 nc:1230 ncall:7.1e+07 eff:0.1% logz-ratio=80751.75+/-0.16 dlogz:16.9>0.1]
96265it [8:13:19 bound:486 nc:1775 ncall:7.1e+07 eff:0.1% logz-ratio=80752.13+/-0.16 dlogz:16.5>0.1]
96452it [8:15:08 bound:487 nc:1370 ncall:7.1e+07 eff:0.1% logz-ratio=80752.50+/-0.16 dlogz:16>0.1]
96636it [8:17:00 bound:488 nc:1631 ncall:7.1e+07 eff:0.1% logz-ratio=80752.84+/-0.16 dlogz:15.6>0.1]
96816it [8:18:51 bound:489 nc:1095 ncall:7.2e+07 eff:0.1% logz-ratio=80753.18+/-0.16 dlogz:15.2>0.1]
96998it [8:20:41 bound:490 nc:4655 ncall:7.2e+07 eff:0.1% logz-ratio=80753.51+/-0.16 dlogz:14.7>0.1]
97182it [8:22:30 bound:491 nc:1606 ncall:7.2e+07 eff:0.1% logz-ratio=80753.83+/-0.16 dlogz:14.3>0.1]
97362it [8:24:23 bound:492 nc:1536 ncall:7.3e+07 eff:0.1% logz-ratio=80754.13+/-0.16 dlogz:13.9>0.1]
97544it [8:26:16 bound:493 nc:2865 ncall:7.3e+07 eff:0.1% logz-ratio=80754.44+/-0.16 dlogz:13.5>0.1]
97728it [8:28:12 bound:494 nc:1731 ncall:7.3e+07 eff:0.1% logz-ratio=80754.74+/-0.16 dlogz:13.1>0.1]
97910it [8:30:07 bound:495 nc:727 ncall:7.3e+07 eff:0.1% logz-ratio=80755.04+/-0.16 dlogz:13>0.1]
98096it [8:31:58 bound:496 nc:1529 ncall:7.4e+07 eff:0.1% logz-ratio=80755.33+/-0.16 dlogz:12.7>0.1]
98279it [8:33:51 bound:497 nc:1608 ncall:7.4e+07 eff:0.1% logz-ratio=80755.61+/-0.16 dlogz:13.2>0.1]
98458it [8:35:45 bound:498 nc:696 ncall:7.4e+07 eff:0.1% logz-ratio=80755.87+/-0.16 dlogz:12.9>0.1]
98641it [8:37:41 bound:499 nc:1063 ncall:7.4e+07 eff:0.1% logz-ratio=80756.12+/-0.16 dlogz:12.5>0.1]
98644it [8:41:09 bound:499 nc:1618 ncall:7.4e+07 eff:0.1% logz-ratio=80756.13+/-0.16 dlogz:12.5>0.1]
98819it [8:42:59 bound:500 nc:5502 ncall:7.5e+07 eff:0.1% logz-ratio=80756.37+/-0.16 dlogz:12.2>0.1]
99000it [8:45:05 bound:501 nc:1120 ncall:7.5e+07 eff:0.1% logz-ratio=80756.61+/-0.16 dlogz:11.8>0.1]
99185it [8:46:56 bound:502 nc:1762 ncall:7.5e+07 eff:0.1% logz-ratio=80756.85+/-0.16 dlogz:12.6>0.1]
99369it [8:48:55 bound:503 nc:1786 ncall:7.6e+07 eff:0.1% logz-ratio=80757.09+/-0.16 dlogz:12.3>0.1]
99550it [8:50:58 bound:504 nc:1937 ncall:7.6e+07 eff:0.1% logz-ratio=80757.33+/-0.16 dlogz:12>0.1]
99731it [8:53:00 bound:505 nc:758 ncall:7.6e+07 eff:0.1% logz-ratio=80757.55+/-0.16 dlogz:11.7>0.1]
99911it [8:54:56 bound:506 nc:1873 ncall:7.6e+07 eff:0.1% logz-ratio=80757.76+/-0.16 dlogz:11.4>0.1]
100092it [8:56:54 bound:507 nc:1498 ncall:7.7e+07 eff:0.1% logz-ratio=80757.96+/-0.16 dlogz:11.1>0.1]
100278it [8:58:47 bound:508 nc:1974 ncall:7.7e+07 eff:0.1% logz-ratio=80758.17+/-0.16 dlogz:10.8>0.1]
100458it [9:00:49 bound:509 nc:1542 ncall:7.7e+07 eff:0.1% logz-ratio=80758.36+/-0.16 dlogz:10.5>0.1]
100639it [9:02:51 bound:510 nc:1340 ncall:7.8e+07 eff:0.1% logz-ratio=80758.55+/-0.16 dlogz:10.2>0.1]
100826it [9:04:54 bound:511 nc:1433 ncall:7.8e+07 eff:0.1% logz-ratio=80758.75+/-0.16 dlogz:9.93>0.1]
101008it [9:06:51 bound:512 nc:890 ncall:7.8e+07 eff:0.1% logz-ratio=80758.93+/-0.16 dlogz:9.66>0.1]
101192it [9:08:51 bound:513 nc:1579 ncall:7.8e+07 eff:0.1% logz-ratio=80759.10+/-0.16 dlogz:9.39>0.1]
101376it [9:10:56 bound:514 nc:1569 ncall:7.9e+07 eff:0.1% logz-ratio=80759.27+/-0.16 dlogz:9.13>0.1]
101381it [9:14:32 bound:514 nc:1055 ncall:7.9e+07 eff:0.1% logz-ratio=80759.28+/-0.16 dlogz:9.12>0.1]
101553it [9:16:34 bound:515 nc:1422 ncall:7.9e+07 eff:0.1% logz-ratio=80759.43+/-0.16 dlogz:8.88>0.1]
101737it [9:18:45 bound:516 nc:1125 ncall:7.9e+07 eff:0.1% logz-ratio=80759.59+/-0.16 dlogz:8.63>0.1]
101920it [9:20:47 bound:517 nc:1040 ncall:8.0e+07 eff:0.1% logz-ratio=80759.74+/-0.16 dlogz:8.39>0.1]
102100it [9:22:44 bound:518 nc:1619 ncall:8.0e+07 eff:0.1% logz-ratio=80759.89+/-0.16 dlogz:8.15>0.1]
102285it [9:24:47 bound:519 nc:1994 ncall:8.0e+07 eff:0.1% logz-ratio=80760.03+/-0.16 dlogz:7.91>0.1]
102464it [9:26:49 bound:520 nc:1965 ncall:8.1e+07 eff:0.1% logz-ratio=80760.16+/-0.16 dlogz:7.69>0.1]
102644it [9:28:53 bound:521 nc:1061 ncall:8.1e+07 eff:0.1% logz-ratio=80760.29+/-0.16 dlogz:7.48>0.1]
102831it [9:30:57 bound:522 nc:1703 ncall:8.1e+07 eff:0.1% logz-ratio=80760.42+/-0.16 dlogz:7.26>0.1]
103006it [9:32:57 bound:523 nc:2075 ncall:8.2e+07 eff:0.1% logz-ratio=80760.53+/-0.16 dlogz:7.05>0.1]
103189it [9:35:00 bound:524 nc:3437 ncall:8.2e+07 eff:0.1% logz-ratio=80760.65+/-0.16 dlogz:6.85>0.1]
103376it [9:37:06 bound:525 nc:1488 ncall:8.2e+07 eff:0.1% logz-ratio=80760.76+/-0.16 dlogz:6.64>0.1]
103556it [9:39:16 bound:526 nc:1656 ncall:8.2e+07 eff:0.1% logz-ratio=80760.86+/-0.16 dlogz:6.45>0.1]
103741it [9:41:27 bound:527 nc:1268 ncall:8.3e+07 eff:0.1% logz-ratio=80760.97+/-0.16 dlogz:6.25>0.1]
103918it [9:43:35 bound:528 nc:1895 ncall:8.3e+07 eff:0.1% logz-ratio=80761.06+/-0.16 dlogz:6.07>0.1]
104100it [9:45:39 bound:529 nc:2686 ncall:8.3e+07 eff:0.1% logz-ratio=80761.15+/-0.16 dlogz:5.89>0.1]
104103it [9:49:27 bound:529 nc:1672 ncall:8.3e+07 eff:0.1% logz-ratio=80761.16+/-0.16 dlogz:5.88>0.1]
104279it [9:51:35 bound:530 nc:1739 ncall:8.4e+07 eff:0.1% logz-ratio=80761.24+/-0.16 dlogz:5.71>0.1]
104458it [9:53:40 bound:531 nc:1364 ncall:8.4e+07 eff:0.1% logz-ratio=80761.33+/-0.16 dlogz:5.53>0.1]
104640it [9:55:49 bound:532 nc:2046 ncall:8.4e+07 eff:0.1% logz-ratio=80761.41+/-0.16 dlogz:5.36>0.1]
104827it [9:57:54 bound:533 nc:1761 ncall:8.5e+07 eff:0.1% logz-ratio=80761.50+/-0.16 dlogz:5.18>0.1]
105007it [10:00:07 bound:534 nc:1555 ncall:8.5e+07 eff:0.1% logz-ratio=80761.57+/-0.16 dlogz:5.02>0.1]
105186it [10:02:21 bound:535 nc:1610 ncall:8.5e+07 eff:0.1% logz-ratio=80761.65+/-0.16 dlogz:4.86>0.1]
105366it [10:04:28 bound:536 nc:1599 ncall:8.6e+07 eff:0.1% logz-ratio=80761.72+/-0.16 dlogz:4.7>0.1]
105548it [10:06:37 bound:537 nc:5312 ncall:8.6e+07 eff:0.1% logz-ratio=80761.79+/-0.16 dlogz:4.54>0.1]
105731it [10:08:48 bound:538 nc:1264 ncall:8.6e+07 eff:0.1% logz-ratio=80761.86+/-0.16 dlogz:4.38>0.1]
105909it [10:10:59 bound:539 nc:2013 ncall:8.7e+07 eff:0.1% logz-ratio=80761.92+/-0.16 dlogz:4.23>0.1]
106089it [10:13:14 bound:540 nc:1728 ncall:8.7e+07 eff:0.1% logz-ratio=80761.98+/-0.16 dlogz:4.08>0.1]
106270it [10:15:27 bound:541 nc:3849 ncall:8.7e+07 eff:0.1% logz-ratio=80762.04+/-0.16 dlogz:3.93>0.1]
106455it [10:17:46 bound:542 nc:1191 ncall:8.8e+07 eff:0.1% logz-ratio=80762.10+/-0.16 dlogz:3.78>0.1]
106632it [10:20:00 bound:543 nc:2066 ncall:8.8e+07 eff:0.1% logz-ratio=80762.15+/-0.16 dlogz:3.86>0.1]
106634it [10:24:00 bound:543 nc:2127 ncall:8.8e+07 eff:0.1% logz-ratio=80762.15+/-0.16 dlogz:3.86>0.1]
106811it [10:26:06 bound:544 nc:1377 ncall:8.8e+07 eff:0.1% logz-ratio=80762.21+/-0.16 dlogz:3.73>0.1]
106993it [10:28:20 bound:545 nc:1191 ncall:8.9e+07 eff:0.1% logz-ratio=80762.26+/-0.16 dlogz:3.59>0.1]
107178it [10:30:39 bound:546 nc:1872 ncall:8.9e+07 eff:0.1% logz-ratio=80762.31+/-0.16 dlogz:3.45>0.1]
107356it [10:32:56 bound:547 nc:3663 ncall:8.9e+07 eff:0.1% logz-ratio=80762.36+/-0.16 dlogz:3.32>0.1]
107531it [10:35:10 bound:548 nc:3184 ncall:9.0e+07 eff:0.1% logz-ratio=80762.40+/-0.16 dlogz:3.19>0.1]
107716it [10:37:22 bound:549 nc:1991 ncall:9.0e+07 eff:0.1% logz-ratio=80762.45+/-0.16 dlogz:3.05>0.1]
107903it [10:39:35 bound:550 nc:1856 ncall:9.0e+07 eff:0.1% logz-ratio=80762.49+/-0.16 dlogz:2.92>0.1]
108091it [10:41:45 bound:551 nc:1742 ncall:9.1e+07 eff:0.1% logz-ratio=80762.54+/-0.16 dlogz:2.79>0.1]
108267it [10:44:00 bound:552 nc:2356 ncall:9.1e+07 eff:0.1% logz-ratio=80762.58+/-0.16 dlogz:2.68>0.1]
108450it [10:46:24 bound:553 nc:1827 ncall:9.1e+07 eff:0.1% logz-ratio=80762.62+/-0.16 dlogz:2.55>0.1]
108627it [10:48:42 bound:554 nc:1614 ncall:9.2e+07 eff:0.1% logz-ratio=80762.65+/-0.16 dlogz:2.58>0.1]
108811it [10:50:57 bound:555 nc:2158 ncall:9.2e+07 eff:0.1% logz-ratio=80762.69+/-0.16 dlogz:2.73>0.1]
108991it [10:53:14 bound:556 nc:1626 ncall:9.2e+07 eff:0.1% logz-ratio=80762.72+/-0.16 dlogz:2.62>0.1]
109171it [10:55:26 bound:557 nc:725 ncall:9.3e+07 eff:0.1% logz-ratio=80762.76+/-0.16 dlogz:2.51>0.1]
109173it [10:59:30 bound:557 nc:1572 ncall:9.3e+07 eff:0.1% logz-ratio=80762.76+/-0.16 dlogz:2.5>0.1]
109352it [11:01:54 bound:558 nc:1827 ncall:9.3e+07 eff:0.1% logz-ratio=80762.79+/-0.16 dlogz:2.39>0.1]
109531it [11:04:15 bound:559 nc:2164 ncall:9.3e+07 eff:0.1% logz-ratio=80762.82+/-0.16 dlogz:2.29>0.1]
109716it [11:06:33 bound:560 nc:2265 ncall:9.4e+07 eff:0.1% logz-ratio=80762.85+/-0.16 dlogz:2.18>0.1]
109899it [11:08:56 bound:561 nc:1970 ncall:9.4e+07 eff:0.1% logz-ratio=80762.87+/-0.16 dlogz:2.07>0.1]
110081it [11:11:24 bound:562 nc:2196 ncall:9.4e+07 eff:0.1% logz-ratio=80762.90+/-0.16 dlogz:1.97>0.1]
110266it [11:13:39 bound:563 nc:2283 ncall:9.5e+07 eff:0.1% logz-ratio=80762.93+/-0.16 dlogz:1.87>0.1]
110449it [11:15:55 bound:564 nc:1829 ncall:9.5e+07 eff:0.1% logz-ratio=80762.95+/-0.16 dlogz:1.77>0.1]
110635it [11:18:17 bound:565 nc:1692 ncall:9.5e+07 eff:0.1% logz-ratio=80762.98+/-0.16 dlogz:1.67>0.1]
110813it [11:20:37 bound:566 nc:1820 ncall:9.6e+07 eff:0.1% logz-ratio=80763.00+/-0.16 dlogz:1.59>0.1]
110993it [11:23:02 bound:567 nc:1034 ncall:9.6e+07 eff:0.1% logz-ratio=80763.02+/-0.16 dlogz:1.51>0.1]
111170it [11:25:24 bound:568 nc:3866 ncall:9.6e+07 eff:0.1% logz-ratio=80763.04+/-0.16 dlogz:1.87>0.1]
111354it [11:27:44 bound:569 nc:2317 ncall:9.7e+07 eff:0.1% logz-ratio=80763.06+/-0.16 dlogz:1.77>0.1]
111540it [11:30:03 bound:570 nc:1508 ncall:9.7e+07 eff:0.1% logz-ratio=80763.08+/-0.16 dlogz:1.68>0.1]
111542it [11:34:15 bound:570 nc:1903 ncall:9.7e+07 eff:0.1% logz-ratio=80763.08+/-0.16 dlogz:1.68>0.1]
111716it [11:36:41 bound:571 nc:1595 ncall:9.7e+07 eff:0.1% logz-ratio=80763.10+/-0.16 dlogz:1.59>0.1]
111900it [11:39:04 bound:572 nc:1465 ncall:9.8e+07 eff:0.1% logz-ratio=80763.11+/-0.16 dlogz:1.51>0.1]
112079it [11:41:37 bound:573 nc:1530 ncall:9.8e+07 eff:0.1% logz-ratio=80763.13+/-0.16 dlogz:1.43>0.1]
112260it [11:44:10 bound:574 nc:1953 ncall:9.9e+07 eff:0.1% logz-ratio=80763.14+/-0.16 dlogz:1.35>0.1]
112443it [11:46:40 bound:575 nc:2143 ncall:9.9e+07 eff:0.1% logz-ratio=80763.16+/-0.16 dlogz:1.27>0.1]
112624it [11:49:01 bound:576 nc:1686 ncall:9.9e+07 eff:0.1% logz-ratio=80763.17+/-0.16 dlogz:1.2>0.1]
112803it [11:51:34 bound:577 nc:2594 ncall:1.0e+08 eff:0.1% logz-ratio=80763.19+/-0.16 dlogz:1.13>0.1]
112981it [11:53:54 bound:578 nc:2135 ncall:1.0e+08 eff:0.1% logz-ratio=80763.20+/-0.16 dlogz:1.06>0.1]
113166it [11:56:19 bound:579 nc:2495 ncall:1.0e+08 eff:0.1% logz-ratio=80763.21+/-0.16 dlogz:0.991>0.1]
113343it [11:58:47 bound:580 nc:1899 ncall:1.0e+08 eff:0.1% logz-ratio=80763.22+/-0.16 dlogz:0.93>0.1]
113521it [12:01:14 bound:581 nc:2233 ncall:1.0e+08 eff:0.1% logz-ratio=80763.23+/-0.16 dlogz:0.883>0.1]
113707it [12:03:43 bound:582 nc:2422 ncall:1.0e+08 eff:0.1% logz-ratio=80763.24+/-0.16 dlogz:0.824>0.1]
113711it [12:07:59 bound:582 nc:2084 ncall:1.0e+08 eff:0.1% logz-ratio=80763.24+/-0.16 dlogz:0.822>0.1]
113886it [12:10:33 bound:583 nc:1763 ncall:1.0e+08 eff:0.1% logz-ratio=80763.25+/-0.16 dlogz:0.769>0.1]
114072it [12:13:10 bound:584 nc:1584 ncall:1.0e+08 eff:0.1% logz-ratio=80763.26+/-0.16 dlogz:0.715>0.1]
114250it [12:15:45 bound:585 nc:2654 ncall:1.0e+08 eff:0.1% logz-ratio=80763.27+/-0.16 dlogz:0.667>0.1]
114428it [12:18:23 bound:586 nc:2485 ncall:1.0e+08 eff:0.1% logz-ratio=80763.28+/-0.16 dlogz:0.62>0.1]
114603it [12:21:01 bound:587 nc:1935 ncall:1.0e+08 eff:0.1% logz-ratio=80763.29+/-0.16 dlogz:0.795>0.1]
114786it [12:23:46 bound:588 nc:1379 ncall:1.0e+08 eff:0.1% logz-ratio=80763.30+/-0.16 dlogz:0.742>0.1]
114970it [12:26:19 bound:589 nc:2118 ncall:1.0e+08 eff:0.1% logz-ratio=80763.30+/-0.16 dlogz:0.691>0.1]
115145it [12:28:55 bound:590 nc:4637 ncall:1.0e+08 eff:0.1% logz-ratio=80763.31+/-0.16 dlogz:0.645>0.1]
115326it [12:31:34 bound:591 nc:2536 ncall:1.0e+08 eff:0.1% logz-ratio=80763.32+/-0.16 dlogz:0.6>0.1]
115506it [12:34:12 bound:592 nc:2848 ncall:1.1e+08 eff:0.1% logz-ratio=80763.32+/-0.16 dlogz:0.558>0.1]
115684it [12:36:57 bound:593 nc:4009 ncall:1.1e+08 eff:0.1% logz-ratio=80763.33+/-0.16 dlogz:0.519>0.1]
115861it [12:39:38 bound:594 nc:2380 ncall:1.1e+08 eff:0.1% logz-ratio=80763.34+/-0.16 dlogz:0.482>0.1]
115864it [12:44:14 bound:594 nc:1916 ncall:1.1e+08 eff:0.1% logz-ratio=80763.34+/-0.16 dlogz:0.481>0.1]
116039it [12:46:55 bound:595 nc:1919 ncall:1.1e+08 eff:0.1% logz-ratio=80763.34+/-0.16 dlogz:0.447>0.1]
116221it [12:49:35 bound:596 nc:1064 ncall:1.1e+08 eff:0.1% logz-ratio=80763.35+/-0.16 dlogz:0.594>0.1]
116402it [12:52:18 bound:597 nc:2012 ncall:1.1e+08 eff:0.1% logz-ratio=80763.35+/-0.16 dlogz:0.552>0.1]
116583it [12:55:00 bound:598 nc:1627 ncall:1.1e+08 eff:0.1% logz-ratio=80763.35+/-0.16 dlogz:0.513>0.1]
116766it [12:57:44 bound:599 nc:1333 ncall:1.1e+08 eff:0.1% logz-ratio=80763.36+/-0.16 dlogz:0.476>0.1]
116949it [13:00:30 bound:600 nc:1956 ncall:1.1e+08 eff:0.1% logz-ratio=80763.36+/-0.16 dlogz:0.441>0.1]
117132it [13:03:19 bound:601 nc:6546 ncall:1.1e+08 eff:0.1% logz-ratio=80763.37+/-0.16 dlogz:0.408>0.1]
117315it [13:06:10 bound:602 nc:2343 ncall:1.1e+08 eff:0.1% logz-ratio=80763.37+/-0.16 dlogz:0.377>0.1]
117497it [13:08:57 bound:603 nc:1878 ncall:1.1e+08 eff:0.1% logz-ratio=80763.37+/-0.16 dlogz:0.348>0.1]
117674it [13:11:48 bound:604 nc:2661 ncall:1.1e+08 eff:0.1% logz-ratio=80763.38+/-0.16 dlogz:0.322>0.1]
117855it [13:14:36 bound:605 nc:2653 ncall:1.1e+08 eff:0.1% logz-ratio=80763.38+/-0.16 dlogz:0.297>0.1]
117856it [13:19:31 bound:605 nc:1962 ncall:1.1e+08 eff:0.1% logz-ratio=80763.38+/-0.16 dlogz:0.297>0.1]
118038it [13:22:20 bound:606 nc:2461 ncall:1.1e+08 eff:0.1% logz-ratio=80763.38+/-0.16 dlogz:0.274>0.1]
118220it [13:25:19 bound:607 nc:1599 ncall:1.1e+08 eff:0.1% logz-ratio=80763.39+/-0.16 dlogz:0.252>0.1]
118397it [13:28:20 bound:608 nc:2420 ncall:1.1e+08 eff:0.1% logz-ratio=80763.39+/-0.16 dlogz:0.232>0.1]
118580it [13:31:16 bound:609 nc:2383 ncall:1.1e+08 eff:0.1% logz-ratio=80763.39+/-0.16 dlogz:0.214>0.1]
118754it [13:34:13 bound:610 nc:1551 ncall:1.1e+08 eff:0.1% logz-ratio=80763.39+/-0.16 dlogz:0.197>0.1]
118932it [13:37:09 bound:611 nc:2619 ncall:1.1e+08 eff:0.1% logz-ratio=80763.40+/-0.16 dlogz:0.181>0.1]
119111it [13:40:09 bound:612 nc:2728 ncall:1.1e+08 eff:0.1% logz-ratio=80763.40+/-0.16 dlogz:0.167>0.1]
119293it [13:43:14 bound:613 nc:3506 ncall:1.1e+08 eff:0.1% logz-ratio=80763.40+/-0.16 dlogz:0.153>0.1]
119472it [13:46:17 bound:614 nc:2561 ncall:1.1e+08 eff:0.1% logz-ratio=80763.40+/-0.16 dlogz:0.141>0.1]
119651it [13:49:24 bound:615 nc:2063 ncall:1.2e+08 eff:0.1% logz-ratio=80763.40+/-0.16 dlogz:0.184>0.1]
119654it [13:54:50 bound:615 nc:2790 ncall:1.2e+08 eff:0.1% logz-ratio=80763.40+/-0.16 dlogz:0.184>0.1]
119833it [13:57:56 bound:616 nc:2648 ncall:1.2e+08 eff:0.1% logz-ratio=80763.40+/-0.16 dlogz:0.169>0.1]
120015it [14:01:06 bound:617 nc:2584 ncall:1.2e+08 eff:0.1% logz-ratio=80763.41+/-0.16 dlogz:0.155>0.1]
120201it [14:04:16 bound:618 nc:1505 ncall:1.2e+08 eff:0.1% logz-ratio=80763.41+/-0.16 dlogz:0.142>0.1]
120385it [14:07:29 bound:619 nc:923 ncall:1.2e+08 eff:0.1% logz-ratio=80763.41+/-0.16 dlogz:0.13>0.1]
120565it [14:10:42 bound:620 nc:2973 ncall:1.2e+08 eff:0.1% logz-ratio=80763.41+/-0.16 dlogz:0.12>0.1]
120746it [14:13:54 bound:621 nc:2548 ncall:1.2e+08 eff:0.1% logz-ratio=80763.41+/-0.16 dlogz:0.11>0.1]
120929it [14:17:09 bound:622 nc:1637 ncall:1.2e+08 eff:0.1% logz-ratio=80763.41+/-0.16 dlogz:0.101>0.1]
  0%|          | 0/10724 [00:00<?, ?it/s]  0%|          | 30/10724 [00:00<00:41, 255.82it/s]  1%|          | 60/10724 [00:00<00:41, 256.80it/s]  1%|          | 90/10724 [00:00<00:41, 258.42it/s]  1%|          | 120/10724 [00:00<00:41, 258.56it/s]  1%|▏         | 150/10724 [00:00<00:40, 258.72it/s]  2%|▏         | 180/10724 [00:00<00:40, 259.71it/s]  2%|▏         | 210/10724 [00:00<00:40, 257.30it/s]  2%|▏         | 250/10724 [00:00<00:37, 278.43it/s]  3%|▎         | 280/10724 [00:01<00:37, 278.39it/s]  3%|▎         | 310/10724 [00:01<00:37, 278.89it/s]  3%|▎         | 350/10724 [00:01<00:35, 292.26it/s]  4%|▎         | 390/10724 [00:01<00:34, 301.59it/s]  4%|▍         | 430/10724 [00:01<00:33, 302.86it/s]  4%|▍         | 470/10724 [00:01<00:34, 294.23it/s]  5%|▍         | 500/10724 [00:01<00:35, 290.91it/s]  5%|▌         | 540/10724 [00:01<00:33, 301.02it/s]  5%|▌         | 580/10724 [00:02<00:33, 301.87it/s]  6%|▌         | 620/10724 [00:02<00:33, 297.49it/s]  6%|▌         | 650/10724 [00:02<00:34, 292.59it/s]  6%|▋         | 680/10724 [00:02<00:34, 289.57it/s]  7%|▋         | 720/10724 [00:02<00:33, 299.25it/s]  7%|▋         | 760/10724 [00:02<00:32, 306.58it/s]  7%|▋         | 800/10724 [00:02<00:32, 301.62it/s]  8%|▊         | 840/10724 [00:02<00:33, 297.98it/s]  8%|▊         | 870/10724 [00:03<00:33, 295.06it/s]  8%|▊         | 900/10724 [00:03<00:33, 291.04it/s]  9%|▉         | 940/10724 [00:03<00:33, 296.06it/s]  9%|▉         | 980/10724 [00:03<00:32, 304.35it/s] 10%|▉         | 1020/10724 [00:03<00:34, 283.55it/s] 10%|▉         | 1050/10724 [00:03<00:34, 282.95it/s] 10%|█         | 1080/10724 [00:03<00:34, 276.31it/s] 10%|█         | 1120/10724 [00:03<00:33, 290.54it/s] 11%|█         | 1160/10724 [00:04<00:31, 300.38it/s] 11%|█         | 1200/10724 [00:04<00:31, 298.84it/s] 12%|█▏        | 1240/10724 [00:04<00:30, 306.13it/s] 12%|█▏        | 1280/10724 [00:04<00:30, 310.62it/s] 12%|█▏        | 1320/10724 [00:04<00:29, 314.71it/s] 13%|█▎        | 1360/10724 [00:04<00:29, 316.45it/s] 13%|█▎        | 1400/10724 [00:04<00:29, 318.71it/s] 13%|█▎        | 1440/10724 [00:04<00:29, 319.14it/s] 14%|█▍        | 1480/10724 [00:05<00:28, 320.55it/s] 14%|█▍        | 1520/10724 [00:05<00:29, 314.85it/s] 15%|█▍        | 1560/10724 [00:05<00:28, 316.18it/s] 15%|█▍        | 1600/10724 [00:05<00:28, 318.62it/s] 15%|█▌        | 1640/10724 [00:05<00:29, 310.43it/s] 16%|█▌        | 1680/10724 [00:05<00:28, 314.66it/s] 16%|█▌        | 1720/10724 [00:05<00:29, 306.97it/s] 16%|█▋        | 1760/10724 [00:05<00:28, 312.22it/s] 17%|█▋        | 1800/10724 [00:06<00:28, 315.02it/s] 17%|█▋        | 1840/10724 [00:06<00:28, 316.90it/s] 18%|█▊        | 1880/10724 [00:06<00:27, 318.85it/s] 18%|█▊        | 1920/10724 [00:06<00:27, 320.60it/s] 18%|█▊        | 1960/10724 [00:06<00:28, 312.25it/s] 19%|█▊        | 2000/10724 [00:06<00:28, 305.84it/s] 19%|█▉        | 2040/10724 [00:06<00:27, 311.34it/s] 19%|█▉        | 2080/10724 [00:06<00:27, 315.68it/s] 20%|█▉        | 2120/10724 [00:07<00:27, 318.61it/s] 20%|██        | 2160/10724 [00:07<00:26, 320.48it/s] 21%|██        | 2200/10724 [00:07<00:26, 321.56it/s] 21%|██        | 2240/10724 [00:07<00:27, 310.43it/s] 21%|██▏       | 2280/10724 [00:07<00:26, 315.01it/s] 22%|██▏       | 2320/10724 [00:07<00:26, 317.92it/s] 22%|██▏       | 2360/10724 [00:07<00:26, 319.72it/s] 22%|██▏       | 2400/10724 [00:07<00:25, 320.87it/s] 23%|██▎       | 2440/10724 [00:08<00:26, 311.85it/s] 23%|██▎       | 2480/10724 [00:08<00:26, 315.32it/s] 23%|██▎       | 2520/10724 [00:08<00:25, 318.43it/s] 24%|██▍       | 2560/10724 [00:08<00:25, 319.70it/s] 24%|██▍       | 2600/10724 [00:08<00:25, 320.68it/s] 25%|██▍       | 2640/10724 [00:08<00:26, 305.76it/s] 25%|██▍       | 2680/10724 [00:08<00:25, 310.10it/s] 25%|██▌       | 2720/10724 [00:08<00:25, 314.46it/s] 26%|██▌       | 2760/10724 [00:09<00:25, 307.12it/s] 26%|██▌       | 2800/10724 [00:09<00:26, 294.40it/s] 26%|██▋       | 2840/10724 [00:09<00:26, 302.31it/s] 27%|██▋       | 2880/10724 [00:09<00:26, 298.86it/s] 27%|██▋       | 2920/10724 [00:09<00:25, 306.50it/s] 28%|██▊       | 2960/10724 [00:09<00:24, 310.79it/s] 28%|██▊       | 3000/10724 [00:09<00:24, 314.83it/s] 28%|██▊       | 3040/10724 [00:10<00:24, 317.41it/s] 29%|██▊       | 3080/10724 [00:10<00:23, 319.95it/s] 29%|██▉       | 3120/10724 [00:10<00:23, 322.18it/s] 29%|██▉       | 3160/10724 [00:10<00:23, 323.16it/s] 30%|██▉       | 3200/10724 [00:10<00:23, 324.09it/s] 30%|███       | 3240/10724 [00:10<00:23, 324.88it/s] 31%|███       | 3280/10724 [00:10<00:22, 324.59it/s] 31%|███       | 3320/10724 [00:10<00:22, 325.40it/s] 31%|███▏      | 3360/10724 [00:10<00:22, 325.39it/s] 32%|███▏      | 3400/10724 [00:11<00:22, 325.23it/s] 32%|███▏      | 3440/10724 [00:11<00:22, 324.66it/s] 32%|███▏      | 3480/10724 [00:11<00:22, 324.84it/s] 33%|███▎      | 3520/10724 [00:11<00:22, 324.51it/s] 33%|███▎      | 3560/10724 [00:11<00:22, 324.42it/s] 34%|███▎      | 3600/10724 [00:11<00:21, 324.19it/s] 34%|███▍      | 3640/10724 [00:11<00:21, 324.51it/s] 34%|███▍      | 3680/10724 [00:11<00:21, 324.06it/s] 35%|███▍      | 3720/10724 [00:12<00:21, 324.41it/s] 35%|███▌      | 3760/10724 [00:12<00:21, 324.29it/s] 35%|███▌      | 3800/10724 [00:12<00:21, 324.60it/s] 36%|███▌      | 3840/10724 [00:12<00:21, 324.89it/s] 36%|███▌      | 3880/10724 [00:12<00:21, 314.14it/s] 37%|███▋      | 3920/10724 [00:12<00:21, 312.90it/s] 37%|███▋      | 3960/10724 [00:12<00:21, 315.87it/s] 37%|███▋      | 4000/10724 [00:12<00:21, 318.40it/s] 38%|███▊      | 4040/10724 [00:13<00:21, 307.77it/s] 38%|███▊      | 4080/10724 [00:13<00:21, 312.63it/s] 38%|███▊      | 4120/10724 [00:13<00:20, 315.38it/s] 39%|███▉      | 4160/10724 [00:13<00:20, 318.63it/s] 39%|███▉      | 4200/10724 [00:13<00:20, 319.87it/s] 40%|███▉      | 4240/10724 [00:13<00:20, 311.10it/s] 40%|███▉      | 4280/10724 [00:13<00:20, 315.09it/s] 40%|████      | 4320/10724 [00:14<00:20, 307.33it/s] 41%|████      | 4360/10724 [00:14<00:20, 312.68it/s] 41%|████      | 4400/10724 [00:14<00:19, 316.26it/s] 41%|████▏     | 4440/10724 [00:14<00:19, 318.11it/s] 42%|████▏     | 4480/10724 [00:14<00:19, 319.97it/s] 42%|████▏     | 4520/10724 [00:14<00:19, 310.73it/s] 43%|████▎     | 4560/10724 [00:14<00:19, 314.81it/s] 43%|████▎     | 4600/10724 [00:14<00:19, 317.61it/s] 43%|████▎     | 4640/10724 [00:15<00:19, 312.88it/s] 44%|████▎     | 4680/10724 [00:15<00:19, 305.91it/s] 44%|████▍     | 4720/10724 [00:15<00:19, 301.72it/s] 44%|████▍     | 4760/10724 [00:15<00:19, 307.85it/s] 45%|████▍     | 4800/10724 [00:15<00:19, 303.10it/s] 45%|████▌     | 4840/10724 [00:15<00:19, 294.24it/s] 45%|████▌     | 4870/10724 [00:15<00:20, 290.91it/s] 46%|████▌     | 4910/10724 [00:15<00:19, 300.61it/s] 46%|████▌     | 4950/10724 [00:16<00:19, 296.95it/s] 47%|████▋     | 4990/10724 [00:16<00:18, 304.55it/s] 47%|████▋     | 5030/10724 [00:16<00:19, 289.17it/s] 47%|████▋     | 5060/10724 [00:16<00:20, 281.96it/s] 47%|████▋     | 5090/10724 [00:16<00:19, 285.49it/s] 48%|████▊     | 5120/10724 [00:16<00:19, 283.28it/s] 48%|████▊     | 5150/10724 [00:16<00:19, 286.16it/s] 48%|████▊     | 5190/10724 [00:16<00:18, 297.68it/s] 49%|████▊     | 5220/10724 [00:17<00:19, 283.32it/s] 49%|████▉     | 5260/10724 [00:17<00:19, 282.88it/s] 49%|████▉     | 5290/10724 [00:17<00:19, 285.69it/s] 50%|████▉     | 5320/10724 [00:17<00:18, 286.42it/s] 50%|████▉     | 5350/10724 [00:17<00:18, 283.68it/s] 50%|█████     | 5380/10724 [00:17<00:18, 283.80it/s] 50%|█████     | 5410/10724 [00:17<00:18, 283.50it/s] 51%|█████     | 5440/10724 [00:17<00:19, 271.29it/s] 51%|█████     | 5470/10724 [00:17<00:19, 274.73it/s] 51%|█████▏    | 5510/10724 [00:18<00:18, 279.61it/s] 52%|█████▏    | 5540/10724 [00:18<00:18, 274.36it/s] 52%|█████▏    | 5570/10724 [00:18<00:18, 276.08it/s] 52%|█████▏    | 5600/10724 [00:18<00:18, 281.84it/s] 52%|█████▏    | 5630/10724 [00:18<00:18, 271.80it/s] 53%|█████▎    | 5670/10724 [00:18<00:17, 284.58it/s] 53%|█████▎    | 5700/10724 [00:18<00:17, 284.36it/s] 53%|█████▎    | 5730/10724 [00:18<00:17, 279.13it/s] 54%|█████▎    | 5760/10724 [00:18<00:18, 272.17it/s] 54%|█████▍    | 5790/10724 [00:19<00:17, 275.17it/s] 54%|█████▍    | 5830/10724 [00:19<00:17, 276.04it/s] 55%|█████▍    | 5860/10724 [00:19<00:17, 279.81it/s] 55%|█████▍    | 5890/10724 [00:19<00:17, 279.89it/s] 55%|█████▌    | 5920/10724 [00:19<00:17, 280.05it/s] 55%|█████▌    | 5950/10724 [00:19<00:17, 274.38it/s] 56%|█████▌    | 5980/10724 [00:19<00:17, 276.90it/s] 56%|█████▌    | 6010/10724 [00:19<00:17, 266.84it/s] 56%|█████▋    | 6040/10724 [00:19<00:17, 267.16it/s] 57%|█████▋    | 6070/10724 [00:20<00:17, 265.18it/s] 57%|█████▋    | 6110/10724 [00:20<00:16, 283.48it/s] 57%|█████▋    | 6140/10724 [00:20<00:16, 282.39it/s] 58%|█████▊    | 6170/10724 [00:20<00:16, 282.80it/s] 58%|█████▊    | 6200/10724 [00:20<00:16, 274.25it/s] 58%|█████▊    | 6240/10724 [00:20<00:16, 276.41it/s] 58%|█████▊    | 6270/10724 [00:20<00:15, 280.43it/s] 59%|█████▊    | 6300/10724 [00:20<00:15, 280.20it/s] 59%|█████▉    | 6330/10724 [00:21<00:15, 278.76it/s] 59%|█████▉    | 6360/10724 [00:21<00:16, 269.57it/s] 60%|█████▉    | 6390/10724 [00:21<00:16, 265.03it/s] 60%|█████▉    | 6420/10724 [00:21<00:15, 270.43it/s] 60%|██████    | 6450/10724 [00:21<00:15, 275.77it/s] 60%|██████    | 6480/10724 [00:21<00:15, 276.82it/s] 61%|██████    | 6510/10724 [00:21<00:15, 276.47it/s] 61%|██████    | 6540/10724 [00:21<00:15, 270.96it/s] 61%|██████▏   | 6580/10724 [00:21<00:14, 278.34it/s] 62%|██████▏   | 6610/10724 [00:22<00:14, 278.69it/s] 62%|██████▏   | 6640/10724 [00:22<00:14, 274.25it/s] 62%|██████▏   | 6670/10724 [00:22<00:14, 271.05it/s] 62%|██████▏   | 6700/10724 [00:22<00:14, 268.92it/s] 63%|██████▎   | 6730/10724 [00:22<00:14, 270.99it/s] 63%|██████▎   | 6760/10724 [00:22<00:14, 273.16it/s] 63%|██████▎   | 6790/10724 [00:22<00:14, 271.23it/s] 64%|██████▎   | 6830/10724 [00:22<00:13, 283.15it/s] 64%|██████▍   | 6860/10724 [00:22<00:13, 276.96it/s] 64%|██████▍   | 6900/10724 [00:23<00:13, 286.46it/s] 65%|██████▍   | 6930/10724 [00:23<00:13, 275.54it/s] 65%|██████▍   | 6960/10724 [00:23<00:13, 280.90it/s] 65%|██████▌   | 6990/10724 [00:23<00:13, 273.96it/s] 65%|██████▌   | 7020/10724 [00:23<00:13, 270.61it/s] 66%|██████▌   | 7050/10724 [00:23<00:13, 268.94it/s] 66%|██████▌   | 7080/10724 [00:23<00:13, 269.88it/s] 66%|██████▋   | 7110/10724 [00:23<00:13, 277.56it/s] 67%|██████▋   | 7140/10724 [00:23<00:13, 272.53it/s] 67%|██████▋   | 7170/10724 [00:24<00:13, 266.21it/s] 67%|██████▋   | 7200/10724 [00:24<00:13, 266.86it/s] 67%|██████▋   | 7230/10724 [00:24<00:13, 268.28it/s] 68%|██████▊   | 7260/10724 [00:24<00:13, 262.10it/s] 68%|██████▊   | 7290/10724 [00:24<00:12, 271.76it/s] 68%|██████▊   | 7320/10724 [00:24<00:12, 272.97it/s] 69%|██████▊   | 7350/10724 [00:24<00:12, 264.51it/s] 69%|██████▉   | 7380/10724 [00:24<00:12, 265.56it/s] 69%|██████▉   | 7410/10724 [00:24<00:12, 270.24it/s] 69%|██████▉   | 7440/10724 [00:25<00:12, 272.67it/s] 70%|██████▉   | 7470/10724 [00:25<00:11, 275.44it/s] 70%|███████   | 7510/10724 [00:25<00:11, 291.51it/s] 70%|███████   | 7540/10724 [00:25<00:11, 288.01it/s] 71%|███████   | 7570/10724 [00:25<00:10, 287.66it/s] 71%|███████   | 7610/10724 [00:25<00:10, 299.55it/s] 71%|███████▏  | 7650/10724 [00:25<00:09, 307.42it/s] 72%|███████▏  | 7690/10724 [00:25<00:09, 313.05it/s] 72%|███████▏  | 7730/10724 [00:26<00:09, 317.10it/s] 72%|███████▏  | 7770/10724 [00:26<00:09, 319.42it/s] 73%|███████▎  | 7810/10724 [00:26<00:09, 309.93it/s] 73%|███████▎  | 7850/10724 [00:26<00:09, 314.48it/s] 74%|███████▎  | 7890/10724 [00:26<00:08, 317.65it/s] 74%|███████▍  | 7930/10724 [00:26<00:08, 319.37it/s] 74%|███████▍  | 7970/10724 [00:26<00:08, 320.76it/s] 75%|███████▍  | 8010/10724 [00:26<00:08, 320.39it/s] 75%|███████▌  | 8050/10724 [00:27<00:08, 320.99it/s] 75%|███████▌  | 8090/10724 [00:27<00:08, 321.18it/s] 76%|███████▌  | 8130/10724 [00:27<00:08, 312.07it/s] 76%|███████▌  | 8170/10724 [00:27<00:08, 314.49it/s] 77%|███████▋  | 8210/10724 [00:27<00:08, 306.19it/s] 77%|███████▋  | 8250/10724 [00:27<00:07, 311.10it/s] 77%|███████▋  | 8290/10724 [00:27<00:07, 310.46it/s] 78%|███████▊  | 8330/10724 [00:27<00:07, 307.41it/s] 78%|███████▊  | 8370/10724 [00:28<00:07, 301.90it/s] 78%|███████▊  | 8410/10724 [00:28<00:07, 298.75it/s] 79%|███████▉  | 8450/10724 [00:28<00:07, 305.87it/s] 79%|███████▉  | 8490/10724 [00:28<00:07, 300.14it/s] 80%|███████▉  | 8530/10724 [00:28<00:07, 296.56it/s] 80%|███████▉  | 8560/10724 [00:28<00:07, 292.00it/s] 80%|████████  | 8600/10724 [00:28<00:07, 301.00it/s] 81%|████████  | 8640/10724 [00:28<00:06, 306.29it/s] 81%|████████  | 8680/10724 [00:29<00:06, 311.39it/s] 81%|████████▏ | 8720/10724 [00:29<00:06, 304.24it/s] 82%|████████▏ | 8760/10724 [00:29<00:06, 309.68it/s] 82%|████████▏ | 8800/10724 [00:29<00:06, 312.94it/s] 82%|████████▏ | 8840/10724 [00:29<00:06, 313.48it/s] 83%|████████▎ | 8880/10724 [00:29<00:05, 316.71it/s] 83%|████████▎ | 8920/10724 [00:29<00:05, 318.58it/s] 84%|████████▎ | 8960/10724 [00:29<00:05, 318.82it/s] 84%|████████▍ | 9000/10724 [00:30<00:05, 317.57it/s] 84%|████████▍ | 9040/10724 [00:30<00:05, 319.08it/s] 85%|████████▍ | 9080/10724 [00:30<00:05, 308.65it/s] 85%|████████▌ | 9120/10724 [00:30<00:05, 312.22it/s] 85%|████████▌ | 9160/10724 [00:30<00:04, 314.27it/s] 86%|████████▌ | 9200/10724 [00:30<00:05, 304.45it/s] 86%|████████▌ | 9240/10724 [00:30<00:04, 308.29it/s] 87%|████████▋ | 9280/10724 [00:31<00:04, 309.86it/s] 87%|████████▋ | 9320/10724 [00:31<00:04, 312.97it/s] 87%|████████▋ | 9360/10724 [00:31<00:04, 313.46it/s] 88%|████████▊ | 9400/10724 [00:31<00:04, 306.21it/s] 88%|████████▊ | 9440/10724 [00:31<00:04, 309.92it/s] 88%|████████▊ | 9480/10724 [00:31<00:03, 312.80it/s] 89%|████████▉ | 9520/10724 [00:31<00:03, 313.54it/s] 89%|████████▉ | 9560/10724 [00:31<00:03, 316.73it/s] 90%|████████▉ | 9600/10724 [00:32<00:03, 317.33it/s] 90%|████████▉ | 9640/10724 [00:32<00:03, 308.96it/s] 90%|█████████ | 9680/10724 [00:32<00:03, 311.61it/s] 91%|█████████ | 9720/10724 [00:32<00:03, 314.00it/s] 91%|█████████ | 9760/10724 [00:32<00:03, 310.67it/s] 91%|█████████▏| 9800/10724 [00:32<00:02, 310.84it/s] 92%|█████████▏| 9840/10724 [00:32<00:02, 302.22it/s] 92%|█████████▏| 9880/10724 [00:32<00:02, 303.16it/s] 93%|█████████▎| 9920/10724 [00:33<00:02, 303.52it/s] 93%|█████████▎| 9960/10724 [00:33<00:02, 305.03it/s] 93%|█████████▎| 10000/10724 [00:33<00:02, 305.27it/s] 94%|█████████▎| 10040/10724 [00:33<00:02, 308.93it/s] 94%|█████████▍| 10080/10724 [00:33<00:02, 301.38it/s] 94%|█████████▍| 10120/10724 [00:33<00:02, 301.33it/s] 95%|█████████▍| 10160/10724 [00:33<00:01, 302.41it/s] 95%|█████████▌| 10200/10724 [00:34<00:01, 302.11it/s] 95%|█████████▌| 10240/10724 [00:34<00:01, 304.14it/s] 96%|█████████▌| 10280/10724 [00:34<00:01, 299.90it/s] 96%|█████████▌| 10320/10724 [00:34<00:01, 303.94it/s] 97%|█████████▋| 10360/10724 [00:34<00:01, 304.99it/s] 97%|█████████▋| 10400/10724 [00:34<00:01, 306.38it/s] 97%|█████████▋| 10440/10724 [00:34<00:00, 306.47it/s] 98%|█████████▊| 10480/10724 [00:34<00:00, 299.60it/s] 98%|█████████▊| 10520/10724 [00:35<00:00, 293.30it/s] 98%|█████████▊| 10560/10724 [00:35<00:00, 298.20it/s] 99%|█████████▉| 10600/10724 [00:35<00:00, 301.68it/s] 99%|█████████▉| 10640/10724 [00:35<00:00, 305.43it/s]100%|█████████▉| 10680/10724 [00:35<00:00, 299.08it/s]100%|█████████▉| 10720/10724 [00:35<00:00, 295.72it/s]100%|██████████| 10724/10724 [00:35<00:00, 299.84it/s]
  0%|          | 0/10724 [00:00<?, ?it/s]  0%|          | 20/10724 [00:00<01:07, 158.76it/s]  0%|          | 40/10724 [00:00<01:05, 161.98it/s]  1%|          | 60/10724 [00:00<01:05, 163.24it/s]  1%|          | 80/10724 [00:00<01:05, 163.26it/s]  1%|          | 100/10724 [00:00<01:04, 163.52it/s]  1%|          | 120/10724 [00:00<01:04, 163.38it/s]  1%|▏         | 140/10724 [00:00<01:04, 163.85it/s]  1%|▏         | 160/10724 [00:00<01:04, 164.23it/s]  2%|▏         | 180/10724 [00:01<01:04, 164.41it/s]  2%|▏         | 200/10724 [00:01<01:03, 164.70it/s]  2%|▏         | 230/10724 [00:01<00:56, 184.76it/s]  2%|▏         | 260/10724 [00:01<00:52, 198.07it/s]  3%|▎         | 290/10724 [00:01<00:50, 206.86it/s]  3%|▎         | 320/10724 [00:01<00:48, 213.20it/s]  3%|▎         | 350/10724 [00:01<00:47, 217.16it/s]  4%|▎         | 380/10724 [00:02<00:47, 219.61it/s]  4%|▍         | 410/10724 [00:02<00:46, 221.65it/s]  4%|▍         | 440/10724 [00:02<00:46, 222.85it/s]  4%|▍         | 470/10724 [00:02<00:45, 223.76it/s]  5%|▍         | 500/10724 [00:02<00:45, 224.56it/s]  5%|▍         | 530/10724 [00:02<00:45, 225.22it/s]  5%|▌         | 560/10724 [00:02<00:45, 225.32it/s]  6%|▌         | 590/10724 [00:02<00:45, 225.19it/s]  6%|▌         | 620/10724 [00:03<00:44, 225.39it/s]  6%|▌         | 650/10724 [00:03<00:44, 225.25it/s]  6%|▋         | 680/10724 [00:03<00:44, 225.40it/s]  7%|▋         | 710/10724 [00:03<00:44, 225.24it/s]  7%|▋         | 740/10724 [00:03<00:45, 217.33it/s]  7%|▋         | 770/10724 [00:03<00:45, 218.96it/s]  7%|▋         | 800/10724 [00:03<00:44, 220.69it/s]  8%|▊         | 830/10724 [00:04<00:44, 222.63it/s]  8%|▊         | 860/10724 [00:04<00:44, 221.99it/s]  8%|▊         | 890/10724 [00:04<00:45, 216.23it/s]  9%|▊         | 920/10724 [00:04<00:44, 219.17it/s]  9%|▉         | 950/10724 [00:04<00:44, 220.93it/s]  9%|▉         | 980/10724 [00:04<00:43, 222.30it/s]  9%|▉         | 1010/10724 [00:04<00:45, 213.93it/s] 10%|▉         | 1040/10724 [00:04<00:44, 217.26it/s] 10%|▉         | 1070/10724 [00:05<00:45, 211.17it/s] 10%|█         | 1100/10724 [00:05<00:46, 207.37it/s] 11%|█         | 1130/10724 [00:05<00:46, 205.08it/s] 11%|█         | 1160/10724 [00:05<00:45, 210.43it/s] 11%|█         | 1190/10724 [00:05<00:44, 214.58it/s] 11%|█▏        | 1220/10724 [00:05<00:43, 217.58it/s] 12%|█▏        | 1250/10724 [00:05<00:44, 212.60it/s] 12%|█▏        | 1280/10724 [00:06<00:43, 215.95it/s] 12%|█▏        | 1310/10724 [00:06<00:44, 211.28it/s] 12%|█▏        | 1340/10724 [00:06<00:43, 215.21it/s] 13%|█▎        | 1370/10724 [00:06<00:43, 217.20it/s] 13%|█▎        | 1400/10724 [00:06<00:42, 218.75it/s] 13%|█▎        | 1430/10724 [00:06<00:42, 220.45it/s] 14%|█▎        | 1460/10724 [00:06<00:43, 214.09it/s] 14%|█▍        | 1490/10724 [00:07<00:42, 217.19it/s] 14%|█▍        | 1520/10724 [00:07<00:42, 218.61it/s] 14%|█▍        | 1550/10724 [00:07<00:41, 219.90it/s] 15%|█▍        | 1580/10724 [00:07<00:41, 221.52it/s] 15%|█▌        | 1610/10724 [00:07<00:42, 214.92it/s] 15%|█▌        | 1640/10724 [00:07<00:44, 205.52it/s] 16%|█▌        | 1670/10724 [00:07<00:42, 210.65it/s] 16%|█▌        | 1700/10724 [00:08<00:42, 214.39it/s] 16%|█▌        | 1730/10724 [00:08<00:41, 216.45it/s] 16%|█▋        | 1760/10724 [00:08<00:40, 218.91it/s] 17%|█▋        | 1790/10724 [00:08<00:40, 220.98it/s] 17%|█▋        | 1820/10724 [00:08<00:40, 221.60it/s] 17%|█▋        | 1850/10724 [00:08<00:39, 221.86it/s] 18%|█▊        | 1880/10724 [00:08<00:39, 222.61it/s] 18%|█▊        | 1910/10724 [00:09<00:39, 222.80it/s] 18%|█▊        | 1940/10724 [00:09<00:39, 222.45it/s] 18%|█▊        | 1970/10724 [00:09<00:39, 222.82it/s] 19%|█▊        | 2000/10724 [00:09<00:39, 223.52it/s] 19%|█▉        | 2030/10724 [00:09<00:38, 224.15it/s] 19%|█▉        | 2060/10724 [00:09<00:38, 224.35it/s] 19%|█▉        | 2090/10724 [00:09<00:38, 223.34it/s] 20%|█▉        | 2120/10724 [00:09<00:38, 223.37it/s] 20%|██        | 2150/10724 [00:10<00:38, 223.89it/s] 20%|██        | 2180/10724 [00:10<00:38, 224.74it/s] 21%|██        | 2210/10724 [00:10<00:37, 224.69it/s] 21%|██        | 2240/10724 [00:10<00:37, 225.14it/s] 21%|██        | 2270/10724 [00:10<00:37, 223.87it/s] 21%|██▏       | 2300/10724 [00:10<00:37, 223.94it/s] 22%|██▏       | 2330/10724 [00:10<00:37, 224.19it/s] 22%|██▏       | 2360/10724 [00:11<00:38, 215.42it/s] 22%|██▏       | 2390/10724 [00:11<00:38, 218.18it/s] 23%|██▎       | 2420/10724 [00:11<00:37, 219.86it/s] 23%|██▎       | 2450/10724 [00:11<00:37, 220.85it/s] 23%|██▎       | 2480/10724 [00:11<00:37, 222.10it/s] 23%|██▎       | 2510/10724 [00:11<00:36, 222.93it/s] 24%|██▎       | 2540/10724 [00:11<00:36, 223.63it/s] 24%|██▍       | 2570/10724 [00:11<00:36, 224.16it/s] 24%|██▍       | 2600/10724 [00:12<00:36, 224.04it/s] 25%|██▍       | 2630/10724 [00:12<00:36, 223.88it/s] 25%|██▍       | 2660/10724 [00:12<00:36, 223.00it/s] 25%|██▌       | 2690/10724 [00:12<00:35, 223.43it/s] 25%|██▌       | 2720/10724 [00:12<00:35, 223.94it/s] 26%|██▌       | 2750/10724 [00:12<00:35, 224.23it/s] 26%|██▌       | 2780/10724 [00:12<00:35, 224.17it/s] 26%|██▌       | 2810/10724 [00:13<00:35, 224.38it/s] 26%|██▋       | 2840/10724 [00:13<00:36, 216.18it/s] 27%|██▋       | 2870/10724 [00:13<00:35, 218.52it/s] 27%|██▋       | 2900/10724 [00:13<00:35, 220.15it/s] 27%|██▋       | 2930/10724 [00:13<00:35, 221.57it/s] 28%|██▊       | 2960/10724 [00:13<00:36, 213.18it/s] 28%|██▊       | 2990/10724 [00:13<00:35, 216.25it/s] 28%|██▊       | 3020/10724 [00:14<00:35, 217.47it/s] 28%|██▊       | 3050/10724 [00:14<00:36, 210.58it/s] 29%|██▊       | 3080/10724 [00:14<00:35, 213.06it/s] 29%|██▉       | 3110/10724 [00:14<00:35, 216.13it/s] 29%|██▉       | 3140/10724 [00:14<00:34, 217.28it/s] 30%|██▉       | 3170/10724 [00:14<00:34, 219.07it/s] 30%|██▉       | 3200/10724 [00:14<00:34, 219.19it/s] 30%|███       | 3230/10724 [00:14<00:33, 220.66it/s] 30%|███       | 3260/10724 [00:15<00:33, 221.19it/s] 31%|███       | 3290/10724 [00:15<00:33, 222.23it/s] 31%|███       | 3320/10724 [00:15<00:33, 222.90it/s] 31%|███       | 3350/10724 [00:15<00:34, 215.65it/s] 32%|███▏      | 3380/10724 [00:15<00:33, 217.07it/s] 32%|███▏      | 3410/10724 [00:15<00:33, 219.02it/s] 32%|███▏      | 3440/10724 [00:15<00:32, 220.93it/s] 32%|███▏      | 3470/10724 [00:16<00:32, 221.92it/s] 33%|███▎      | 3500/10724 [00:16<00:33, 213.66it/s] 33%|███▎      | 3530/10724 [00:16<00:33, 215.14it/s] 33%|███▎      | 3560/10724 [00:16<00:34, 210.10it/s] 33%|███▎      | 3590/10724 [00:16<00:33, 214.28it/s] 34%|███▍      | 3620/10724 [00:16<00:32, 216.90it/s] 34%|███▍      | 3650/10724 [00:16<00:32, 219.08it/s] 34%|███▍      | 3680/10724 [00:17<00:31, 220.57it/s] 35%|███▍      | 3710/10724 [00:17<00:31, 221.43it/s] 35%|███▍      | 3740/10724 [00:17<00:31, 221.49it/s] 35%|███▌      | 3770/10724 [00:17<00:31, 222.10it/s] 35%|███▌      | 3800/10724 [00:17<00:31, 222.91it/s] 36%|███▌      | 3830/10724 [00:17<00:30, 222.66it/s] 36%|███▌      | 3860/10724 [00:17<00:30, 223.04it/s] 36%|███▋      | 3890/10724 [00:17<00:30, 222.96it/s] 37%|███▋      | 3920/10724 [00:18<00:30, 222.75it/s] 37%|███▋      | 3950/10724 [00:18<00:30, 223.09it/s] 37%|███▋      | 3980/10724 [00:18<00:30, 223.20it/s] 37%|███▋      | 4010/10724 [00:18<00:30, 222.58it/s] 38%|███▊      | 4040/10724 [00:18<00:30, 221.69it/s] 38%|███▊      | 4070/10724 [00:18<00:29, 222.30it/s] 38%|███▊      | 4100/10724 [00:18<00:29, 221.31it/s] 39%|███▊      | 4130/10724 [00:19<00:29, 221.90it/s] 39%|███▉      | 4160/10724 [00:19<00:29, 222.44it/s] 39%|███▉      | 4190/10724 [00:19<00:30, 215.07it/s] 39%|███▉      | 4220/10724 [00:19<00:30, 216.50it/s] 40%|███▉      | 4250/10724 [00:19<00:29, 218.06it/s] 40%|███▉      | 4280/10724 [00:19<00:29, 218.83it/s] 40%|████      | 4310/10724 [00:19<00:29, 219.79it/s] 40%|████      | 4340/10724 [00:20<00:28, 220.93it/s] 41%|████      | 4370/10724 [00:20<00:30, 207.16it/s] 41%|████      | 4400/10724 [00:20<00:29, 211.49it/s] 41%|████▏     | 4430/10724 [00:20<00:29, 214.78it/s] 42%|████▏     | 4460/10724 [00:20<00:28, 217.36it/s] 42%|████▏     | 4490/10724 [00:20<00:28, 218.86it/s] 42%|████▏     | 4520/10724 [00:20<00:29, 213.10it/s] 42%|████▏     | 4550/10724 [00:21<00:28, 214.90it/s] 43%|████▎     | 4580/10724 [00:21<00:29, 210.20it/s] 43%|████▎     | 4610/10724 [00:21<00:28, 214.01it/s] 43%|████▎     | 4640/10724 [00:21<00:28, 216.59it/s] 44%|████▎     | 4670/10724 [00:21<00:27, 218.31it/s] 44%|████▍     | 4700/10724 [00:21<00:27, 218.54it/s] 44%|████▍     | 4730/10724 [00:21<00:27, 219.47it/s] 44%|████▍     | 4760/10724 [00:21<00:27, 216.71it/s] 45%|████▍     | 4790/10724 [00:22<00:28, 209.96it/s] 45%|████▍     | 4820/10724 [00:22<00:28, 204.40it/s] 45%|████▌     | 4850/10724 [00:22<00:28, 207.81it/s] 46%|████▌     | 4880/10724 [00:22<00:27, 211.39it/s] 46%|████▌     | 4910/10724 [00:22<00:27, 212.22it/s] 46%|████▌     | 4940/10724 [00:22<00:26, 214.57it/s] 46%|████▋     | 4970/10724 [00:22<00:26, 216.38it/s] 47%|████▋     | 5000/10724 [00:23<00:26, 218.04it/s] 47%|████▋     | 5030/10724 [00:23<00:27, 209.95it/s] 47%|████▋     | 5060/10724 [00:23<00:26, 213.01it/s] 47%|████▋     | 5090/10724 [00:23<00:26, 215.47it/s] 48%|████▊     | 5120/10724 [00:23<00:25, 216.94it/s] 48%|████▊     | 5150/10724 [00:23<00:25, 217.09it/s] 48%|████▊     | 5180/10724 [00:23<00:25, 218.59it/s] 49%|████▊     | 5210/10724 [00:24<00:25, 219.13it/s] 49%|████▉     | 5240/10724 [00:24<00:25, 219.36it/s] 49%|████▉     | 5270/10724 [00:24<00:24, 218.85it/s] 49%|████▉     | 5300/10724 [00:24<00:24, 219.38it/s] 50%|████▉     | 5330/10724 [00:24<00:24, 219.95it/s] 50%|████▉     | 5360/10724 [00:24<00:24, 219.92it/s] 50%|█████     | 5390/10724 [00:24<00:24, 218.96it/s] 51%|█████     | 5420/10724 [00:25<00:24, 218.49it/s] 51%|█████     | 5450/10724 [00:25<00:24, 217.70it/s] 51%|█████     | 5480/10724 [00:25<00:24, 217.11it/s] 51%|█████▏    | 5510/10724 [00:25<00:24, 217.04it/s] 52%|█████▏    | 5540/10724 [00:25<00:23, 216.24it/s] 52%|█████▏    | 5570/10724 [00:25<00:23, 215.57it/s] 52%|█████▏    | 5600/10724 [00:25<00:23, 215.35it/s] 52%|█████▏    | 5630/10724 [00:26<00:23, 215.89it/s] 53%|█████▎    | 5660/10724 [00:26<00:23, 215.33it/s] 53%|█████▎    | 5690/10724 [00:26<00:23, 215.32it/s] 53%|█████▎    | 5720/10724 [00:26<00:23, 215.24it/s] 54%|█████▎    | 5750/10724 [00:26<00:23, 215.00it/s] 54%|█████▍    | 5780/10724 [00:26<00:22, 215.97it/s] 54%|█████▍    | 5810/10724 [00:26<00:22, 215.68it/s] 54%|█████▍    | 5840/10724 [00:27<00:22, 215.55it/s] 55%|█████▍    | 5870/10724 [00:27<00:22, 216.36it/s] 55%|█████▌    | 5900/10724 [00:27<00:22, 215.67it/s] 55%|█████▌    | 5930/10724 [00:27<00:22, 213.82it/s] 56%|█████▌    | 5960/10724 [00:27<00:22, 215.31it/s] 56%|█████▌    | 5990/10724 [00:27<00:22, 212.76it/s] 56%|█████▌    | 6020/10724 [00:27<00:21, 214.38it/s] 56%|█████▋    | 6050/10724 [00:27<00:22, 211.41it/s] 57%|█████▋    | 6080/10724 [00:28<00:22, 209.42it/s] 57%|█████▋    | 6110/10724 [00:28<00:22, 208.04it/s] 57%|█████▋    | 6140/10724 [00:28<00:22, 206.46it/s] 58%|█████▊    | 6170/10724 [00:28<00:21, 207.82it/s] 58%|█████▊    | 6200/10724 [00:28<00:21, 207.11it/s] 58%|█████▊    | 6230/10724 [00:28<00:21, 204.66it/s] 58%|█████▊    | 6260/10724 [00:29<00:21, 203.09it/s] 59%|█████▊    | 6290/10724 [00:29<00:22, 200.58it/s] 59%|█████▉    | 6320/10724 [00:29<00:21, 200.39it/s] 59%|█████▉    | 6350/10724 [00:29<00:21, 200.17it/s] 59%|█████▉    | 6380/10724 [00:29<00:21, 201.91it/s] 60%|█████▉    | 6410/10724 [00:29<00:21, 201.44it/s] 60%|██████    | 6440/10724 [00:29<00:21, 201.03it/s] 60%|██████    | 6470/10724 [00:30<00:21, 201.09it/s] 61%|██████    | 6500/10724 [00:30<00:21, 200.33it/s] 61%|██████    | 6530/10724 [00:30<00:20, 201.93it/s] 61%|██████    | 6560/10724 [00:30<00:20, 201.26it/s] 61%|██████▏   | 6590/10724 [00:30<00:20, 206.39it/s] 62%|██████▏   | 6620/10724 [00:30<00:19, 209.23it/s] 62%|██████▏   | 6650/10724 [00:30<00:19, 212.20it/s] 62%|██████▏   | 6680/10724 [00:31<00:19, 212.24it/s] 63%|██████▎   | 6710/10724 [00:31<00:19, 210.54it/s] 63%|██████▎   | 6740/10724 [00:31<00:19, 206.55it/s] 63%|██████▎   | 6770/10724 [00:31<00:19, 203.18it/s] 63%|██████▎   | 6800/10724 [00:31<00:19, 202.26it/s] 64%|██████▎   | 6830/10724 [00:31<00:18, 205.50it/s] 64%|██████▍   | 6860/10724 [00:31<00:18, 209.15it/s] 64%|██████▍   | 6890/10724 [00:32<00:18, 210.45it/s] 65%|██████▍   | 6920/10724 [00:32<00:18, 207.00it/s] 65%|██████▍   | 6950/10724 [00:32<00:18, 204.39it/s] 65%|██████▌   | 6980/10724 [00:32<00:17, 208.80it/s] 65%|██████▌   | 7010/10724 [00:32<00:17, 211.78it/s] 66%|██████▌   | 7040/10724 [00:32<00:17, 211.94it/s] 66%|██████▌   | 7070/10724 [00:32<00:17, 213.44it/s] 66%|██████▌   | 7100/10724 [00:33<00:16, 215.43it/s] 66%|██████▋   | 7130/10724 [00:33<00:16, 213.83it/s] 67%|██████▋   | 7160/10724 [00:33<00:16, 214.69it/s] 67%|██████▋   | 7190/10724 [00:33<00:16, 215.85it/s] 67%|██████▋   | 7220/10724 [00:33<00:16, 216.98it/s] 68%|██████▊   | 7250/10724 [00:33<00:15, 217.50it/s] 68%|██████▊   | 7280/10724 [00:33<00:15, 218.34it/s] 68%|██████▊   | 7310/10724 [00:34<00:15, 218.61it/s] 68%|██████▊   | 7340/10724 [00:34<00:15, 219.00it/s] 69%|██████▊   | 7370/10724 [00:34<00:15, 219.35it/s] 69%|██████▉   | 7400/10724 [00:34<00:15, 219.26it/s] 69%|██████▉   | 7430/10724 [00:34<00:15, 219.20it/s] 70%|██████▉   | 7460/10724 [00:34<00:14, 219.31it/s] 70%|██████▉   | 7490/10724 [00:34<00:14, 219.66it/s] 70%|███████   | 7520/10724 [00:35<00:15, 209.73it/s] 70%|███████   | 7550/10724 [00:35<00:14, 211.86it/s] 71%|███████   | 7580/10724 [00:35<00:14, 212.48it/s] 71%|███████   | 7610/10724 [00:35<00:14, 213.46it/s] 71%|███████   | 7640/10724 [00:35<00:14, 214.02it/s] 72%|███████▏  | 7670/10724 [00:35<00:14, 215.27it/s] 72%|███████▏  | 7700/10724 [00:35<00:14, 215.94it/s] 72%|███████▏  | 7730/10724 [00:36<00:13, 215.62it/s] 72%|███████▏  | 7760/10724 [00:36<00:13, 215.80it/s] 73%|███████▎  | 7790/10724 [00:36<00:13, 216.47it/s] 73%|███████▎  | 7820/10724 [00:36<00:13, 215.82it/s] 73%|███████▎  | 7850/10724 [00:36<00:13, 213.34it/s] 73%|███████▎  | 7880/10724 [00:36<00:14, 202.74it/s] 74%|███████▍  | 7910/10724 [00:36<00:13, 206.90it/s] 74%|███████▍  | 7940/10724 [00:37<00:13, 210.20it/s] 74%|███████▍  | 7970/10724 [00:37<00:12, 211.98it/s] 75%|███████▍  | 8000/10724 [00:37<00:12, 212.65it/s] 75%|███████▍  | 8030/10724 [00:37<00:12, 212.85it/s] 75%|███████▌  | 8060/10724 [00:37<00:12, 214.80it/s] 75%|███████▌  | 8090/10724 [00:37<00:12, 216.06it/s] 76%|███████▌  | 8120/10724 [00:37<00:11, 217.03it/s] 76%|███████▌  | 8150/10724 [00:37<00:11, 217.01it/s] 76%|███████▋  | 8180/10724 [00:38<00:11, 217.32it/s] 77%|███████▋  | 8210/10724 [00:38<00:11, 217.75it/s] 77%|███████▋  | 8240/10724 [00:38<00:11, 216.84it/s] 77%|███████▋  | 8270/10724 [00:38<00:11, 216.69it/s] 77%|███████▋  | 8300/10724 [00:38<00:11, 216.49it/s] 78%|███████▊  | 8330/10724 [00:38<00:11, 216.69it/s] 78%|███████▊  | 8360/10724 [00:38<00:10, 217.37it/s] 78%|███████▊  | 8390/10724 [00:39<00:10, 217.42it/s] 79%|███████▊  | 8420/10724 [00:39<00:10, 217.75it/s] 79%|███████▉  | 8450/10724 [00:39<00:10, 217.83it/s] 79%|███████▉  | 8480/10724 [00:39<00:10, 217.19it/s] 79%|███████▉  | 8510/10724 [00:39<00:10, 217.68it/s] 80%|███████▉  | 8540/10724 [00:39<00:10, 218.12it/s] 80%|███████▉  | 8570/10724 [00:39<00:09, 218.09it/s] 80%|████████  | 8600/10724 [00:40<00:09, 217.61it/s] 80%|████████  | 8630/10724 [00:40<00:09, 218.09it/s] 81%|████████  | 8660/10724 [00:40<00:09, 218.02it/s] 81%|████████  | 8690/10724 [00:40<00:09, 218.32it/s] 81%|████████▏ | 8720/10724 [00:40<00:09, 217.96it/s] 82%|████████▏ | 8750/10724 [00:40<00:09, 217.25it/s] 82%|████████▏ | 8780/10724 [00:40<00:08, 217.69it/s] 82%|████████▏ | 8810/10724 [00:41<00:08, 218.17it/s] 82%|████████▏ | 8840/10724 [00:41<00:08, 217.94it/s] 83%|████████▎ | 8870/10724 [00:41<00:08, 217.22it/s] 83%|████████▎ | 8900/10724 [00:41<00:08, 217.98it/s] 83%|████████▎ | 8930/10724 [00:41<00:08, 218.64it/s] 84%|████████▎ | 8960/10724 [00:41<00:08, 219.04it/s] 84%|████████▍ | 8990/10724 [00:41<00:07, 218.35it/s] 84%|████████▍ | 9020/10724 [00:41<00:07, 217.44it/s] 84%|████████▍ | 9050/10724 [00:42<00:07, 217.51it/s] 85%|████████▍ | 9080/10724 [00:42<00:07, 217.90it/s] 85%|████████▍ | 9110/10724 [00:42<00:07, 217.79it/s] 85%|████████▌ | 9140/10724 [00:42<00:07, 218.25it/s] 86%|████████▌ | 9170/10724 [00:42<00:07, 217.64it/s] 86%|████████▌ | 9200/10724 [00:42<00:06, 218.04it/s] 86%|████████▌ | 9230/10724 [00:42<00:06, 218.07it/s] 86%|████████▋ | 9260/10724 [00:43<00:06, 218.04it/s] 87%|████████▋ | 9290/10724 [00:43<00:06, 218.61it/s] 87%|████████▋ | 9320/10724 [00:43<00:06, 218.89it/s] 87%|████████▋ | 9350/10724 [00:43<00:06, 218.78it/s] 87%|████████▋ | 9380/10724 [00:43<00:06, 219.10it/s] 88%|████████▊ | 9410/10724 [00:43<00:06, 217.80it/s] 88%|████████▊ | 9440/10724 [00:43<00:05, 217.78it/s] 88%|████████▊ | 9470/10724 [00:44<00:05, 217.82it/s] 89%|████████▊ | 9500/10724 [00:44<00:05, 217.98it/s] 89%|████████▉ | 9530/10724 [00:44<00:05, 217.85it/s] 89%|████████▉ | 9560/10724 [00:44<00:05, 217.86it/s] 89%|████████▉ | 9590/10724 [00:44<00:05, 218.08it/s] 90%|████████▉ | 9620/10724 [00:44<00:05, 218.27it/s] 90%|████████▉ | 9650/10724 [00:44<00:04, 218.66it/s] 90%|█████████ | 9680/10724 [00:44<00:04, 216.48it/s] 91%|█████████ | 9710/10724 [00:45<00:04, 217.32it/s] 91%|█████████ | 9740/10724 [00:45<00:04, 217.76it/s] 91%|█████████ | 9770/10724 [00:45<00:04, 218.40it/s] 91%|█████████▏| 9800/10724 [00:45<00:04, 218.22it/s] 92%|█████████▏| 9830/10724 [00:45<00:04, 218.39it/s] 92%|█████████▏| 9860/10724 [00:45<00:03, 218.38it/s] 92%|█████████▏| 9890/10724 [00:45<00:03, 218.59it/s] 93%|█████████▎| 9920/10724 [00:46<00:03, 218.69it/s] 93%|█████████▎| 9950/10724 [00:46<00:03, 217.59it/s] 93%|█████████▎| 9980/10724 [00:46<00:03, 209.11it/s] 93%|█████████▎| 10010/10724 [00:46<00:03, 210.68it/s] 94%|█████████▎| 10040/10724 [00:46<00:03, 211.81it/s] 94%|█████████▍| 10070/10724 [00:46<00:03, 212.83it/s] 94%|█████████▍| 10100/10724 [00:46<00:02, 214.68it/s] 94%|█████████▍| 10130/10724 [00:47<00:02, 215.40it/s] 95%|█████████▍| 10160/10724 [00:47<00:02, 215.69it/s] 95%|█████████▌| 10190/10724 [00:47<00:02, 209.58it/s] 95%|█████████▌| 10220/10724 [00:47<00:02, 211.91it/s] 96%|█████████▌| 10250/10724 [00:47<00:02, 212.77it/s] 96%|█████████▌| 10280/10724 [00:47<00:02, 214.22it/s] 96%|█████████▌| 10310/10724 [00:47<00:01, 215.28it/s] 96%|█████████▋| 10340/10724 [00:48<00:01, 215.96it/s] 97%|█████████▋| 10370/10724 [00:48<00:01, 210.12it/s] 97%|█████████▋| 10400/10724 [00:48<00:01, 212.05it/s] 97%|█████████▋| 10430/10724 [00:48<00:01, 211.75it/s] 98%|█████████▊| 10460/10724 [00:48<00:01, 213.74it/s] 98%|█████████▊| 10490/10724 [00:48<00:01, 214.85it/s] 98%|█████████▊| 10520/10724 [00:48<00:00, 215.37it/s] 98%|█████████▊| 10550/10724 [00:49<00:00, 215.36it/s] 99%|█████████▊| 10580/10724 [00:49<00:00, 208.89it/s] 99%|█████████▉| 10610/10724 [00:49<00:00, 210.76it/s] 99%|█████████▉| 10640/10724 [00:49<00:00, 211.65it/s] 99%|█████████▉| 10670/10724 [00:49<00:00, 213.06it/s]100%|█████████▉| 10700/10724 [00:49<00:00, 213.71it/s]100%|██████████| 10724/10724 [00:49<00:00, 201.39it/s]100%|██████████| 10724/10724 [00:49<00:00, 214.91it/s]
  0%|          | 0/10724 [00:00<?, ?it/s]  6%|▌         | 630/10724 [00:00<00:01, 5836.67it/s] 11%|█▏        | 1214/10724 [00:00<00:02, 4625.94it/s] 17%|█▋        | 1792/10724 [00:00<00:01, 4869.09it/s] 22%|██▏       | 2408/10724 [00:00<00:01, 5088.75it/s] 27%|██▋       | 2924/10724 [00:00<00:02, 3666.91it/s] 31%|███       | 3338/10724 [00:00<00:02, 3526.29it/s] 35%|███▍      | 3720/10724 [00:01<00:02, 2891.26it/s] 39%|███▊      | 4130/10724 [00:01<00:02, 3159.63it/s] 43%|████▎     | 4592/10724 [00:01<00:01, 3409.76it/s] 46%|████▋     | 4961/10724 [00:01<00:01, 3418.01it/s] 50%|████▉     | 5322/10724 [00:01<00:01, 3254.92it/s] 53%|█████▎    | 5661/10724 [00:01<00:01, 2803.64it/s] 57%|█████▋    | 6090/10724 [00:01<00:01, 3133.28it/s] 60%|█████▉    | 6423/10724 [00:01<00:01, 2726.95it/s] 64%|██████▎   | 6832/10724 [00:02<00:01, 2934.85it/s] 68%|██████▊   | 7322/10724 [00:02<00:01, 3362.92it/s] 72%|███████▏  | 7678/10724 [00:02<00:00, 3336.30it/s] 75%|███████▍  | 8025/10724 [00:02<00:00, 3234.37it/s] 78%|███████▊  | 8358/10724 [00:02<00:00, 2772.21it/s] 82%|████████▏ | 8792/10724 [00:02<00:00, 3134.34it/s] 85%|████████▌ | 9124/10724 [00:02<00:00, 2670.18it/s] 88%|████████▊ | 9478/10724 [00:02<00:00, 2872.61it/s] 93%|█████████▎| 9968/10724 [00:03<00:00, 3309.93it/s] 97%|█████████▋| 10360/10724 [00:03<00:00, 3307.42it/s]100%|█████████▉| 10705/10724 [00:03<00:00, 3144.12it/s]100%|██████████| 10724/10724 [00:03<00:00, 3290.28it/s]
