Fri May 22 14:25:36 CEST 2026
NVIDIA H100
==========================================
=== Running jester inference (SMC-RW) ===
==========================================
[INFO] jester: jesterTOV version 0.2.2 (git 19ccec0)
[INFO] jester: Loading configuration from config.yaml
[INFO] jester: JAX devices: [CudaDevice(id=0)]
[INFO] jester: Setting up prior...
[INFO] jester: Fixed parameters found in prior file: {'E_sat': -16.0}
[INFO] jester: Prior has 26 dimensions
[INFO] jester: Prior parameter names: ['K_sat', 'Q_sat', 'Z_sat', 'E_sym', 'L_sym', 'K_sym', 'Q_sym', 'Z_sym', 'nbreak', 'n_CSE_0_u', 'cs2_CSE_0', 'n_CSE_1_u', 'cs2_CSE_1', 'n_CSE_2_u', 'cs2_CSE_2', 'n_CSE_3_u', 'cs2_CSE_3', 'n_CSE_4_u', 'cs2_CSE_4', 'n_CSE_5_u', 'cs2_CSE_5', 'n_CSE_6_u', 'cs2_CSE_6', 'n_CSE_7_u', 'cs2_CSE_7', 'cs2_CSE_8']
[INFO] jester:   [0] K_sat: Uniform(150.0, 300.0)
[INFO] jester:   [1] Q_sat: Uniform(-500.0, 1100.0)
[INFO] jester:   [2] Z_sat: Uniform(-2500.0, 1500.0)
[INFO] jester:   [3] E_sym: Uniform(28.0, 45.0)
[INFO] jester:   [4] L_sym: Uniform(10.0, 200.0)
[INFO] jester:   [5] K_sym: Uniform(-400.0, 200.0)
[INFO] jester:   [6] Q_sym: Uniform(-1000.0, 1500.0)
[INFO] jester:   [7] Z_sym: Uniform(-2000.0, 1500.0)
[INFO] jester:   [8] nbreak: Uniform(0.16, 0.32)
[INFO] jester:   [9] n_CSE_0_u: Uniform(0.0, 1.0)
[INFO] jester:   [10] cs2_CSE_0: Uniform(0.0, 1.0)
[INFO] jester:   [11] n_CSE_1_u: Uniform(0.0, 1.0)
[INFO] jester:   [12] cs2_CSE_1: Uniform(0.0, 1.0)
[INFO] jester:   [13] n_CSE_2_u: Uniform(0.0, 1.0)
[INFO] jester:   [14] cs2_CSE_2: Uniform(0.0, 1.0)
[INFO] jester:   [15] n_CSE_3_u: Uniform(0.0, 1.0)
[INFO] jester:   [16] cs2_CSE_3: Uniform(0.0, 1.0)
[INFO] jester:   [17] n_CSE_4_u: Uniform(0.0, 1.0)
[INFO] jester:   [18] cs2_CSE_4: Uniform(0.0, 1.0)
[INFO] jester:   [19] n_CSE_5_u: Uniform(0.0, 1.0)
[INFO] jester:   [20] cs2_CSE_5: Uniform(0.0, 1.0)
[INFO] jester:   [21] n_CSE_6_u: Uniform(0.0, 1.0)
[INFO] jester:   [22] cs2_CSE_6: Uniform(0.0, 1.0)
[INFO] jester:   [23] n_CSE_7_u: Uniform(0.0, 1.0)
[INFO] jester:   [24] cs2_CSE_7: Uniform(0.0, 1.0)
[INFO] jester:   [25] cs2_CSE_8: Uniform(0.0, 1.0)
[INFO] jester: Setting up transform...
[INFO] jester: Derived max_nbreak from nbreak prior: 2.0000 n_sat
[INFO] jester: Initialized JesterTransform: EOS=MetaModel_with_CSE_EOS_model, TOV=<jesterTOV.tov.gr.GRTOVSolver object at 0x14563837dfd0>
[INFO] jester:   Fixed parameters: {'E_sat': -16.0}
[INFO] jester: EOS type: metamodel_cse
[INFO] jester:   nb_CSE: 8
[INFO] jester:   ndat_metamodel: 200
[INFO] jester:   nmax_nsat: 25.0
[INFO] jester: TOV solver: gr
[INFO] jester:   ndat_TOV: 100
[INFO] jester: Checking to prepare GW normalizing flows...
[INFO] jester: Using provided NPZ posterior samples for 'GW231109_ET' at jester_eos_et_run_alignedspin.npz
[INFO] jester: Reusing cached flow for 'GW231109_ET' at outdir/gw_flow_cache/GW231109_ET
[INFO] jester: Setting up likelihood...
[INFO] jester: Loading NF model for GW231109_ET from /gpfs/home6/twouters2/projects/19_GW231109_referee_report/GW231109_extreme_matter/referee/jester_reruns/3G/et_ns/outdir/gw_flow_cache/GW231109_ET
[INFO] jester: Loaded NF model for GW231109_ET
[INFO] jester: Pre-sampling 2000 mass pairs with seed=42 for GW231109_ET
[INFO] jester: Pre-sampled mass range: m1=[1.434, 1.652] Msun, m2=[1.275, 1.464] Msun
[INFO] jester: Number of enabled likelihoods: 3
[INFO] jester:   - CONSTRAINTS_EOS:
[INFO] jester:     {
      "type": "constraints_eos",
      "penalty_causality": -10000000000.0,
      "penalty_stability": -10000000000.0,
      "penalty_pressure": -10000000000.0
}
[INFO] jester:   - RADIO:
[INFO] jester:     {
      "type": "radio",
      "pulsars": [
            {
                  "name": "J1614",
                  "mass_mean": 1.94,
                  "mass_std": 0.01
            },
            {
                  "name": "J0740",
                  "mass_mean": 2.08,
                  "mass_std": 0.07
            }
      ],
      "penalty_value": -100000.0,
      "nb_masses": 100
}
[INFO] jester:   - GW:
[INFO] jester:     {
      "type": "gw",
      "events": [
            {
                  "name": "GW231109_ET",
                  "nf_model_dir": "outdir/gw_flow_cache/GW231109_ET",
                  "from_bilby_result": null,
                  "from_npz_file": null,
                  "flow_config": null,
                  "retrain_flow": false
            }
      ],
      "penalty_value": 0.0,
      "N_masses_evaluation": 2000,
      "N_masses_batch_size": 1000,
      "seed": 42
}
[INFO] jester: Setting up blackjax-ns-aw sampler...
[INFO] jester: No sample transforms provided - creating unit cube transforms for NS-AW
[INFO] jester: Initializing BlackJAX Nested Sampling (Acceptance Walk) sampler
[INFO] jester: Configuration: 3000 live points, delete fraction 0.5
[INFO] jester: Termination: dlogZ < 0.1
[INFO] jester: ============================================================
[INFO] jester: Configuration Summary
[INFO] jester: ============================================================
[INFO] jester: EOS type: metamodel_cse
[INFO] jester: TOV solver: gr
[INFO] jester: Random seed: 43
[INFO] jester: Sampler type: blackjax-ns-aw
[INFO] jester: Sampler Configuration:
[INFO] jester:   Live points: 3000
[INFO] jester:   Delete fraction: 0.5
[INFO] jester:   Target MCMC steps: 60
[INFO] jester:   Termination dlogZ: 0.1
[INFO] jester:   EOS samples to generate: 5000
[INFO] jester:   Output directory: ./outdir/
[INFO] jester: ============================================================

[INFO] jester: Testing likelihood evaluation...
[INFO] jester: Test log probabilities: [-360.74215606  -41.96054968 -285.70432614]
[INFO] jester: Starting sampling with seed 43...
[INFO] jester: Starting nested sampling...
[INFO] jester: Sampling 3000 live points, batch size 1500
[INFO] jester: ======================================================================
[INFO] jester: STARTING NESTED SAMPLING
[INFO] jester: ======================================================================
[INFO] jester: Live points: 3000
[INFO] jester: Delete fraction: 0.5 (1500 points per iteration)
[INFO] jester: Termination: dlogZ < 0.1
[INFO] jester: Max MCMC steps: 5000
[INFO] jester: Progress updates will be shown after each iteration
[INFO] jester: ======================================================================
[INFO] jester: Iteration    1 | logZ=    -38.82 | dlogZ= 27.1702
[INFO] jester: Iteration    2 | logZ=    -28.69 | dlogZ= 17.0258
[INFO] jester: Iteration    3 | logZ=    -23.49 | dlogZ= 11.7905
[INFO] jester: Iteration    4 | logZ=    -17.46 | dlogZ=  5.7568
[INFO] jester: Iteration    5 | logZ=    -14.12 | dlogZ=  2.4085
[INFO] jester: Iteration    6 | logZ=    -12.78 | dlogZ=  1.0635
[INFO] jester: Iteration    7 | logZ=    -12.21 | dlogZ=  0.4910
[INFO] jester: Iteration    8 | logZ=    -11.95 | dlogZ=  0.2355
[INFO] jester: Iteration    9 | logZ=    -11.83 | dlogZ=  0.1157
[INFO] jester: Iteration   10 | logZ=    -11.77 | dlogZ=  0.0575
[INFO] jester: Finalizing nested sampling results...
[INFO] jester: Transforming samples back to prior space...
[INFO] jester: ======================================================================
[INFO] jester: NESTED SAMPLING COMPLETE
[INFO] jester: ======================================================================
[INFO] jester: Total iterations: 10
[INFO] jester: Dead points generated: 15000
[INFO] jester: Final evidence: log(Z) = -11.77 ± 0.06
[INFO] jester: Final dlogZ: 0.0575 (termination criterion: 0.1)
[INFO] jester: Sampling time: 63 minutes 31.3 seconds
[INFO] jester: Likelihood evaluations: 15891000
[INFO] jester: ======================================================================
[INFO] jester: ======================================================================
[INFO] jester: NESTED SAMPLING SUMMARY
[INFO] jester: ======================================================================
[INFO] jester: log(Z) = -11.77 ± 0.06
[INFO] jester: Live points: 3000
[INFO] jester: Sampling time: 3811.3s
[INFO] jester: Posterior samples: 18000
[INFO] jester: Sampling complete! Runtime: 63 min 31 sec
[INFO] jester: Creating InferenceResult from sampler output...
[INFO] jester: Extracting results from blackjax_ns_aw sampler
[INFO] jester: Resampling weighted NS samples to produce unweighted posterior...
[INFO] jester: Effective sample size: 7393.1 / 18000 raw samples
[INFO] jester: Resampling to 7393 unweighted posterior samples...
[INFO] jester: Resampling complete: 7393 unweighted samples
[INFO] jester: ============================================================
[INFO] jester: Generating EOS from posterior samples
[INFO] jester: ============================================================
[INFO] jester: Generating EOS for 5000 of 7393 posterior samples
[INFO] jester: Applying transform to 5000 samples...
[INFO] jester: Using batch size: 1000
[INFO] jester: TOV solve time: 12.67 s (5000 samples)
[INFO] jester: Adding derived EOS quantities to posterior
[INFO] jester: Added 8 derived EOS quantities
[INFO] jester: Filtering log_prob, sampler fields, and parameters to match EOS samples...
[INFO] jester: Filtered from 7393 to 5000 samples
[WARNING] jester: Array length mismatch: _sampler_specific has 2 samples, expected 5000
[INFO] jester: EOS generation complete!
[INFO] jester: ============================================================
[INFO] jester: Saving inference results to outdir/results.h5
[INFO] jester: Successfully saved results to outdir/results.h5
[INFO] jester: Results saved to ./outdir/results.h5
[INFO] jester: ============================================================
[INFO] jester: Running postprocessing...
[INFO] jester: ============================================================
[INFO] jester: TeX rendering enabled
[INFO] jester: Generating plots for directory: ./outdir/
[INFO] jester: Saving plots to: ./outdir/figures
[INFO] jester: Loading inference results from outdir/results.h5
[INFO] jester: Successfully loaded blackjax_ns_aw results
[INFO] jester: Found 26 parameter names in metadata: ['nbreak', 'K_sym', 'n_CSE_2_u', 'cs2_CSE_6', 'Q_sat', 'cs2_CSE_4', 'n_CSE_4_u', 'cs2_CSE_5', 'Z_sym', 'n_CSE_3_u', 'cs2_CSE_0', 'n_CSE_7_u', 'E_sym', 'cs2_CSE_8', 'Q_sym', 'n_CSE_0_u', 'n_CSE_5_u', 'cs2_CSE_2', 'Z_sat', 'L_sym', 'cs2_CSE_7', 'n_CSE_1_u', 'K_sat', 'n_CSE_6_u', 'cs2_CSE_3', 'cs2_CSE_1']
[INFO] jester: Data loaded successfully!
[INFO] jester: Loaded injection EOS from ../jester_GW170817_maxL_EOS.npz
[INFO] jester: Available keys: ['n', 'p', 'e', 'masses_EOS', 'radii_EOS', 'Lambdas_EOS']
[WARNING] jester: Injection EOS file missing some keys: ['Lambda_EOS', 'cs2']. Available keys: ['masses_EOS', 'radii_EOS', 'n', 'p', 'e']
[INFO] jester: Loaded injection EOS with keys: ['masses_EOS', 'radii_EOS', 'n', 'p', 'e']
[INFO] jester: Injection EOS data loaded successfully!
[INFO] jester: Creating mass-radius plot...
[INFO] jester: Plotting 4980 M-R curves (excluded 20 invalid samples)...
[WARNING] jester: 3/4980 (0.1%) samples had an unstable part (multi-branch) in their NS solution. These samples are not accounted for properly during inference; the plot shows each stable branch separately. If this percentage is low, the impact on the posterior is negligible.
[INFO] jester: Mass-radius plot saved to ./outdir/figures/mass_radius_plot.pdf
[INFO] jester: Creating mass-Lambda plot...
[INFO] jester: Plotting 4980 M-Lambda curves (excluded 20 invalid samples)...
[WARNING] jester: 3/4980 (0.1%) samples had an unstable part (multi-branch) in their NS solution. These samples are not accounted for properly during inference; the plot shows each stable branch separately. If this percentage is low, the impact on the posterior is negligible.
[INFO] jester: Mass-Lambda plot saved to ./outdir/figures/mass_lambda_plot.pdf
[WARNING] jester: Injection data missing 'masses_EOS' or 'Lambda_EOS'; skipping mass-Lambda ratio plot.
[INFO] jester: Creating pressure-density plot...
[INFO] jester: Plotting 4980 p-n curves (excluded 20 invalid)...
[INFO] jester: Pressure-density plot saved to ./outdir/figures/pressure_density_plot.pdf
[INFO] jester: Creating parameter histograms...
[INFO] jester: Injection MTOV: 2.14
[INFO] jester: MTOV histogram saved to ./outdir/figures/MTOV_histogram.pdf
[INFO] jester: Injection R14: 12.23
[INFO] jester: R14 histogram saved to ./outdir/figures/R14_histogram.pdf
[INFO] jester: Lambda14 histogram saved to ./outdir/figures/Lambda14_histogram.pdf
[INFO] jester: Injection p3nsat: 70.77
[INFO] jester: p3nsat histogram saved to ./outdir/figures/p3nsat_histogram.pdf
[INFO] jester: n_TOV histogram saved to ./outdir/figures/n_TOV_histogram.pdf
[INFO] jester: Creating cs2-density plot...
[INFO] jester: Plotting 4980 cs2-n curves (excluded 20 invalid)...
[INFO] jester: cs2-density plot saved to ./outdir/figures/cs2_density_plot.pdf
[INFO] jester: All plotting scripts executed and generated plots saved to ./outdir/figures
[INFO] jester: 
Postprocessing complete! Plots saved to ./outdir/
[INFO] jester: 
Inference complete! Results saved to ./outdir/
