10:28 bilby INFO    : Waveform generator instantiated: WaveformGenerator(duration=6300, sampling_frequency=4096, start_time=0, frequency_domain_source_model=bilby.gw.source.lal_binary_neutron_star, time_domain_source_model=None, parameter_conversion=bilby.gw.conversion.convert_to_lal_binary_neutron_star_parameters, waveform_arguments={'waveform_approximant': 'IMRPhenomXAS_NRTidalv3', 'reference_frequency': 5.0, 'minimum_frequency': 5.0})
10:28 bilby INFO    : Injected signal in ET1:
10:28 bilby INFO    :   optimal SNR = 106.94
10:28 bilby INFO    :   matched filter SNR = 109.17-0.03j
10:28 bilby INFO    :   mass_1 = 1.5879187040159342
10:28 bilby INFO    :   mass_2 = 1.4188967691574992
10:28 bilby INFO    :   geocent_time = 1383609314.0505133
10:28 bilby INFO    :   a_1 = 0.0305182034770227
10:28 bilby INFO    :   a_2 = 0.028570123024914268
10:28 bilby INFO    :   phi_12 = 0.0
10:28 bilby INFO    :   phi_jl = 0.0
10:28 bilby INFO    :   psi = 1.5591681494817768
10:28 bilby INFO    :   theta_jn = 2.5287713998365304
10:28 bilby INFO    :   ra = 0.1778415509774547
10:28 bilby INFO    :   dec = -0.602827165369817
10:28 bilby INFO    :   tilt_1 = 0.0
10:28 bilby INFO    :   tilt_2 = 0.0
10:28 bilby INFO    :   phase = 3.139490467696903
10:28 bilby INFO    :   luminosity_distance = 168.3222418883087
10:28 bilby INFO    :   lambda_1 = 218.1030772913739
10:28 bilby INFO    :   lambda_2 = 463.5935338315368
10:28 bilby INFO    : Injected signal in ET2:
10:28 bilby INFO    :   optimal SNR = 64.18
10:28 bilby INFO    :   matched filter SNR = 64.98-0.39j
10:28 bilby INFO    :   mass_1 = 1.5879187040159342
10:28 bilby INFO    :   mass_2 = 1.4188967691574992
10:28 bilby INFO    :   geocent_time = 1383609314.0505133
10:28 bilby INFO    :   a_1 = 0.0305182034770227
10:28 bilby INFO    :   a_2 = 0.028570123024914268
10:28 bilby INFO    :   phi_12 = 0.0
10:28 bilby INFO    :   phi_jl = 0.0
10:28 bilby INFO    :   psi = 1.5591681494817768
10:28 bilby INFO    :   theta_jn = 2.5287713998365304
10:28 bilby INFO    :   ra = 0.1778415509774547
10:28 bilby INFO    :   dec = -0.602827165369817
10:28 bilby INFO    :   tilt_1 = 0.0
10:28 bilby INFO    :   tilt_2 = 0.0
10:28 bilby INFO    :   phase = 3.139490467696903
10:28 bilby INFO    :   luminosity_distance = 168.3222418883087
10:28 bilby INFO    :   lambda_1 = 218.1030772913739
10:28 bilby INFO    :   lambda_2 = 463.5935338315368
10:28 bilby INFO    : Injected signal in ET3:
10:28 bilby INFO    :   optimal SNR = 43.08
10:28 bilby INFO    :   matched filter SNR = 43.96-0.29j
10:28 bilby INFO    :   mass_1 = 1.5879187040159342
10:28 bilby INFO    :   mass_2 = 1.4188967691574992
10:28 bilby INFO    :   geocent_time = 1383609314.0505133
10:28 bilby INFO    :   a_1 = 0.0305182034770227
10:28 bilby INFO    :   a_2 = 0.028570123024914268
10:28 bilby INFO    :   phi_12 = 0.0
10:28 bilby INFO    :   phi_jl = 0.0
10:28 bilby INFO    :   psi = 1.5591681494817768
10:28 bilby INFO    :   theta_jn = 2.5287713998365304
10:28 bilby INFO    :   ra = 0.1778415509774547
10:28 bilby INFO    :   dec = -0.602827165369817
10:28 bilby INFO    :   tilt_1 = 0.0
10:28 bilby INFO    :   tilt_2 = 0.0
10:28 bilby INFO    :   phase = 3.139490467696903
10:28 bilby INFO    :   luminosity_distance = 168.3222418883087
10:28 bilby INFO    :   lambda_1 = 218.1030772913739
10:28 bilby INFO    :   lambda_2 = 463.5935338315368
10:28 bilby INFO    : Waveform generator instantiated: WaveformGenerator(duration=6300, sampling_frequency=4096, start_time=0, frequency_domain_source_model=bilby.gw.source.binary_neutron_star_frequency_sequence, time_domain_source_model=None, parameter_conversion=bilby.gw.conversion.convert_to_lal_binary_neutron_star_parameters, waveform_arguments={'waveform_approximant': 'IMRPhenomXP_NRTidalv3', 'reference_frequency': 5.0})
10:28 bilby INFO    : Loaded distance marginalisation lookup table from .distance_marginalization_lookup.npz.
10:28 bilby INFO    : The total frequency range is divided into 12 bands with frequency intervals of 1/6300.0 Hz, 1/3150.0 Hz, 1/1575.0 Hz, 1/787.5 Hz, 1/393.75 Hz, 1/196.875 Hz, 1/98.4375 Hz, 1/49.21875 Hz, 1/24.609375 Hz, 1/12.3046875 Hz, 1/6.15234375 Hz, 1/3.076171875 Hz.
10:28 bilby INFO    : The number of frequency points where waveforms are evaluated is 33258.
10:28 bilby INFO    : The speed-up gain of multi-banding is 387.00162366949303.
10:28 bilby INFO    : Pre-computing linear coefficients for ET1
10:28 bilby INFO    : Pre-computing linear coefficients for ET2
10:28 bilby INFO    : Pre-computing linear coefficients for ET3
10:28 bilby INFO    : Linear-interpolation algorithm is used for (h, h).
10:28 bilby INFO    : Pre-computing quadratic coefficients for the 0-th band
10:28 bilby INFO    : Pre-computing quadratic coefficients for the 1-th band
10:28 bilby INFO    : Pre-computing quadratic coefficients for the 2-th band
10:28 bilby INFO    : Pre-computing quadratic coefficients for the 3-th band
10:28 bilby INFO    : Pre-computing quadratic coefficients for the 4-th band
10:28 bilby INFO    : Pre-computing quadratic coefficients for the 5-th band
10:28 bilby INFO    : Pre-computing quadratic coefficients for the 6-th band
10:28 bilby INFO    : Pre-computing quadratic coefficients for the 7-th band
10:28 bilby INFO    : Pre-computing quadratic coefficients for the 8-th band
10:28 bilby INFO    : Pre-computing quadratic coefficients for the 9-th band
10:28 bilby INFO    : Pre-computing quadratic coefficients for the 10-th band
10:28 bilby INFO    : Pre-computing quadratic coefficients for the 11-th band
10:28 bilby INFO    : Running for label 'ET_gw231109_injection_alignedspin', output will be saved to 'outdir'
10:28 bilby INFO    : Using lal version 7.7.1
10:28 bilby INFO    : Using lal git version Branch: None;Tag: lalsuite-v7.26.14;Id: 69ed1ab069f0d3b9ea9e1bcf9113585077688d47;;Builder: Unknown User <>;Repository status: UNCLEAN: Modified working tree
10:28 bilby INFO    : Using lalsimulation version 6.2.1
10:28 bilby INFO    : Using lalsimulation git version Branch: None;Tag: lalsuite-v7.26.14;Id: 69ed1ab069f0d3b9ea9e1bcf9113585077688d47;;Builder: Unknown User <>;Repository status: UNCLEAN: Modified working tree
10:28 bilby INFO    : Analysis priors:
10:28 bilby INFO    : chirp_mass=bilby.gw.prior.UniformInComponentsChirpMass(minimum=1.29, maximum=1.32, name='chirp_mass', latex_label='$\\mathcal{M}$', unit='$M_{\\odot}$', boundary=None)
10:28 bilby INFO    : mass_ratio=bilby.gw.prior.UniformInComponentsMassRatio(minimum=0.125, maximum=1, name='mass_ratio', latex_label='$q$', unit=None, boundary=None, equal_mass=False)
10:28 bilby INFO    : a_1=Uniform(minimum=0, maximum=0.05, name='a_1', latex_label='$a_1$', unit=None, boundary=None)
10:28 bilby INFO    : a_2=Uniform(minimum=0, maximum=0.05, name='a_2', latex_label='$a_2$', unit=None, boundary=None)
10:28 bilby INFO    : tilt_1=Sine(minimum=0, maximum=3.141592653589793, name='tilt_1', latex_label='$\\theta_1$', unit=None, boundary=None)
10:28 bilby INFO    : tilt_2=Sine(minimum=0, maximum=3.141592653589793, name='tilt_2', latex_label='$\\theta_2$', unit=None, boundary=None)
10:28 bilby INFO    : phi_12=Uniform(minimum=0, maximum=6.283185307179586, name='phi_12', latex_label='$\\Delta\\phi$', unit=None, boundary='periodic')
10:28 bilby INFO    : phi_jl=Uniform(minimum=0, maximum=6.283185307179586, name='phi_jl', latex_label='$\\phi_{JL}$', unit=None, boundary='periodic')
10:28 bilby INFO    : lambda_1=Uniform(minimum=0, maximum=5000.0, name='lambda_1', latex_label='$\\Lambda_1$', unit=None, boundary=None)
10:28 bilby INFO    : lambda_2=Uniform(minimum=0, maximum=5000.0, name='lambda_2', latex_label='$\\Lambda_2$', unit=None, boundary=None)
10:28 bilby INFO    : geocent_time=Uniform(minimum=1383609313.956813, maximum=1383609314.156813, name='geocent_time', latex_label='$t_c$', unit='s', boundary=None)
10:28 bilby INFO    : dec=Cosine(minimum=-1.5707963267948966, maximum=1.5707963267948966, name='dec', latex_label='$\\mathrm{DEC}$', unit=None, boundary=None)
10:28 bilby INFO    : ra=Uniform(minimum=0, maximum=6.283185307179586, name='ra', latex_label='$\\mathrm{RA}$', unit=None, boundary='periodic')
10:28 bilby INFO    : theta_jn=Sine(minimum=0, maximum=3.141592653589793, name='theta_jn', latex_label='$\\theta_{JN}$', unit=None, boundary=None)
10:28 bilby INFO    : psi=Uniform(minimum=0, maximum=3.141592653589793, name='psi', latex_label='$\\psi$', unit=None, boundary='periodic')
10:28 bilby INFO    : luminosity_distance=757.3617876306158
10:28 bilby INFO    : phase=0.0
10:28 bilby INFO    : Analysis likelihood class: <class 'bilby.gw.likelihood.multiband.MBGravitationalWaveTransient'>
10:28 bilby INFO    : Analysis likelihood noise evidence: -38624475.688123584
10:28 bilby INFO    : Single likelihood evaluation took 2.653e-02 s
10:28 bilby INFO    : Using sampler Dynesty with kwargs {'nlive': 2000, 'bound': 'live', 'sample': 'acceptance-walk', 'periodic': None, 'reflective': None, 'update_interval': 600, 'first_update': None, 'rstate': None, 'queue_size': 192, 'pool': None, 'use_pool': None, 'live_points': None, 'logl_args': None, 'logl_kwargs': None, 'ptform_args': None, 'ptform_kwargs': None, 'enlarge': None, 'bootstrap': None, 'walks': 100, 'facc': 0.2, 'slices': None, 'ncdim': None, 'blob': False, 'save_evaluation_history': False, 'history_filename': None, 'maxiter': None, 'maxcall': None, 'dlogz': 0.1, 'logl_max': inf, 'add_live': True, 'print_progress': True, 'print_func': <bound method Dynesty._print_func of <bilby.core.sampler.dynesty.Dynesty object at 0x7f04954d2450>>, 'save_bounds': False, 'checkpoint_file': None, 'checkpoint_every': 60, 'resume': False, 'seed': None}
10:28 bilby INFO    : Global meta data was removed from the result object for compatibility. Use the `BILBY_INCLUDE_GLOBAL_METADATA` environment variable to include it. This behaviour will be removed in a future release. For more details see: https://bilby-dev.github.io/bilby/faq.html#global-meta-data
10:28 bilby INFO    : Checkpoint every check_point_delta_t = 1800s
10:28 bilby INFO    : Using dynesty version 3.0.0
10:28 bilby INFO    : Setting up multiproccesing pool with 192 processes
10:28 bilby INFO    : Resume file outdir/ET_gw231109_injection_alignedspin_resume.pickle does not exist.
10:28 bilby INFO    : Generating initial points from the prior
10:29 bilby INFO    : Using the bilby-implemented ensemble rwalk sampling method with an average of 60 accepted steps up to chain length 5000.
11:00 bilby INFO    : Written checkpoint file outdir/ET_gw231109_injection_alignedspin_resume.pickle
11:00 bilby WARNING : The data appears to lie in a lower-dimensional subspace of the space in which it is expressed. This has resulted in a singular data covariance matrix, which cannot be treated using the algorithms implemented in `gaussian_kde`. Consider performing principal component analysis / dimensionality reduction and using `gaussian_kde` with the transformed data.
11:00 bilby WARNING : Failed to create dynesty state plot at checkpoint
11:00 bilby WARNING : The data appears to lie in a lower-dimensional subspace of the space in which it is expressed. This has resulted in a singular data covariance matrix, which cannot be treated using the algorithms implemented in `gaussian_kde`. Consider performing principal component analysis / dimensionality reduction and using `gaussian_kde` with the transformed data.
11:00 bilby WARNING : Failed to create dynesty unit state plot at checkpoint
/work/wouters/projects/19_GW231109_referee/.venv/lib/python3.12/site-packages/dynesty/plotting.py:252: RuntimeWarning: overflow encountered in exp
  np.exp(logwt), logz if logplot else np.exp(logz)
11:01 bilby WARNING : The data appears to lie in a lower-dimensional subspace of the space in which it is expressed. This has resulted in a singular data covariance matrix, which cannot be treated using the algorithms implemented in `gaussian_kde`. Consider performing principal component analysis / dimensionality reduction and using `gaussian_kde` with the transformed data.
11:01 bilby WARNING : Failed to create dynesty run plot at checkpoint
11:32 bilby INFO    : Written checkpoint file outdir/ET_gw231109_injection_alignedspin_resume.pickle
/work/wouters/projects/19_GW231109_referee/.venv/lib/python3.12/site-packages/dynesty/plotting.py:786: UserWarning: Attempting to set identical low and high ylims makes transformation singular; automatically expanding.
  ax.set_ylim([0., max(y0) * 1.05])
11:32 bilby WARNING : Too many bins for data range. Cannot create 500 finite-sized bins.
11:32 bilby WARNING : Failed to create dynesty state plot at checkpoint
/work/wouters/projects/19_GW231109_referee/.venv/lib/python3.12/site-packages/dynesty/plotting.py:786: UserWarning: Attempting to set identical low and high ylims makes transformation singular; automatically expanding.
  ax.set_ylim([0., max(y0) * 1.05])
/work/wouters/projects/19_GW231109_referee/.venv/lib/python3.12/site-packages/dynesty/plotting.py:252: RuntimeWarning: overflow encountered in exp
  np.exp(logwt), logz if logplot else np.exp(logz)
/work/wouters/projects/19_GW231109_referee/.venv/lib/python3.12/site-packages/dynesty/plotting.py:282: RuntimeWarning: overflow encountered in exp
  zspan = (0., 1.05 * np.exp(logz[-1] + 3. * logzerr[-1]))
11:32 bilby WARNING : Axis limits cannot be NaN or Inf
11:32 bilby WARNING : Failed to create dynesty run plot at checkpoint
12:04 bilby INFO    : Written checkpoint file outdir/ET_gw231109_injection_alignedspin_resume.pickle
/work/wouters/projects/19_GW231109_referee/.venv/lib/python3.12/site-packages/dynesty/plotting.py:786: UserWarning: Attempting to set identical low and high ylims makes transformation singular; automatically expanding.
  ax.set_ylim([0., max(y0) * 1.05])
12:04 bilby WARNING : Too many bins for data range. Cannot create 500 finite-sized bins.
12:04 bilby WARNING : Failed to create dynesty state plot at checkpoint
/work/wouters/projects/19_GW231109_referee/.venv/lib/python3.12/site-packages/dynesty/plotting.py:786: UserWarning: Attempting to set identical low and high ylims makes transformation singular; automatically expanding.
  ax.set_ylim([0., max(y0) * 1.05])
/work/wouters/projects/19_GW231109_referee/.venv/lib/python3.12/site-packages/dynesty/plotting.py:252: RuntimeWarning: overflow encountered in exp
  np.exp(logwt), logz if logplot else np.exp(logz)
/work/wouters/projects/19_GW231109_referee/.venv/lib/python3.12/site-packages/dynesty/plotting.py:282: RuntimeWarning: overflow encountered in exp
  zspan = (0., 1.05 * np.exp(logz[-1] + 3. * logzerr[-1]))
12:04 bilby WARNING : Axis limits cannot be NaN or Inf
12:04 bilby WARNING : Failed to create dynesty run plot at checkpoint
12:36 bilby INFO    : Written checkpoint file outdir/ET_gw231109_injection_alignedspin_resume.pickle
/work/wouters/projects/19_GW231109_referee/.venv/lib/python3.12/site-packages/dynesty/plotting.py:786: UserWarning: Attempting to set identical low and high ylims makes transformation singular; automatically expanding.
  ax.set_ylim([0., max(y0) * 1.05])
12:36 bilby WARNING : Too many bins for data range. Cannot create 500 finite-sized bins.
12:36 bilby WARNING : Failed to create dynesty state plot at checkpoint
/work/wouters/projects/19_GW231109_referee/.venv/lib/python3.12/site-packages/dynesty/plotting.py:786: UserWarning: Attempting to set identical low and high ylims makes transformation singular; automatically expanding.
  ax.set_ylim([0., max(y0) * 1.05])
/work/wouters/projects/19_GW231109_referee/.venv/lib/python3.12/site-packages/dynesty/plotting.py:252: RuntimeWarning: overflow encountered in exp
  np.exp(logwt), logz if logplot else np.exp(logz)
/work/wouters/projects/19_GW231109_referee/.venv/lib/python3.12/site-packages/dynesty/plotting.py:282: RuntimeWarning: overflow encountered in exp
  zspan = (0., 1.05 * np.exp(logz[-1] + 3. * logzerr[-1]))
12:37 bilby WARNING : Axis limits cannot be NaN or Inf
12:37 bilby WARNING : Failed to create dynesty run plot at checkpoint
13:09 bilby INFO    : Written checkpoint file outdir/ET_gw231109_injection_alignedspin_resume.pickle
/work/wouters/projects/19_GW231109_referee/.venv/lib/python3.12/site-packages/dynesty/plotting.py:786: UserWarning: Attempting to set identical low and high ylims makes transformation singular; automatically expanding.
  ax.set_ylim([0., max(y0) * 1.05])
13:09 bilby WARNING : Too many bins for data range. Cannot create 500 finite-sized bins.
13:09 bilby WARNING : Failed to create dynesty state plot at checkpoint
/work/wouters/projects/19_GW231109_referee/.venv/lib/python3.12/site-packages/dynesty/plotting.py:786: UserWarning: Attempting to set identical low and high ylims makes transformation singular; automatically expanding.
  ax.set_ylim([0., max(y0) * 1.05])
/work/wouters/projects/19_GW231109_referee/.venv/lib/python3.12/site-packages/dynesty/plotting.py:252: RuntimeWarning: overflow encountered in exp
  np.exp(logwt), logz if logplot else np.exp(logz)
/work/wouters/projects/19_GW231109_referee/.venv/lib/python3.12/site-packages/dynesty/plotting.py:282: RuntimeWarning: overflow encountered in exp
  zspan = (0., 1.05 * np.exp(logz[-1] + 3. * logzerr[-1]))
13:09 bilby WARNING : Axis limits cannot be NaN or Inf
13:09 bilby WARNING : Failed to create dynesty run plot at checkpoint
13:42 bilby INFO    : Written checkpoint file outdir/ET_gw231109_injection_alignedspin_resume.pickle
/work/wouters/projects/19_GW231109_referee/.venv/lib/python3.12/site-packages/dynesty/plotting.py:252: RuntimeWarning: overflow encountered in exp
  np.exp(logwt), logz if logplot else np.exp(logz)
/work/wouters/projects/19_GW231109_referee/.venv/lib/python3.12/site-packages/dynesty/plotting.py:282: RuntimeWarning: overflow encountered in exp
  zspan = (0., 1.05 * np.exp(logz[-1] + 3. * logzerr[-1]))
13:43 bilby WARNING : Axis limits cannot be NaN or Inf
13:43 bilby WARNING : Failed to create dynesty run plot at checkpoint
14:14 bilby INFO    : Written checkpoint file outdir/ET_gw231109_injection_alignedspin_resume.pickle
/work/wouters/projects/19_GW231109_referee/.venv/lib/python3.12/site-packages/dynesty/plotting.py:252: RuntimeWarning: overflow encountered in exp
  np.exp(logwt), logz if logplot else np.exp(logz)
/work/wouters/projects/19_GW231109_referee/.venv/lib/python3.12/site-packages/dynesty/plotting.py:282: RuntimeWarning: overflow encountered in exp
  zspan = (0., 1.05 * np.exp(logz[-1] + 3. * logzerr[-1]))
14:15 bilby WARNING : Axis limits cannot be NaN or Inf
14:15 bilby WARNING : Failed to create dynesty run plot at checkpoint
14:46 bilby INFO    : Written checkpoint file outdir/ET_gw231109_injection_alignedspin_resume.pickle
/work/wouters/projects/19_GW231109_referee/.venv/lib/python3.12/site-packages/dynesty/plotting.py:252: RuntimeWarning: overflow encountered in exp
  np.exp(logwt), logz if logplot else np.exp(logz)
/work/wouters/projects/19_GW231109_referee/.venv/lib/python3.12/site-packages/dynesty/plotting.py:282: RuntimeWarning: overflow encountered in exp
  zspan = (0., 1.05 * np.exp(logz[-1] + 3. * logzerr[-1]))
14:47 bilby WARNING : Axis limits cannot be NaN or Inf
14:47 bilby WARNING : Failed to create dynesty run plot at checkpoint
15:19 bilby INFO    : Written checkpoint file outdir/ET_gw231109_injection_alignedspin_resume.pickle
/work/wouters/projects/19_GW231109_referee/.venv/lib/python3.12/site-packages/dynesty/plotting.py:252: RuntimeWarning: overflow encountered in exp
  np.exp(logwt), logz if logplot else np.exp(logz)
/work/wouters/projects/19_GW231109_referee/.venv/lib/python3.12/site-packages/dynesty/plotting.py:282: RuntimeWarning: overflow encountered in exp
  zspan = (0., 1.05 * np.exp(logz[-1] + 3. * logzerr[-1]))
15:20 bilby WARNING : Axis limits cannot be NaN or Inf
15:20 bilby WARNING : Failed to create dynesty run plot at checkpoint
15:53 bilby INFO    : Written checkpoint file outdir/ET_gw231109_injection_alignedspin_resume.pickle
/work/wouters/projects/19_GW231109_referee/.venv/lib/python3.12/site-packages/dynesty/plotting.py:252: RuntimeWarning: overflow encountered in exp
  np.exp(logwt), logz if logplot else np.exp(logz)
/work/wouters/projects/19_GW231109_referee/.venv/lib/python3.12/site-packages/dynesty/plotting.py:282: RuntimeWarning: overflow encountered in exp
  zspan = (0., 1.05 * np.exp(logz[-1] + 3. * logzerr[-1]))
15:53 bilby WARNING : Axis limits cannot be NaN or Inf
15:53 bilby WARNING : Failed to create dynesty run plot at checkpoint
16:25 bilby INFO    : Written checkpoint file outdir/ET_gw231109_injection_alignedspin_resume.pickle
/work/wouters/projects/19_GW231109_referee/.venv/lib/python3.12/site-packages/dynesty/plotting.py:252: RuntimeWarning: overflow encountered in exp
  np.exp(logwt), logz if logplot else np.exp(logz)
/work/wouters/projects/19_GW231109_referee/.venv/lib/python3.12/site-packages/dynesty/plotting.py:282: RuntimeWarning: overflow encountered in exp
  zspan = (0., 1.05 * np.exp(logz[-1] + 3. * logzerr[-1]))
16:26 bilby WARNING : Axis limits cannot be NaN or Inf
16:26 bilby WARNING : Failed to create dynesty run plot at checkpoint
16:59 bilby INFO    : Written checkpoint file outdir/ET_gw231109_injection_alignedspin_resume.pickle
/work/wouters/projects/19_GW231109_referee/.venv/lib/python3.12/site-packages/dynesty/plotting.py:252: RuntimeWarning: overflow encountered in exp
  np.exp(logwt), logz if logplot else np.exp(logz)
/work/wouters/projects/19_GW231109_referee/.venv/lib/python3.12/site-packages/dynesty/plotting.py:282: RuntimeWarning: overflow encountered in exp
  zspan = (0., 1.05 * np.exp(logz[-1] + 3. * logzerr[-1]))
16:59 bilby WARNING : Axis limits cannot be NaN or Inf
16:59 bilby WARNING : Failed to create dynesty run plot at checkpoint
17:33 bilby INFO    : Written checkpoint file outdir/ET_gw231109_injection_alignedspin_resume.pickle
/work/wouters/projects/19_GW231109_referee/.venv/lib/python3.12/site-packages/dynesty/plotting.py:252: RuntimeWarning: overflow encountered in exp
  np.exp(logwt), logz if logplot else np.exp(logz)
/work/wouters/projects/19_GW231109_referee/.venv/lib/python3.12/site-packages/dynesty/plotting.py:282: RuntimeWarning: overflow encountered in exp
  zspan = (0., 1.05 * np.exp(logz[-1] + 3. * logzerr[-1]))
17:33 bilby WARNING : Axis limits cannot be NaN or Inf
17:33 bilby WARNING : Failed to create dynesty run plot at checkpoint
18:05 bilby INFO    : Written checkpoint file outdir/ET_gw231109_injection_alignedspin_resume.pickle
/work/wouters/projects/19_GW231109_referee/.venv/lib/python3.12/site-packages/dynesty/plotting.py:252: RuntimeWarning: overflow encountered in exp
  np.exp(logwt), logz if logplot else np.exp(logz)
/work/wouters/projects/19_GW231109_referee/.venv/lib/python3.12/site-packages/dynesty/plotting.py:282: RuntimeWarning: overflow encountered in exp
  zspan = (0., 1.05 * np.exp(logz[-1] + 3. * logzerr[-1]))
18:06 bilby WARNING : Axis limits cannot be NaN or Inf
18:06 bilby WARNING : Failed to create dynesty run plot at checkpoint
18:38 bilby INFO    : Written checkpoint file outdir/ET_gw231109_injection_alignedspin_resume.pickle
/work/wouters/projects/19_GW231109_referee/.venv/lib/python3.12/site-packages/dynesty/plotting.py:252: RuntimeWarning: overflow encountered in exp
  np.exp(logwt), logz if logplot else np.exp(logz)
/work/wouters/projects/19_GW231109_referee/.venv/lib/python3.12/site-packages/dynesty/plotting.py:282: RuntimeWarning: overflow encountered in exp
  zspan = (0., 1.05 * np.exp(logz[-1] + 3. * logzerr[-1]))
18:39 bilby WARNING : Axis limits cannot be NaN or Inf
18:39 bilby WARNING : Failed to create dynesty run plot at checkpoint
19:11 bilby INFO    : Written checkpoint file outdir/ET_gw231109_injection_alignedspin_resume.pickle
/work/wouters/projects/19_GW231109_referee/.venv/lib/python3.12/site-packages/dynesty/plotting.py:252: RuntimeWarning: overflow encountered in exp
  np.exp(logwt), logz if logplot else np.exp(logz)
/work/wouters/projects/19_GW231109_referee/.venv/lib/python3.12/site-packages/dynesty/plotting.py:282: RuntimeWarning: overflow encountered in exp
  zspan = (0., 1.05 * np.exp(logz[-1] + 3. * logzerr[-1]))
19:12 bilby WARNING : Axis limits cannot be NaN or Inf
19:12 bilby WARNING : Failed to create dynesty run plot at checkpoint
19:45 bilby INFO    : Written checkpoint file outdir/ET_gw231109_injection_alignedspin_resume.pickle
/work/wouters/projects/19_GW231109_referee/.venv/lib/python3.12/site-packages/dynesty/plotting.py:252: RuntimeWarning: overflow encountered in exp
  np.exp(logwt), logz if logplot else np.exp(logz)
/work/wouters/projects/19_GW231109_referee/.venv/lib/python3.12/site-packages/dynesty/plotting.py:282: RuntimeWarning: overflow encountered in exp
  zspan = (0., 1.05 * np.exp(logz[-1] + 3. * logzerr[-1]))
19:45 bilby WARNING : Axis limits cannot be NaN or Inf
19:45 bilby WARNING : Failed to create dynesty run plot at checkpoint
20:18 bilby INFO    : Written checkpoint file outdir/ET_gw231109_injection_alignedspin_resume.pickle
/work/wouters/projects/19_GW231109_referee/.venv/lib/python3.12/site-packages/dynesty/plotting.py:252: RuntimeWarning: overflow encountered in exp
  np.exp(logwt), logz if logplot else np.exp(logz)
/work/wouters/projects/19_GW231109_referee/.venv/lib/python3.12/site-packages/dynesty/plotting.py:282: RuntimeWarning: overflow encountered in exp
  zspan = (0., 1.05 * np.exp(logz[-1] + 3. * logzerr[-1]))
20:19 bilby WARNING : Axis limits cannot be NaN or Inf
20:19 bilby WARNING : Failed to create dynesty run plot at checkpoint
20:51 bilby INFO    : Written checkpoint file outdir/ET_gw231109_injection_alignedspin_resume.pickle
/work/wouters/projects/19_GW231109_referee/.venv/lib/python3.12/site-packages/dynesty/plotting.py:252: RuntimeWarning: overflow encountered in exp
  np.exp(logwt), logz if logplot else np.exp(logz)
/work/wouters/projects/19_GW231109_referee/.venv/lib/python3.12/site-packages/dynesty/plotting.py:282: RuntimeWarning: overflow encountered in exp
  zspan = (0., 1.05 * np.exp(logz[-1] + 3. * logzerr[-1]))
20:52 bilby WARNING : Axis limits cannot be NaN or Inf
20:52 bilby WARNING : Failed to create dynesty run plot at checkpoint
21:26 bilby INFO    : Written checkpoint file outdir/ET_gw231109_injection_alignedspin_resume.pickle
/work/wouters/projects/19_GW231109_referee/.venv/lib/python3.12/site-packages/dynesty/plotting.py:252: RuntimeWarning: overflow encountered in exp
  np.exp(logwt), logz if logplot else np.exp(logz)
/work/wouters/projects/19_GW231109_referee/.venv/lib/python3.12/site-packages/dynesty/plotting.py:282: RuntimeWarning: overflow encountered in exp
  zspan = (0., 1.05 * np.exp(logz[-1] + 3. * logzerr[-1]))
21:26 bilby WARNING : Axis limits cannot be NaN or Inf
21:26 bilby WARNING : Failed to create dynesty run plot at checkpoint
21:59 bilby INFO    : Written checkpoint file outdir/ET_gw231109_injection_alignedspin_resume.pickle
/work/wouters/projects/19_GW231109_referee/.venv/lib/python3.12/site-packages/dynesty/plotting.py:252: RuntimeWarning: overflow encountered in exp
  np.exp(logwt), logz if logplot else np.exp(logz)
/work/wouters/projects/19_GW231109_referee/.venv/lib/python3.12/site-packages/dynesty/plotting.py:282: RuntimeWarning: overflow encountered in exp
  zspan = (0., 1.05 * np.exp(logz[-1] + 3. * logzerr[-1]))
21:59 bilby WARNING : Axis limits cannot be NaN or Inf
21:59 bilby WARNING : Failed to create dynesty run plot at checkpoint
22:09 bilby INFO    : Written checkpoint file outdir/ET_gw231109_injection_alignedspin_resume.pickle
/work/wouters/projects/19_GW231109_referee/.venv/lib/python3.12/site-packages/dynesty/plotting.py:252: RuntimeWarning: overflow encountered in exp
  np.exp(logwt), logz if logplot else np.exp(logz)
/work/wouters/projects/19_GW231109_referee/.venv/lib/python3.12/site-packages/dynesty/plotting.py:282: RuntimeWarning: overflow encountered in exp
  zspan = (0., 1.05 * np.exp(logz[-1] + 3. * logzerr[-1]))
22:09 bilby WARNING : Axis limits cannot be NaN or Inf
22:09 bilby WARNING : Failed to create dynesty run plot at checkpoint
22:09 bilby INFO    : Starting to close worker pool.
22:09 bilby INFO    : Finished closing worker pool.
22:09 bilby INFO    : Rejection sampling nested samples to obtain 10353 posterior samples
22:09 bilby INFO    : Sampling time: 11:40:19.061919
22:09 bilby WARNING : Result.save_to_file called with extension=True. This will default to json, and ignore the extension from the filename. This behaviour is deprecated and will be removed. 
22:10 bilby INFO    : Computing per-detector log likelihoods.
22:10 bilby INFO    : Using a pool with size 192 for nsamples=10353
22:10 bilby INFO    : Reconstructing marginalised parameters.
22:10 bilby INFO    : Cached samples dict out of date, ignoring
22:10 bilby INFO    : Using a pool with size 192 for nsamples=10353
22:11 bilby INFO    : Computing SNRs for every sample.
22:11 bilby INFO    : Using a pool with size 192 for nsamples=10353
22:12 bilby WARNING : Result.save_to_file called with extension=True. This will default to json, and ignore the extension from the filename. This behaviour is deprecated and will be removed. 
22:12 bilby INFO    : Summary of results:
nsamples: 10353
ln_noise_evidence: -38624475.688
ln_evidence: -38615494.341 +/-  0.176
ln_bayes_factor: 8981.347 +/-  0.176

