Original Lambdas:
Lambda 1: 226.15368890383624
Lambda 2: 470.4950264665735
mass_1_source: 1.5312678092812273
mass_2_source: 1.3682759336539767
Overwriting with the jester EOS:
NEW Lambdas:
Lambda 1: 218.1030772913739
Lambda 2: 463.5935338315368
1it [0:00:00 bound:0 nc:  1 ncall:1.0e+00 eff:100.0% logz-ratio=-2697.94+/-0.06 dlogz:inf>0.1]
7013it [0:01:03 bound:0 nc: 80 ncall:6.7e+04 eff:10.4% logz-ratio=49.29+/-0.06 dlogz:2.17e+03>0.1]
7562it [0:02:54 bound:3 nc:938 ncall:2.5e+05 eff:3.1% logz-ratio=67.18+/-0.06 dlogz:2.16e+03>0.1]
7929it [0:04:42 bound:5 nc:899 ncall:5.8e+05 eff:1.4% logz-ratio=80.88+/-0.06 dlogz:2.14e+03>0.1]
8483it [0:05:46 bound:8 nc:209 ncall:8.8e+05 eff:1.0% logz-ratio=103.30+/-0.06 dlogz:2.12e+03>0.1]
9222it [0:07:03 bound:12 nc:258 ncall:1.1e+06 eff:0.8% logz-ratio=142.84+/-0.06 dlogz:2.65e+03>0.1]
9768it [0:08:08 bound:15 nc:291 ncall:1.3e+06 eff:0.8% logz-ratio=174.24+/-0.07 dlogz:3.27e+03>0.1]
10314it [0:09:13 bound:18 nc:382 ncall:1.4e+06 eff:0.7% logz-ratio=213.23+/-0.07 dlogz:3.23e+03>0.1]
10869it [0:10:20 bound:21 nc:415 ncall:1.6e+06 eff:0.7% logz-ratio=254.62+/-0.07 dlogz:3.19e+03>0.1]
11424it [0:11:40 bound:24 nc:474 ncall:1.8e+06 eff:0.6% logz-ratio=299.92+/-0.07 dlogz:3.15e+03>0.1]
11975it [0:12:49 bound:27 nc:226 ncall:2.1e+06 eff:0.6% logz-ratio=353.97+/-0.07 dlogz:3.09e+03>0.1]
12528it [0:14:03 bound:30 nc:456 ncall:2.3e+06 eff:0.6% logz-ratio=416.38+/-0.07 dlogz:3.06e+03>0.1]
12900it [0:15:09 bound:32 nc:375 ncall:2.4e+06 eff:0.5% logz-ratio=457.97+/-0.07 dlogz:3.02e+03>0.1]
13456it [0:16:38 bound:35 nc:475 ncall:2.7e+06 eff:0.5% logz-ratio=524.30+/-0.08 dlogz:2.95e+03>0.1]
14014it [0:17:57 bound:38 nc:270 ncall:2.9e+06 eff:0.5% logz-ratio=602.37+/-0.08 dlogz:2.87e+03>0.1]
14560it [0:19:25 bound:41 nc:381 ncall:3.2e+06 eff:0.5% logz-ratio=675.35+/-0.08 dlogz:3.48e+03>0.1]
15112it [0:21:05 bound:44 nc:478 ncall:3.4e+06 eff:0.4% logz-ratio=755.29+/-0.08 dlogz:3.4e+03>0.1]
15665it [0:22:32 bound:47 nc:385 ncall:3.7e+06 eff:0.4% logz-ratio=840.32+/-0.08 dlogz:3.31e+03>0.1]
16029it [0:23:37 bound:49 nc:374 ncall:3.8e+06 eff:0.4% logz-ratio=901.85+/-0.08 dlogz:3.25e+03>0.1]
16401it [0:24:45 bound:51 nc:387 ncall:4.0e+06 eff:0.4% logz-ratio=958.51+/-0.08 dlogz:3.19e+03>0.1]
16762it [0:25:50 bound:53 nc:533 ncall:4.2e+06 eff:0.4% logz-ratio=1021.48+/-0.08 dlogz:3.13e+03>0.1]
17122it [0:26:55 bound:55 nc:458 ncall:4.3e+06 eff:0.4% logz-ratio=1079.64+/-0.08 dlogz:3.07e+03>0.1]
17495it [0:28:03 bound:57 nc:407 ncall:4.5e+06 eff:0.4% logz-ratio=1144.45+/-0.08 dlogz:3.44e+03>0.1]
17867it [0:29:13 bound:59 nc:642 ncall:4.7e+06 eff:0.4% logz-ratio=1207.28+/-0.08 dlogz:3.46e+03>0.1]
18231it [0:30:25 bound:61 nc:389 ncall:4.9e+06 eff:0.4% logz-ratio=1269.13+/-0.08 dlogz:3.4e+03>0.1]
18417it [0:32:01 bound:62 nc:951 ncall:5.0e+06 eff:0.4% logz-ratio=1301.11+/-0.08 dlogz:3.37e+03>0.1]
18784it [0:33:17 bound:64 nc:685 ncall:5.2e+06 eff:0.4% logz-ratio=1368.24+/-0.09 dlogz:3.3e+03>0.1]
19155it [0:34:36 bound:66 nc:641 ncall:5.4e+06 eff:0.4% logz-ratio=1439.82+/-0.08 dlogz:3.43e+03>0.1]
19524it [0:36:00 bound:68 nc:592 ncall:5.6e+06 eff:0.3% logz-ratio=1512.25+/-0.09 dlogz:3.36e+03>0.1]
19886it [0:37:14 bound:70 nc:616 ncall:5.9e+06 eff:0.3% logz-ratio=1581.72+/-0.09 dlogz:3.29e+03>0.1]
20256it [0:38:35 bound:72 nc:561 ncall:6.1e+06 eff:0.3% logz-ratio=1647.35+/-0.09 dlogz:3.23e+03>0.1]
20623it [0:40:05 bound:74 nc:588 ncall:6.3e+06 eff:0.3% logz-ratio=1720.45+/-0.09 dlogz:3.39e+03>0.1]
20990it [0:41:34 bound:76 nc:1321 ncall:6.6e+06 eff:0.3% logz-ratio=1789.45+/-0.09 dlogz:3.32e+03>0.1]
21356it [0:43:00 bound:78 nc:754 ncall:6.8e+06 eff:0.3% logz-ratio=1868.70+/-0.09 dlogz:3.24e+03>0.1]
21724it [0:44:24 bound:80 nc:506 ncall:7.1e+06 eff:0.3% logz-ratio=1940.48+/-0.09 dlogz:4.22e+03>0.1]
22084it [0:45:59 bound:82 nc:755 ncall:7.3e+06 eff:0.3% logz-ratio=2005.32+/-0.09 dlogz:4.15e+03>0.1]
22451it [0:47:29 bound:84 nc:676 ncall:7.6e+06 eff:0.3% logz-ratio=2081.33+/-0.09 dlogz:4.08e+03>0.1]
22822it [0:49:06 bound:86 nc:1031 ncall:7.8e+06 eff:0.3% logz-ratio=2160.13+/-0.09 dlogz:4e+03>0.1]
23189it [0:50:38 bound:88 nc:830 ncall:8.1e+06 eff:0.3% logz-ratio=2234.26+/-0.09 dlogz:3.92e+03>0.1]
23554it [0:52:18 bound:90 nc:673 ncall:8.3e+06 eff:0.3% logz-ratio=2307.11+/-0.09 dlogz:3.85e+03>0.1]
23918it [0:54:06 bound:92 nc:1476 ncall:8.6e+06 eff:0.3% logz-ratio=2378.51+/-0.09 dlogz:4.73e+03>0.1]
24101it [0:55:14 bound:93 nc:763 ncall:8.8e+06 eff:0.3% logz-ratio=2419.05+/-0.09 dlogz:4.68e+03>0.1]
24465it [0:56:57 bound:95 nc:963 ncall:9.1e+06 eff:0.3% logz-ratio=2489.59+/-0.09 dlogz:4.61e+03>0.1]
24646it [0:58:03 bound:96 nc:815 ncall:9.3e+06 eff:0.3% logz-ratio=2526.94+/-0.09 dlogz:4.58e+03>0.1]
25019it [0:59:45 bound:98 nc:684 ncall:9.6e+06 eff:0.3% logz-ratio=2598.15+/-0.09 dlogz:4.51e+03>0.1]
25203it [1:00:45 bound:99 nc:1028 ncall:9.7e+06 eff:0.3% logz-ratio=2630.37+/-0.09 dlogz:4.47e+03>0.1]
25395it [1:03:08 bound:100 nc:783 ncall:9.9e+06 eff:0.3% logz-ratio=2667.43+/-0.09 dlogz:4.44e+03>0.1]
25749it [1:04:50 bound:102 nc:710 ncall:1.0e+07 eff:0.3% logz-ratio=2745.06+/-0.09 dlogz:4.36e+03>0.1]
25937it [1:05:51 bound:103 nc:807 ncall:1.0e+07 eff:0.3% logz-ratio=2779.26+/-0.09 dlogz:4.32e+03>0.1]
26122it [1:06:56 bound:104 nc:1117 ncall:1.0e+07 eff:0.2% logz-ratio=2822.49+/-0.10 dlogz:4.28e+03>0.1]
26488it [1:08:50 bound:106 nc:2021 ncall:1.1e+07 eff:0.2% logz-ratio=2900.96+/-0.10 dlogz:4.2e+03>0.1]
26855it [1:10:36 bound:108 nc:863 ncall:1.1e+07 eff:0.2% logz-ratio=2985.65+/-0.10 dlogz:4.24e+03>0.1]
27037it [1:11:38 bound:109 nc:990 ncall:1.1e+07 eff:0.2% logz-ratio=3022.25+/-0.10 dlogz:4.2e+03>0.1]
27400it [1:13:30 bound:111 nc:785 ncall:1.2e+07 eff:0.2% logz-ratio=3104.82+/-0.10 dlogz:4.75e+03>0.1]
27767it [1:15:20 bound:113 nc:952 ncall:1.2e+07 eff:0.2% logz-ratio=3186.72+/-0.10 dlogz:4.67e+03>0.1]
28131it [1:17:09 bound:115 nc:824 ncall:1.2e+07 eff:0.2% logz-ratio=3276.75+/-0.10 dlogz:4.65e+03>0.1]
28492it [1:19:00 bound:117 nc:694 ncall:1.3e+07 eff:0.2% logz-ratio=3358.10+/-0.10 dlogz:4.57e+03>0.1]
28863it [1:20:55 bound:119 nc:871 ncall:1.3e+07 eff:0.2% logz-ratio=3443.31+/-0.10 dlogz:4.49e+03>0.1]
29044it [1:21:55 bound:120 nc:1952 ncall:1.3e+07 eff:0.2% logz-ratio=3489.57+/-0.10 dlogz:4.44e+03>0.1]
29406it [1:23:43 bound:122 nc:768 ncall:1.3e+07 eff:0.2% logz-ratio=3580.13+/-0.10 dlogz:4.35e+03>0.1]
29586it [1:24:43 bound:123 nc:1726 ncall:1.3e+07 eff:0.2% logz-ratio=3629.08+/-0.10 dlogz:4.3e+03>0.1]
29771it [1:25:43 bound:124 nc:1116 ncall:1.4e+07 eff:0.2% logz-ratio=3673.76+/-0.10 dlogz:4.26e+03>0.1]
29958it [1:26:49 bound:125 nc:780 ncall:1.4e+07 eff:0.2% logz-ratio=3718.11+/-0.10 dlogz:4.21e+03>0.1]
30139it [1:27:49 bound:126 nc:925 ncall:1.4e+07 eff:0.2% logz-ratio=3765.76+/-0.10 dlogz:4.16e+03>0.1]
30327it [1:28:52 bound:127 nc:1059 ncall:1.4e+07 eff:0.2% logz-ratio=3816.37+/-0.10 dlogz:4.11e+03>0.1]
30511it [1:30:00 bound:128 nc:1004 ncall:1.4e+07 eff:0.2% logz-ratio=3860.74+/-0.10 dlogz:4.22e+03>0.1]
30699it [1:31:09 bound:129 nc:1313 ncall:1.4e+07 eff:0.2% logz-ratio=3902.30+/-0.10 dlogz:4.18e+03>0.1]
30883it [1:32:18 bound:130 nc:1068 ncall:1.5e+07 eff:0.2% logz-ratio=3946.91+/-0.10 dlogz:4.14e+03>0.1]
31064it [1:33:26 bound:131 nc:685 ncall:1.5e+07 eff:0.2% logz-ratio=3998.07+/-0.10 dlogz:4.08e+03>0.1]
31068it [1:35:16 bound:131 nc:1027 ncall:1.5e+07 eff:0.2% logz-ratio=4000.00+/-0.10 dlogz:4.08e+03>0.1]
31243it [1:36:24 bound:132 nc:717 ncall:1.5e+07 eff:0.2% logz-ratio=4048.58+/-0.10 dlogz:4.03e+03>0.1]
31426it [1:37:33 bound:133 nc:584 ncall:1.5e+07 eff:0.2% logz-ratio=4097.79+/-0.10 dlogz:3.98e+03>0.1]
31606it [1:38:42 bound:134 nc:826 ncall:1.5e+07 eff:0.2% logz-ratio=4151.32+/-0.10 dlogz:3.93e+03>0.1]
31788it [1:39:48 bound:135 nc:775 ncall:1.6e+07 eff:0.2% logz-ratio=4200.63+/-0.10 dlogz:3.88e+03>0.1]
31974it [1:40:52 bound:136 nc:777 ncall:1.6e+07 eff:0.2% logz-ratio=4250.79+/-0.10 dlogz:3.86e+03>0.1]
32155it [1:42:02 bound:137 nc:957 ncall:1.6e+07 eff:0.2% logz-ratio=4304.08+/-0.10 dlogz:3.81e+03>0.1]
32335it [1:43:11 bound:138 nc:966 ncall:1.6e+07 eff:0.2% logz-ratio=4353.87+/-0.10 dlogz:3.76e+03>0.1]
32515it [1:44:19 bound:139 nc:1053 ncall:1.6e+07 eff:0.2% logz-ratio=4409.43+/-0.10 dlogz:3.7e+03>0.1]
32702it [1:45:24 bound:140 nc:1178 ncall:1.7e+07 eff:0.2% logz-ratio=4461.28+/-0.11 dlogz:3.65e+03>0.1]
32887it [1:46:29 bound:141 nc:805 ncall:1.7e+07 eff:0.2% logz-ratio=4517.93+/-0.10 dlogz:3.59e+03>0.1]
33071it [1:47:34 bound:142 nc:1347 ncall:1.7e+07 eff:0.2% logz-ratio=4574.42+/-0.10 dlogz:3.54e+03>0.1]
33258it [1:48:40 bound:143 nc:1225 ncall:1.7e+07 eff:0.2% logz-ratio=4628.29+/-0.10 dlogz:3.48e+03>0.1]
33440it [1:49:43 bound:144 nc:1592 ncall:1.7e+07 eff:0.2% logz-ratio=4684.90+/-0.10 dlogz:3.43e+03>0.1]
33624it [1:50:47 bound:145 nc:1149 ncall:1.7e+07 eff:0.2% logz-ratio=4736.17+/-0.11 dlogz:3.38e+03>0.1]
33811it [1:51:54 bound:146 nc:871 ncall:1.8e+07 eff:0.2% logz-ratio=4781.79+/-0.11 dlogz:3.33e+03>0.1]
33991it [1:53:00 bound:147 nc:1086 ncall:1.8e+07 eff:0.2% logz-ratio=4830.41+/-0.11 dlogz:3.28e+03>0.1]
34176it [1:54:07 bound:148 nc:1109 ncall:1.8e+07 eff:0.2% logz-ratio=4888.21+/-0.11 dlogz:3.22e+03>0.1]
34360it [1:55:13 bound:149 nc:764 ncall:1.8e+07 eff:0.2% logz-ratio=4945.77+/-0.11 dlogz:3.17e+03>0.1]
34543it [1:56:22 bound:150 nc:2462 ncall:1.8e+07 eff:0.2% logz-ratio=5005.94+/-0.11 dlogz:3.11e+03>0.1]
34721it [1:57:27 bound:151 nc:923 ncall:1.9e+07 eff:0.2% logz-ratio=5066.42+/-0.11 dlogz:3.05e+03>0.1]
34902it [1:58:38 bound:152 nc:756 ncall:1.9e+07 eff:0.2% logz-ratio=5126.82+/-0.11 dlogz:2.99e+03>0.1]
35084it [1:59:43 bound:153 nc:823 ncall:1.9e+07 eff:0.2% logz-ratio=5184.99+/-0.11 dlogz:2.93e+03>0.1]
35268it [2:00:56 bound:154 nc:868 ncall:1.9e+07 eff:0.2% logz-ratio=5245.26+/-0.11 dlogz:2.87e+03>0.1]
35450it [2:02:05 bound:155 nc:752 ncall:1.9e+07 eff:0.2% logz-ratio=5300.72+/-0.11 dlogz:2.92e+03>0.1]
35632it [2:03:17 bound:156 nc:1088 ncall:1.9e+07 eff:0.2% logz-ratio=5358.46+/-0.11 dlogz:3.17e+03>0.1]
35816it [2:04:21 bound:157 nc:1060 ncall:2.0e+07 eff:0.2% logz-ratio=5413.13+/-0.11 dlogz:3.11e+03>0.1]
35999it [2:05:27 bound:158 nc:857 ncall:2.0e+07 eff:0.2% logz-ratio=5467.29+/-0.11 dlogz:3.06e+03>0.1]
36003it [2:07:23 bound:158 nc:1221 ncall:2.0e+07 eff:0.2% logz-ratio=5468.46+/-0.11 dlogz:3.06e+03>0.1]
36185it [2:08:34 bound:159 nc:1379 ncall:2.0e+07 eff:0.2% logz-ratio=5528.91+/-0.11 dlogz:3e+03>0.1]
36365it [2:09:46 bound:160 nc:537 ncall:2.0e+07 eff:0.2% logz-ratio=5583.75+/-0.11 dlogz:2.94e+03>0.1]
36550it [2:10:56 bound:161 nc:1208 ncall:2.0e+07 eff:0.2% logz-ratio=5639.40+/-0.11 dlogz:2.89e+03>0.1]
36731it [2:12:04 bound:162 nc:1816 ncall:2.1e+07 eff:0.2% logz-ratio=5699.03+/-0.11 dlogz:2.83e+03>0.1]
36912it [2:13:18 bound:163 nc:780 ncall:2.1e+07 eff:0.2% logz-ratio=5753.87+/-0.11 dlogz:2.77e+03>0.1]
37098it [2:14:27 bound:164 nc:1122 ncall:2.1e+07 eff:0.2% logz-ratio=5804.91+/-0.11 dlogz:2.72e+03>0.1]
37283it [2:15:39 bound:165 nc:1060 ncall:2.1e+07 eff:0.2% logz-ratio=5862.86+/-0.11 dlogz:2.66e+03>0.1]
37461it [2:16:46 bound:166 nc:1278 ncall:2.1e+07 eff:0.2% logz-ratio=5925.64+/-0.11 dlogz:2.6e+03>0.1]
37638it [2:17:53 bound:167 nc:1754 ncall:2.1e+07 eff:0.2% logz-ratio=5982.65+/-0.11 dlogz:2.54e+03>0.1]
37818it [2:19:05 bound:168 nc:737 ncall:2.2e+07 eff:0.2% logz-ratio=6036.21+/-0.11 dlogz:2.49e+03>0.1]
38001it [2:20:12 bound:169 nc:808 ncall:2.2e+07 eff:0.2% logz-ratio=6094.21+/-0.11 dlogz:2.43e+03>0.1]
38183it [2:21:24 bound:170 nc:1160 ncall:2.2e+07 eff:0.2% logz-ratio=6141.17+/-0.11 dlogz:2.38e+03>0.1]
38368it [2:22:34 bound:171 nc:1165 ncall:2.2e+07 eff:0.2% logz-ratio=6197.88+/-0.11 dlogz:2.33e+03>0.1]
38550it [2:23:47 bound:172 nc:1153 ncall:2.2e+07 eff:0.2% logz-ratio=6245.76+/-0.11 dlogz:2.28e+03>0.1]
38736it [2:25:02 bound:173 nc:1179 ncall:2.3e+07 eff:0.2% logz-ratio=6301.13+/-0.11 dlogz:2.22e+03>0.1]
38922it [2:26:14 bound:174 nc:761 ncall:2.3e+07 eff:0.2% logz-ratio=6358.13+/-0.11 dlogz:2.17e+03>0.1]
39110it [2:27:23 bound:175 nc:2128 ncall:2.3e+07 eff:0.2% logz-ratio=6406.37+/-0.11 dlogz:2.12e+03>0.1]
39294it [2:28:33 bound:176 nc:551 ncall:2.3e+07 eff:0.2% logz-ratio=6456.66+/-0.11 dlogz:2.07e+03>0.1]
39475it [2:29:43 bound:177 nc:2091 ncall:2.3e+07 eff:0.2% logz-ratio=6507.61+/-0.11 dlogz:2.02e+03>0.1]
39659it [2:30:54 bound:178 nc:1126 ncall:2.4e+07 eff:0.2% logz-ratio=6559.33+/-0.11 dlogz:1.97e+03>0.1]
39841it [2:32:05 bound:179 nc:1220 ncall:2.4e+07 eff:0.2% logz-ratio=6612.04+/-0.11 dlogz:1.91e+03>0.1]
40026it [2:33:15 bound:180 nc:712 ncall:2.4e+07 eff:0.2% logz-ratio=6662.18+/-0.11 dlogz:1.86e+03>0.1]
40212it [2:34:30 bound:181 nc:1300 ncall:2.4e+07 eff:0.2% logz-ratio=6706.21+/-0.11 dlogz:1.82e+03>0.1]
40396it [2:35:42 bound:182 nc:838 ncall:2.4e+07 eff:0.2% logz-ratio=6755.25+/-0.11 dlogz:1.77e+03>0.1]
40581it [2:36:55 bound:183 nc:1924 ncall:2.4e+07 eff:0.2% logz-ratio=6802.50+/-0.11 dlogz:1.72e+03>0.1]
40765it [2:38:14 bound:184 nc:1028 ncall:2.5e+07 eff:0.2% logz-ratio=6851.74+/-0.11 dlogz:1.67e+03>0.1]
40766it [2:40:17 bound:184 nc:1151 ncall:2.5e+07 eff:0.2% logz-ratio=6852.06+/-0.11 dlogz:1.67e+03>0.1]
40947it [2:41:32 bound:185 nc:1236 ncall:2.5e+07 eff:0.2% logz-ratio=6897.71+/-0.11 dlogz:1.66e+03>0.1]
41130it [2:42:40 bound:186 nc:1112 ncall:2.5e+07 eff:0.2% logz-ratio=6942.14+/-0.11 dlogz:1.62e+03>0.1]
41307it [2:43:56 bound:187 nc:1095 ncall:2.5e+07 eff:0.2% logz-ratio=6993.29+/-0.11 dlogz:1.57e+03>0.1]
41489it [2:45:10 bound:188 nc:1828 ncall:2.5e+07 eff:0.2% logz-ratio=7033.63+/-0.11 dlogz:1.6e+03>0.1]
41673it [2:46:20 bound:189 nc:1085 ncall:2.6e+07 eff:0.2% logz-ratio=7079.44+/-0.12 dlogz:1.55e+03>0.1]
41860it [2:47:39 bound:190 nc:796 ncall:2.6e+07 eff:0.2% logz-ratio=7123.67+/-0.11 dlogz:1.51e+03>0.1]
42043it [2:49:00 bound:191 nc:860 ncall:2.6e+07 eff:0.2% logz-ratio=7163.98+/-0.11 dlogz:1.47e+03>0.1]
42226it [2:50:15 bound:192 nc:676 ncall:2.6e+07 eff:0.2% logz-ratio=7204.16+/-0.11 dlogz:1.43e+03>0.1]
42411it [2:51:26 bound:193 nc:1101 ncall:2.6e+07 eff:0.2% logz-ratio=7239.01+/-0.12 dlogz:1.4e+03>0.1]
42591it [2:52:44 bound:194 nc:583 ncall:2.7e+07 eff:0.2% logz-ratio=7278.54+/-0.12 dlogz:1.36e+03>0.1]
42774it [2:54:03 bound:195 nc:1165 ncall:2.7e+07 eff:0.2% logz-ratio=7315.13+/-0.11 dlogz:1.36e+03>0.1]
42961it [2:55:19 bound:196 nc:1079 ncall:2.7e+07 eff:0.2% logz-ratio=7356.37+/-0.12 dlogz:1.32e+03>0.1]
43149it [2:56:34 bound:197 nc:1506 ncall:2.7e+07 eff:0.2% logz-ratio=7394.52+/-0.12 dlogz:1.28e+03>0.1]
43328it [2:57:49 bound:198 nc:1303 ncall:2.7e+07 eff:0.2% logz-ratio=7432.75+/-0.12 dlogz:1.24e+03>0.1]
43516it [2:59:04 bound:199 nc:832 ncall:2.8e+07 eff:0.2% logz-ratio=7472.39+/-0.12 dlogz:1.2e+03>0.1]
43704it [3:00:24 bound:200 nc:1190 ncall:2.8e+07 eff:0.2% logz-ratio=7506.23+/-0.12 dlogz:1.25e+03>0.1]
43885it [3:01:44 bound:201 nc:856 ncall:2.8e+07 eff:0.2% logz-ratio=7536.55+/-0.12 dlogz:1.22e+03>0.1]
44070it [3:03:07 bound:202 nc:1243 ncall:2.8e+07 eff:0.2% logz-ratio=7565.99+/-0.12 dlogz:1.19e+03>0.1]
44257it [3:04:21 bound:203 nc:868 ncall:2.8e+07 eff:0.2% logz-ratio=7599.50+/-0.12 dlogz:1.27e+03>0.1]
44444it [3:05:35 bound:204 nc:1171 ncall:2.9e+07 eff:0.2% logz-ratio=7630.76+/-0.12 dlogz:1.24e+03>0.1]
44630it [3:06:55 bound:205 nc:1482 ncall:2.9e+07 eff:0.2% logz-ratio=7663.14+/-0.12 dlogz:1.21e+03>0.1]
44815it [3:08:18 bound:206 nc:1059 ncall:2.9e+07 eff:0.2% logz-ratio=7696.51+/-0.12 dlogz:1.17e+03>0.1]
44996it [3:09:42 bound:207 nc:1443 ncall:2.9e+07 eff:0.2% logz-ratio=7724.91+/-0.12 dlogz:1.15e+03>0.1]
45185it [3:11:08 bound:208 nc:963 ncall:2.9e+07 eff:0.2% logz-ratio=7751.64+/-0.12 dlogz:1.12e+03>0.1]
45187it [3:28:27 bound:208 nc:1668 ncall:2.9e+07 eff:0.2% logz-ratio=7751.86+/-0.12 dlogz:1.12e+03>0.1]
45371it [3:29:50 bound:209 nc:1154 ncall:2.9e+07 eff:0.2% logz-ratio=7780.40+/-0.12 dlogz:1.09e+03>0.1]
45549it [3:31:13 bound:210 nc:1309 ncall:3.0e+07 eff:0.2% logz-ratio=7807.14+/-0.12 dlogz:1.06e+03>0.1]
45734it [3:32:32 bound:211 nc:1079 ncall:3.0e+07 eff:0.2% logz-ratio=7832.25+/-0.12 dlogz:1.04e+03>0.1]
45912it [3:33:49 bound:212 nc:1268 ncall:3.0e+07 eff:0.2% logz-ratio=7856.73+/-0.12 dlogz:1.01e+03>0.1]
46092it [3:35:06 bound:213 nc:1640 ncall:3.0e+07 eff:0.2% logz-ratio=7887.98+/-0.12 dlogz:982>0.1]
46280it [3:36:27 bound:214 nc:970 ncall:3.0e+07 eff:0.2% logz-ratio=7913.96+/-0.12 dlogz:956>0.1]
46464it [3:37:45 bound:215 nc:1091 ncall:3.1e+07 eff:0.2% logz-ratio=7936.57+/-0.12 dlogz:934>0.1]
46646it [3:39:10 bound:216 nc:1127 ncall:3.1e+07 eff:0.2% logz-ratio=7959.88+/-0.12 dlogz:910>0.1]
46832it [3:40:25 bound:217 nc:1223 ncall:3.1e+07 eff:0.2% logz-ratio=7982.77+/-0.12 dlogz:887>0.1]
47015it [3:41:51 bound:218 nc:877 ncall:3.1e+07 eff:0.2% logz-ratio=8011.53+/-0.12 dlogz:858>0.1]
47200it [3:43:11 bound:219 nc:938 ncall:3.2e+07 eff:0.1% logz-ratio=8033.62+/-0.12 dlogz:836>0.1]
47208it [3:45:24 bound:219 nc:866 ncall:3.2e+07 eff:0.1% logz-ratio=8034.49+/-0.12 dlogz:835>0.1]
47384it [3:46:43 bound:220 nc:1139 ncall:3.2e+07 eff:0.1% logz-ratio=8053.63+/-0.12 dlogz:816>0.1]
47561it [3:47:54 bound:221 nc:839 ncall:3.2e+07 eff:0.1% logz-ratio=8075.48+/-0.12 dlogz:794>0.1]
47746it [3:49:11 bound:222 nc:1185 ncall:3.2e+07 eff:0.1% logz-ratio=8099.35+/-0.12 dlogz:770>0.1]
47929it [3:50:26 bound:223 nc:1147 ncall:3.2e+07 eff:0.1% logz-ratio=8119.51+/-0.12 dlogz:751>0.1]
48114it [3:51:50 bound:224 nc:963 ncall:3.2e+07 eff:0.1% logz-ratio=8139.67+/-0.12 dlogz:731>0.1]
48297it [3:53:14 bound:225 nc:326 ncall:3.3e+07 eff:0.1% logz-ratio=8159.33+/-0.12 dlogz:711>0.1]
48483it [3:54:35 bound:226 nc:1891 ncall:3.3e+07 eff:0.1% logz-ratio=8177.14+/-0.12 dlogz:693>0.1]
48666it [3:55:53 bound:227 nc:1108 ncall:3.3e+07 eff:0.1% logz-ratio=8193.92+/-0.12 dlogz:676>0.1]
48850it [3:57:13 bound:228 nc:1746 ncall:3.3e+07 eff:0.1% logz-ratio=8212.18+/-0.12 dlogz:677>0.1]
49033it [3:58:35 bound:229 nc:2228 ncall:3.4e+07 eff:0.1% logz-ratio=8230.38+/-0.12 dlogz:695>0.1]
49216it [3:59:53 bound:230 nc:1588 ncall:3.4e+07 eff:0.1% logz-ratio=8247.00+/-0.12 dlogz:679>0.1]
49400it [4:01:20 bound:231 nc:882 ncall:3.4e+07 eff:0.1% logz-ratio=8264.73+/-0.12 dlogz:661>0.1]
49583it [4:02:38 bound:232 nc:1515 ncall:3.4e+07 eff:0.1% logz-ratio=8279.40+/-0.12 dlogz:646>0.1]
49768it [4:03:57 bound:233 nc:891 ncall:3.4e+07 eff:0.1% logz-ratio=8296.56+/-0.12 dlogz:629>0.1]
49951it [4:05:21 bound:234 nc:1665 ncall:3.5e+07 eff:0.1% logz-ratio=8311.29+/-0.12 dlogz:614>0.1]
50133it [4:06:46 bound:235 nc:677 ncall:3.5e+07 eff:0.1% logz-ratio=8323.82+/-0.12 dlogz:601>0.1]
50312it [4:08:13 bound:236 nc:1086 ncall:3.5e+07 eff:0.1% logz-ratio=8337.95+/-0.12 dlogz:587>0.1]
50495it [4:09:36 bound:237 nc:985 ncall:3.5e+07 eff:0.1% logz-ratio=8352.48+/-0.12 dlogz:572>0.1]
50677it [4:10:58 bound:238 nc:696 ncall:3.5e+07 eff:0.1% logz-ratio=8367.50+/-0.12 dlogz:557>0.1]
50862it [4:12:23 bound:239 nc:993 ncall:3.6e+07 eff:0.1% logz-ratio=8380.62+/-0.12 dlogz:544>0.1]
51044it [4:13:44 bound:240 nc:680 ncall:3.6e+07 eff:0.1% logz-ratio=8393.77+/-0.12 dlogz:531>0.1]
51228it [4:15:14 bound:241 nc:1133 ncall:3.6e+07 eff:0.1% logz-ratio=8407.84+/-0.12 dlogz:517>0.1]
51231it [4:17:36 bound:241 nc:1177 ncall:3.6e+07 eff:0.1% logz-ratio=8408.04+/-0.12 dlogz:516>0.1]
51414it [4:19:08 bound:242 nc:724 ncall:3.6e+07 eff:0.1% logz-ratio=8420.23+/-0.12 dlogz:504>0.1]
51601it [4:20:30 bound:243 nc:1156 ncall:3.6e+07 eff:0.1% logz-ratio=8432.22+/-0.12 dlogz:492>0.1]
51780it [4:21:49 bound:244 nc:900 ncall:3.7e+07 eff:0.1% logz-ratio=8445.83+/-0.12 dlogz:487>0.1]
51967it [4:23:17 bound:245 nc:1775 ncall:3.7e+07 eff:0.1% logz-ratio=8457.38+/-0.12 dlogz:475>0.1]
52154it [4:24:43 bound:246 nc:974 ncall:3.7e+07 eff:0.1% logz-ratio=8470.00+/-0.12 dlogz:463>0.1]
52338it [4:26:08 bound:247 nc:1368 ncall:3.7e+07 eff:0.1% logz-ratio=8482.46+/-0.12 dlogz:450>0.1]
52517it [4:27:42 bound:248 nc:1239 ncall:3.7e+07 eff:0.1% logz-ratio=8494.77+/-0.12 dlogz:438>0.1]
52697it [4:29:10 bound:249 nc:1226 ncall:3.8e+07 eff:0.1% logz-ratio=8507.11+/-0.12 dlogz:431>0.1]
52879it [4:30:32 bound:250 nc:644 ncall:3.8e+07 eff:0.1% logz-ratio=8518.73+/-0.12 dlogz:419>0.1]
53060it [4:31:54 bound:251 nc:654 ncall:3.8e+07 eff:0.1% logz-ratio=8530.80+/-0.12 dlogz:407>0.1]
53244it [4:33:21 bound:252 nc:789 ncall:3.8e+07 eff:0.1% logz-ratio=8540.83+/-0.12 dlogz:397>0.1]
53426it [4:34:47 bound:253 nc:1342 ncall:3.8e+07 eff:0.1% logz-ratio=8550.80+/-0.12 dlogz:386>0.1]
53613it [4:36:21 bound:254 nc:1027 ncall:3.9e+07 eff:0.1% logz-ratio=8560.86+/-0.12 dlogz:376>0.1]
53790it [4:37:51 bound:255 nc:963 ncall:3.9e+07 eff:0.1% logz-ratio=8571.30+/-0.12 dlogz:366>0.1]
53969it [4:39:18 bound:256 nc:1454 ncall:3.9e+07 eff:0.1% logz-ratio=8580.14+/-0.12 dlogz:357>0.1]
54154it [4:40:43 bound:257 nc:2055 ncall:3.9e+07 eff:0.1% logz-ratio=8590.23+/-0.12 dlogz:347>0.1]
54335it [4:42:07 bound:258 nc:1579 ncall:4.0e+07 eff:0.1% logz-ratio=8600.19+/-0.12 dlogz:357>0.1]
54521it [4:43:34 bound:259 nc:678 ncall:4.0e+07 eff:0.1% logz-ratio=8609.78+/-0.12 dlogz:348>0.1]
54703it [4:44:58 bound:260 nc:1063 ncall:4.0e+07 eff:0.1% logz-ratio=8617.96+/-0.12 dlogz:339>0.1]
54885it [4:46:27 bound:261 nc:627 ncall:4.0e+07 eff:0.1% logz-ratio=8626.21+/-0.12 dlogz:331>0.1]
55068it [4:48:00 bound:262 nc:1031 ncall:4.0e+07 eff:0.1% logz-ratio=8634.86+/-0.12 dlogz:322>0.1]
55070it [4:50:31 bound:262 nc:1189 ncall:4.0e+07 eff:0.1% logz-ratio=8634.98+/-0.12 dlogz:322>0.1]
55248it [4:51:58 bound:263 nc:1144 ncall:4.1e+07 eff:0.1% logz-ratio=8644.61+/-0.13 dlogz:312>0.1]
55433it [4:53:26 bound:264 nc:503 ncall:4.1e+07 eff:0.1% logz-ratio=8654.12+/-0.13 dlogz:303>0.1]
55611it [4:54:47 bound:265 nc:916 ncall:4.1e+07 eff:0.1% logz-ratio=8662.53+/-0.12 dlogz:294>0.1]
55796it [4:56:23 bound:266 nc:707 ncall:4.1e+07 eff:0.1% logz-ratio=8671.38+/-0.13 dlogz:285>0.1]
55977it [4:57:57 bound:267 nc:1003 ncall:4.1e+07 eff:0.1% logz-ratio=8679.72+/-0.13 dlogz:277>0.1]
56162it [4:59:20 bound:268 nc:855 ncall:4.2e+07 eff:0.1% logz-ratio=8687.86+/-0.13 dlogz:269>0.1]
56348it [5:00:43 bound:269 nc:1335 ncall:4.2e+07 eff:0.1% logz-ratio=8695.72+/-0.13 dlogz:261>0.1]
56528it [5:02:09 bound:270 nc:1051 ncall:4.2e+07 eff:0.1% logz-ratio=8703.49+/-0.13 dlogz:253>0.1]
56710it [5:03:33 bound:271 nc:1387 ncall:4.2e+07 eff:0.1% logz-ratio=8710.34+/-0.13 dlogz:246>0.1]
56893it [5:05:04 bound:272 nc:1330 ncall:4.3e+07 eff:0.1% logz-ratio=8717.40+/-0.13 dlogz:255>0.1]
57073it [5:06:29 bound:273 nc:1001 ncall:4.3e+07 eff:0.1% logz-ratio=8723.81+/-0.13 dlogz:248>0.1]
57252it [5:07:50 bound:274 nc:2740 ncall:4.3e+07 eff:0.1% logz-ratio=8730.90+/-0.13 dlogz:241>0.1]
57430it [5:09:18 bound:275 nc:1438 ncall:4.3e+07 eff:0.1% logz-ratio=8737.31+/-0.13 dlogz:235>0.1]
57613it [5:10:48 bound:276 nc:636 ncall:4.3e+07 eff:0.1% logz-ratio=8744.09+/-0.13 dlogz:228>0.1]
57794it [5:12:14 bound:277 nc:1473 ncall:4.4e+07 eff:0.1% logz-ratio=8751.06+/-0.13 dlogz:221>0.1]
57975it [5:13:51 bound:278 nc:1579 ncall:4.4e+07 eff:0.1% logz-ratio=8758.11+/-0.13 dlogz:214>0.1]
58160it [5:15:19 bound:279 nc:883 ncall:4.4e+07 eff:0.1% logz-ratio=8764.55+/-0.13 dlogz:211>0.1]
58342it [5:16:48 bound:280 nc:1121 ncall:4.4e+07 eff:0.1% logz-ratio=8770.49+/-0.13 dlogz:205>0.1]
58528it [5:18:25 bound:281 nc:943 ncall:4.5e+07 eff:0.1% logz-ratio=8776.48+/-0.13 dlogz:199>0.1]
58710it [5:19:54 bound:282 nc:1150 ncall:4.5e+07 eff:0.1% logz-ratio=8782.94+/-0.13 dlogz:193>0.1]
58891it [5:21:25 bound:283 nc:1308 ncall:4.5e+07 eff:0.1% logz-ratio=8788.47+/-0.13 dlogz:187>0.1]
58896it [5:23:55 bound:283 nc:1535 ncall:4.5e+07 eff:0.1% logz-ratio=8788.65+/-0.13 dlogz:187>0.1]
59072it [5:25:26 bound:284 nc:1628 ncall:4.5e+07 eff:0.1% logz-ratio=8794.36+/-0.13 dlogz:190>0.1]
59254it [5:26:51 bound:285 nc:1059 ncall:4.5e+07 eff:0.1% logz-ratio=8799.51+/-0.13 dlogz:185>0.1]
59436it [5:28:24 bound:286 nc:2776 ncall:4.6e+07 eff:0.1% logz-ratio=8804.29+/-0.13 dlogz:181>0.1]
59617it [5:29:56 bound:287 nc:744 ncall:4.6e+07 eff:0.1% logz-ratio=8809.21+/-0.13 dlogz:176>0.1]
59796it [5:31:29 bound:288 nc:1721 ncall:4.6e+07 eff:0.1% logz-ratio=8813.88+/-0.13 dlogz:172>0.1]
59983it [5:32:55 bound:289 nc:1329 ncall:4.6e+07 eff:0.1% logz-ratio=8818.68+/-0.13 dlogz:167>0.1]
60164it [5:34:21 bound:290 nc:1178 ncall:4.6e+07 eff:0.1% logz-ratio=8823.09+/-0.13 dlogz:162>0.1]
60344it [5:35:42 bound:291 nc:1175 ncall:4.7e+07 eff:0.1% logz-ratio=8827.48+/-0.13 dlogz:158>0.1]
60523it [5:37:07 bound:292 nc:971 ncall:4.7e+07 eff:0.1% logz-ratio=8832.13+/-0.13 dlogz:153>0.1]
60705it [5:38:45 bound:293 nc:1133 ncall:4.7e+07 eff:0.1% logz-ratio=8836.51+/-0.13 dlogz:149>0.1]
60881it [5:40:19 bound:294 nc:1444 ncall:4.7e+07 eff:0.1% logz-ratio=8840.61+/-0.13 dlogz:144>0.1]
61065it [5:41:50 bound:295 nc:871 ncall:4.8e+07 eff:0.1% logz-ratio=8844.27+/-0.13 dlogz:141>0.1]
61243it [5:43:19 bound:296 nc:1528 ncall:4.8e+07 eff:0.1% logz-ratio=8848.12+/-0.13 dlogz:137>0.1]
61423it [5:44:44 bound:297 nc:1078 ncall:4.8e+07 eff:0.1% logz-ratio=8851.86+/-0.13 dlogz:133>0.1]
61609it [5:46:11 bound:298 nc:1006 ncall:4.8e+07 eff:0.1% logz-ratio=8856.37+/-0.13 dlogz:128>0.1]
61789it [5:47:46 bound:299 nc:1160 ncall:4.8e+07 eff:0.1% logz-ratio=8860.03+/-0.13 dlogz:124>0.1]
61969it [5:49:17 bound:300 nc:864 ncall:4.9e+07 eff:0.1% logz-ratio=8863.48+/-0.13 dlogz:121>0.1]
62154it [5:50:50 bound:301 nc:1290 ncall:4.9e+07 eff:0.1% logz-ratio=8866.74+/-0.13 dlogz:118>0.1]
62336it [5:52:19 bound:302 nc:1541 ncall:4.9e+07 eff:0.1% logz-ratio=8870.00+/-0.13 dlogz:114>0.1]
62518it [5:53:54 bound:303 nc:1398 ncall:4.9e+07 eff:0.1% logz-ratio=8873.60+/-0.13 dlogz:111>0.1]
62525it [5:56:27 bound:303 nc:1682 ncall:4.9e+07 eff:0.1% logz-ratio=8873.75+/-0.13 dlogz:110>0.1]
62698it [5:57:53 bound:304 nc:1305 ncall:5.0e+07 eff:0.1% logz-ratio=8876.89+/-0.13 dlogz:107>0.1]
62880it [5:59:24 bound:305 nc:3465 ncall:5.0e+07 eff:0.1% logz-ratio=8880.13+/-0.13 dlogz:104>0.1]
63060it [6:00:53 bound:306 nc:2051 ncall:5.0e+07 eff:0.1% logz-ratio=8883.37+/-0.13 dlogz:100>0.1]
63241it [6:02:27 bound:307 nc:976 ncall:5.0e+07 eff:0.1% logz-ratio=8886.37+/-0.13 dlogz:97.4>0.1]
63425it [6:03:57 bound:308 nc:1602 ncall:5.0e+07 eff:0.1% logz-ratio=8889.16+/-0.13 dlogz:94.5>0.1]
63604it [6:05:30 bound:309 nc:1405 ncall:5.1e+07 eff:0.1% logz-ratio=8891.85+/-0.13 dlogz:96>0.1]
63789it [6:06:58 bound:310 nc:1048 ncall:5.1e+07 eff:0.1% logz-ratio=8894.50+/-0.13 dlogz:93.2>0.1]
63969it [6:08:36 bound:311 nc:1592 ncall:5.1e+07 eff:0.1% logz-ratio=8896.87+/-0.13 dlogz:90.8>0.1]
64152it [6:10:10 bound:312 nc:1230 ncall:5.1e+07 eff:0.1% logz-ratio=8899.35+/-0.13 dlogz:88.2>0.1]
64335it [6:11:50 bound:313 nc:1270 ncall:5.2e+07 eff:0.1% logz-ratio=8901.87+/-0.13 dlogz:85.6>0.1]
64520it [6:13:30 bound:314 nc:1590 ncall:5.2e+07 eff:0.1% logz-ratio=8904.55+/-0.13 dlogz:82.8>0.1]
64701it [6:15:08 bound:315 nc:1581 ncall:5.2e+07 eff:0.1% logz-ratio=8906.99+/-0.13 dlogz:80.3>0.1]
64882it [6:16:37 bound:316 nc:914 ncall:5.2e+07 eff:0.1% logz-ratio=8909.35+/-0.13 dlogz:77.8>0.1]
65066it [6:18:10 bound:317 nc:1066 ncall:5.2e+07 eff:0.1% logz-ratio=8911.64+/-0.13 dlogz:75.5>0.1]
65252it [6:19:44 bound:318 nc:585 ncall:5.3e+07 eff:0.1% logz-ratio=8913.83+/-0.13 dlogz:73.2>0.1]
65432it [6:21:13 bound:319 nc:1283 ncall:5.3e+07 eff:0.1% logz-ratio=8915.88+/-0.13 dlogz:71>0.1]
65616it [6:22:43 bound:320 nc:1088 ncall:5.3e+07 eff:0.1% logz-ratio=8917.90+/-0.13 dlogz:68.9>0.1]
65797it [6:24:09 bound:321 nc:770 ncall:5.3e+07 eff:0.1% logz-ratio=8919.87+/-0.13 dlogz:66.9>0.1]
65977it [6:25:43 bound:322 nc:1338 ncall:5.4e+07 eff:0.1% logz-ratio=8921.92+/-0.13 dlogz:64.7>0.1]
66160it [6:27:13 bound:323 nc:750 ncall:5.4e+07 eff:0.1% logz-ratio=8923.80+/-0.13 dlogz:62.8>0.1]
66163it [6:29:53 bound:323 nc:1169 ncall:5.4e+07 eff:0.1% logz-ratio=8923.83+/-0.13 dlogz:62.7>0.1]
66343it [6:31:27 bound:324 nc:667 ncall:5.4e+07 eff:0.1% logz-ratio=8925.61+/-0.13 dlogz:60.9>0.1]
66528it [6:32:58 bound:325 nc:567 ncall:5.4e+07 eff:0.1% logz-ratio=8927.43+/-0.13 dlogz:58.9>0.1]
66704it [6:34:35 bound:326 nc:988 ncall:5.4e+07 eff:0.1% logz-ratio=8928.98+/-0.13 dlogz:57.3>0.1]
66884it [6:36:09 bound:327 nc:1327 ncall:5.5e+07 eff:0.1% logz-ratio=8930.55+/-0.13 dlogz:55.6>0.1]
67061it [6:37:43 bound:328 nc:3652 ncall:5.5e+07 eff:0.1% logz-ratio=8932.05+/-0.13 dlogz:54>0.1]
67245it [6:39:15 bound:329 nc:1319 ncall:5.5e+07 eff:0.1% logz-ratio=8933.50+/-0.13 dlogz:52.5>0.1]
67425it [6:40:47 bound:330 nc:1678 ncall:5.5e+07 eff:0.1% logz-ratio=8935.06+/-0.13 dlogz:50.9>0.1]
67609it [6:42:23 bound:331 nc:827 ncall:5.6e+07 eff:0.1% logz-ratio=8936.56+/-0.13 dlogz:49.3>0.1]
67785it [6:43:55 bound:332 nc:1315 ncall:5.6e+07 eff:0.1% logz-ratio=8937.84+/-0.13 dlogz:47.9>0.1]
67963it [6:45:25 bound:333 nc:850 ncall:5.6e+07 eff:0.1% logz-ratio=8939.16+/-0.13 dlogz:46.5>0.1]
68145it [6:46:53 bound:334 nc:1946 ncall:5.6e+07 eff:0.1% logz-ratio=8940.47+/-0.13 dlogz:45.1>0.1]
68325it [6:48:26 bound:335 nc:2168 ncall:5.7e+07 eff:0.1% logz-ratio=8941.78+/-0.13 dlogz:43.7>0.1]
68497it [6:50:02 bound:336 nc:1956 ncall:5.7e+07 eff:0.1% logz-ratio=8943.02+/-0.13 dlogz:42.4>0.1]
68674it [6:51:30 bound:337 nc:1296 ncall:5.7e+07 eff:0.1% logz-ratio=8944.25+/-0.13 dlogz:41>0.1]
68853it [6:53:02 bound:338 nc:3880 ncall:5.7e+07 eff:0.1% logz-ratio=8945.40+/-0.13 dlogz:40.4>0.1]
69037it [6:54:40 bound:339 nc:1291 ncall:5.7e+07 eff:0.1% logz-ratio=8946.53+/-0.13 dlogz:39.4>0.1]
69220it [6:56:14 bound:340 nc:934 ncall:5.8e+07 eff:0.1% logz-ratio=8947.63+/-0.13 dlogz:38.2>0.1]
69402it [6:57:48 bound:341 nc:2230 ncall:5.8e+07 eff:0.1% logz-ratio=8948.70+/-0.13 dlogz:37>0.1]
69582it [6:59:20 bound:342 nc:1526 ncall:5.8e+07 eff:0.1% logz-ratio=8949.71+/-0.13 dlogz:35.9>0.1]
69761it [7:00:57 bound:343 nc:1294 ncall:5.8e+07 eff:0.1% logz-ratio=8950.65+/-0.13 dlogz:34.9>0.1]
69766it [7:03:43 bound:343 nc:1333 ncall:5.8e+07 eff:0.1% logz-ratio=8950.68+/-0.13 dlogz:34.9>0.1]
69945it [7:05:11 bound:344 nc:1439 ncall:5.9e+07 eff:0.1% logz-ratio=8951.61+/-0.13 dlogz:33.9>0.1]
70129it [7:06:43 bound:345 nc:1338 ncall:5.9e+07 eff:0.1% logz-ratio=8952.62+/-0.13 dlogz:32.8>0.1]
70311it [7:08:13 bound:346 nc:790 ncall:5.9e+07 eff:0.1% logz-ratio=8953.57+/-0.13 dlogz:31.7>0.1]
70489it [7:09:46 bound:347 nc:1488 ncall:5.9e+07 eff:0.1% logz-ratio=8954.46+/-0.13 dlogz:30.7>0.1]
70676it [7:11:18 bound:348 nc:1007 ncall:6.0e+07 eff:0.1% logz-ratio=8955.30+/-0.14 dlogz:29.8>0.1]
70858it [7:12:51 bound:349 nc:1615 ncall:6.0e+07 eff:0.1% logz-ratio=8956.08+/-0.14 dlogz:28.9>0.1]
71041it [7:14:25 bound:350 nc:880 ncall:6.0e+07 eff:0.1% logz-ratio=8956.89+/-0.14 dlogz:28.2>0.1]
71219it [7:15:58 bound:351 nc:823 ncall:6.0e+07 eff:0.1% logz-ratio=8957.63+/-0.14 dlogz:28.6>0.1]
71402it [7:17:25 bound:352 nc:590 ncall:6.0e+07 eff:0.1% logz-ratio=8958.37+/-0.14 dlogz:27.8>0.1]
71585it [7:19:04 bound:353 nc:1353 ncall:6.1e+07 eff:0.1% logz-ratio=8959.10+/-0.14 dlogz:27>0.1]
71766it [7:20:38 bound:354 nc:1005 ncall:6.1e+07 eff:0.1% logz-ratio=8959.80+/-0.14 dlogz:26.2>0.1]
71950it [7:22:19 bound:355 nc:1843 ncall:6.1e+07 eff:0.1% logz-ratio=8960.50+/-0.14 dlogz:25.4>0.1]
72130it [7:23:56 bound:356 nc:1494 ncall:6.1e+07 eff:0.1% logz-ratio=8961.19+/-0.14 dlogz:24.6>0.1]
72312it [7:25:36 bound:357 nc:1393 ncall:6.2e+07 eff:0.1% logz-ratio=8961.87+/-0.14 dlogz:23.8>0.1]
72496it [7:27:14 bound:358 nc:1633 ncall:6.2e+07 eff:0.1% logz-ratio=8962.55+/-0.14 dlogz:23.1>0.1]
72677it [7:28:50 bound:359 nc:924 ncall:6.2e+07 eff:0.1% logz-ratio=8963.19+/-0.14 dlogz:23.9>0.1]
72865it [7:30:22 bound:360 nc:1651 ncall:6.2e+07 eff:0.1% logz-ratio=8963.81+/-0.14 dlogz:23.2>0.1]
73047it [7:31:57 bound:361 nc:803 ncall:6.3e+07 eff:0.1% logz-ratio=8964.38+/-0.14 dlogz:22.6>0.1]
73228it [7:33:32 bound:362 nc:1028 ncall:6.3e+07 eff:0.1% logz-ratio=8964.93+/-0.14 dlogz:21.9>0.1]
73229it [7:36:22 bound:362 nc:1485 ncall:6.3e+07 eff:0.1% logz-ratio=8964.93+/-0.14 dlogz:21.9>0.1]
73414it [7:38:05 bound:363 nc:1352 ncall:6.3e+07 eff:0.1% logz-ratio=8965.44+/-0.14 dlogz:21.4>0.1]
73598it [7:39:37 bound:364 nc:779 ncall:6.3e+07 eff:0.1% logz-ratio=8965.96+/-0.14 dlogz:20.7>0.1]
73785it [7:41:09 bound:365 nc:1091 ncall:6.4e+07 eff:0.1% logz-ratio=8966.49+/-0.14 dlogz:21.2>0.1]
73966it [7:42:43 bound:366 nc:1714 ncall:6.4e+07 eff:0.1% logz-ratio=8967.00+/-0.14 dlogz:20.6>0.1]
74150it [7:44:24 bound:367 nc:771 ncall:6.4e+07 eff:0.1% logz-ratio=8967.51+/-0.14 dlogz:20>0.1]
74332it [7:45:51 bound:368 nc:1416 ncall:6.4e+07 eff:0.1% logz-ratio=8968.00+/-0.14 dlogz:19.4>0.1]
74517it [7:47:23 bound:369 nc:1153 ncall:6.5e+07 eff:0.1% logz-ratio=8968.45+/-0.14 dlogz:18.8>0.1]
74696it [7:48:55 bound:370 nc:1262 ncall:6.5e+07 eff:0.1% logz-ratio=8968.89+/-0.14 dlogz:18.3>0.1]
74870it [7:50:28 bound:371 nc:1185 ncall:6.5e+07 eff:0.1% logz-ratio=8969.30+/-0.14 dlogz:17.8>0.1]
75054it [7:52:02 bound:372 nc:922 ncall:6.5e+07 eff:0.1% logz-ratio=8969.72+/-0.14 dlogz:17.3>0.1]
75235it [7:53:40 bound:373 nc:1161 ncall:6.5e+07 eff:0.1% logz-ratio=8970.12+/-0.14 dlogz:16.8>0.1]
75416it [7:55:15 bound:374 nc:1290 ncall:6.6e+07 eff:0.1% logz-ratio=8970.50+/-0.14 dlogz:16.3>0.1]
75598it [7:56:51 bound:375 nc:1713 ncall:6.6e+07 eff:0.1% logz-ratio=8970.89+/-0.14 dlogz:15.9>0.1]
75782it [7:58:25 bound:376 nc:1489 ncall:6.6e+07 eff:0.1% logz-ratio=8971.28+/-0.14 dlogz:15.4>0.1]
75963it [8:00:03 bound:377 nc:1108 ncall:6.6e+07 eff:0.1% logz-ratio=8971.65+/-0.14 dlogz:14.9>0.1]
76145it [8:01:42 bound:378 nc:2195 ncall:6.7e+07 eff:0.1% logz-ratio=8971.99+/-0.14 dlogz:14.5>0.1]
76325it [8:03:25 bound:379 nc:1106 ncall:6.7e+07 eff:0.1% logz-ratio=8972.31+/-0.14 dlogz:14.1>0.1]
76507it [8:05:04 bound:380 nc:971 ncall:6.7e+07 eff:0.1% logz-ratio=8972.61+/-0.14 dlogz:13.7>0.1]
76692it [8:06:38 bound:381 nc:1284 ncall:6.7e+07 eff:0.1% logz-ratio=8972.91+/-0.14 dlogz:13.3>0.1]
76697it [8:09:36 bound:381 nc:1053 ncall:6.7e+07 eff:0.1% logz-ratio=8972.92+/-0.14 dlogz:13.3>0.1]
76877it [8:11:17 bound:382 nc:1131 ncall:6.8e+07 eff:0.1% logz-ratio=8973.21+/-0.14 dlogz:12.9>0.1]
77063it [8:13:00 bound:383 nc:1223 ncall:6.8e+07 eff:0.1% logz-ratio=8973.50+/-0.14 dlogz:12.5>0.1]
77244it [8:14:35 bound:384 nc:805 ncall:6.8e+07 eff:0.1% logz-ratio=8973.77+/-0.14 dlogz:12.2>0.1]
77427it [8:16:15 bound:385 nc:733 ncall:6.8e+07 eff:0.1% logz-ratio=8974.04+/-0.14 dlogz:11.8>0.1]
77615it [8:17:53 bound:386 nc:1528 ncall:6.9e+07 eff:0.1% logz-ratio=8974.30+/-0.14 dlogz:11.5>0.1]
77797it [8:19:36 bound:387 nc:4643 ncall:6.9e+07 eff:0.1% logz-ratio=8974.55+/-0.14 dlogz:11.1>0.1]
77982it [8:21:18 bound:388 nc:1184 ncall:6.9e+07 eff:0.1% logz-ratio=8974.79+/-0.14 dlogz:11.3>0.1]
78167it [8:23:00 bound:389 nc:1172 ncall:6.9e+07 eff:0.1% logz-ratio=8975.03+/-0.14 dlogz:11>0.1]
78351it [8:24:39 bound:390 nc:1955 ncall:7.0e+07 eff:0.1% logz-ratio=8975.27+/-0.14 dlogz:10.6>0.1]
78531it [8:26:14 bound:391 nc:1765 ncall:7.0e+07 eff:0.1% logz-ratio=8975.49+/-0.14 dlogz:10.3>0.1]
78711it [8:27:57 bound:392 nc:2173 ncall:7.0e+07 eff:0.1% logz-ratio=8975.71+/-0.14 dlogz:10.5>0.1]
78893it [8:29:42 bound:393 nc:1759 ncall:7.0e+07 eff:0.1% logz-ratio=8975.92+/-0.14 dlogz:10.2>0.1]
79080it [8:31:17 bound:394 nc:1148 ncall:7.1e+07 eff:0.1% logz-ratio=8976.12+/-0.14 dlogz:10.8>0.1]
79261it [8:32:55 bound:395 nc:4152 ncall:7.1e+07 eff:0.1% logz-ratio=8976.30+/-0.14 dlogz:10.5>0.1]
79447it [8:34:38 bound:396 nc:1627 ncall:7.1e+07 eff:0.1% logz-ratio=8976.48+/-0.14 dlogz:10.2>0.1]
79630it [8:36:13 bound:397 nc:1649 ncall:7.1e+07 eff:0.1% logz-ratio=8976.66+/-0.14 dlogz:9.94>0.1]
79819it [8:37:54 bound:398 nc:1387 ncall:7.2e+07 eff:0.1% logz-ratio=8976.83+/-0.14 dlogz:9.67>0.1]
80003it [8:39:34 bound:399 nc:609 ncall:7.2e+07 eff:0.1% logz-ratio=8976.99+/-0.14 dlogz:9.41>0.1]
80004it [8:42:36 bound:399 nc:1434 ncall:7.2e+07 eff:0.1% logz-ratio=8976.99+/-0.14 dlogz:9.41>0.1]
80180it [8:44:22 bound:400 nc:1679 ncall:7.2e+07 eff:0.1% logz-ratio=8977.14+/-0.14 dlogz:9.17>0.1]
80362it [8:46:07 bound:401 nc:1104 ncall:7.2e+07 eff:0.1% logz-ratio=8977.29+/-0.14 dlogz:8.93>0.1]
80545it [8:47:41 bound:402 nc:2148 ncall:7.3e+07 eff:0.1% logz-ratio=8977.44+/-0.14 dlogz:8.7>0.1]
80729it [8:49:20 bound:403 nc:1840 ncall:7.3e+07 eff:0.1% logz-ratio=8977.58+/-0.14 dlogz:8.47>0.1]
80916it [8:51:03 bound:404 nc:1213 ncall:7.3e+07 eff:0.1% logz-ratio=8977.72+/-0.14 dlogz:8.23>0.1]
81100it [8:52:44 bound:405 nc:1276 ncall:7.3e+07 eff:0.1% logz-ratio=8977.85+/-0.14 dlogz:8.01>0.1]
81278it [8:54:23 bound:406 nc:1125 ncall:7.4e+07 eff:0.1% logz-ratio=8977.97+/-0.14 dlogz:7.8>0.1]
81455it [8:56:00 bound:407 nc:1011 ncall:7.4e+07 eff:0.1% logz-ratio=8978.09+/-0.14 dlogz:7.59>0.1]
81633it [8:57:39 bound:408 nc:1507 ncall:7.4e+07 eff:0.1% logz-ratio=8978.21+/-0.14 dlogz:7.38>0.1]
81818it [8:59:19 bound:409 nc:1516 ncall:7.4e+07 eff:0.1% logz-ratio=8978.33+/-0.14 dlogz:7.17>0.1]
81997it [9:00:53 bound:410 nc:1254 ncall:7.5e+07 eff:0.1% logz-ratio=8978.44+/-0.14 dlogz:6.97>0.1]
82175it [9:02:31 bound:411 nc:1790 ncall:7.5e+07 eff:0.1% logz-ratio=8978.54+/-0.14 dlogz:6.78>0.1]
82358it [9:04:17 bound:412 nc:1099 ncall:7.5e+07 eff:0.1% logz-ratio=8978.65+/-0.14 dlogz:6.58>0.1]
82547it [9:05:54 bound:413 nc:1201 ncall:7.5e+07 eff:0.1% logz-ratio=8978.75+/-0.14 dlogz:6.38>0.1]
82727it [9:07:30 bound:414 nc:2532 ncall:7.6e+07 eff:0.1% logz-ratio=8978.85+/-0.14 dlogz:6.2>0.1]
82909it [9:09:11 bound:415 nc:1478 ncall:7.6e+07 eff:0.1% logz-ratio=8978.94+/-0.14 dlogz:6.02>0.1]
83094it [9:11:01 bound:416 nc:908 ncall:7.6e+07 eff:0.1% logz-ratio=8979.03+/-0.14 dlogz:5.84>0.1]
83274it [9:12:45 bound:417 nc:1118 ncall:7.6e+07 eff:0.1% logz-ratio=8979.12+/-0.14 dlogz:5.66>0.1]
83280it [9:15:50 bound:417 nc:436 ncall:7.6e+07 eff:0.1% logz-ratio=8979.12+/-0.14 dlogz:5.65>0.1]
83456it [9:17:32 bound:418 nc:1068 ncall:7.7e+07 eff:0.1% logz-ratio=8979.20+/-0.14 dlogz:5.48>0.1]
83639it [9:19:15 bound:419 nc:1418 ncall:7.7e+07 eff:0.1% logz-ratio=8979.28+/-0.14 dlogz:5.31>0.1]
83824it [9:20:52 bound:420 nc:1532 ncall:7.7e+07 eff:0.1% logz-ratio=8979.37+/-0.14 dlogz:5.14>0.1]
84006it [9:22:29 bound:421 nc:1352 ncall:7.7e+07 eff:0.1% logz-ratio=8979.44+/-0.14 dlogz:4.97>0.1]
84190it [9:24:12 bound:422 nc:1572 ncall:7.8e+07 eff:0.1% logz-ratio=8979.52+/-0.14 dlogz:4.8>0.1]
84372it [9:25:53 bound:423 nc:1788 ncall:7.8e+07 eff:0.1% logz-ratio=8979.59+/-0.14 dlogz:4.64>0.1]
84552it [9:27:40 bound:424 nc:1410 ncall:7.8e+07 eff:0.1% logz-ratio=8979.67+/-0.14 dlogz:4.48>0.1]
84733it [9:29:25 bound:425 nc:3840 ncall:7.8e+07 eff:0.1% logz-ratio=8979.73+/-0.14 dlogz:4.32>0.1]
84919it [9:31:07 bound:426 nc:1761 ncall:7.9e+07 eff:0.1% logz-ratio=8979.80+/-0.14 dlogz:4.16>0.1]
85099it [9:32:47 bound:427 nc:1117 ncall:7.9e+07 eff:0.1% logz-ratio=8979.87+/-0.14 dlogz:4.01>0.1]
85282it [9:34:37 bound:428 nc:1197 ncall:7.9e+07 eff:0.1% logz-ratio=8979.93+/-0.14 dlogz:3.86>0.1]
85458it [9:36:21 bound:429 nc:1086 ncall:7.9e+07 eff:0.1% logz-ratio=8979.99+/-0.14 dlogz:3.72>0.1]
85642it [9:37:58 bound:430 nc:1511 ncall:8.0e+07 eff:0.1% logz-ratio=8980.05+/-0.14 dlogz:4.28>0.1]
85820it [9:39:39 bound:431 nc:1089 ncall:8.0e+07 eff:0.1% logz-ratio=8980.10+/-0.14 dlogz:4.14>0.1]
86005it [9:41:24 bound:432 nc:1772 ncall:8.0e+07 eff:0.1% logz-ratio=8980.16+/-0.14 dlogz:3.99>0.1]
86184it [9:43:05 bound:433 nc:1076 ncall:8.1e+07 eff:0.1% logz-ratio=8980.21+/-0.14 dlogz:3.85>0.1]
86371it [9:44:47 bound:434 nc:2061 ncall:8.1e+07 eff:0.1% logz-ratio=8980.26+/-0.14 dlogz:3.71>0.1]
86551it [9:46:28 bound:435 nc:1375 ncall:8.1e+07 eff:0.1% logz-ratio=8980.31+/-0.14 dlogz:3.57>0.1]
86553it [9:49:39 bound:435 nc:998 ncall:8.1e+07 eff:0.1% logz-ratio=8980.31+/-0.14 dlogz:3.57>0.1]
86726it [9:51:18 bound:436 nc:1637 ncall:8.1e+07 eff:0.1% logz-ratio=8980.35+/-0.14 dlogz:3.44>0.1]
86904it [9:52:59 bound:437 nc:1125 ncall:8.2e+07 eff:0.1% logz-ratio=8980.40+/-0.14 dlogz:3.32>0.1]
87089it [9:54:40 bound:438 nc:1063 ncall:8.2e+07 eff:0.1% logz-ratio=8980.44+/-0.14 dlogz:3.18>0.1]
87275it [9:56:18 bound:439 nc:1465 ncall:8.2e+07 eff:0.1% logz-ratio=8980.49+/-0.14 dlogz:3.05>0.1]
87458it [9:57:59 bound:440 nc:1196 ncall:8.2e+07 eff:0.1% logz-ratio=8980.53+/-0.14 dlogz:2.93>0.1]
87642it [9:59:46 bound:441 nc:1666 ncall:8.3e+07 eff:0.1% logz-ratio=8980.57+/-0.14 dlogz:2.8>0.1]
87825it [10:01:19 bound:442 nc:2308 ncall:8.3e+07 eff:0.1% logz-ratio=8980.61+/-0.14 dlogz:2.68>0.1]
88009it [10:03:01 bound:443 nc:1824 ncall:8.3e+07 eff:0.1% logz-ratio=8980.64+/-0.14 dlogz:2.56>0.1]
88191it [10:04:33 bound:444 nc:1660 ncall:8.3e+07 eff:0.1% logz-ratio=8980.68+/-0.14 dlogz:2.45>0.1]
88379it [10:06:05 bound:445 nc:1281 ncall:8.4e+07 eff:0.1% logz-ratio=8980.71+/-0.14 dlogz:2.33>0.1]
88562it [10:07:43 bound:446 nc:1020 ncall:8.4e+07 eff:0.1% logz-ratio=8980.74+/-0.14 dlogz:2.22>0.1]
88743it [10:09:24 bound:447 nc:1178 ncall:8.4e+07 eff:0.1% logz-ratio=8980.77+/-0.14 dlogz:2.12>0.1]
88926it [10:10:59 bound:448 nc:1778 ncall:8.4e+07 eff:0.1% logz-ratio=8980.80+/-0.14 dlogz:2.01>0.1]
89100it [10:12:43 bound:449 nc:2599 ncall:8.5e+07 eff:0.1% logz-ratio=8980.83+/-0.14 dlogz:1.91>0.1]
89279it [10:14:18 bound:450 nc:1246 ncall:8.5e+07 eff:0.1% logz-ratio=8980.85+/-0.14 dlogz:2.1>0.1]
89459it [10:16:01 bound:451 nc:1256 ncall:8.5e+07 eff:0.1% logz-ratio=8980.88+/-0.14 dlogz:2>0.1]
89643it [10:17:40 bound:452 nc:1233 ncall:8.5e+07 eff:0.1% logz-ratio=8980.90+/-0.14 dlogz:1.9>0.1]
89828it [10:19:16 bound:453 nc:1703 ncall:8.6e+07 eff:0.1% logz-ratio=8980.93+/-0.14 dlogz:1.8>0.1]
89832it [10:22:27 bound:453 nc:1423 ncall:8.6e+07 eff:0.1% logz-ratio=8980.93+/-0.14 dlogz:1.8>0.1]
90015it [10:24:06 bound:454 nc:1290 ncall:8.6e+07 eff:0.1% logz-ratio=8980.95+/-0.14 dlogz:1.71>0.1]
90194it [10:25:44 bound:455 nc:2515 ncall:8.6e+07 eff:0.1% logz-ratio=8980.97+/-0.14 dlogz:1.62>0.1]
90376it [10:27:26 bound:456 nc:1494 ncall:8.6e+07 eff:0.1% logz-ratio=8980.99+/-0.14 dlogz:1.53>0.1]
90562it [10:29:05 bound:457 nc:1658 ncall:8.7e+07 eff:0.1% logz-ratio=8981.01+/-0.14 dlogz:1.44>0.1]
90747it [10:30:42 bound:458 nc:1759 ncall:8.7e+07 eff:0.1% logz-ratio=8981.03+/-0.14 dlogz:1.36>0.1]
90928it [10:32:20 bound:459 nc:1662 ncall:8.7e+07 eff:0.1% logz-ratio=8981.04+/-0.14 dlogz:1.28>0.1]
91110it [10:33:57 bound:460 nc:1415 ncall:8.8e+07 eff:0.1% logz-ratio=8981.06+/-0.14 dlogz:1.21>0.1]
91288it [10:35:36 bound:461 nc:4434 ncall:8.8e+07 eff:0.1% logz-ratio=8981.08+/-0.14 dlogz:1.13>0.1]
91465it [10:37:13 bound:462 nc:1706 ncall:8.8e+07 eff:0.1% logz-ratio=8981.09+/-0.14 dlogz:1.06>0.1]
91649it [10:38:52 bound:463 nc:1300 ncall:8.8e+07 eff:0.1% logz-ratio=8981.10+/-0.14 dlogz:0.996>0.1]
91829it [10:40:31 bound:464 nc:1443 ncall:8.9e+07 eff:0.1% logz-ratio=8981.12+/-0.14 dlogz:0.932>0.1]
92013it [10:42:09 bound:465 nc:1376 ncall:8.9e+07 eff:0.1% logz-ratio=8981.13+/-0.14 dlogz:1.01>0.1]
92194it [10:43:52 bound:466 nc:1169 ncall:8.9e+07 eff:0.1% logz-ratio=8981.14+/-0.14 dlogz:0.943>0.1]
92376it [10:45:27 bound:467 nc:1454 ncall:8.9e+07 eff:0.1% logz-ratio=8981.15+/-0.14 dlogz:0.882>0.1]
92557it [10:47:02 bound:468 nc:1210 ncall:9.0e+07 eff:0.1% logz-ratio=8981.17+/-0.14 dlogz:0.823>0.1]
92738it [10:48:40 bound:469 nc:1748 ncall:9.0e+07 eff:0.1% logz-ratio=8981.18+/-0.14 dlogz:0.768>0.1]
92919it [10:50:18 bound:470 nc:1343 ncall:9.0e+07 eff:0.1% logz-ratio=8981.19+/-0.14 dlogz:0.715>0.1]
93093it [10:51:57 bound:471 nc:1944 ncall:9.0e+07 eff:0.1% logz-ratio=8981.19+/-0.14 dlogz:0.668>0.1]
93274it [10:53:38 bound:472 nc:1363 ncall:9.1e+07 eff:0.1% logz-ratio=8981.20+/-0.14 dlogz:0.62>0.1]
93280it [10:56:57 bound:472 nc:1474 ncall:9.1e+07 eff:0.1% logz-ratio=8981.20+/-0.14 dlogz:0.619>0.1]
93457it [10:58:32 bound:473 nc:1499 ncall:9.1e+07 eff:0.1% logz-ratio=8981.21+/-0.14 dlogz:0.575>0.1]
93636it [11:00:14 bound:474 nc:890 ncall:9.1e+07 eff:0.1% logz-ratio=8981.22+/-0.14 dlogz:0.534>0.1]
93813it [11:02:00 bound:475 nc:1199 ncall:9.1e+07 eff:0.1% logz-ratio=8981.23+/-0.14 dlogz:0.495>0.1]
93991it [11:03:41 bound:476 nc:1944 ncall:9.2e+07 eff:0.1% logz-ratio=8981.24+/-0.14 dlogz:0.459>0.1]
94169it [11:05:20 bound:477 nc:1534 ncall:9.2e+07 eff:0.1% logz-ratio=8981.24+/-0.14 dlogz:0.425>0.1]
94354it [11:07:01 bound:478 nc:1670 ncall:9.2e+07 eff:0.1% logz-ratio=8981.25+/-0.14 dlogz:0.392>0.1]
94532it [11:08:38 bound:479 nc:1387 ncall:9.3e+07 eff:0.1% logz-ratio=8981.25+/-0.14 dlogz:0.362>0.1]
94711it [11:10:17 bound:480 nc:3407 ncall:9.3e+07 eff:0.1% logz-ratio=8981.26+/-0.14 dlogz:0.334>0.1]
94890it [11:11:54 bound:481 nc:3060 ncall:9.3e+07 eff:0.1% logz-ratio=8981.27+/-0.14 dlogz:0.308>0.1]
95062it [11:13:32 bound:482 nc:1775 ncall:9.3e+07 eff:0.1% logz-ratio=8981.27+/-0.14 dlogz:0.284>0.1]
95244it [11:15:10 bound:483 nc:1470 ncall:9.4e+07 eff:0.1% logz-ratio=8981.28+/-0.14 dlogz:0.262>0.1]
95430it [11:16:54 bound:484 nc:1724 ncall:9.4e+07 eff:0.1% logz-ratio=8981.28+/-0.14 dlogz:0.24>0.1]
95606it [11:18:35 bound:485 nc:1618 ncall:9.4e+07 eff:0.1% logz-ratio=8981.28+/-0.14 dlogz:0.221>0.1]
95787it [11:20:15 bound:486 nc:1867 ncall:9.4e+07 eff:0.1% logz-ratio=8981.29+/-0.14 dlogz:0.203>0.1]
95974it [11:21:55 bound:487 nc:1086 ncall:9.5e+07 eff:0.1% logz-ratio=8981.29+/-0.14 dlogz:0.186>0.1]
96152it [11:23:34 bound:488 nc:1636 ncall:9.5e+07 eff:0.1% logz-ratio=8981.30+/-0.14 dlogz:0.171>0.1]
96328it [11:25:14 bound:489 nc:1466 ncall:9.5e+07 eff:0.1% logz-ratio=8981.30+/-0.14 dlogz:0.157>0.1]
96511it [11:26:53 bound:490 nc:1303 ncall:9.5e+07 eff:0.1% logz-ratio=8981.30+/-0.14 dlogz:0.144>0.1]
96513it [11:30:17 bound:490 nc:1294 ncall:9.5e+07 eff:0.1% logz-ratio=8981.30+/-0.14 dlogz:0.144>0.1]
96694it [11:32:01 bound:491 nc:1015 ncall:9.6e+07 eff:0.1% logz-ratio=8981.30+/-0.14 dlogz:0.132>0.1]
96874it [11:33:42 bound:492 nc:1371 ncall:9.6e+07 eff:0.1% logz-ratio=8981.31+/-0.14 dlogz:0.121>0.1]
97057it [11:35:24 bound:493 nc:1356 ncall:9.6e+07 eff:0.1% logz-ratio=8981.31+/-0.14 dlogz:0.11>0.1]
97236it [11:37:08 bound:494 nc:2931 ncall:9.7e+07 eff:0.1% logz-ratio=8981.31+/-0.14 dlogz:0.101>0.1]
  0%|          | 0/10353 [00:00<?, ?it/s]  0%|          | 20/10353 [00:00<00:54, 191.26it/s]  0%|          | 50/10353 [00:00<00:43, 238.42it/s]  1%|          | 80/10353 [00:00<00:40, 253.27it/s]  1%|          | 110/10353 [00:00<00:39, 259.61it/s]  1%|▏         | 140/10353 [00:00<00:38, 263.23it/s]  2%|▏         | 170/10353 [00:00<00:38, 265.27it/s]  2%|▏         | 200/10353 [00:00<00:37, 268.27it/s]  2%|▏         | 230/10353 [00:00<00:36, 274.63it/s]  3%|▎         | 270/10353 [00:00<00:34, 293.80it/s]  3%|▎         | 310/10353 [00:01<00:32, 306.06it/s]  3%|▎         | 350/10353 [00:01<00:31, 314.49it/s]  4%|▍         | 390/10353 [00:01<00:31, 320.28it/s]  4%|▍         | 430/10353 [00:01<00:31, 314.28it/s]  5%|▍         | 470/10353 [00:01<00:30, 320.55it/s]  5%|▍         | 510/10353 [00:01<00:31, 314.10it/s]  5%|▌         | 550/10353 [00:01<00:30, 320.21it/s]  6%|▌         | 590/10353 [00:01<00:30, 324.72it/s]  6%|▌         | 630/10353 [00:02<00:31, 309.14it/s]  6%|▋         | 670/10353 [00:02<00:30, 315.69it/s]  7%|▋         | 710/10353 [00:02<00:30, 320.37it/s]  7%|▋         | 750/10353 [00:02<00:29, 324.51it/s]  8%|▊         | 790/10353 [00:02<00:29, 327.61it/s]  8%|▊         | 830/10353 [00:02<00:30, 310.72it/s]  8%|▊         | 870/10353 [00:02<00:29, 317.00it/s]  9%|▉         | 910/10353 [00:02<00:29, 314.77it/s]  9%|▉         | 950/10353 [00:03<00:29, 320.01it/s] 10%|▉         | 990/10353 [00:03<00:28, 323.18it/s] 10%|▉         | 1030/10353 [00:03<00:29, 316.98it/s] 10%|█         | 1070/10353 [00:03<00:29, 312.68it/s] 11%|█         | 1110/10353 [00:03<00:28, 319.47it/s] 11%|█         | 1150/10353 [00:03<00:28, 319.62it/s] 11%|█▏        | 1190/10353 [00:03<00:29, 313.33it/s] 12%|█▏        | 1230/10353 [00:04<00:30, 294.55it/s] 12%|█▏        | 1260/10353 [00:04<00:30, 293.66it/s] 12%|█▏        | 1290/10353 [00:04<00:30, 293.90it/s] 13%|█▎        | 1320/10353 [00:04<00:30, 292.96it/s] 13%|█▎        | 1360/10353 [00:04<00:30, 296.34it/s] 14%|█▎        | 1400/10353 [00:04<00:29, 299.83it/s] 14%|█▍        | 1430/10353 [00:04<00:29, 297.49it/s] 14%|█▍        | 1470/10353 [00:04<00:29, 299.58it/s] 15%|█▍        | 1510/10353 [00:04<00:29, 299.53it/s] 15%|█▍        | 1550/10353 [00:05<00:29, 301.11it/s] 15%|█▌        | 1590/10353 [00:05<00:29, 292.52it/s] 16%|█▌        | 1630/10353 [00:05<00:29, 292.57it/s] 16%|█▌        | 1670/10353 [00:05<00:28, 304.41it/s] 17%|█▋        | 1710/10353 [00:05<00:29, 295.56it/s] 17%|█▋        | 1740/10353 [00:05<00:29, 295.10it/s] 17%|█▋        | 1770/10353 [00:05<00:29, 291.99it/s] 17%|█▋        | 1800/10353 [00:05<00:29, 291.02it/s] 18%|█▊        | 1830/10353 [00:06<00:30, 279.47it/s] 18%|█▊        | 1860/10353 [00:06<00:30, 281.91it/s] 18%|█▊        | 1890/10353 [00:06<00:29, 284.06it/s] 19%|█▊        | 1920/10353 [00:06<00:29, 286.77it/s] 19%|█▉        | 1950/10353 [00:06<00:29, 286.06it/s] 19%|█▉        | 1980/10353 [00:06<00:28, 288.77it/s] 19%|█▉        | 2010/10353 [00:06<00:29, 283.94it/s] 20%|█▉        | 2040/10353 [00:06<00:29, 286.38it/s] 20%|█▉        | 2070/10353 [00:06<00:28, 286.81it/s] 20%|██        | 2100/10353 [00:07<00:28, 286.81it/s] 21%|██        | 2130/10353 [00:07<00:28, 284.92it/s] 21%|██        | 2160/10353 [00:07<00:28, 284.25it/s] 21%|██        | 2190/10353 [00:07<00:28, 286.78it/s] 21%|██▏       | 2220/10353 [00:07<00:28, 284.69it/s] 22%|██▏       | 2260/10353 [00:07<00:28, 283.78it/s] 22%|██▏       | 2300/10353 [00:07<00:27, 289.34it/s] 23%|██▎       | 2340/10353 [00:07<00:26, 301.65it/s] 23%|██▎       | 2380/10353 [00:07<00:27, 294.78it/s] 23%|██▎       | 2410/10353 [00:08<00:27, 292.39it/s] 24%|██▎       | 2440/10353 [00:08<00:27, 290.05it/s] 24%|██▍       | 2470/10353 [00:08<00:27, 285.46it/s] 24%|██▍       | 2500/10353 [00:08<00:27, 282.25it/s] 24%|██▍       | 2530/10353 [00:08<00:27, 285.83it/s] 25%|██▍       | 2570/10353 [00:08<00:25, 301.29it/s] 25%|██▌       | 2610/10353 [00:08<00:24, 311.49it/s] 26%|██▌       | 2650/10353 [00:08<00:24, 308.57it/s] 26%|██▌       | 2690/10353 [00:09<00:24, 315.06it/s] 26%|██▋       | 2730/10353 [00:09<00:23, 321.17it/s] 27%|██▋       | 2770/10353 [00:09<00:23, 325.18it/s] 27%|██▋       | 2810/10353 [00:09<00:23, 324.17it/s] 28%|██▊       | 2850/10353 [00:09<00:23, 317.47it/s] 28%|██▊       | 2890/10353 [00:09<00:23, 322.64it/s] 28%|██▊       | 2930/10353 [00:09<00:22, 326.99it/s] 29%|██▊       | 2970/10353 [00:09<00:22, 330.30it/s] 29%|██▉       | 3010/10353 [00:09<00:22, 331.17it/s] 29%|██▉       | 3050/10353 [00:10<00:21, 332.59it/s] 30%|██▉       | 3090/10353 [00:10<00:21, 333.57it/s] 30%|███       | 3130/10353 [00:10<00:21, 334.21it/s] 31%|███       | 3170/10353 [00:10<00:21, 334.50it/s] 31%|███       | 3210/10353 [00:10<00:21, 335.43it/s] 31%|███▏      | 3250/10353 [00:10<00:21, 335.47it/s] 32%|███▏      | 3290/10353 [00:10<00:21, 324.53it/s] 32%|███▏      | 3330/10353 [00:10<00:21, 325.14it/s] 33%|███▎      | 3370/10353 [00:11<00:21, 318.43it/s] 33%|███▎      | 3410/10353 [00:11<00:21, 323.20it/s] 33%|███▎      | 3450/10353 [00:11<00:22, 307.16it/s] 34%|███▎      | 3490/10353 [00:11<00:21, 315.31it/s] 34%|███▍      | 3530/10353 [00:11<00:21, 311.34it/s] 34%|███▍      | 3570/10353 [00:11<00:22, 304.07it/s] 35%|███▍      | 3610/10353 [00:11<00:22, 294.32it/s] 35%|███▌      | 3640/10353 [00:11<00:23, 287.66it/s] 35%|███▌      | 3670/10353 [00:12<00:23, 287.54it/s] 36%|███▌      | 3710/10353 [00:12<00:22, 292.15it/s] 36%|███▌      | 3750/10353 [00:12<00:21, 305.00it/s] 37%|███▋      | 3790/10353 [00:12<00:22, 288.08it/s] 37%|███▋      | 3820/10353 [00:12<00:22, 287.98it/s] 37%|███▋      | 3850/10353 [00:12<00:22, 283.31it/s] 38%|███▊      | 3890/10353 [00:12<00:21, 298.56it/s] 38%|███▊      | 3920/10353 [00:12<00:21, 297.10it/s] 38%|███▊      | 3950/10353 [00:13<00:22, 286.25it/s] 38%|███▊      | 3980/10353 [00:13<00:22, 278.80it/s] 39%|███▊      | 4010/10353 [00:13<00:22, 281.36it/s] 39%|███▉      | 4040/10353 [00:13<00:22, 284.97it/s] 39%|███▉      | 4070/10353 [00:13<00:21, 287.39it/s] 40%|███▉      | 4100/10353 [00:13<00:21, 287.81it/s] 40%|███▉      | 4130/10353 [00:13<00:21, 289.62it/s] 40%|████      | 4160/10353 [00:13<00:22, 280.94it/s] 40%|████      | 4190/10353 [00:13<00:21, 280.49it/s] 41%|████      | 4220/10353 [00:14<00:21, 281.13it/s] 41%|████      | 4250/10353 [00:14<00:21, 284.76it/s] 41%|████▏     | 4280/10353 [00:14<00:21, 284.77it/s] 42%|████▏     | 4320/10353 [00:14<00:20, 301.13it/s] 42%|████▏     | 4350/10353 [00:14<00:21, 280.31it/s] 42%|████▏     | 4380/10353 [00:14<00:22, 268.13it/s] 43%|████▎     | 4410/10353 [00:14<00:21, 271.68it/s] 43%|████▎     | 4440/10353 [00:14<00:21, 270.99it/s] 43%|████▎     | 4470/10353 [00:14<00:21, 278.37it/s] 44%|████▎     | 4510/10353 [00:15<00:19, 296.01it/s] 44%|████▍     | 4540/10353 [00:15<00:19, 294.15it/s] 44%|████▍     | 4570/10353 [00:15<00:19, 293.70it/s] 45%|████▍     | 4610/10353 [00:15<00:19, 299.64it/s] 45%|████▍     | 4640/10353 [00:15<00:19, 287.17it/s] 45%|████▌     | 4680/10353 [00:15<00:18, 302.68it/s] 46%|████▌     | 4720/10353 [00:15<00:18, 312.55it/s] 46%|████▌     | 4760/10353 [00:15<00:17, 319.58it/s] 46%|████▋     | 4800/10353 [00:15<00:17, 313.25it/s] 47%|████▋     | 4840/10353 [00:16<00:17, 319.54it/s] 47%|████▋     | 4880/10353 [00:16<00:17, 314.10it/s] 48%|████▊     | 4920/10353 [00:16<00:16, 320.24it/s] 48%|████▊     | 4960/10353 [00:16<00:16, 325.12it/s] 48%|████▊     | 5000/10353 [00:16<00:16, 328.02it/s] 49%|████▊     | 5040/10353 [00:16<00:16, 331.13it/s] 49%|████▉     | 5080/10353 [00:16<00:16, 322.77it/s] 49%|████▉     | 5120/10353 [00:16<00:16, 315.72it/s] 50%|████▉     | 5160/10353 [00:17<00:16, 321.57it/s] 50%|█████     | 5200/10353 [00:17<00:15, 325.86it/s] 51%|█████     | 5240/10353 [00:17<00:16, 318.65it/s] 51%|█████     | 5280/10353 [00:17<00:16, 316.10it/s] 51%|█████▏    | 5320/10353 [00:17<00:16, 309.73it/s] 52%|█████▏    | 5360/10353 [00:17<00:15, 317.48it/s] 52%|█████▏    | 5400/10353 [00:17<00:15, 322.61it/s] 53%|█████▎    | 5440/10353 [00:17<00:15, 316.38it/s] 53%|█████▎    | 5480/10353 [00:18<00:15, 306.07it/s] 53%|█████▎    | 5520/10353 [00:18<00:15, 304.80it/s] 54%|█████▎    | 5560/10353 [00:18<00:15, 313.58it/s] 54%|█████▍    | 5600/10353 [00:18<00:15, 309.53it/s] 54%|█████▍    | 5640/10353 [00:18<00:16, 292.18it/s] 55%|█████▍    | 5680/10353 [00:18<00:16, 291.59it/s] 55%|█████▌    | 5710/10353 [00:18<00:16, 283.07it/s] 55%|█████▌    | 5740/10353 [00:18<00:16, 286.73it/s] 56%|█████▌    | 5770/10353 [00:19<00:16, 279.45it/s] 56%|█████▌    | 5800/10353 [00:19<00:16, 274.76it/s] 56%|█████▋    | 5830/10353 [00:19<00:16, 279.01it/s] 57%|█████▋    | 5860/10353 [00:19<00:15, 283.53it/s] 57%|█████▋    | 5890/10353 [00:19<00:15, 286.46it/s] 57%|█████▋    | 5920/10353 [00:19<00:16, 271.56it/s] 57%|█████▋    | 5950/10353 [00:19<00:16, 269.49it/s] 58%|█████▊    | 5980/10353 [00:19<00:15, 275.76it/s] 58%|█████▊    | 6020/10353 [00:19<00:14, 294.57it/s] 59%|█████▊    | 6060/10353 [00:20<00:14, 306.50it/s] 59%|█████▉    | 6100/10353 [00:20<00:13, 315.66it/s] 59%|█████▉    | 6140/10353 [00:20<00:13, 317.58it/s] 60%|█████▉    | 6180/10353 [00:20<00:12, 322.71it/s] 60%|██████    | 6220/10353 [00:20<00:12, 325.66it/s] 60%|██████    | 6260/10353 [00:20<00:12, 327.30it/s] 61%|██████    | 6300/10353 [00:20<00:12, 329.42it/s] 61%|██████    | 6340/10353 [00:20<00:12, 331.26it/s] 62%|██████▏   | 6380/10353 [00:21<00:12, 319.99it/s] 62%|██████▏   | 6420/10353 [00:21<00:12, 323.48it/s] 62%|██████▏   | 6460/10353 [00:21<00:11, 324.97it/s] 63%|██████▎   | 6500/10353 [00:21<00:11, 325.70it/s] 63%|██████▎   | 6540/10353 [00:21<00:12, 316.62it/s] 64%|██████▎   | 6580/10353 [00:21<00:12, 311.31it/s] 64%|██████▍   | 6620/10353 [00:21<00:11, 316.15it/s] 64%|██████▍   | 6660/10353 [00:21<00:11, 319.96it/s] 65%|██████▍   | 6700/10353 [00:22<00:11, 312.60it/s] 65%|██████▌   | 6740/10353 [00:22<00:11, 316.53it/s] 65%|██████▌   | 6780/10353 [00:22<00:11, 321.89it/s] 66%|██████▌   | 6820/10353 [00:22<00:10, 324.67it/s] 66%|██████▋   | 6860/10353 [00:22<00:10, 327.51it/s] 67%|██████▋   | 6900/10353 [00:22<00:10, 329.79it/s] 67%|██████▋   | 6940/10353 [00:22<00:10, 331.22it/s] 67%|██████▋   | 6980/10353 [00:22<00:10, 332.13it/s] 68%|██████▊   | 7020/10353 [00:23<00:09, 333.31it/s] 68%|██████▊   | 7060/10353 [00:23<00:10, 323.28it/s] 69%|██████▊   | 7100/10353 [00:23<00:09, 325.94it/s] 69%|██████▉   | 7140/10353 [00:23<00:10, 317.92it/s] 69%|██████▉   | 7180/10353 [00:23<00:09, 322.29it/s] 70%|██████▉   | 7220/10353 [00:23<00:09, 314.96it/s] 70%|███████   | 7260/10353 [00:23<00:09, 319.90it/s] 71%|███████   | 7300/10353 [00:23<00:09, 312.38it/s] 71%|███████   | 7340/10353 [00:24<00:09, 302.20it/s] 71%|███████▏  | 7380/10353 [00:24<00:10, 289.48it/s] 72%|███████▏  | 7410/10353 [00:24<00:10, 289.55it/s] 72%|███████▏  | 7440/10353 [00:24<00:10, 289.96it/s] 72%|███████▏  | 7480/10353 [00:24<00:09, 301.44it/s] 73%|███████▎  | 7520/10353 [00:24<00:09, 292.44it/s] 73%|███████▎  | 7550/10353 [00:24<00:09, 290.36it/s] 73%|███████▎  | 7580/10353 [00:24<00:09, 278.79it/s] 74%|███████▎  | 7620/10353 [00:25<00:09, 282.09it/s] 74%|███████▍  | 7660/10353 [00:25<00:09, 289.36it/s] 74%|███████▍  | 7690/10353 [00:25<00:09, 289.93it/s] 75%|███████▍  | 7720/10353 [00:25<00:09, 284.14it/s] 75%|███████▍  | 7750/10353 [00:25<00:09, 282.44it/s] 75%|███████▌  | 7780/10353 [00:25<00:09, 277.59it/s] 76%|███████▌  | 7820/10353 [00:25<00:08, 288.84it/s] 76%|███████▌  | 7850/10353 [00:25<00:08, 279.82it/s] 76%|███████▌  | 7890/10353 [00:26<00:08, 281.43it/s] 76%|███████▋  | 7920/10353 [00:26<00:08, 281.35it/s] 77%|███████▋  | 7950/10353 [00:26<00:08, 284.72it/s] 77%|███████▋  | 7980/10353 [00:26<00:08, 277.81it/s] 77%|███████▋  | 8020/10353 [00:26<00:08, 283.56it/s] 78%|███████▊  | 8050/10353 [00:26<00:08, 277.31it/s] 78%|███████▊  | 8080/10353 [00:26<00:08, 280.65it/s] 78%|███████▊  | 8110/10353 [00:26<00:08, 271.65it/s] 79%|███████▊  | 8140/10353 [00:26<00:08, 266.08it/s] 79%|███████▉  | 8170/10353 [00:27<00:08, 260.28it/s] 79%|███████▉  | 8200/10353 [00:27<00:08, 265.98it/s] 79%|███████▉  | 8230/10353 [00:27<00:07, 273.65it/s] 80%|███████▉  | 8260/10353 [00:27<00:07, 279.57it/s] 80%|████████  | 8300/10353 [00:27<00:06, 294.33it/s] 80%|████████  | 8330/10353 [00:27<00:06, 291.91it/s] 81%|████████  | 8360/10353 [00:27<00:06, 291.40it/s] 81%|████████  | 8400/10353 [00:27<00:06, 292.68it/s] 81%|████████▏ | 8430/10353 [00:27<00:06, 291.19it/s] 82%|████████▏ | 8470/10353 [00:28<00:06, 301.13it/s] 82%|████████▏ | 8510/10353 [00:28<00:05, 309.08it/s] 83%|████████▎ | 8550/10353 [00:28<00:05, 303.45it/s] 83%|████████▎ | 8590/10353 [00:28<00:05, 299.77it/s] 83%|████████▎ | 8630/10353 [00:28<00:05, 306.87it/s] 84%|████████▎ | 8670/10353 [00:28<00:05, 313.21it/s] 84%|████████▍ | 8710/10353 [00:28<00:05, 316.21it/s] 85%|████████▍ | 8750/10353 [00:28<00:05, 318.78it/s] 85%|████████▍ | 8790/10353 [00:29<00:04, 320.34it/s] 85%|████████▌ | 8830/10353 [00:29<00:04, 322.12it/s] 86%|████████▌ | 8870/10353 [00:29<00:04, 325.09it/s] 86%|████████▌ | 8910/10353 [00:29<00:04, 328.52it/s] 86%|████████▋ | 8950/10353 [00:29<00:04, 330.11it/s] 87%|████████▋ | 8990/10353 [00:29<00:04, 330.71it/s] 87%|████████▋ | 9030/10353 [00:29<00:03, 332.44it/s] 88%|████████▊ | 9070/10353 [00:29<00:03, 333.89it/s] 88%|████████▊ | 9110/10353 [00:30<00:03, 334.12it/s] 88%|████████▊ | 9150/10353 [00:30<00:03, 323.81it/s] 89%|████████▉ | 9190/10353 [00:30<00:03, 326.77it/s] 89%|████████▉ | 9230/10353 [00:30<00:03, 329.52it/s] 90%|████████▉ | 9270/10353 [00:30<00:03, 327.12it/s] 90%|████████▉ | 9310/10353 [00:30<00:03, 329.92it/s] 90%|█████████ | 9350/10353 [00:30<00:03, 332.18it/s] 91%|█████████ | 9390/10353 [00:30<00:02, 328.68it/s] 91%|█████████ | 9430/10353 [00:31<00:02, 331.64it/s] 91%|█████████▏| 9470/10353 [00:31<00:02, 311.52it/s] 92%|█████████▏| 9510/10353 [00:31<00:02, 309.60it/s] 92%|█████████▏| 9550/10353 [00:31<00:02, 304.34it/s] 93%|█████████▎| 9590/10353 [00:31<00:02, 292.12it/s] 93%|█████████▎| 9620/10353 [00:31<00:02, 293.94it/s] 93%|█████████▎| 9650/10353 [00:31<00:02, 282.83it/s] 93%|█████████▎| 9680/10353 [00:31<00:02, 283.95it/s] 94%|█████████▍| 9710/10353 [00:32<00:02, 276.65it/s] 94%|█████████▍| 9740/10353 [00:32<00:02, 269.78it/s] 94%|█████████▍| 9770/10353 [00:32<00:02, 256.09it/s] 95%|█████████▍| 9800/10353 [00:32<00:02, 263.72it/s] 95%|█████████▍| 9830/10353 [00:32<00:01, 262.05it/s] 95%|█████████▌| 9860/10353 [00:32<00:01, 251.74it/s] 96%|█████████▌| 9890/10353 [00:32<00:01, 252.60it/s] 96%|█████████▌| 9920/10353 [00:32<00:01, 253.20it/s] 96%|█████████▌| 9950/10353 [00:32<00:01, 249.99it/s] 96%|█████████▋| 9980/10353 [00:33<00:01, 250.26it/s] 97%|█████████▋| 10010/10353 [00:33<00:01, 251.97it/s] 97%|█████████▋| 10040/10353 [00:33<00:01, 250.91it/s] 97%|█████████▋| 10070/10353 [00:33<00:01, 253.38it/s] 98%|█████████▊| 10100/10353 [00:33<00:00, 256.51it/s] 98%|█████████▊| 10130/10353 [00:33<00:00, 256.64it/s] 98%|█████████▊| 10160/10353 [00:33<00:00, 259.40it/s] 98%|█████████▊| 10190/10353 [00:33<00:00, 259.00it/s] 99%|█████████▉| 10230/10353 [00:34<00:00, 272.40it/s] 99%|█████████▉| 10260/10353 [00:34<00:00, 279.00it/s] 99%|█████████▉| 10290/10353 [00:34<00:00, 273.82it/s]100%|█████████▉| 10320/10353 [00:34<00:00, 264.45it/s]100%|█████████▉| 10350/10353 [00:34<00:00, 261.35it/s]100%|██████████| 10353/10353 [00:34<00:00, 299.73it/s]
  0%|          | 0/10353 [00:00<?, ?it/s]  0%|          | 20/10353 [00:00<01:03, 163.56it/s]  0%|          | 40/10353 [00:00<01:01, 167.42it/s]  1%|          | 60/10353 [00:00<01:00, 169.26it/s]  1%|          | 80/10353 [00:00<01:00, 169.88it/s]  1%|          | 100/10353 [00:00<01:00, 170.33it/s]  1%|          | 120/10353 [00:00<00:59, 170.62it/s]  1%|▏         | 140/10353 [00:00<00:59, 170.54it/s]  2%|▏         | 160/10353 [00:00<00:59, 170.84it/s]  2%|▏         | 180/10353 [00:01<00:59, 171.14it/s]  2%|▏         | 200/10353 [00:01<00:59, 171.74it/s]  2%|▏         | 230/10353 [00:01<00:52, 192.74it/s]  3%|▎         | 260/10353 [00:01<00:48, 206.88it/s]  3%|▎         | 290/10353 [00:01<00:48, 207.62it/s]  3%|▎         | 320/10353 [00:01<00:46, 216.12it/s]  3%|▎         | 350/10353 [00:01<00:44, 222.57it/s]  4%|▎         | 380/10353 [00:01<00:43, 226.89it/s]  4%|▍         | 410/10353 [00:02<00:43, 229.78it/s]  4%|▍         | 440/10353 [00:02<00:42, 232.19it/s]  5%|▍         | 470/10353 [00:02<00:44, 223.42it/s]  5%|▍         | 500/10353 [00:02<00:43, 227.76it/s]  5%|▌         | 530/10353 [00:02<00:42, 230.37it/s]  5%|▌         | 560/10353 [00:02<00:42, 232.59it/s]  6%|▌         | 590/10353 [00:02<00:41, 232.81it/s]  6%|▌         | 620/10353 [00:02<00:41, 234.14it/s]  6%|▋         | 650/10353 [00:03<00:41, 234.20it/s]  7%|▋         | 680/10353 [00:03<00:41, 235.63it/s]  7%|▋         | 710/10353 [00:03<00:40, 236.24it/s]  7%|▋         | 740/10353 [00:03<00:40, 236.83it/s]  7%|▋         | 770/10353 [00:03<00:40, 236.50it/s]  8%|▊         | 800/10353 [00:03<00:40, 237.22it/s]  8%|▊         | 830/10353 [00:03<00:40, 236.74it/s]  8%|▊         | 860/10353 [00:03<00:40, 234.47it/s]  9%|▊         | 890/10353 [00:04<00:40, 234.23it/s]  9%|▉         | 920/10353 [00:04<00:40, 235.29it/s]  9%|▉         | 950/10353 [00:04<00:39, 235.26it/s]  9%|▉         | 980/10353 [00:04<00:39, 235.45it/s] 10%|▉         | 1010/10353 [00:04<00:39, 236.24it/s] 10%|█         | 1040/10353 [00:04<00:39, 236.55it/s] 10%|█         | 1070/10353 [00:04<00:39, 236.78it/s] 11%|█         | 1100/10353 [00:05<00:39, 236.00it/s] 11%|█         | 1130/10353 [00:05<00:39, 235.88it/s] 11%|█         | 1160/10353 [00:05<00:40, 228.48it/s] 11%|█▏        | 1190/10353 [00:05<00:40, 228.81it/s] 12%|█▏        | 1220/10353 [00:05<00:39, 229.28it/s] 12%|█▏        | 1250/10353 [00:05<00:39, 230.59it/s] 12%|█▏        | 1280/10353 [00:05<00:40, 222.84it/s] 13%|█▎        | 1310/10353 [00:05<00:39, 226.52it/s] 13%|█▎        | 1340/10353 [00:06<00:44, 202.88it/s] 13%|█▎        | 1370/10353 [00:06<00:43, 204.28it/s] 14%|█▎        | 1400/10353 [00:06<00:42, 212.11it/s] 14%|█▍        | 1430/10353 [00:06<00:40, 218.45it/s] 14%|█▍        | 1460/10353 [00:06<00:39, 223.43it/s] 14%|█▍        | 1490/10353 [00:06<00:39, 226.55it/s] 15%|█▍        | 1520/10353 [00:06<00:38, 227.55it/s] 15%|█▍        | 1550/10353 [00:07<00:38, 226.31it/s] 15%|█▌        | 1580/10353 [00:07<00:41, 213.38it/s] 16%|█▌        | 1610/10353 [00:07<00:41, 211.39it/s] 16%|█▌        | 1640/10353 [00:07<00:39, 218.10it/s] 16%|█▌        | 1670/10353 [00:07<00:42, 206.33it/s] 16%|█▋        | 1700/10353 [00:07<00:42, 204.04it/s] 17%|█▋        | 1730/10353 [00:07<00:42, 203.90it/s] 17%|█▋        | 1760/10353 [00:08<00:41, 205.07it/s] 17%|█▋        | 1790/10353 [00:08<00:41, 204.70it/s] 18%|█▊        | 1820/10353 [00:08<00:40, 212.42it/s] 18%|█▊        | 1850/10353 [00:08<00:38, 218.16it/s] 18%|█▊        | 1880/10353 [00:08<00:39, 211.92it/s] 18%|█▊        | 1910/10353 [00:08<00:40, 208.85it/s] 19%|█▊        | 1940/10353 [00:08<00:39, 211.02it/s] 19%|█▉        | 1970/10353 [00:09<00:39, 210.87it/s] 19%|█▉        | 2000/10353 [00:09<00:39, 210.74it/s] 20%|█▉        | 2030/10353 [00:09<00:39, 211.31it/s] 20%|█▉        | 2060/10353 [00:09<00:41, 200.50it/s] 20%|██        | 2090/10353 [00:09<00:39, 208.82it/s] 20%|██        | 2120/10353 [00:09<00:39, 206.62it/s] 21%|██        | 2150/10353 [00:09<00:39, 206.58it/s] 21%|██        | 2180/10353 [00:10<00:39, 208.02it/s] 21%|██▏       | 2210/10353 [00:10<00:39, 207.65it/s] 22%|██▏       | 2240/10353 [00:10<00:39, 208.03it/s] 22%|██▏       | 2270/10353 [00:10<00:38, 207.82it/s] 22%|██▏       | 2300/10353 [00:10<00:38, 207.57it/s] 23%|██▎       | 2330/10353 [00:10<00:40, 200.03it/s] 23%|██▎       | 2360/10353 [00:10<00:39, 201.72it/s] 23%|██▎       | 2390/10353 [00:11<00:39, 203.33it/s] 23%|██▎       | 2420/10353 [00:11<00:37, 211.10it/s] 24%|██▎       | 2450/10353 [00:11<00:37, 209.23it/s] 24%|██▍       | 2480/10353 [00:11<00:36, 216.51it/s] 24%|██▍       | 2510/10353 [00:11<00:36, 213.95it/s] 25%|██▍       | 2540/10353 [00:11<00:36, 211.54it/s] 25%|██▍       | 2570/10353 [00:11<00:37, 209.75it/s] 25%|██▌       | 2600/10353 [00:12<00:35, 217.18it/s] 25%|██▌       | 2630/10353 [00:12<00:34, 222.20it/s] 26%|██▌       | 2660/10353 [00:12<00:34, 225.51it/s] 26%|██▌       | 2690/10353 [00:12<00:33, 228.20it/s] 26%|██▋       | 2720/10353 [00:12<00:34, 221.75it/s] 27%|██▋       | 2750/10353 [00:12<00:34, 217.69it/s] 27%|██▋       | 2780/10353 [00:12<00:34, 222.72it/s] 27%|██▋       | 2810/10353 [00:13<00:33, 226.53it/s] 27%|██▋       | 2840/10353 [00:13<00:32, 229.07it/s] 28%|██▊       | 2870/10353 [00:13<00:32, 230.68it/s] 28%|██▊       | 2900/10353 [00:13<00:33, 222.79it/s] 28%|██▊       | 2930/10353 [00:13<00:32, 225.78it/s] 29%|██▊       | 2960/10353 [00:13<00:33, 219.74it/s] 29%|██▉       | 2990/10353 [00:13<00:32, 224.18it/s] 29%|██▉       | 3020/10353 [00:13<00:33, 219.56it/s] 29%|██▉       | 3050/10353 [00:14<00:32, 223.43it/s] 30%|██▉       | 3080/10353 [00:14<00:33, 219.27it/s] 30%|███       | 3110/10353 [00:14<00:33, 216.01it/s] 30%|███       | 3140/10353 [00:14<00:33, 212.47it/s] 31%|███       | 3170/10353 [00:14<00:32, 218.31it/s] 31%|███       | 3200/10353 [00:14<00:32, 218.46it/s] 31%|███       | 3230/10353 [00:14<00:32, 222.44it/s] 31%|███▏      | 3260/10353 [00:15<00:32, 216.15it/s] 32%|███▏      | 3290/10353 [00:15<00:33, 213.08it/s] 32%|███▏      | 3320/10353 [00:15<00:33, 210.92it/s] 32%|███▏      | 3350/10353 [00:15<00:32, 212.88it/s] 33%|███▎      | 3380/10353 [00:15<00:31, 218.49it/s] 33%|███▎      | 3410/10353 [00:15<00:32, 215.20it/s] 33%|███▎      | 3440/10353 [00:15<00:33, 208.36it/s] 34%|███▎      | 3470/10353 [00:16<00:32, 214.28it/s] 34%|███▍      | 3500/10353 [00:16<00:34, 198.92it/s] 34%|███▍      | 3530/10353 [00:16<00:34, 197.10it/s] 34%|███▍      | 3560/10353 [00:16<00:33, 199.87it/s] 35%|███▍      | 3590/10353 [00:16<00:32, 207.28it/s] 35%|███▍      | 3620/10353 [00:16<00:33, 202.25it/s] 35%|███▌      | 3650/10353 [00:16<00:31, 209.88it/s] 36%|███▌      | 3680/10353 [00:17<00:30, 216.05it/s] 36%|███▌      | 3710/10353 [00:17<00:31, 210.23it/s] 36%|███▌      | 3740/10353 [00:17<00:31, 208.77it/s] 36%|███▋      | 3770/10353 [00:17<00:30, 215.79it/s] 37%|███▋      | 3800/10353 [00:17<00:30, 212.77it/s] 37%|███▋      | 3830/10353 [00:17<00:32, 203.68it/s] 37%|███▋      | 3860/10353 [00:17<00:30, 211.27it/s] 38%|███▊      | 3890/10353 [00:18<00:30, 209.26it/s] 38%|███▊      | 3920/10353 [00:18<00:31, 207.19it/s] 38%|███▊      | 3950/10353 [00:18<00:31, 205.85it/s] 38%|███▊      | 3980/10353 [00:18<00:31, 204.50it/s] 39%|███▊      | 4010/10353 [00:18<00:31, 199.02it/s] 39%|███▉      | 4030/10353 [00:18<00:31, 197.73it/s] 39%|███▉      | 4060/10353 [00:18<00:31, 201.82it/s] 40%|███▉      | 4090/10353 [00:19<00:30, 202.22it/s] 40%|███▉      | 4120/10353 [00:19<00:30, 203.41it/s] 40%|████      | 4150/10353 [00:19<00:30, 203.99it/s] 40%|████      | 4180/10353 [00:19<00:29, 210.43it/s] 41%|████      | 4210/10353 [00:19<00:29, 211.80it/s] 41%|████      | 4240/10353 [00:19<00:29, 210.20it/s] 41%|████      | 4270/10353 [00:19<00:29, 208.31it/s] 42%|████▏     | 4300/10353 [00:20<00:30, 200.15it/s] 42%|████▏     | 4330/10353 [00:20<00:29, 201.59it/s] 42%|████▏     | 4360/10353 [00:20<00:30, 199.39it/s] 42%|████▏     | 4380/10353 [00:20<00:30, 196.34it/s] 43%|████▎     | 4410/10353 [00:20<00:29, 198.43it/s] 43%|████▎     | 4430/10353 [00:20<00:30, 196.14it/s] 43%|████▎     | 4460/10353 [00:20<00:28, 205.15it/s] 43%|████▎     | 4490/10353 [00:21<00:30, 194.77it/s] 44%|████▎     | 4520/10353 [00:21<00:30, 193.57it/s] 44%|████▍     | 4540/10353 [00:21<00:30, 193.20it/s] 44%|████▍     | 4560/10353 [00:21<00:30, 192.92it/s] 44%|████▍     | 4580/10353 [00:21<00:29, 192.98it/s] 44%|████▍     | 4600/10353 [00:21<00:30, 188.89it/s] 45%|████▍     | 4620/10353 [00:21<00:30, 189.63it/s] 45%|████▍     | 4650/10353 [00:21<00:29, 195.27it/s] 45%|████▌     | 4680/10353 [00:22<00:29, 194.69it/s] 45%|████▌     | 4700/10353 [00:22<00:29, 194.71it/s] 46%|████▌     | 4730/10353 [00:22<00:28, 198.46it/s] 46%|████▌     | 4750/10353 [00:22<00:28, 197.07it/s] 46%|████▌     | 4770/10353 [00:22<00:28, 196.45it/s] 46%|████▋     | 4790/10353 [00:22<00:28, 194.91it/s] 47%|████▋     | 4820/10353 [00:22<00:27, 204.80it/s] 47%|████▋     | 4850/10353 [00:22<00:27, 200.72it/s] 47%|████▋     | 4880/10353 [00:23<00:28, 195.36it/s] 47%|████▋     | 4900/10353 [00:23<00:28, 194.06it/s] 48%|████▊     | 4920/10353 [00:23<00:27, 194.15it/s] 48%|████▊     | 4950/10353 [00:23<00:27, 194.00it/s] 48%|████▊     | 4970/10353 [00:23<00:27, 193.41it/s] 48%|████▊     | 4990/10353 [00:23<00:27, 193.28it/s] 48%|████▊     | 5020/10353 [00:23<00:26, 205.02it/s] 49%|████▉     | 5050/10353 [00:23<00:26, 196.41it/s] 49%|████▉     | 5070/10353 [00:24<00:26, 195.77it/s] 49%|████▉     | 5090/10353 [00:24<00:27, 194.53it/s] 49%|████▉     | 5110/10353 [00:24<00:26, 195.08it/s] 50%|████▉     | 5130/10353 [00:24<00:26, 193.87it/s] 50%|████▉     | 5150/10353 [00:24<00:26, 193.02it/s] 50%|████▉     | 5170/10353 [00:24<00:28, 184.08it/s] 50%|█████     | 5190/10353 [00:24<00:27, 185.60it/s] 50%|█████     | 5210/10353 [00:24<00:27, 185.97it/s] 51%|█████     | 5230/10353 [00:24<00:27, 187.40it/s] 51%|█████     | 5250/10353 [00:25<00:27, 184.78it/s] 51%|█████     | 5270/10353 [00:25<00:27, 181.74it/s] 51%|█████     | 5300/10353 [00:25<00:25, 195.03it/s] 51%|█████▏    | 5320/10353 [00:25<00:25, 194.01it/s] 52%|█████▏    | 5350/10353 [00:25<00:25, 198.86it/s] 52%|█████▏    | 5370/10353 [00:25<00:25, 194.06it/s] 52%|█████▏    | 5400/10353 [00:25<00:24, 199.03it/s] 52%|█████▏    | 5420/10353 [00:25<00:26, 189.22it/s] 53%|█████▎    | 5440/10353 [00:25<00:26, 187.24it/s] 53%|█████▎    | 5460/10353 [00:26<00:26, 184.45it/s] 53%|█████▎    | 5480/10353 [00:26<00:26, 186.03it/s] 53%|█████▎    | 5510/10353 [00:26<00:24, 199.67it/s] 53%|█████▎    | 5530/10353 [00:26<00:24, 197.58it/s] 54%|█████▎    | 5550/10353 [00:26<00:24, 192.71it/s] 54%|█████▍    | 5570/10353 [00:26<00:26, 180.31it/s] 54%|█████▍    | 5600/10353 [00:26<00:25, 187.17it/s] 54%|█████▍    | 5620/10353 [00:26<00:25, 186.03it/s] 54%|█████▍    | 5640/10353 [00:27<00:24, 189.32it/s] 55%|█████▍    | 5660/10353 [00:27<00:24, 189.78it/s] 55%|█████▍    | 5680/10353 [00:27<00:24, 189.38it/s] 55%|█████▌    | 5710/10353 [00:27<00:23, 198.62it/s] 55%|█████▌    | 5730/10353 [00:27<00:24, 192.17it/s] 56%|█████▌    | 5750/10353 [00:27<00:24, 187.29it/s] 56%|█████▌    | 5770/10353 [00:27<00:25, 181.09it/s] 56%|█████▌    | 5800/10353 [00:27<00:24, 185.71it/s] 56%|█████▌    | 5820/10353 [00:27<00:24, 186.61it/s] 57%|█████▋    | 5850/10353 [00:28<00:23, 191.28it/s] 57%|█████▋    | 5870/10353 [00:28<00:23, 192.48it/s] 57%|█████▋    | 5890/10353 [00:28<00:23, 187.81it/s] 57%|█████▋    | 5910/10353 [00:28<00:24, 179.94it/s] 57%|█████▋    | 5930/10353 [00:28<00:24, 180.73it/s] 58%|█████▊    | 5960/10353 [00:28<00:23, 183.85it/s] 58%|█████▊    | 5980/10353 [00:28<00:23, 183.63it/s] 58%|█████▊    | 6000/10353 [00:28<00:24, 180.15it/s] 58%|█████▊    | 6020/10353 [00:29<00:24, 178.90it/s] 58%|█████▊    | 6040/10353 [00:29<00:24, 178.68it/s] 59%|█████▊    | 6060/10353 [00:29<00:23, 179.21it/s] 59%|█████▊    | 6080/10353 [00:29<00:23, 178.30it/s] 59%|█████▉    | 6100/10353 [00:29<00:23, 182.07it/s] 59%|█████▉    | 6130/10353 [00:29<00:21, 195.24it/s] 59%|█████▉    | 6160/10353 [00:29<00:21, 192.17it/s] 60%|█████▉    | 6180/10353 [00:29<00:22, 185.27it/s] 60%|█████▉    | 6210/10353 [00:30<00:21, 192.34it/s] 60%|██████    | 6240/10353 [00:30<00:20, 198.65it/s] 60%|██████    | 6260/10353 [00:30<00:20, 195.94it/s] 61%|██████    | 6280/10353 [00:30<00:21, 191.69it/s] 61%|██████    | 6300/10353 [00:30<00:21, 185.87it/s] 61%|██████    | 6330/10353 [00:30<00:20, 196.23it/s] 61%|██████▏   | 6350/10353 [00:30<00:21, 188.35it/s] 62%|██████▏   | 6370/10353 [00:30<00:21, 184.45it/s] 62%|██████▏   | 6390/10353 [00:31<00:21, 181.24it/s] 62%|██████▏   | 6410/10353 [00:31<00:21, 182.37it/s] 62%|██████▏   | 6430/10353 [00:31<00:22, 173.62it/s] 62%|██████▏   | 6460/10353 [00:31<00:21, 181.34it/s] 63%|██████▎   | 6480/10353 [00:31<00:21, 176.52it/s] 63%|██████▎   | 6500/10353 [00:31<00:22, 174.33it/s] 63%|██████▎   | 6520/10353 [00:31<00:21, 174.41it/s] 63%|██████▎   | 6540/10353 [00:31<00:22, 168.52it/s] 63%|██████▎   | 6560/10353 [00:32<00:21, 176.31it/s] 64%|██████▎   | 6580/10353 [00:32<00:22, 168.20it/s] 64%|██████▎   | 6600/10353 [00:32<00:22, 168.65it/s] 64%|██████▍   | 6620/10353 [00:32<00:22, 165.72it/s] 64%|██████▍   | 6640/10353 [00:32<00:21, 174.57it/s] 64%|██████▍   | 6660/10353 [00:32<00:20, 180.84it/s] 65%|██████▍   | 6680/10353 [00:32<00:20, 180.57it/s] 65%|██████▍   | 6700/10353 [00:32<00:20, 175.02it/s] 65%|██████▍   | 6720/10353 [00:32<00:20, 176.19it/s] 65%|██████▌   | 6740/10353 [00:33<00:20, 172.18it/s] 65%|██████▌   | 6760/10353 [00:33<00:21, 170.42it/s] 65%|██████▌   | 6780/10353 [00:33<00:20, 171.61it/s] 66%|██████▌   | 6800/10353 [00:33<00:20, 175.04it/s] 66%|██████▌   | 6820/10353 [00:33<00:20, 171.99it/s] 66%|██████▌   | 6850/10353 [00:33<00:18, 188.19it/s] 66%|██████▋   | 6870/10353 [00:33<00:18, 189.10it/s] 67%|██████▋   | 6890/10353 [00:33<00:18, 185.94it/s] 67%|██████▋   | 6910/10353 [00:34<00:18, 184.73it/s] 67%|██████▋   | 6930/10353 [00:34<00:19, 179.76it/s] 67%|██████▋   | 6950/10353 [00:34<00:19, 174.69it/s] 67%|██████▋   | 6970/10353 [00:34<00:19, 174.17it/s] 68%|██████▊   | 7000/10353 [00:34<00:18, 180.46it/s] 68%|██████▊   | 7020/10353 [00:34<00:18, 177.54it/s] 68%|██████▊   | 7050/10353 [00:34<00:17, 192.56it/s] 68%|██████▊   | 7070/10353 [00:34<00:17, 184.10it/s] 68%|██████▊   | 7090/10353 [00:34<00:17, 186.78it/s] 69%|██████▊   | 7110/10353 [00:35<00:17, 187.74it/s] 69%|██████▉   | 7130/10353 [00:35<00:17, 182.92it/s] 69%|██████▉   | 7150/10353 [00:35<00:17, 178.59it/s] 69%|██████▉   | 7170/10353 [00:35<00:17, 182.03it/s] 69%|██████▉   | 7190/10353 [00:35<00:17, 184.82it/s] 70%|██████▉   | 7210/10353 [00:35<00:17, 181.69it/s] 70%|██████▉   | 7240/10353 [00:35<00:16, 193.88it/s] 70%|███████   | 7260/10353 [00:35<00:16, 192.93it/s] 70%|███████   | 7280/10353 [00:36<00:16, 184.28it/s] 71%|███████   | 7300/10353 [00:36<00:16, 185.84it/s] 71%|███████   | 7320/10353 [00:36<00:16, 189.00it/s] 71%|███████   | 7340/10353 [00:36<00:16, 185.20it/s] 71%|███████   | 7360/10353 [00:36<00:16, 186.18it/s] 71%|███████▏  | 7380/10353 [00:36<00:16, 184.18it/s] 71%|███████▏  | 7400/10353 [00:36<00:16, 176.98it/s] 72%|███████▏  | 7420/10353 [00:36<00:16, 178.42it/s] 72%|███████▏  | 7450/10353 [00:36<00:15, 186.41it/s] 72%|███████▏  | 7470/10353 [00:37<00:15, 185.79it/s] 72%|███████▏  | 7490/10353 [00:37<00:15, 179.81it/s] 73%|███████▎  | 7510/10353 [00:37<00:15, 183.35it/s] 73%|███████▎  | 7530/10353 [00:37<00:15, 177.60it/s] 73%|███████▎  | 7560/10353 [00:37<00:14, 192.73it/s] 73%|███████▎  | 7580/10353 [00:37<00:14, 190.79it/s] 73%|███████▎  | 7600/10353 [00:37<00:14, 189.22it/s] 74%|███████▎  | 7630/10353 [00:37<00:13, 198.02it/s] 74%|███████▍  | 7650/10353 [00:37<00:14, 192.48it/s] 74%|███████▍  | 7670/10353 [00:38<00:14, 184.40it/s] 74%|███████▍  | 7690/10353 [00:38<00:14, 184.69it/s] 74%|███████▍  | 7710/10353 [00:38<00:14, 185.50it/s] 75%|███████▍  | 7730/10353 [00:38<00:14, 183.96it/s] 75%|███████▍  | 7750/10353 [00:38<00:13, 187.66it/s] 75%|███████▌  | 7770/10353 [00:38<00:13, 188.26it/s] 75%|███████▌  | 7790/10353 [00:38<00:13, 187.09it/s] 75%|███████▌  | 7810/10353 [00:38<00:13, 187.76it/s] 76%|███████▌  | 7830/10353 [00:38<00:13, 188.06it/s] 76%|███████▌  | 7850/10353 [00:39<00:13, 188.72it/s] 76%|███████▌  | 7870/10353 [00:39<00:13, 181.29it/s] 76%|███████▌  | 7890/10353 [00:39<00:14, 175.81it/s] 76%|███████▋  | 7910/10353 [00:39<00:14, 171.12it/s] 77%|███████▋  | 7940/10353 [00:39<00:13, 178.77it/s] 77%|███████▋  | 7960/10353 [00:39<00:13, 181.35it/s] 77%|███████▋  | 7980/10353 [00:39<00:13, 179.16it/s] 77%|███████▋  | 8000/10353 [00:39<00:13, 174.90it/s] 77%|███████▋  | 8020/10353 [00:40<00:13, 174.41it/s] 78%|███████▊  | 8050/10353 [00:40<00:12, 179.46it/s] 78%|███████▊  | 8070/10353 [00:40<00:12, 176.96it/s] 78%|███████▊  | 8100/10353 [00:40<00:12, 180.74it/s] 78%|███████▊  | 8120/10353 [00:40<00:12, 177.85it/s] 79%|███████▊  | 8140/10353 [00:40<00:12, 180.38it/s] 79%|███████▉  | 8160/10353 [00:40<00:12, 175.76it/s] 79%|███████▉  | 8180/10353 [00:40<00:12, 177.10it/s] 79%|███████▉  | 8200/10353 [00:41<00:12, 177.11it/s] 79%|███████▉  | 8220/10353 [00:41<00:11, 177.94it/s] 80%|███████▉  | 8240/10353 [00:41<00:11, 181.61it/s] 80%|███████▉  | 8260/10353 [00:41<00:11, 178.84it/s] 80%|███████▉  | 8280/10353 [00:41<00:11, 179.76it/s] 80%|████████  | 8300/10353 [00:41<00:11, 178.18it/s] 80%|████████  | 8320/10353 [00:41<00:11, 177.74it/s] 81%|████████  | 8340/10353 [00:41<00:11, 182.51it/s] 81%|████████  | 8370/10353 [00:41<00:10, 193.85it/s] 81%|████████  | 8400/10353 [00:42<00:10, 193.37it/s] 81%|████████▏ | 8420/10353 [00:42<00:10, 191.80it/s] 82%|████████▏ | 8440/10353 [00:42<00:10, 184.42it/s] 82%|████████▏ | 8460/10353 [00:42<00:10, 182.73it/s] 82%|████████▏ | 8490/10353 [00:42<00:09, 188.70it/s] 82%|████████▏ | 8520/10353 [00:42<00:09, 191.93it/s] 83%|████████▎ | 8550/10353 [00:42<00:08, 201.46it/s] 83%|████████▎ | 8580/10353 [00:43<00:08, 207.92it/s] 83%|████████▎ | 8610/10353 [00:43<00:08, 199.22it/s] 83%|████████▎ | 8630/10353 [00:43<00:08, 192.59it/s] 84%|████████▎ | 8650/10353 [00:43<00:09, 189.03it/s] 84%|████████▍ | 8680/10353 [00:43<00:08, 199.72it/s] 84%|████████▍ | 8700/10353 [00:43<00:08, 193.30it/s] 84%|████████▍ | 8720/10353 [00:43<00:08, 192.68it/s] 84%|████████▍ | 8740/10353 [00:43<00:08, 191.64it/s] 85%|████████▍ | 8770/10353 [00:44<00:08, 194.36it/s] 85%|████████▍ | 8800/10353 [00:44<00:07, 198.82it/s] 85%|████████▌ | 8820/10353 [00:44<00:07, 193.46it/s] 85%|████████▌ | 8840/10353 [00:44<00:07, 192.78it/s] 86%|████████▌ | 8860/10353 [00:44<00:08, 184.56it/s] 86%|████████▌ | 8890/10353 [00:44<00:07, 191.34it/s] 86%|████████▌ | 8920/10353 [00:44<00:07, 197.45it/s] 86%|████████▋ | 8940/10353 [00:44<00:07, 191.46it/s] 87%|████████▋ | 8960/10353 [00:45<00:07, 190.98it/s] 87%|████████▋ | 8990/10353 [00:45<00:06, 202.63it/s] 87%|████████▋ | 9020/10353 [00:45<00:06, 193.69it/s] 87%|████████▋ | 9040/10353 [00:45<00:06, 188.43it/s] 88%|████████▊ | 9060/10353 [00:45<00:06, 187.16it/s] 88%|████████▊ | 9080/10353 [00:45<00:06, 188.29it/s] 88%|████████▊ | 9100/10353 [00:45<00:06, 188.81it/s] 88%|████████▊ | 9130/10353 [00:45<00:06, 192.36it/s] 88%|████████▊ | 9150/10353 [00:46<00:06, 189.07it/s] 89%|████████▊ | 9170/10353 [00:46<00:06, 191.75it/s] 89%|████████▉ | 9200/10353 [00:46<00:05, 194.32it/s] 89%|████████▉ | 9220/10353 [00:46<00:06, 188.61it/s] 89%|████████▉ | 9240/10353 [00:46<00:05, 189.40it/s] 89%|████████▉ | 9260/10353 [00:46<00:05, 183.95it/s] 90%|████████▉ | 9290/10353 [00:46<00:05, 189.74it/s] 90%|████████▉ | 9310/10353 [00:46<00:05, 189.91it/s] 90%|█████████ | 9330/10353 [00:46<00:05, 188.90it/s] 90%|█████████ | 9350/10353 [00:47<00:05, 181.54it/s] 91%|█████████ | 9380/10353 [00:47<00:05, 186.55it/s] 91%|█████████ | 9400/10353 [00:47<00:05, 187.25it/s] 91%|█████████ | 9420/10353 [00:47<00:04, 187.10it/s] 91%|█████████ | 9440/10353 [00:47<00:04, 187.26it/s] 91%|█████████▏| 9460/10353 [00:47<00:04, 183.30it/s] 92%|█████████▏| 9490/10353 [00:47<00:04, 189.09it/s] 92%|█████████▏| 9510/10353 [00:47<00:04, 189.07it/s] 92%|█████████▏| 9530/10353 [00:48<00:04, 190.26it/s] 92%|█████████▏| 9550/10353 [00:48<00:04, 186.45it/s] 92%|█████████▏| 9570/10353 [00:48<00:04, 186.31it/s] 93%|█████████▎| 9590/10353 [00:48<00:04, 178.79it/s] 93%|█████████▎| 9610/10353 [00:48<00:04, 180.52it/s] 93%|█████████▎| 9630/10353 [00:48<00:03, 183.31it/s] 93%|█████████▎| 9650/10353 [00:48<00:03, 177.19it/s] 93%|█████████▎| 9680/10353 [00:48<00:03, 193.12it/s] 94%|█████████▎| 9700/10353 [00:48<00:03, 185.45it/s] 94%|█████████▍| 9730/10353 [00:49<00:03, 188.06it/s] 94%|█████████▍| 9760/10353 [00:49<00:03, 190.17it/s] 94%|█████████▍| 9780/10353 [00:49<00:03, 190.23it/s] 95%|█████████▍| 9800/10353 [00:49<00:03, 182.78it/s] 95%|█████████▍| 9820/10353 [00:49<00:02, 181.99it/s] 95%|█████████▌| 9840/10353 [00:49<00:02, 177.20it/s] 95%|█████████▌| 9870/10353 [00:49<00:02, 189.64it/s] 96%|█████████▌| 9900/10353 [00:50<00:02, 199.56it/s] 96%|█████████▌| 9920/10353 [00:50<00:02, 189.85it/s] 96%|█████████▌| 9950/10353 [00:50<00:02, 193.79it/s] 96%|█████████▋| 9970/10353 [00:50<00:01, 192.77it/s] 96%|█████████▋| 9990/10353 [00:50<00:01, 188.68it/s] 97%|█████████▋| 10010/10353 [00:50<00:01, 183.73it/s] 97%|█████████▋| 10030/10353 [00:50<00:01, 182.16it/s] 97%|█████████▋| 10060/10353 [00:50<00:01, 195.55it/s] 97%|█████████▋| 10090/10353 [00:51<00:01, 203.81it/s] 98%|█████████▊| 10120/10353 [00:51<00:01, 200.73it/s] 98%|█████████▊| 10140/10353 [00:51<00:01, 195.75it/s] 98%|█████████▊| 10160/10353 [00:51<00:01, 185.87it/s] 98%|█████████▊| 10180/10353 [00:51<00:00, 184.36it/s] 99%|█████████▊| 10200/10353 [00:51<00:00, 185.73it/s] 99%|█████████▊| 10220/10353 [00:51<00:00, 185.95it/s] 99%|█████████▉| 10240/10353 [00:51<00:00, 183.34it/s] 99%|█████████▉| 10270/10353 [00:51<00:00, 183.99it/s] 99%|█████████▉| 10290/10353 [00:52<00:00, 185.49it/s]100%|█████████▉| 10320/10353 [00:52<00:00, 198.10it/s]100%|█████████▉| 10340/10353 [00:52<00:00, 192.45it/s]100%|██████████| 10353/10353 [00:52<00:00, 197.40it/s]
  0%|          | 0/10353 [00:00<?, ?it/s]  9%|▊         | 882/10353 [00:00<00:01, 8720.38it/s] 17%|█▋        | 1755/10353 [00:00<00:01, 7975.54it/s] 25%|██▍       | 2557/10353 [00:00<00:01, 6802.68it/s] 31%|███▏      | 3254/10353 [00:00<00:02, 3107.65it/s] 37%|███▋      | 3822/10353 [00:00<00:01, 3569.11it/s] 44%|████▍     | 4550/10353 [00:01<00:01, 4301.93it/s] 50%|████▉     | 5126/10353 [00:01<00:01, 4251.48it/s] 55%|█████▍    | 5649/10353 [00:01<00:01, 2557.83it/s] 60%|██████    | 6216/10353 [00:01<00:01, 3038.77it/s] 68%|██████▊   | 7014/10353 [00:01<00:00, 3858.93it/s] 73%|███████▎  | 7542/10353 [00:01<00:00, 4126.22it/s] 78%|███████▊  | 8066/10353 [00:02<00:00, 3836.80it/s] 82%|████████▏ | 8529/10353 [00:02<00:00, 2506.18it/s] 88%|████████▊ | 9156/10353 [00:02<00:00, 3104.55it/s] 95%|█████████▍| 9814/10353 [00:02<00:00, 3707.50it/s]100%|█████████▉| 10318/10353 [00:02<00:00, 3986.94it/s]100%|██████████| 10353/10353 [00:02<00:00, 3762.48it/s]
