Original Lambdas:
Lambda 1: 226.15368890383624
Lambda 2: 470.4950264665735
mass_1_source: 1.5312678092812273
mass_2_source: 1.3682759336539767
Overwriting with the jester EOS:
NEW Lambdas:
Lambda 1: 218.1030772913739
Lambda 2: 463.5935338315368
1it [0:00:00 bound:0 nc:  1 ncall:1.0e+00 eff:100.0% logz-ratio=-11717.68+/-0.06 dlogz:inf>0.1]
6969it [0:01:01 bound:0 nc: 25 ncall:6.4e+04 eff:10.9% logz-ratio=1216.38+/-0.07 dlogz:4.2e+04>0.1]
7700it [0:02:47 bound:3 nc:850 ncall:2.4e+05 eff:3.3% logz-ratio=1620.57+/-0.07 dlogz:4.16e+04>0.1]
8071it [0:04:03 bound:5 nc:402 ncall:5.4e+05 eff:1.5% logz-ratio=1862.10+/-0.07 dlogz:4.14e+04>0.1]
9175it [0:05:11 bound:11 nc:166 ncall:7.7e+05 eff:1.2% logz-ratio=2695.13+/-0.07 dlogz:4.05e+04>0.1]
10455it [0:06:21 bound:18 nc:185 ncall:9.7e+05 eff:1.1% logz-ratio=4002.61+/-0.08 dlogz:4.02e+04>0.1]
11557it [0:07:23 bound:24 nc:112 ncall:1.1e+06 eff:1.0% logz-ratio=5542.22+/-0.08 dlogz:3.87e+04>0.1]
12652it [0:08:26 bound:30 nc:148 ncall:1.3e+06 eff:1.0% logz-ratio=7621.79+/-0.08 dlogz:4.22e+04>0.1]
13760it [0:09:32 bound:36 nc:185 ncall:1.5e+06 eff:0.9% logz-ratio=10407.56+/-0.09 dlogz:3.94e+04>0.1]
14872it [0:10:39 bound:42 nc:156 ncall:1.7e+06 eff:0.9% logz-ratio=13790.48+/-0.08 dlogz:3.6e+04>0.1]
15780it [0:11:41 bound:47 nc:184 ncall:1.8e+06 eff:0.9% logz-ratio=17104.03+/-0.09 dlogz:3.27e+04>0.1]
16692it [0:12:48 bound:52 nc:162 ncall:2.0e+06 eff:0.8% logz-ratio=19947.99+/-0.09 dlogz:2.99e+04>0.1]
17605it [0:14:01 bound:57 nc:231 ncall:2.2e+06 eff:0.8% logz-ratio=22597.86+/-0.09 dlogz:2.72e+04>0.1]
18522it [0:15:16 bound:62 nc:229 ncall:2.4e+06 eff:0.8% logz-ratio=25079.92+/-0.09 dlogz:2.65e+04>0.1]
19255it [0:16:30 bound:66 nc:224 ncall:2.6e+06 eff:0.7% logz-ratio=27037.86+/-0.09 dlogz:2.46e+04>0.1]
19991it [0:17:42 bound:70 nc:275 ncall:2.8e+06 eff:0.7% logz-ratio=28915.69+/-0.09 dlogz:2.8e+04>0.1]
20514it [0:18:48 bound:73 nc:743 ncall:3.0e+06 eff:0.7% logz-ratio=30269.62+/-0.10 dlogz:2.66e+04>0.1]
21060it [0:19:53 bound:76 nc:262 ncall:3.2e+06 eff:0.7% logz-ratio=31464.04+/-0.09 dlogz:2.54e+04>0.1]
21603it [0:20:53 bound:79 nc:294 ncall:3.3e+06 eff:0.6% logz-ratio=32742.87+/-0.10 dlogz:2.42e+04>0.1]
22157it [0:21:55 bound:82 nc:324 ncall:3.5e+06 eff:0.6% logz-ratio=34063.78+/-0.10 dlogz:2.28e+04>0.1]
22710it [0:23:05 bound:85 nc:454 ncall:3.7e+06 eff:0.6% logz-ratio=35168.49+/-0.10 dlogz:2.17e+04>0.1]
23257it [0:24:21 bound:88 nc:414 ncall:3.9e+06 eff:0.6% logz-ratio=36165.74+/-0.10 dlogz:2.07e+04>0.1]
23807it [0:25:46 bound:91 nc:288 ncall:4.1e+06 eff:0.6% logz-ratio=37201.28+/-0.10 dlogz:2.43e+04>0.1]
24178it [0:27:00 bound:93 nc:700 ncall:4.3e+06 eff:0.6% logz-ratio=37897.88+/-0.10 dlogz:2.36e+04>0.1]
24544it [0:28:01 bound:95 nc:319 ncall:4.5e+06 eff:0.5% logz-ratio=38586.24+/-0.10 dlogz:2.29e+04>0.1]
24912it [0:29:01 bound:97 nc:464 ncall:4.7e+06 eff:0.5% logz-ratio=39151.64+/-0.10 dlogz:2.23e+04>0.1]
25282it [0:30:06 bound:99 nc:400 ncall:4.8e+06 eff:0.5% logz-ratio=39726.27+/-0.10 dlogz:2.17e+04>0.1]
25285it [0:31:07 bound:99 nc:263 ncall:4.8e+06 eff:0.5% logz-ratio=39729.18+/-0.10 dlogz:2.17e+04>0.1]
25655it [0:32:12 bound:101 nc:607 ncall:5.0e+06 eff:0.5% logz-ratio=40426.26+/-0.10 dlogz:2.1e+04>0.1]
26023it [0:33:19 bound:103 nc:535 ncall:5.2e+06 eff:0.5% logz-ratio=41049.90+/-0.10 dlogz:2.15e+04>0.1]
26384it [0:34:33 bound:105 nc:491 ncall:5.4e+06 eff:0.5% logz-ratio=41612.40+/-0.10 dlogz:2.09e+04>0.1]
26750it [0:35:50 bound:107 nc:614 ncall:5.6e+06 eff:0.5% logz-ratio=42137.48+/-0.10 dlogz:2.04e+04>0.1]
27115it [0:37:20 bound:109 nc:488 ncall:5.8e+06 eff:0.5% logz-ratio=42683.39+/-0.10 dlogz:1.99e+04>0.1]
27486it [0:38:39 bound:111 nc:506 ncall:6.1e+06 eff:0.5% logz-ratio=43189.82+/-0.10 dlogz:1.94e+04>0.1]
27855it [0:40:04 bound:113 nc:548 ncall:6.3e+06 eff:0.4% logz-ratio=43690.40+/-0.10 dlogz:1.89e+04>0.1]
28217it [0:41:26 bound:115 nc:715 ncall:6.5e+06 eff:0.4% logz-ratio=44217.49+/-0.10 dlogz:1.83e+04>0.1]
28588it [0:42:54 bound:117 nc:651 ncall:6.7e+06 eff:0.4% logz-ratio=44756.66+/-0.10 dlogz:1.78e+04>0.1]
28951it [0:44:32 bound:119 nc:586 ncall:7.0e+06 eff:0.4% logz-ratio=45234.53+/-0.10 dlogz:1.73e+04>0.1]
29321it [0:46:12 bound:121 nc:812 ncall:7.2e+06 eff:0.4% logz-ratio=45701.36+/-0.10 dlogz:1.68e+04>0.1]
29688it [0:47:53 bound:123 nc:636 ncall:7.5e+06 eff:0.4% logz-ratio=46191.06+/-0.11 dlogz:1.64e+04>0.1]
30054it [0:49:39 bound:125 nc:696 ncall:7.8e+06 eff:0.4% logz-ratio=46659.19+/-0.11 dlogz:1.59e+04>0.1]
30289it [0:50:39 bound:126 nc:694 ncall:8.0e+06 eff:0.4% logz-ratio=46946.94+/-0.11 dlogz:1.56e+04>0.1]
30417it [0:51:44 bound:127 nc:959 ncall:8.1e+06 eff:0.4% logz-ratio=47108.75+/-0.10 dlogz:1.54e+04>0.1]
30786it [0:53:40 bound:129 nc:905 ncall:8.4e+06 eff:0.4% logz-ratio=47544.30+/-0.11 dlogz:1.5e+04>0.1]
31154it [0:55:30 bound:131 nc:856 ncall:8.7e+06 eff:0.4% logz-ratio=47982.87+/-0.10 dlogz:1.46e+04>0.1]
31526it [0:57:23 bound:133 nc:1156 ncall:9.0e+06 eff:0.3% logz-ratio=48339.58+/-0.11 dlogz:1.42e+04>0.1]
31902it [0:59:18 bound:135 nc:1125 ncall:9.3e+06 eff:0.3% logz-ratio=48760.69+/-0.11 dlogz:1.49e+04>0.1]
32085it [1:00:21 bound:136 nc:1047 ncall:9.5e+06 eff:0.3% logz-ratio=48979.32+/-0.11 dlogz:1.47e+04>0.1]
32268it [1:01:29 bound:137 nc:1175 ncall:9.7e+06 eff:0.3% logz-ratio=49189.35+/-0.11 dlogz:1.66e+04>0.1]
32276it [1:03:16 bound:137 nc:1160 ncall:9.7e+06 eff:0.3% logz-ratio=49198.02+/-0.11 dlogz:1.66e+04>0.1]
32452it [1:04:18 bound:138 nc:812 ncall:9.8e+06 eff:0.3% logz-ratio=49377.89+/-0.11 dlogz:1.64e+04>0.1]
32635it [1:05:19 bound:139 nc:729 ncall:1.0e+07 eff:0.3% logz-ratio=49582.14+/-0.11 dlogz:1.66e+04>0.1]
32811it [1:06:21 bound:140 nc:1334 ncall:1.0e+07 eff:0.3% logz-ratio=49778.38+/-0.11 dlogz:1.64e+04>0.1]
32998it [1:07:29 bound:141 nc:702 ncall:1.0e+07 eff:0.3% logz-ratio=49975.79+/-0.11 dlogz:1.62e+04>0.1]
33180it [1:08:31 bound:142 nc:969 ncall:1.1e+07 eff:0.3% logz-ratio=50167.49+/-0.11 dlogz:1.6e+04>0.1]
33363it [1:09:31 bound:143 nc:839 ncall:1.1e+07 eff:0.3% logz-ratio=50364.50+/-0.11 dlogz:1.58e+04>0.1]
33548it [1:10:32 bound:144 nc:1014 ncall:1.1e+07 eff:0.3% logz-ratio=50568.53+/-0.11 dlogz:1.56e+04>0.1]
33732it [1:11:34 bound:145 nc:943 ncall:1.1e+07 eff:0.3% logz-ratio=50756.61+/-0.11 dlogz:1.54e+04>0.1]
33916it [1:12:37 bound:146 nc:921 ncall:1.1e+07 eff:0.3% logz-ratio=50950.65+/-0.11 dlogz:1.53e+04>0.1]
34198it [1:13:37 bound:147 nc:951 ncall:1.1e+07 eff:0.3% logz-ratio=51195.98+/-0.11 dlogz:1.5e+04>0.1]
34284it [1:14:42 bound:148 nc:1670 ncall:1.2e+07 eff:0.3% logz-ratio=51295.80+/-0.11 dlogz:1.49e+04>0.1]
34467it [1:15:45 bound:149 nc:1016 ncall:1.2e+07 eff:0.3% logz-ratio=51474.36+/-0.11 dlogz:1.48e+04>0.1]
34647it [1:16:46 bound:150 nc:861 ncall:1.2e+07 eff:0.3% logz-ratio=51670.73+/-0.11 dlogz:1.46e+04>0.1]
34833it [1:17:48 bound:151 nc:709 ncall:1.2e+07 eff:0.3% logz-ratio=51850.73+/-0.11 dlogz:1.44e+04>0.1]
35016it [1:18:49 bound:152 nc:870 ncall:1.2e+07 eff:0.3% logz-ratio=52027.88+/-0.11 dlogz:1.42e+04>0.1]
35204it [1:19:53 bound:153 nc:873 ncall:1.2e+07 eff:0.3% logz-ratio=52199.92+/-0.11 dlogz:1.4e+04>0.1]
35385it [1:20:53 bound:154 nc:684 ncall:1.3e+07 eff:0.3% logz-ratio=52381.10+/-0.11 dlogz:1.38e+04>0.1]
35569it [1:21:57 bound:155 nc:1032 ncall:1.3e+07 eff:0.3% logz-ratio=52558.57+/-0.11 dlogz:1.37e+04>0.1]
35749it [1:22:59 bound:156 nc:977 ncall:1.3e+07 eff:0.3% logz-ratio=52708.84+/-0.11 dlogz:1.39e+04>0.1]
35929it [1:23:59 bound:157 nc:919 ncall:1.3e+07 eff:0.3% logz-ratio=52871.84+/-0.11 dlogz:1.38e+04>0.1]
36112it [1:25:01 bound:158 nc:1070 ncall:1.3e+07 eff:0.3% logz-ratio=53040.75+/-0.11 dlogz:1.36e+04>0.1]
36295it [1:26:08 bound:159 nc:624 ncall:1.3e+07 eff:0.3% logz-ratio=53213.72+/-0.11 dlogz:1.55e+04>0.1]
36660it [1:28:07 bound:161 nc:1049 ncall:1.4e+07 eff:0.3% logz-ratio=53549.11+/-0.11 dlogz:1.52e+04>0.1]
36840it [1:29:11 bound:162 nc:1025 ncall:1.4e+07 eff:0.3% logz-ratio=53720.28+/-0.11 dlogz:1.5e+04>0.1]
37025it [1:30:14 bound:163 nc:509 ncall:1.4e+07 eff:0.3% logz-ratio=53898.24+/-0.11 dlogz:1.49e+04>0.1]
37208it [1:31:19 bound:164 nc:1565 ncall:1.4e+07 eff:0.3% logz-ratio=54067.85+/-0.11 dlogz:1.47e+04>0.1]
37396it [1:32:21 bound:165 nc:1033 ncall:1.4e+07 eff:0.3% logz-ratio=54234.64+/-0.11 dlogz:1.45e+04>0.1]
37576it [1:35:07 bound:166 nc:776 ncall:1.5e+07 eff:0.3% logz-ratio=54401.36+/-0.11 dlogz:1.44e+04>0.1]
37943it [1:37:11 bound:168 nc:747 ncall:1.5e+07 eff:0.3% logz-ratio=54775.56+/-0.11 dlogz:1.4e+04>0.1]
38310it [1:39:02 bound:170 nc:829 ncall:1.5e+07 eff:0.3% logz-ratio=55128.00+/-0.11 dlogz:1.36e+04>0.1]
38678it [1:40:52 bound:172 nc:865 ncall:1.6e+07 eff:0.2% logz-ratio=55500.19+/-0.11 dlogz:1.33e+04>0.1]
39041it [1:42:29 bound:174 nc:560 ncall:1.6e+07 eff:0.2% logz-ratio=55845.33+/-0.11 dlogz:1.37e+04>0.1]
39403it [1:44:28 bound:176 nc:1752 ncall:1.6e+07 eff:0.2% logz-ratio=56253.83+/-0.12 dlogz:1.33e+04>0.1]
39764it [1:46:07 bound:178 nc:842 ncall:1.6e+07 eff:0.2% logz-ratio=56643.91+/-0.12 dlogz:1.29e+04>0.1]
40135it [1:47:32 bound:180 nc:647 ncall:1.7e+07 eff:0.2% logz-ratio=57009.38+/-0.11 dlogz:1.25e+04>0.1]
40504it [1:49:18 bound:182 nc:820 ncall:1.7e+07 eff:0.2% logz-ratio=57376.65+/-0.12 dlogz:1.22e+04>0.1]
40876it [1:50:46 bound:184 nc:591 ncall:1.7e+07 eff:0.2% logz-ratio=57785.28+/-0.12 dlogz:1.18e+04>0.1]
41244it [1:52:11 bound:186 nc:533 ncall:1.7e+07 eff:0.2% logz-ratio=58223.11+/-0.12 dlogz:1.15e+04>0.1]
41609it [1:53:26 bound:188 nc:564 ncall:1.8e+07 eff:0.2% logz-ratio=58636.51+/-0.12 dlogz:1.11e+04>0.1]
41969it [1:54:45 bound:190 nc:672 ncall:1.8e+07 eff:0.2% logz-ratio=59049.63+/-0.12 dlogz:1.07e+04>0.1]
42329it [1:56:14 bound:192 nc:863 ncall:1.8e+07 eff:0.2% logz-ratio=59482.08+/-0.12 dlogz:1.02e+04>0.1]
42697it [1:57:31 bound:194 nc:624 ncall:1.8e+07 eff:0.2% logz-ratio=59891.69+/-0.12 dlogz:1.16e+04>0.1]
43058it [1:58:53 bound:196 nc:869 ncall:1.9e+07 eff:0.2% logz-ratio=60305.12+/-0.12 dlogz:1.13e+04>0.1]
43427it [2:00:18 bound:198 nc:668 ncall:1.9e+07 eff:0.2% logz-ratio=60733.62+/-0.12 dlogz:1.09e+04>0.1]
43797it [2:01:33 bound:200 nc:505 ncall:1.9e+07 eff:0.2% logz-ratio=61108.89+/-0.12 dlogz:1.05e+04>0.1]
44159it [2:02:49 bound:202 nc:693 ncall:1.9e+07 eff:0.2% logz-ratio=61486.18+/-0.12 dlogz:1.02e+04>0.1]
44529it [2:03:56 bound:204 nc:433 ncall:1.9e+07 eff:0.2% logz-ratio=61868.37+/-0.12 dlogz:9.78e+03>0.1]
44714it [2:04:56 bound:205 nc:789 ncall:1.9e+07 eff:0.2% logz-ratio=62064.98+/-0.12 dlogz:9.58e+03>0.1]
44897it [2:06:42 bound:206 nc:490 ncall:2.0e+07 eff:0.2% logz-ratio=62269.35+/-0.12 dlogz:9.38e+03>0.1]
45262it [2:07:57 bound:208 nc:430 ncall:2.0e+07 eff:0.2% logz-ratio=62642.68+/-0.12 dlogz:9e+03>0.1]
45442it [2:09:04 bound:209 nc:766 ncall:2.0e+07 eff:0.2% logz-ratio=62845.49+/-0.12 dlogz:8.8e+03>0.1]
45806it [2:10:28 bound:211 nc:521 ncall:2.0e+07 eff:0.2% logz-ratio=63220.04+/-0.12 dlogz:8.42e+03>0.1]
46173it [2:12:05 bound:213 nc:685 ncall:2.1e+07 eff:0.2% logz-ratio=63579.01+/-0.12 dlogz:8.06e+03>0.1]
46540it [2:13:33 bound:215 nc:481 ncall:2.1e+07 eff:0.2% logz-ratio=63934.95+/-0.12 dlogz:7.71e+03>0.1]
46915it [2:15:07 bound:217 nc:491 ncall:2.1e+07 eff:0.2% logz-ratio=64266.49+/-0.12 dlogz:7.38e+03>0.1]
47278it [2:16:25 bound:219 nc:446 ncall:2.1e+07 eff:0.2% logz-ratio=64608.29+/-0.12 dlogz:7.03e+03>0.1]
47647it [2:18:19 bound:221 nc:757 ncall:2.1e+07 eff:0.2% logz-ratio=64952.15+/-0.12 dlogz:7.03e+03>0.1]
48011it [2:20:15 bound:223 nc:941 ncall:2.2e+07 eff:0.2% logz-ratio=65267.39+/-0.12 dlogz:6.72e+03>0.1]
48381it [2:21:52 bound:225 nc:854 ncall:2.2e+07 eff:0.2% logz-ratio=65564.18+/-0.12 dlogz:6.42e+03>0.1]
48752it [2:23:43 bound:227 nc:816 ncall:2.2e+07 eff:0.2% logz-ratio=65848.31+/-0.13 dlogz:6.14e+03>0.1]
49122it [2:25:51 bound:229 nc:1057 ncall:2.3e+07 eff:0.2% logz-ratio=66143.70+/-0.12 dlogz:5.84e+03>0.1]
49486it [2:27:27 bound:231 nc:809 ncall:2.3e+07 eff:0.2% logz-ratio=66417.67+/-0.12 dlogz:5.57e+03>0.1]
49852it [2:29:05 bound:233 nc:297 ncall:2.3e+07 eff:0.2% logz-ratio=66695.61+/-0.13 dlogz:5.29e+03>0.1]
50218it [2:30:29 bound:235 nc:502 ncall:2.4e+07 eff:0.2% logz-ratio=66966.19+/-0.13 dlogz:5.02e+03>0.1]
50581it [2:32:11 bound:237 nc:686 ncall:2.4e+07 eff:0.2% logz-ratio=67220.23+/-0.13 dlogz:5.07e+03>0.1]
50949it [2:33:51 bound:239 nc:444 ncall:2.4e+07 eff:0.2% logz-ratio=67463.32+/-0.13 dlogz:5.1e+03>0.1]
51320it [2:35:23 bound:241 nc:560 ncall:2.4e+07 eff:0.2% logz-ratio=67678.43+/-0.13 dlogz:4.88e+03>0.1]
51505it [2:36:33 bound:242 nc:889 ncall:2.4e+07 eff:0.2% logz-ratio=67818.70+/-0.13 dlogz:4.74e+03>0.1]
51699it [2:39:03 bound:243 nc:782 ncall:2.5e+07 eff:0.2% logz-ratio=67935.20+/-0.13 dlogz:4.62e+03>0.1]
51877it [2:40:13 bound:244 nc:1236 ncall:2.5e+07 eff:0.2% logz-ratio=68042.52+/-0.13 dlogz:4.52e+03>0.1]
52247it [2:41:54 bound:246 nc:713 ncall:2.5e+07 eff:0.2% logz-ratio=68253.93+/-0.13 dlogz:4.3e+03>0.1]
52608it [2:43:27 bound:248 nc:1451 ncall:2.5e+07 eff:0.2% logz-ratio=68449.69+/-0.13 dlogz:4.11e+03>0.1]
52974it [2:45:12 bound:250 nc:821 ncall:2.6e+07 eff:0.2% logz-ratio=68639.48+/-0.13 dlogz:3.92e+03>0.1]
53338it [2:47:08 bound:252 nc:980 ncall:2.6e+07 eff:0.2% logz-ratio=68840.29+/-0.13 dlogz:3.72e+03>0.1]
53706it [2:48:46 bound:254 nc:785 ncall:2.6e+07 eff:0.2% logz-ratio=69014.63+/-0.13 dlogz:3.54e+03>0.1]
54072it [2:50:33 bound:256 nc:831 ncall:2.7e+07 eff:0.2% logz-ratio=69177.83+/-0.13 dlogz:3.38e+03>0.1]
54257it [2:51:44 bound:257 nc:1177 ncall:2.7e+07 eff:0.2% logz-ratio=69256.70+/-0.13 dlogz:3.3e+03>0.1]
54621it [2:53:47 bound:259 nc:966 ncall:2.7e+07 eff:0.2% logz-ratio=69410.11+/-0.13 dlogz:3.15e+03>0.1]
54986it [2:55:53 bound:261 nc:854 ncall:2.7e+07 eff:0.2% logz-ratio=69562.40+/-0.13 dlogz:2.99e+03>0.1]
55165it [2:56:53 bound:262 nc:864 ncall:2.8e+07 eff:0.2% logz-ratio=69638.05+/-0.13 dlogz:2.92e+03>0.1]
55533it [2:58:58 bound:264 nc:1259 ncall:2.8e+07 eff:0.2% logz-ratio=69783.78+/-0.13 dlogz:2.77e+03>0.1]
55717it [3:00:14 bound:265 nc:828 ncall:2.8e+07 eff:0.2% logz-ratio=69846.40+/-0.13 dlogz:2.71e+03>0.1]
56087it [3:02:13 bound:267 nc:920 ncall:2.8e+07 eff:0.2% logz-ratio=69981.39+/-0.13 dlogz:2.57e+03>0.1]
56454it [3:03:59 bound:269 nc:702 ncall:2.9e+07 eff:0.2% logz-ratio=70104.82+/-0.13 dlogz:2.45e+03>0.1]
56637it [3:05:08 bound:270 nc:1325 ncall:2.9e+07 eff:0.2% logz-ratio=70163.48+/-0.13 dlogz:2.39e+03>0.1]
56998it [3:06:52 bound:272 nc:828 ncall:2.9e+07 eff:0.2% logz-ratio=70283.46+/-0.13 dlogz:2.66e+03>0.1]
57368it [3:08:58 bound:274 nc:1004 ncall:3.0e+07 eff:0.2% logz-ratio=70386.71+/-0.13 dlogz:2.55e+03>0.1]
57371it [3:11:13 bound:274 nc:1315 ncall:3.0e+07 eff:0.2% logz-ratio=70387.30+/-0.13 dlogz:2.55e+03>0.1]
57546it [3:12:34 bound:275 nc:1169 ncall:3.0e+07 eff:0.2% logz-ratio=70439.70+/-0.13 dlogz:2.5e+03>0.1]
57735it [3:13:35 bound:276 nc:788 ncall:3.0e+07 eff:0.2% logz-ratio=70493.07+/-0.13 dlogz:2.45e+03>0.1]
57919it [3:14:48 bound:277 nc:970 ncall:3.0e+07 eff:0.2% logz-ratio=70549.67+/-0.13 dlogz:2.39e+03>0.1]
58286it [3:16:54 bound:279 nc:533 ncall:3.0e+07 eff:0.2% logz-ratio=70652.60+/-0.13 dlogz:2.29e+03>0.1]
58473it [3:18:02 bound:280 nc:1024 ncall:3.1e+07 eff:0.2% logz-ratio=70702.98+/-0.13 dlogz:2.24e+03>0.1]
58659it [3:19:07 bound:281 nc:1123 ncall:3.1e+07 eff:0.2% logz-ratio=70755.70+/-0.13 dlogz:2.18e+03>0.1]
58842it [3:20:11 bound:282 nc:1287 ncall:3.1e+07 eff:0.2% logz-ratio=70803.81+/-0.13 dlogz:2.21e+03>0.1]
59019it [3:21:17 bound:283 nc:990 ncall:3.1e+07 eff:0.2% logz-ratio=70847.70+/-0.13 dlogz:2.16e+03>0.1]
59387it [3:23:31 bound:285 nc:1368 ncall:3.2e+07 eff:0.2% logz-ratio=70941.88+/-0.13 dlogz:2.07e+03>0.1]
59567it [3:24:47 bound:286 nc:861 ncall:3.2e+07 eff:0.2% logz-ratio=70985.87+/-0.13 dlogz:2.03e+03>0.1]
59750it [3:26:01 bound:287 nc:2312 ncall:3.2e+07 eff:0.2% logz-ratio=71034.46+/-0.13 dlogz:1.98e+03>0.1]
59931it [3:27:18 bound:288 nc:988 ncall:3.2e+07 eff:0.2% logz-ratio=71079.16+/-0.13 dlogz:1.93e+03>0.1]
60110it [3:28:24 bound:289 nc:1038 ncall:3.2e+07 eff:0.2% logz-ratio=71124.08+/-0.13 dlogz:1.89e+03>0.1]
60293it [3:29:25 bound:290 nc:818 ncall:3.3e+07 eff:0.2% logz-ratio=71167.08+/-0.13 dlogz:1.84e+03>0.1]
60476it [3:30:33 bound:291 nc:1662 ncall:3.3e+07 eff:0.2% logz-ratio=71210.61+/-0.13 dlogz:1.8e+03>0.1]
60654it [3:31:35 bound:292 nc:705 ncall:3.3e+07 eff:0.2% logz-ratio=71251.81+/-0.13 dlogz:1.76e+03>0.1]
61025it [3:33:31 bound:294 nc:434 ncall:3.3e+07 eff:0.2% logz-ratio=71327.57+/-0.13 dlogz:1.68e+03>0.1]
61213it [3:34:33 bound:295 nc:898 ncall:3.3e+07 eff:0.2% logz-ratio=71370.45+/-0.13 dlogz:1.64e+03>0.1]
61394it [3:35:34 bound:296 nc:782 ncall:3.4e+07 eff:0.2% logz-ratio=71404.90+/-0.13 dlogz:1.61e+03>0.1]
61584it [3:36:44 bound:297 nc:1218 ncall:3.4e+07 eff:0.2% logz-ratio=71449.58+/-0.13 dlogz:1.56e+03>0.1]
61949it [3:38:39 bound:299 nc:1719 ncall:3.4e+07 eff:0.2% logz-ratio=71515.31+/-0.13 dlogz:1.5e+03>0.1]
62134it [3:39:46 bound:300 nc:1008 ncall:3.4e+07 eff:0.2% logz-ratio=71553.15+/-0.13 dlogz:1.46e+03>0.1]
62318it [3:40:52 bound:301 nc:1083 ncall:3.4e+07 eff:0.2% logz-ratio=71590.06+/-0.13 dlogz:1.51e+03>0.1]
62504it [3:42:00 bound:302 nc:911 ncall:3.5e+07 eff:0.2% logz-ratio=71623.70+/-0.13 dlogz:1.48e+03>0.1]
62511it [3:44:01 bound:302 nc:1089 ncall:3.5e+07 eff:0.2% logz-ratio=71624.74+/-0.13 dlogz:1.48e+03>0.1]
62685it [3:45:22 bound:303 nc:1116 ncall:3.5e+07 eff:0.2% logz-ratio=71654.87+/-0.13 dlogz:1.45e+03>0.1]
62871it [3:46:29 bound:304 nc:1047 ncall:3.5e+07 eff:0.2% logz-ratio=71691.59+/-0.13 dlogz:1.41e+03>0.1]
63059it [3:47:33 bound:305 nc:824 ncall:3.5e+07 eff:0.2% logz-ratio=71723.98+/-0.13 dlogz:1.38e+03>0.1]
63244it [3:48:34 bound:306 nc:710 ncall:3.5e+07 eff:0.2% logz-ratio=71756.33+/-0.14 dlogz:1.35e+03>0.1]
63423it [3:49:41 bound:307 nc:1032 ncall:3.5e+07 eff:0.2% logz-ratio=71785.79+/-0.14 dlogz:1.32e+03>0.1]
63603it [3:51:00 bound:308 nc:1025 ncall:3.6e+07 eff:0.2% logz-ratio=71814.19+/-0.14 dlogz:1.29e+03>0.1]
63784it [3:52:09 bound:309 nc:940 ncall:3.6e+07 eff:0.2% logz-ratio=71848.55+/-0.14 dlogz:1.25e+03>0.1]
63964it [3:53:29 bound:310 nc:1124 ncall:3.6e+07 eff:0.2% logz-ratio=71878.04+/-0.14 dlogz:1.23e+03>0.1]
64144it [3:54:36 bound:311 nc:604 ncall:3.6e+07 eff:0.2% logz-ratio=71905.02+/-0.14 dlogz:1.2e+03>0.1]
64327it [3:55:52 bound:312 nc:938 ncall:3.6e+07 eff:0.2% logz-ratio=71934.40+/-0.14 dlogz:1.17e+03>0.1]
64507it [3:57:01 bound:313 nc:2188 ncall:3.7e+07 eff:0.2% logz-ratio=71961.80+/-0.14 dlogz:1.14e+03>0.1]
64875it [3:59:08 bound:315 nc:1127 ncall:3.7e+07 eff:0.2% logz-ratio=72017.30+/-0.14 dlogz:1.09e+03>0.1]
65057it [4:00:10 bound:316 nc:950 ncall:3.7e+07 eff:0.2% logz-ratio=72041.91+/-0.14 dlogz:1.06e+03>0.1]
65422it [4:02:00 bound:318 nc:854 ncall:3.8e+07 eff:0.2% logz-ratio=72088.78+/-0.14 dlogz:1.01e+03>0.1]
65787it [4:04:07 bound:320 nc:1003 ncall:3.8e+07 eff:0.2% logz-ratio=72143.63+/-0.14 dlogz:959>0.1]
66154it [4:05:59 bound:322 nc:692 ncall:3.8e+07 eff:0.2% logz-ratio=72190.01+/-0.14 dlogz:912>0.1]
66336it [4:06:59 bound:323 nc:804 ncall:3.8e+07 eff:0.2% logz-ratio=72212.32+/-0.14 dlogz:928>0.1]
66704it [4:09:10 bound:325 nc:1305 ncall:3.9e+07 eff:0.2% logz-ratio=72258.59+/-0.14 dlogz:882>0.1]
66888it [4:10:15 bound:326 nc:828 ncall:3.9e+07 eff:0.2% logz-ratio=72281.10+/-0.14 dlogz:859>0.1]
67257it [4:12:20 bound:328 nc:1029 ncall:3.9e+07 eff:0.2% logz-ratio=72326.18+/-0.14 dlogz:814>0.1]
67440it [4:13:34 bound:329 nc:2001 ncall:3.9e+07 eff:0.2% logz-ratio=72346.62+/-0.14 dlogz:794>0.1]
67631it [4:16:15 bound:330 nc:886 ncall:4.0e+07 eff:0.2% logz-ratio=72367.87+/-0.14 dlogz:772>0.1]
67984it [4:18:07 bound:332 nc:781 ncall:4.0e+07 eff:0.2% logz-ratio=72404.64+/-0.14 dlogz:735>0.1]
68349it [4:19:48 bound:334 nc:791 ncall:4.0e+07 eff:0.2% logz-ratio=72444.90+/-0.14 dlogz:695>0.1]
68716it [4:21:45 bound:336 nc:769 ncall:4.0e+07 eff:0.2% logz-ratio=72484.00+/-0.14 dlogz:656>0.1]
69080it [4:23:46 bound:338 nc:1084 ncall:4.1e+07 eff:0.2% logz-ratio=72518.32+/-0.14 dlogz:655>0.1]
69445it [4:25:41 bound:340 nc:916 ncall:4.1e+07 eff:0.2% logz-ratio=72553.99+/-0.14 dlogz:619>0.1]
69808it [4:27:21 bound:342 nc:379 ncall:4.1e+07 eff:0.2% logz-ratio=72587.51+/-0.14 dlogz:612>0.1]
70176it [4:29:02 bound:344 nc:691 ncall:4.2e+07 eff:0.2% logz-ratio=72617.91+/-0.14 dlogz:582>0.1]
70545it [4:30:31 bound:346 nc:637 ncall:4.2e+07 eff:0.2% logz-ratio=72647.24+/-0.14 dlogz:552>0.1]
70909it [4:32:05 bound:348 nc:656 ncall:4.2e+07 eff:0.2% logz-ratio=72674.65+/-0.14 dlogz:524>0.1]
71270it [4:33:51 bound:350 nc:765 ncall:4.2e+07 eff:0.2% logz-ratio=72702.52+/-0.14 dlogz:496>0.1]
71635it [4:35:32 bound:352 nc:827 ncall:4.3e+07 eff:0.2% logz-ratio=72725.71+/-0.14 dlogz:473>0.1]
72004it [4:37:06 bound:354 nc:395 ncall:4.3e+07 eff:0.2% logz-ratio=72749.70+/-0.14 dlogz:449>0.1]
72369it [4:38:52 bound:356 nc:1280 ncall:4.3e+07 eff:0.2% logz-ratio=72775.34+/-0.14 dlogz:423>0.1]
72734it [4:40:27 bound:358 nc:784 ncall:4.3e+07 eff:0.2% logz-ratio=72798.88+/-0.14 dlogz:417>0.1]
73101it [4:42:15 bound:360 nc:699 ncall:4.4e+07 eff:0.2% logz-ratio=72820.16+/-0.14 dlogz:396>0.1]
73469it [4:43:57 bound:362 nc:896 ncall:4.4e+07 eff:0.2% logz-ratio=72840.87+/-0.14 dlogz:375>0.1]
73835it [4:45:47 bound:364 nc:681 ncall:4.4e+07 eff:0.2% logz-ratio=72862.24+/-0.14 dlogz:353>0.1]
74023it [4:48:10 bound:365 nc:819 ncall:4.4e+07 eff:0.2% logz-ratio=72871.07+/-0.14 dlogz:344>0.1]
74385it [4:49:57 bound:367 nc:880 ncall:4.5e+07 eff:0.2% logz-ratio=72890.07+/-0.14 dlogz:325>0.1]
74753it [4:51:28 bound:369 nc:637 ncall:4.5e+07 eff:0.2% logz-ratio=72908.39+/-0.14 dlogz:307>0.1]
75120it [4:53:07 bound:371 nc:811 ncall:4.5e+07 eff:0.2% logz-ratio=72924.81+/-0.14 dlogz:294>0.1]
75485it [4:54:48 bound:373 nc:606 ncall:4.6e+07 eff:0.2% logz-ratio=72941.02+/-0.14 dlogz:278>0.1]
75845it [4:56:41 bound:375 nc:737 ncall:4.6e+07 eff:0.2% logz-ratio=72956.49+/-0.14 dlogz:262>0.1]
76204it [4:58:40 bound:377 nc:1683 ncall:4.6e+07 eff:0.2% logz-ratio=72973.32+/-0.14 dlogz:245>0.1]
76562it [5:00:28 bound:379 nc:939 ncall:4.6e+07 eff:0.2% logz-ratio=72987.24+/-0.14 dlogz:231>0.1]
76920it [5:02:15 bound:381 nc:936 ncall:4.7e+07 eff:0.2% logz-ratio=73000.72+/-0.14 dlogz:217>0.1]
77284it [5:04:13 bound:383 nc:903 ncall:4.7e+07 eff:0.2% logz-ratio=73012.65+/-0.14 dlogz:205>0.1]
77649it [5:06:19 bound:385 nc:1050 ncall:4.7e+07 eff:0.2% logz-ratio=73024.44+/-0.15 dlogz:193>0.1]
78013it [5:08:18 bound:387 nc:944 ncall:4.8e+07 eff:0.2% logz-ratio=73035.71+/-0.14 dlogz:186>0.1]
78197it [5:09:23 bound:388 nc:1049 ncall:4.8e+07 eff:0.2% logz-ratio=73041.05+/-0.15 dlogz:181>0.1]
78377it [5:10:25 bound:389 nc:753 ncall:4.8e+07 eff:0.2% logz-ratio=73046.33+/-0.15 dlogz:175>0.1]
78562it [5:11:26 bound:390 nc:706 ncall:4.8e+07 eff:0.2% logz-ratio=73051.55+/-0.15 dlogz:170>0.1]
78747it [5:12:32 bound:391 nc:1136 ncall:4.8e+07 eff:0.2% logz-ratio=73056.74+/-0.15 dlogz:165>0.1]
78928it [5:13:47 bound:392 nc:1042 ncall:4.9e+07 eff:0.2% logz-ratio=73061.82+/-0.15 dlogz:160>0.1]
79112it [5:14:52 bound:393 nc:943 ncall:4.9e+07 eff:0.2% logz-ratio=73066.32+/-0.15 dlogz:155>0.1]
79294it [5:15:54 bound:394 nc:1098 ncall:4.9e+07 eff:0.2% logz-ratio=73071.01+/-0.15 dlogz:150>0.1]
79480it [5:17:13 bound:395 nc:1423 ncall:4.9e+07 eff:0.2% logz-ratio=73075.82+/-0.15 dlogz:145>0.1]
79665it [5:18:23 bound:396 nc:996 ncall:4.9e+07 eff:0.2% logz-ratio=73080.25+/-0.15 dlogz:141>0.1]
79666it [5:20:49 bound:396 nc:1137 ncall:4.9e+07 eff:0.2% logz-ratio=73080.27+/-0.15 dlogz:141>0.1]
79853it [5:22:19 bound:397 nc:1388 ncall:5.0e+07 eff:0.2% logz-ratio=73084.45+/-0.15 dlogz:137>0.1]
80037it [5:23:33 bound:398 nc:896 ncall:5.0e+07 eff:0.2% logz-ratio=73088.63+/-0.15 dlogz:132>0.1]
80218it [5:24:48 bound:399 nc:1071 ncall:5.0e+07 eff:0.2% logz-ratio=73092.48+/-0.15 dlogz:128>0.1]
80401it [5:26:05 bound:400 nc:1096 ncall:5.0e+07 eff:0.2% logz-ratio=73096.44+/-0.15 dlogz:124>0.1]
80585it [5:27:14 bound:401 nc:1285 ncall:5.0e+07 eff:0.2% logz-ratio=73100.08+/-0.15 dlogz:121>0.1]
80772it [5:28:37 bound:402 nc:896 ncall:5.1e+07 eff:0.2% logz-ratio=73103.68+/-0.15 dlogz:117>0.1]
80954it [5:29:54 bound:403 nc:1082 ncall:5.1e+07 eff:0.2% logz-ratio=73107.27+/-0.15 dlogz:113>0.1]
81144it [5:31:15 bound:404 nc:940 ncall:5.1e+07 eff:0.2% logz-ratio=73110.65+/-0.15 dlogz:121>0.1]
81328it [5:32:36 bound:405 nc:2352 ncall:5.1e+07 eff:0.2% logz-ratio=73113.99+/-0.15 dlogz:117>0.1]
81512it [5:34:04 bound:406 nc:1567 ncall:5.1e+07 eff:0.2% logz-ratio=73117.29+/-0.15 dlogz:114>0.1]
81697it [5:35:34 bound:407 nc:926 ncall:5.2e+07 eff:0.2% logz-ratio=73121.13+/-0.15 dlogz:110>0.1]
81879it [5:37:04 bound:408 nc:1235 ncall:5.2e+07 eff:0.2% logz-ratio=73124.56+/-0.15 dlogz:106>0.1]
82059it [5:38:33 bound:409 nc:1128 ncall:5.2e+07 eff:0.2% logz-ratio=73127.56+/-0.15 dlogz:103>0.1]
82236it [5:40:03 bound:410 nc:2946 ncall:5.2e+07 eff:0.2% logz-ratio=73130.25+/-0.15 dlogz:101>0.1]
82424it [5:41:33 bound:411 nc:1024 ncall:5.3e+07 eff:0.2% logz-ratio=73133.16+/-0.15 dlogz:97.5>0.1]
82609it [5:43:07 bound:412 nc:1407 ncall:5.3e+07 eff:0.2% logz-ratio=73135.83+/-0.15 dlogz:94.8>0.1]
82798it [5:44:38 bound:413 nc:1582 ncall:5.3e+07 eff:0.2% logz-ratio=73138.55+/-0.15 dlogz:94.7>0.1]
82979it [5:46:10 bound:414 nc:1433 ncall:5.3e+07 eff:0.2% logz-ratio=73141.36+/-0.15 dlogz:91.8>0.1]
83163it [5:47:40 bound:415 nc:1128 ncall:5.4e+07 eff:0.2% logz-ratio=73144.05+/-0.15 dlogz:89.1>0.1]
83345it [5:49:09 bound:416 nc:2245 ncall:5.4e+07 eff:0.2% logz-ratio=73146.63+/-0.15 dlogz:86.4>0.1]
83527it [5:50:41 bound:417 nc:1449 ncall:5.4e+07 eff:0.2% logz-ratio=73148.71+/-0.15 dlogz:84.2>0.1]
83529it [5:53:46 bound:417 nc:1547 ncall:5.4e+07 eff:0.2% logz-ratio=73148.73+/-0.15 dlogz:84.2>0.1]
83708it [5:55:20 bound:418 nc:1315 ncall:5.4e+07 eff:0.2% logz-ratio=73150.69+/-0.15 dlogz:82.1>0.1]
83892it [5:56:52 bound:419 nc:1686 ncall:5.5e+07 eff:0.2% logz-ratio=73152.80+/-0.15 dlogz:79.9>0.1]
84073it [5:58:23 bound:420 nc:1498 ncall:5.5e+07 eff:0.2% logz-ratio=73155.12+/-0.15 dlogz:77.5>0.1]
84261it [5:59:59 bound:421 nc:1381 ncall:5.5e+07 eff:0.2% logz-ratio=73157.48+/-0.15 dlogz:75.1>0.1]
84446it [6:01:34 bound:422 nc:1558 ncall:5.5e+07 eff:0.2% logz-ratio=73159.45+/-0.15 dlogz:73>0.1]
84623it [6:03:02 bound:423 nc:1857 ncall:5.6e+07 eff:0.2% logz-ratio=73161.49+/-0.15 dlogz:74.4>0.1]
84807it [6:04:31 bound:424 nc:1738 ncall:5.6e+07 eff:0.2% logz-ratio=73163.56+/-0.15 dlogz:72.2>0.1]
84991it [6:06:03 bound:425 nc:1363 ncall:5.6e+07 eff:0.2% logz-ratio=73165.40+/-0.15 dlogz:70.3>0.1]
85175it [6:07:36 bound:426 nc:1396 ncall:5.6e+07 eff:0.2% logz-ratio=73167.04+/-0.15 dlogz:68.5>0.1]
85355it [6:09:08 bound:427 nc:1144 ncall:5.7e+07 eff:0.2% logz-ratio=73168.80+/-0.15 dlogz:66.7>0.1]
85535it [6:10:42 bound:428 nc:1145 ncall:5.7e+07 eff:0.2% logz-ratio=73170.59+/-0.15 dlogz:64.8>0.1]
85723it [6:12:13 bound:429 nc:1325 ncall:5.7e+07 eff:0.1% logz-ratio=73172.43+/-0.15 dlogz:62.9>0.1]
85900it [6:13:56 bound:430 nc:3088 ncall:5.7e+07 eff:0.1% logz-ratio=73174.03+/-0.15 dlogz:61.2>0.1]
86086it [6:15:36 bound:431 nc:1322 ncall:5.8e+07 eff:0.1% logz-ratio=73175.69+/-0.15 dlogz:59.4>0.1]
86270it [6:17:06 bound:432 nc:1086 ncall:5.8e+07 eff:0.1% logz-ratio=73177.31+/-0.15 dlogz:57.7>0.1]
86453it [6:18:38 bound:433 nc:3044 ncall:5.8e+07 eff:0.1% logz-ratio=73178.89+/-0.15 dlogz:56>0.1]
86639it [6:20:16 bound:434 nc:1150 ncall:5.8e+07 eff:0.1% logz-ratio=73180.47+/-0.15 dlogz:54.4>0.1]
86824it [6:21:51 bound:435 nc:1511 ncall:5.9e+07 eff:0.1% logz-ratio=73182.06+/-0.15 dlogz:52.7>0.1]
87003it [6:23:25 bound:436 nc:1292 ncall:5.9e+07 eff:0.1% logz-ratio=73183.52+/-0.15 dlogz:51.1>0.1]
87004it [6:26:32 bound:436 nc:1216 ncall:5.9e+07 eff:0.1% logz-ratio=73183.53+/-0.15 dlogz:51.1>0.1]
87185it [6:28:09 bound:437 nc:1473 ncall:5.9e+07 eff:0.1% logz-ratio=73184.83+/-0.15 dlogz:49.8>0.1]
87370it [6:29:49 bound:438 nc:1311 ncall:5.9e+07 eff:0.1% logz-ratio=73186.08+/-0.15 dlogz:48.7>0.1]
87557it [6:31:23 bound:439 nc:1654 ncall:6.0e+07 eff:0.1% logz-ratio=73187.37+/-0.15 dlogz:47.4>0.1]
87745it [6:33:03 bound:440 nc:1207 ncall:6.0e+07 eff:0.1% logz-ratio=73188.65+/-0.15 dlogz:46.1>0.1]
87930it [6:34:37 bound:441 nc:839 ncall:6.0e+07 eff:0.1% logz-ratio=73189.82+/-0.15 dlogz:46.5>0.1]
88116it [6:36:20 bound:442 nc:1525 ncall:6.0e+07 eff:0.1% logz-ratio=73190.93+/-0.15 dlogz:45.3>0.1]
88299it [6:37:57 bound:443 nc:1467 ncall:6.1e+07 eff:0.1% logz-ratio=73191.99+/-0.15 dlogz:44.1>0.1]
88479it [6:39:38 bound:444 nc:1538 ncall:6.1e+07 eff:0.1% logz-ratio=73193.08+/-0.15 dlogz:43>0.1]
88661it [6:41:17 bound:445 nc:1465 ncall:6.1e+07 eff:0.1% logz-ratio=73194.12+/-0.15 dlogz:41.8>0.1]
88841it [6:42:55 bound:446 nc:1185 ncall:6.2e+07 eff:0.1% logz-ratio=73195.10+/-0.15 dlogz:40.8>0.1]
89024it [6:44:34 bound:447 nc:1379 ncall:6.2e+07 eff:0.1% logz-ratio=73196.11+/-0.15 dlogz:39.7>0.1]
89210it [6:46:17 bound:448 nc:1440 ncall:6.2e+07 eff:0.1% logz-ratio=73197.08+/-0.15 dlogz:38.6>0.1]
89395it [6:47:59 bound:449 nc:1689 ncall:6.2e+07 eff:0.1% logz-ratio=73198.04+/-0.15 dlogz:37.5>0.1]
89576it [6:49:39 bound:450 nc:771 ncall:6.3e+07 eff:0.1% logz-ratio=73198.99+/-0.15 dlogz:36.5>0.1]
89757it [6:51:19 bound:451 nc:614 ncall:6.3e+07 eff:0.1% logz-ratio=73199.90+/-0.15 dlogz:35.5>0.1]
89942it [6:52:56 bound:452 nc:1195 ncall:6.3e+07 eff:0.1% logz-ratio=73200.81+/-0.15 dlogz:34.5>0.1]
90128it [6:54:40 bound:453 nc:958 ncall:6.3e+07 eff:0.1% logz-ratio=73201.67+/-0.15 dlogz:33.6>0.1]
90309it [6:56:20 bound:454 nc:1295 ncall:6.4e+07 eff:0.1% logz-ratio=73202.45+/-0.15 dlogz:32.7>0.1]
90314it [6:59:31 bound:454 nc:1493 ncall:6.4e+07 eff:0.1% logz-ratio=73202.47+/-0.15 dlogz:32.7>0.1]
90492it [7:01:13 bound:455 nc:2572 ncall:6.4e+07 eff:0.1% logz-ratio=73203.24+/-0.15 dlogz:31.8>0.1]
90676it [7:02:54 bound:456 nc:1515 ncall:6.4e+07 eff:0.1% logz-ratio=73204.06+/-0.15 dlogz:30.9>0.1]
90857it [7:04:39 bound:457 nc:1408 ncall:6.4e+07 eff:0.1% logz-ratio=73204.85+/-0.15 dlogz:30>0.1]
91038it [7:06:24 bound:458 nc:2057 ncall:6.5e+07 eff:0.1% logz-ratio=73205.59+/-0.15 dlogz:29.2>0.1]
91226it [7:08:12 bound:459 nc:1597 ncall:6.5e+07 eff:0.1% logz-ratio=73206.38+/-0.15 dlogz:28.3>0.1]
91410it [7:09:58 bound:460 nc:1752 ncall:6.5e+07 eff:0.1% logz-ratio=73207.12+/-0.15 dlogz:27.5>0.1]
91595it [7:11:44 bound:461 nc:1483 ncall:6.6e+07 eff:0.1% logz-ratio=73207.81+/-0.15 dlogz:26.7>0.1]
91776it [7:13:27 bound:462 nc:1430 ncall:6.6e+07 eff:0.1% logz-ratio=73208.46+/-0.15 dlogz:26.2>0.1]
91961it [7:15:13 bound:463 nc:951 ncall:6.6e+07 eff:0.1% logz-ratio=73209.12+/-0.15 dlogz:25.5>0.1]
92143it [7:16:59 bound:464 nc:1056 ncall:6.6e+07 eff:0.1% logz-ratio=73209.76+/-0.15 dlogz:24.7>0.1]
92321it [7:18:48 bound:465 nc:2112 ncall:6.7e+07 eff:0.1% logz-ratio=73210.38+/-0.15 dlogz:24>0.1]
92503it [7:20:34 bound:466 nc:3661 ncall:6.7e+07 eff:0.1% logz-ratio=73211.00+/-0.15 dlogz:23.3>0.1]
92687it [7:22:17 bound:467 nc:1301 ncall:6.7e+07 eff:0.1% logz-ratio=73211.60+/-0.15 dlogz:22.6>0.1]
92870it [7:24:01 bound:468 nc:2933 ncall:6.8e+07 eff:0.1% logz-ratio=73212.18+/-0.15 dlogz:22>0.1]
93052it [7:25:50 bound:469 nc:1819 ncall:6.8e+07 eff:0.1% logz-ratio=73212.73+/-0.15 dlogz:21.3>0.1]
93228it [7:27:42 bound:470 nc:787 ncall:6.8e+07 eff:0.1% logz-ratio=73213.26+/-0.15 dlogz:22.4>0.1]
93410it [7:29:24 bound:471 nc:3491 ncall:6.8e+07 eff:0.1% logz-ratio=73213.82+/-0.15 dlogz:21.8>0.1]
93412it [7:32:48 bound:471 nc:1140 ncall:6.8e+07 eff:0.1% logz-ratio=73213.82+/-0.15 dlogz:21.8>0.1]
93586it [7:34:34 bound:472 nc:1619 ncall:6.9e+07 eff:0.1% logz-ratio=73214.35+/-0.15 dlogz:21.1>0.1]
93772it [7:36:21 bound:473 nc:1112 ncall:6.9e+07 eff:0.1% logz-ratio=73214.86+/-0.15 dlogz:20.5>0.1]
93955it [7:38:09 bound:474 nc:2270 ncall:6.9e+07 eff:0.1% logz-ratio=73215.34+/-0.15 dlogz:20>0.1]
94138it [7:39:57 bound:475 nc:1317 ncall:6.9e+07 eff:0.1% logz-ratio=73215.79+/-0.15 dlogz:19.4>0.1]
94323it [7:41:43 bound:476 nc:1210 ncall:7.0e+07 eff:0.1% logz-ratio=73216.23+/-0.15 dlogz:18.9>0.1]
94508it [7:43:33 bound:477 nc:4142 ncall:7.0e+07 eff:0.1% logz-ratio=73216.67+/-0.15 dlogz:18.4>0.1]
94693it [7:45:20 bound:478 nc:1825 ncall:7.0e+07 eff:0.1% logz-ratio=73217.09+/-0.15 dlogz:17.8>0.1]
94880it [7:47:09 bound:479 nc:1767 ncall:7.1e+07 eff:0.1% logz-ratio=73217.51+/-0.15 dlogz:17.6>0.1]
95063it [7:48:57 bound:480 nc:1161 ncall:7.1e+07 eff:0.1% logz-ratio=73217.90+/-0.15 dlogz:17.1>0.1]
95245it [7:50:47 bound:481 nc:1529 ncall:7.1e+07 eff:0.1% logz-ratio=73218.27+/-0.15 dlogz:16.6>0.1]
95426it [7:52:31 bound:482 nc:1610 ncall:7.1e+07 eff:0.1% logz-ratio=73218.63+/-0.15 dlogz:16.2>0.1]
95609it [7:54:19 bound:483 nc:1027 ncall:7.2e+07 eff:0.1% logz-ratio=73218.98+/-0.15 dlogz:15.7>0.1]
95795it [7:56:08 bound:484 nc:962 ncall:7.2e+07 eff:0.1% logz-ratio=73219.33+/-0.15 dlogz:15.3>0.1]
95980it [7:58:00 bound:485 nc:1986 ncall:7.2e+07 eff:0.1% logz-ratio=73219.66+/-0.16 dlogz:14.9>0.1]
96167it [7:59:45 bound:486 nc:1045 ncall:7.3e+07 eff:0.1% logz-ratio=73219.98+/-0.16 dlogz:14.5>0.1]
96345it [8:01:34 bound:487 nc:601 ncall:7.3e+07 eff:0.1% logz-ratio=73220.28+/-0.16 dlogz:14.1>0.1]
96526it [8:03:23 bound:488 nc:1186 ncall:7.3e+07 eff:0.1% logz-ratio=73220.58+/-0.16 dlogz:13.7>0.1]
96532it [8:06:50 bound:488 nc:1041 ncall:7.3e+07 eff:0.1% logz-ratio=73220.59+/-0.16 dlogz:13.7>0.1]
96707it [8:08:42 bound:489 nc:1890 ncall:7.3e+07 eff:0.1% logz-ratio=73220.87+/-0.16 dlogz:13.3>0.1]
96893it [8:10:30 bound:490 nc:1606 ncall:7.4e+07 eff:0.1% logz-ratio=73221.17+/-0.16 dlogz:12.9>0.1]
97074it [8:12:20 bound:491 nc:2099 ncall:7.4e+07 eff:0.1% logz-ratio=73221.45+/-0.16 dlogz:12.5>0.1]
97263it [8:14:12 bound:492 nc:1433 ncall:7.4e+07 eff:0.1% logz-ratio=73221.73+/-0.16 dlogz:12.2>0.1]
97445it [8:16:05 bound:493 nc:1801 ncall:7.5e+07 eff:0.1% logz-ratio=73221.99+/-0.16 dlogz:11.8>0.1]
97627it [8:17:54 bound:494 nc:3532 ncall:7.5e+07 eff:0.1% logz-ratio=73222.25+/-0.16 dlogz:11.5>0.1]
97813it [8:19:50 bound:495 nc:2123 ncall:7.5e+07 eff:0.1% logz-ratio=73222.49+/-0.16 dlogz:11.1>0.1]
97996it [8:21:40 bound:496 nc:2552 ncall:7.6e+07 eff:0.1% logz-ratio=73222.72+/-0.16 dlogz:10.8>0.1]
98180it [8:23:29 bound:497 nc:1786 ncall:7.6e+07 eff:0.1% logz-ratio=73222.95+/-0.16 dlogz:10.5>0.1]
98364it [8:25:21 bound:498 nc:2010 ncall:7.6e+07 eff:0.1% logz-ratio=73223.17+/-0.16 dlogz:10.2>0.1]
98544it [8:27:16 bound:499 nc:1819 ncall:7.6e+07 eff:0.1% logz-ratio=73223.38+/-0.16 dlogz:9.87>0.1]
98729it [8:29:09 bound:500 nc:1744 ncall:7.7e+07 eff:0.1% logz-ratio=73223.59+/-0.16 dlogz:9.56>0.1]
98911it [8:30:59 bound:501 nc:3305 ncall:7.7e+07 eff:0.1% logz-ratio=73223.79+/-0.16 dlogz:10.1>0.1]
99095it [8:32:55 bound:502 nc:1793 ncall:7.7e+07 eff:0.1% logz-ratio=73223.99+/-0.16 dlogz:9.79>0.1]
99277it [8:34:53 bound:503 nc:773 ncall:7.8e+07 eff:0.1% logz-ratio=73224.17+/-0.16 dlogz:9.51>0.1]
99462it [8:36:46 bound:504 nc:1093 ncall:7.8e+07 eff:0.1% logz-ratio=73224.35+/-0.16 dlogz:9.24>0.1]
99466it [8:40:23 bound:504 nc:1062 ncall:7.8e+07 eff:0.1% logz-ratio=73224.36+/-0.16 dlogz:9.23>0.1]
99645it [8:42:14 bound:505 nc:1689 ncall:7.8e+07 eff:0.1% logz-ratio=73224.53+/-0.16 dlogz:8.97>0.1]
99832it [8:44:07 bound:506 nc:1329 ncall:7.8e+07 eff:0.1% logz-ratio=73224.70+/-0.16 dlogz:8.7>0.1]
100016it [8:46:00 bound:507 nc:1073 ncall:7.9e+07 eff:0.1% logz-ratio=73224.87+/-0.16 dlogz:8.44>0.1]
100198it [8:47:58 bound:508 nc:996 ncall:7.9e+07 eff:0.1% logz-ratio=73225.03+/-0.16 dlogz:8.19>0.1]
100380it [8:49:58 bound:509 nc:1790 ncall:7.9e+07 eff:0.1% logz-ratio=73225.19+/-0.16 dlogz:7.94>0.1]
100566it [8:51:58 bound:510 nc:1501 ncall:8.0e+07 eff:0.1% logz-ratio=73225.34+/-0.16 dlogz:7.7>0.1]
100750it [8:54:00 bound:511 nc:1597 ncall:8.0e+07 eff:0.1% logz-ratio=73225.48+/-0.16 dlogz:7.46>0.1]
100937it [8:55:59 bound:512 nc:1476 ncall:8.0e+07 eff:0.1% logz-ratio=73225.62+/-0.16 dlogz:7.23>0.1]
101119it [8:57:53 bound:513 nc:1567 ncall:8.1e+07 eff:0.1% logz-ratio=73225.76+/-0.16 dlogz:7.01>0.1]
101305it [8:59:50 bound:514 nc:2139 ncall:8.1e+07 eff:0.1% logz-ratio=73225.88+/-0.16 dlogz:7.16>0.1]
101486it [9:01:50 bound:515 nc:1751 ncall:8.1e+07 eff:0.1% logz-ratio=73226.00+/-0.16 dlogz:6.95>0.1]
101669it [9:03:54 bound:516 nc:2604 ncall:8.2e+07 eff:0.1% logz-ratio=73226.12+/-0.16 dlogz:6.74>0.1]
101850it [9:05:51 bound:517 nc:1329 ncall:8.2e+07 eff:0.1% logz-ratio=73226.24+/-0.16 dlogz:6.54>0.1]
102029it [9:07:50 bound:518 nc:1975 ncall:8.2e+07 eff:0.1% logz-ratio=73226.35+/-0.16 dlogz:6.73>0.1]
102209it [9:09:46 bound:519 nc:1405 ncall:8.2e+07 eff:0.1% logz-ratio=73226.45+/-0.16 dlogz:6.54>0.1]
102388it [9:11:50 bound:520 nc:1394 ncall:8.3e+07 eff:0.1% logz-ratio=73226.55+/-0.16 dlogz:6.35>0.1]
102390it [9:15:34 bound:520 nc:1631 ncall:8.3e+07 eff:0.1% logz-ratio=73226.55+/-0.16 dlogz:6.34>0.1]
102564it [9:17:30 bound:521 nc:2407 ncall:8.3e+07 eff:0.1% logz-ratio=73226.65+/-0.16 dlogz:6.16>0.1]
102743it [9:19:30 bound:522 nc:1258 ncall:8.3e+07 eff:0.1% logz-ratio=73226.74+/-0.16 dlogz:5.98>0.1]
102925it [9:21:33 bound:523 nc:1742 ncall:8.4e+07 eff:0.1% logz-ratio=73226.83+/-0.16 dlogz:5.8>0.1]
103106it [9:23:35 bound:524 nc:1110 ncall:8.4e+07 eff:0.1% logz-ratio=73226.92+/-0.16 dlogz:5.62>0.1]
103283it [9:25:38 bound:525 nc:1297 ncall:8.4e+07 eff:0.1% logz-ratio=73227.01+/-0.16 dlogz:5.45>0.1]
103468it [9:27:40 bound:526 nc:1525 ncall:8.5e+07 eff:0.1% logz-ratio=73227.09+/-0.16 dlogz:5.27>0.1]
103658it [9:29:44 bound:527 nc:1332 ncall:8.5e+07 eff:0.1% logz-ratio=73227.18+/-0.16 dlogz:5.09>0.1]
103843it [9:31:47 bound:528 nc:1200 ncall:8.5e+07 eff:0.1% logz-ratio=73227.26+/-0.16 dlogz:4.92>0.1]
104025it [9:33:51 bound:529 nc:1616 ncall:8.6e+07 eff:0.1% logz-ratio=73227.33+/-0.16 dlogz:4.76>0.1]
104209it [9:35:59 bound:530 nc:1771 ncall:8.6e+07 eff:0.1% logz-ratio=73227.40+/-0.16 dlogz:4.59>0.1]
104391it [9:37:59 bound:531 nc:1996 ncall:8.6e+07 eff:0.1% logz-ratio=73227.47+/-0.16 dlogz:4.44>0.1]
104577it [9:40:03 bound:532 nc:1225 ncall:8.7e+07 eff:0.1% logz-ratio=73227.54+/-0.16 dlogz:4.28>0.1]
104762it [9:42:09 bound:533 nc:1761 ncall:8.7e+07 eff:0.1% logz-ratio=73227.60+/-0.16 dlogz:4.12>0.1]
104950it [9:44:15 bound:534 nc:1207 ncall:8.7e+07 eff:0.1% logz-ratio=73227.66+/-0.16 dlogz:5.26>0.1]
105131it [9:46:25 bound:535 nc:1709 ncall:8.8e+07 eff:0.1% logz-ratio=73227.72+/-0.16 dlogz:5.11>0.1]
105134it [9:50:27 bound:535 nc:1843 ncall:8.8e+07 eff:0.1% logz-ratio=73227.72+/-0.16 dlogz:5.11>0.1]
105318it [9:52:32 bound:536 nc:2793 ncall:8.8e+07 eff:0.1% logz-ratio=73227.78+/-0.16 dlogz:4.96>0.1]
105500it [9:54:38 bound:537 nc:1760 ncall:8.8e+07 eff:0.1% logz-ratio=73227.83+/-0.16 dlogz:4.82>0.1]
105683it [9:56:47 bound:538 nc:1934 ncall:8.9e+07 eff:0.1% logz-ratio=73227.88+/-0.16 dlogz:4.68>0.1]
105862it [9:58:59 bound:539 nc:1612 ncall:8.9e+07 eff:0.1% logz-ratio=73227.93+/-0.16 dlogz:4.54>0.1]
106038it [10:01:09 bound:540 nc:1475 ncall:8.9e+07 eff:0.1% logz-ratio=73227.98+/-0.16 dlogz:4.41>0.1]
106221it [10:03:13 bound:541 nc:1996 ncall:9.0e+07 eff:0.1% logz-ratio=73228.03+/-0.16 dlogz:4.27>0.1]
106404it [10:05:27 bound:542 nc:1894 ncall:9.0e+07 eff:0.1% logz-ratio=73228.07+/-0.16 dlogz:4.14>0.1]
106591it [10:07:39 bound:543 nc:2170 ncall:9.0e+07 eff:0.1% logz-ratio=73228.11+/-0.16 dlogz:4>0.1]
106776it [10:09:46 bound:544 nc:1848 ncall:9.1e+07 eff:0.1% logz-ratio=73228.15+/-0.16 dlogz:3.87>0.1]
106958it [10:11:58 bound:545 nc:3587 ncall:9.1e+07 eff:0.1% logz-ratio=73228.19+/-0.16 dlogz:3.74>0.1]
107139it [10:14:09 bound:546 nc:2824 ncall:9.1e+07 eff:0.1% logz-ratio=73228.23+/-0.16 dlogz:3.62>0.1]
107314it [10:16:22 bound:547 nc:2175 ncall:9.2e+07 eff:0.1% logz-ratio=73228.26+/-0.16 dlogz:3.5>0.1]
107496it [10:18:27 bound:548 nc:1475 ncall:9.2e+07 eff:0.1% logz-ratio=73228.30+/-0.16 dlogz:3.38>0.1]
107676it [10:20:42 bound:549 nc:2066 ncall:9.2e+07 eff:0.1% logz-ratio=73228.33+/-0.16 dlogz:3.27>0.1]
107677it [10:24:59 bound:549 nc:1160 ncall:9.2e+07 eff:0.1% logz-ratio=73228.33+/-0.16 dlogz:3.26>0.1]
107861it [10:27:10 bound:550 nc:1773 ncall:9.3e+07 eff:0.1% logz-ratio=73228.36+/-0.16 dlogz:3.15>0.1]
108045it [10:29:24 bound:551 nc:1760 ncall:9.3e+07 eff:0.1% logz-ratio=73228.39+/-0.16 dlogz:3.03>0.1]
108227it [10:31:37 bound:552 nc:2629 ncall:9.3e+07 eff:0.1% logz-ratio=73228.42+/-0.16 dlogz:2.92>0.1]
108405it [10:33:51 bound:553 nc:2015 ncall:9.4e+07 eff:0.1% logz-ratio=73228.44+/-0.16 dlogz:2.81>0.1]
108587it [10:36:05 bound:554 nc:1709 ncall:9.4e+07 eff:0.1% logz-ratio=73228.47+/-0.16 dlogz:2.7>0.1]
108764it [10:38:18 bound:555 nc:1612 ncall:9.4e+07 eff:0.1% logz-ratio=73228.49+/-0.16 dlogz:2.59>0.1]
108944it [10:40:34 bound:556 nc:2005 ncall:9.5e+07 eff:0.1% logz-ratio=73228.52+/-0.16 dlogz:2.49>0.1]
109131it [10:42:50 bound:557 nc:1384 ncall:9.5e+07 eff:0.1% logz-ratio=73228.54+/-0.16 dlogz:2.38>0.1]
109312it [10:45:00 bound:558 nc:1911 ncall:9.5e+07 eff:0.1% logz-ratio=73228.56+/-0.16 dlogz:2.28>0.1]
109496it [10:47:18 bound:559 nc:2251 ncall:9.6e+07 eff:0.1% logz-ratio=73228.58+/-0.16 dlogz:2.18>0.1]
109675it [10:49:38 bound:560 nc:1486 ncall:9.6e+07 eff:0.1% logz-ratio=73228.60+/-0.16 dlogz:2.08>0.1]
109856it [10:51:53 bound:561 nc:2438 ncall:9.7e+07 eff:0.1% logz-ratio=73228.62+/-0.16 dlogz:1.99>0.1]
110034it [10:54:17 bound:562 nc:3839 ncall:9.7e+07 eff:0.1% logz-ratio=73228.64+/-0.16 dlogz:1.9>0.1]
110216it [10:56:32 bound:563 nc:2668 ncall:9.7e+07 eff:0.1% logz-ratio=73228.66+/-0.16 dlogz:1.81>0.1]
110219it [11:00:49 bound:563 nc:1588 ncall:9.7e+07 eff:0.1% logz-ratio=73228.66+/-0.16 dlogz:1.8>0.1]
110397it [11:03:05 bound:564 nc:2842 ncall:9.8e+07 eff:0.1% logz-ratio=73228.67+/-0.16 dlogz:1.72>0.1]
110574it [11:05:28 bound:565 nc:2044 ncall:9.8e+07 eff:0.1% logz-ratio=73228.69+/-0.16 dlogz:1.63>0.1]
110757it [11:07:51 bound:566 nc:2237 ncall:9.8e+07 eff:0.1% logz-ratio=73228.71+/-0.16 dlogz:1.55>0.1]
110939it [11:10:12 bound:567 nc:1719 ncall:9.9e+07 eff:0.1% logz-ratio=73228.72+/-0.16 dlogz:1.47>0.1]
111124it [11:12:31 bound:568 nc:1648 ncall:9.9e+07 eff:0.1% logz-ratio=73228.73+/-0.16 dlogz:1.38>0.1]
111308it [11:14:50 bound:569 nc:1447 ncall:9.9e+07 eff:0.1% logz-ratio=73228.75+/-0.16 dlogz:1.31>0.1]
111486it [11:17:09 bound:570 nc:2407 ncall:1.0e+08 eff:0.1% logz-ratio=73228.76+/-0.16 dlogz:1.23>0.1]
111668it [11:19:34 bound:571 nc:2477 ncall:1.0e+08 eff:0.1% logz-ratio=73228.77+/-0.16 dlogz:1.16>0.1]
111849it [11:21:56 bound:572 nc:1135 ncall:1.0e+08 eff:0.1% logz-ratio=73228.78+/-0.16 dlogz:1.09>0.1]
112027it [11:24:14 bound:573 nc:2582 ncall:1.0e+08 eff:0.1% logz-ratio=73228.80+/-0.16 dlogz:1.03>0.1]
112207it [11:26:42 bound:574 nc:1737 ncall:1.0e+08 eff:0.1% logz-ratio=73228.81+/-0.16 dlogz:0.994>0.1]
112387it [11:29:11 bound:575 nc:1969 ncall:1.0e+08 eff:0.1% logz-ratio=73228.82+/-0.16 dlogz:0.932>0.1]
112571it [11:31:43 bound:576 nc:2448 ncall:1.0e+08 eff:0.1% logz-ratio=73228.83+/-0.16 dlogz:0.872>0.1]
112575it [11:36:31 bound:576 nc:2651 ncall:1.0e+08 eff:0.1% logz-ratio=73228.83+/-0.16 dlogz:0.87>0.1]
112751it [11:39:03 bound:577 nc:4286 ncall:1.0e+08 eff:0.1% logz-ratio=73228.83+/-0.16 dlogz:0.815>0.1]
112934it [11:41:35 bound:578 nc:2680 ncall:1.0e+08 eff:0.1% logz-ratio=73228.84+/-0.16 dlogz:0.761>0.1]
113112it [11:44:06 bound:579 nc:1841 ncall:1.0e+08 eff:0.1% logz-ratio=73228.85+/-0.16 dlogz:0.716>0.1]
113287it [11:46:36 bound:580 nc:2181 ncall:1.0e+08 eff:0.1% logz-ratio=73228.86+/-0.16 dlogz:0.669>0.1]
113467it [11:49:08 bound:581 nc:2714 ncall:1.0e+08 eff:0.1% logz-ratio=73228.87+/-0.16 dlogz:0.622>0.1]
113644it [11:51:44 bound:582 nc:1223 ncall:1.0e+08 eff:0.1% logz-ratio=73228.87+/-0.16 dlogz:0.703>0.1]
113827it [11:54:22 bound:583 nc:1090 ncall:1.1e+08 eff:0.1% logz-ratio=73228.88+/-0.16 dlogz:0.655>0.1]
114002it [11:56:58 bound:584 nc:1991 ncall:1.1e+08 eff:0.1% logz-ratio=73228.89+/-0.16 dlogz:0.83>0.1]
114186it [11:59:38 bound:585 nc:2461 ncall:1.1e+08 eff:0.1% logz-ratio=73228.89+/-0.16 dlogz:0.776>0.1]
114364it [12:02:14 bound:586 nc:2159 ncall:1.1e+08 eff:0.1% logz-ratio=73228.90+/-0.16 dlogz:0.726>0.1]
114546it [12:04:49 bound:587 nc:1491 ncall:1.1e+08 eff:0.1% logz-ratio=73228.90+/-0.16 dlogz:0.677>0.1]
114728it [12:07:29 bound:588 nc:1759 ncall:1.1e+08 eff:0.1% logz-ratio=73228.91+/-0.16 dlogz:0.631>0.1]
114732it [12:12:36 bound:588 nc:2530 ncall:1.1e+08 eff:0.1% logz-ratio=73228.91+/-0.16 dlogz:0.63>0.1]
114909it [12:15:17 bound:589 nc:2481 ncall:1.1e+08 eff:0.1% logz-ratio=73228.91+/-0.16 dlogz:0.587>0.1]
115087it [12:17:54 bound:590 nc:2188 ncall:1.1e+08 eff:0.1% logz-ratio=73228.92+/-0.16 dlogz:0.547>0.1]
115265it [12:20:35 bound:591 nc:3075 ncall:1.1e+08 eff:0.1% logz-ratio=73228.92+/-0.16 dlogz:0.508>0.1]
115446it [12:23:18 bound:592 nc:2917 ncall:1.1e+08 eff:0.1% logz-ratio=73228.93+/-0.16 dlogz:0.472>0.1]
115632it [12:26:04 bound:593 nc:5376 ncall:1.1e+08 eff:0.1% logz-ratio=73228.93+/-0.16 dlogz:0.436>0.1]
115811it [12:28:43 bound:594 nc:5793 ncall:1.1e+08 eff:0.1% logz-ratio=73228.94+/-0.16 dlogz:0.404>0.1]
115992it [12:31:22 bound:595 nc:3183 ncall:1.1e+08 eff:0.1% logz-ratio=73228.94+/-0.16 dlogz:0.374>0.1]
116169it [12:34:05 bound:596 nc:2566 ncall:1.1e+08 eff:0.1% logz-ratio=73228.94+/-0.16 dlogz:0.346>0.1]
116348it [12:36:49 bound:597 nc:2270 ncall:1.1e+08 eff:0.1% logz-ratio=73228.95+/-0.16 dlogz:0.32>0.1]
116524it [12:39:33 bound:598 nc:2380 ncall:1.1e+08 eff:0.1% logz-ratio=73228.95+/-0.16 dlogz:0.295>0.1]
116704it [12:42:18 bound:599 nc:2724 ncall:1.1e+08 eff:0.1% logz-ratio=73228.95+/-0.16 dlogz:0.272>0.1]
116707it [12:47:36 bound:599 nc:4057 ncall:1.1e+08 eff:0.1% logz-ratio=73228.95+/-0.16 dlogz:0.272>0.1]
116884it [12:50:22 bound:600 nc:2423 ncall:1.1e+08 eff:0.1% logz-ratio=73228.96+/-0.16 dlogz:0.251>0.1]
117058it [12:53:09 bound:601 nc:2115 ncall:1.1e+08 eff:0.1% logz-ratio=73228.96+/-0.16 dlogz:0.268>0.1]
117235it [12:55:56 bound:602 nc:4670 ncall:1.1e+08 eff:0.1% logz-ratio=73228.96+/-0.16 dlogz:0.351>0.1]
117411it [12:58:43 bound:603 nc:6130 ncall:1.1e+08 eff:0.1% logz-ratio=73228.96+/-0.16 dlogz:0.325>0.1]
117586it [13:01:30 bound:604 nc:2902 ncall:1.1e+08 eff:0.1% logz-ratio=73228.97+/-0.16 dlogz:0.301>0.1]
117773it [13:04:20 bound:605 nc:1643 ncall:1.1e+08 eff:0.1% logz-ratio=73228.97+/-0.16 dlogz:0.277>0.1]
117955it [13:07:09 bound:606 nc:2601 ncall:1.2e+08 eff:0.1% logz-ratio=73228.97+/-0.16 dlogz:0.255>0.1]
118133it [13:10:01 bound:607 nc:3160 ncall:1.2e+08 eff:0.1% logz-ratio=73228.97+/-0.16 dlogz:0.235>0.1]
118315it [13:12:51 bound:608 nc:2103 ncall:1.2e+08 eff:0.1% logz-ratio=73228.98+/-0.16 dlogz:0.216>0.1]
118501it [13:15:49 bound:609 nc:2793 ncall:1.2e+08 eff:0.1% logz-ratio=73228.98+/-0.16 dlogz:0.199>0.1]
118687it [13:18:38 bound:610 nc:4807 ncall:1.2e+08 eff:0.1% logz-ratio=73228.98+/-0.16 dlogz:0.194>0.1]
118689it [13:24:10 bound:610 nc:1849 ncall:1.2e+08 eff:0.1% logz-ratio=73228.98+/-0.16 dlogz:0.194>0.1]
118874it [13:27:03 bound:611 nc:2920 ncall:1.2e+08 eff:0.1% logz-ratio=73228.98+/-0.16 dlogz:0.178>0.1]
119053it [13:29:53 bound:612 nc:2652 ncall:1.2e+08 eff:0.1% logz-ratio=73228.98+/-0.16 dlogz:0.164>0.1]
119233it [13:32:46 bound:613 nc:2659 ncall:1.2e+08 eff:0.1% logz-ratio=73228.98+/-0.16 dlogz:0.15>0.1]
119406it [13:35:36 bound:614 nc:2711 ncall:1.2e+08 eff:0.1% logz-ratio=73228.99+/-0.16 dlogz:0.138>0.1]
119592it [13:38:28 bound:615 nc:2611 ncall:1.2e+08 eff:0.1% logz-ratio=73228.99+/-0.16 dlogz:0.127>0.1]
119768it [13:41:22 bound:616 nc:2418 ncall:1.2e+08 eff:0.1% logz-ratio=73228.99+/-0.16 dlogz:0.117>0.1]
119942it [13:44:16 bound:617 nc:1745 ncall:1.2e+08 eff:0.1% logz-ratio=73228.99+/-0.16 dlogz:0.107>0.1]
  0%|          | 0/10768 [00:00<?, ?it/s]  0%|          | 10/10768 [00:00<02:23, 75.20it/s]  0%|          | 40/10768 [00:00<00:59, 180.06it/s]  1%|          | 70/10768 [00:00<00:48, 219.08it/s]  1%|          | 100/10768 [00:00<00:44, 237.91it/s]  1%|          | 130/10768 [00:00<00:42, 249.01it/s]  1%|▏         | 160/10768 [00:00<00:41, 255.81it/s]  2%|▏         | 190/10768 [00:00<00:40, 260.32it/s]  2%|▏         | 230/10768 [00:00<00:37, 280.09it/s]  3%|▎         | 270/10768 [00:01<00:35, 296.26it/s]  3%|▎         | 310/10768 [00:01<00:33, 308.03it/s]  3%|▎         | 350/10768 [00:01<00:33, 315.35it/s]  4%|▎         | 390/10768 [00:01<00:32, 320.42it/s]  4%|▍         | 430/10768 [00:01<00:31, 324.30it/s]  4%|▍         | 470/10768 [00:01<00:31, 326.88it/s]  5%|▍         | 510/10768 [00:01<00:31, 328.85it/s]  5%|▌         | 550/10768 [00:01<00:30, 330.12it/s]  5%|▌         | 590/10768 [00:02<00:30, 330.92it/s]  6%|▌         | 630/10768 [00:02<00:30, 331.19it/s]  6%|▌         | 670/10768 [00:02<00:31, 317.63it/s]  7%|▋         | 710/10768 [00:02<00:31, 321.58it/s]  7%|▋         | 750/10768 [00:02<00:30, 324.78it/s]  7%|▋         | 790/10768 [00:02<00:31, 320.85it/s]  8%|▊         | 830/10768 [00:02<00:32, 306.41it/s]  8%|▊         | 870/10768 [00:02<00:32, 304.16it/s]  8%|▊         | 910/10768 [00:03<00:32, 302.96it/s]  9%|▉         | 950/10768 [00:03<00:32, 305.16it/s]  9%|▉         | 990/10768 [00:03<00:31, 312.02it/s] 10%|▉         | 1030/10768 [00:03<00:30, 317.83it/s] 10%|▉         | 1070/10768 [00:03<00:30, 322.41it/s] 10%|█         | 1110/10768 [00:03<00:29, 325.91it/s] 11%|█         | 1150/10768 [00:03<00:30, 317.71it/s] 11%|█         | 1190/10768 [00:03<00:29, 322.70it/s] 11%|█▏        | 1230/10768 [00:04<00:29, 326.15it/s] 12%|█▏        | 1270/10768 [00:04<00:28, 327.67it/s] 12%|█▏        | 1310/10768 [00:04<00:29, 318.48it/s] 13%|█▎        | 1350/10768 [00:04<00:30, 313.54it/s] 13%|█▎        | 1390/10768 [00:04<00:30, 309.35it/s] 13%|█▎        | 1430/10768 [00:04<00:29, 316.59it/s] 14%|█▎        | 1470/10768 [00:04<00:29, 320.44it/s] 14%|█▍        | 1510/10768 [00:04<00:29, 313.89it/s] 14%|█▍        | 1550/10768 [00:05<00:29, 309.88it/s] 15%|█▍        | 1590/10768 [00:05<00:28, 316.50it/s] 15%|█▌        | 1630/10768 [00:05<00:28, 320.44it/s] 16%|█▌        | 1670/10768 [00:05<00:29, 306.79it/s] 16%|█▌        | 1710/10768 [00:05<00:30, 301.74it/s] 16%|█▋        | 1750/10768 [00:05<00:30, 292.95it/s] 17%|█▋        | 1790/10768 [00:05<00:29, 304.21it/s] 17%|█▋        | 1830/10768 [00:05<00:29, 302.76it/s] 17%|█▋        | 1870/10768 [00:06<00:29, 300.10it/s] 18%|█▊        | 1910/10768 [00:06<00:28, 309.14it/s] 18%|█▊        | 1950/10768 [00:06<00:27, 315.78it/s] 18%|█▊        | 1990/10768 [00:06<00:27, 313.88it/s] 19%|█▉        | 2030/10768 [00:06<00:28, 310.60it/s] 19%|█▉        | 2070/10768 [00:06<00:29, 299.11it/s] 20%|█▉        | 2110/10768 [00:06<00:28, 299.90it/s] 20%|█▉        | 2150/10768 [00:07<00:29, 290.93it/s] 20%|██        | 2180/10768 [00:07<00:29, 287.98it/s] 21%|██        | 2210/10768 [00:07<00:30, 279.99it/s] 21%|██        | 2240/10768 [00:07<00:30, 280.87it/s] 21%|██        | 2270/10768 [00:07<00:31, 268.23it/s] 21%|██▏       | 2300/10768 [00:07<00:31, 272.71it/s] 22%|██▏       | 2330/10768 [00:07<00:30, 276.48it/s] 22%|██▏       | 2360/10768 [00:07<00:30, 273.42it/s] 22%|██▏       | 2390/10768 [00:07<00:31, 267.43it/s] 22%|██▏       | 2420/10768 [00:08<00:30, 274.43it/s] 23%|██▎       | 2450/10768 [00:08<00:30, 272.85it/s] 23%|██▎       | 2480/10768 [00:08<00:31, 262.38it/s] 23%|██▎       | 2510/10768 [00:08<00:30, 269.63it/s] 24%|██▎       | 2540/10768 [00:08<00:31, 262.83it/s] 24%|██▍       | 2570/10768 [00:08<00:30, 270.82it/s] 24%|██▍       | 2600/10768 [00:08<00:29, 277.72it/s] 24%|██▍       | 2630/10768 [00:08<00:29, 271.70it/s] 25%|██▍       | 2660/10768 [00:08<00:30, 264.38it/s] 25%|██▍       | 2690/10768 [00:09<00:29, 272.00it/s] 25%|██▌       | 2720/10768 [00:09<00:29, 276.86it/s] 26%|██▌       | 2750/10768 [00:09<00:29, 274.09it/s] 26%|██▌       | 2780/10768 [00:09<00:28, 280.02it/s] 26%|██▌       | 2810/10768 [00:09<00:28, 282.68it/s] 26%|██▋       | 2840/10768 [00:09<00:29, 273.34it/s] 27%|██▋       | 2870/10768 [00:09<00:28, 273.06it/s] 27%|██▋       | 2900/10768 [00:09<00:28, 277.58it/s] 27%|██▋       | 2930/10768 [00:09<00:27, 281.05it/s] 27%|██▋       | 2960/10768 [00:10<00:29, 268.18it/s] 28%|██▊       | 2990/10768 [00:10<00:28, 274.66it/s] 28%|██▊       | 3020/10768 [00:10<00:28, 269.26it/s] 28%|██▊       | 3050/10768 [00:10<00:28, 272.83it/s] 29%|██▊       | 3080/10768 [00:10<00:28, 265.99it/s] 29%|██▉       | 3110/10768 [00:10<00:29, 263.45it/s] 29%|██▉       | 3140/10768 [00:10<00:29, 257.09it/s] 29%|██▉       | 3170/10768 [00:10<00:29, 258.50it/s] 30%|██▉       | 3200/10768 [00:10<00:28, 267.34it/s] 30%|██▉       | 3230/10768 [00:11<00:27, 272.88it/s] 30%|███       | 3260/10768 [00:11<00:27, 268.44it/s] 31%|███       | 3290/10768 [00:11<00:28, 267.06it/s] 31%|███       | 3320/10768 [00:11<00:27, 269.14it/s] 31%|███       | 3350/10768 [00:11<00:27, 265.07it/s] 31%|███▏      | 3380/10768 [00:11<00:27, 271.36it/s] 32%|███▏      | 3410/10768 [00:11<00:26, 273.01it/s] 32%|███▏      | 3440/10768 [00:11<00:27, 270.08it/s] 32%|███▏      | 3470/10768 [00:11<00:26, 276.25it/s] 33%|███▎      | 3500/10768 [00:12<00:26, 270.71it/s] 33%|███▎      | 3530/10768 [00:12<00:27, 267.40it/s] 33%|███▎      | 3560/10768 [00:12<00:27, 264.91it/s] 33%|███▎      | 3590/10768 [00:12<00:26, 268.27it/s] 34%|███▎      | 3620/10768 [00:12<00:27, 262.11it/s] 34%|███▍      | 3650/10768 [00:12<00:26, 264.89it/s] 34%|███▍      | 3680/10768 [00:12<00:26, 265.57it/s] 34%|███▍      | 3710/10768 [00:12<00:26, 266.92it/s] 35%|███▍      | 3740/10768 [00:12<00:27, 259.43it/s] 35%|███▌      | 3770/10768 [00:13<00:26, 265.24it/s] 35%|███▌      | 3800/10768 [00:13<00:25, 270.81it/s] 36%|███▌      | 3830/10768 [00:13<00:26, 266.78it/s] 36%|███▌      | 3860/10768 [00:13<00:25, 272.09it/s] 36%|███▌      | 3890/10768 [00:13<00:24, 277.59it/s] 36%|███▋      | 3920/10768 [00:13<00:25, 270.49it/s] 37%|███▋      | 3950/10768 [00:13<00:25, 262.81it/s] 37%|███▋      | 3990/10768 [00:13<00:25, 270.05it/s] 37%|███▋      | 4020/10768 [00:13<00:24, 274.26it/s] 38%|███▊      | 4050/10768 [00:14<00:24, 269.78it/s] 38%|███▊      | 4080/10768 [00:14<00:24, 273.75it/s] 38%|███▊      | 4110/10768 [00:14<00:24, 267.59it/s] 38%|███▊      | 4140/10768 [00:14<00:24, 270.36it/s] 39%|███▉      | 4180/10768 [00:14<00:22, 288.48it/s] 39%|███▉      | 4210/10768 [00:14<00:22, 288.77it/s] 39%|███▉      | 4240/10768 [00:14<00:22, 291.78it/s] 40%|███▉      | 4270/10768 [00:14<00:23, 281.23it/s] 40%|███▉      | 4300/10768 [00:14<00:23, 272.19it/s] 40%|████      | 4330/10768 [00:15<00:23, 271.18it/s] 40%|████      | 4360/10768 [00:15<00:23, 268.75it/s] 41%|████      | 4390/10768 [00:15<00:23, 275.79it/s] 41%|████      | 4420/10768 [00:15<00:23, 267.50it/s] 41%|████▏     | 4450/10768 [00:15<00:23, 273.45it/s] 42%|████▏     | 4480/10768 [00:15<00:22, 277.99it/s] 42%|████▏     | 4510/10768 [00:15<00:23, 271.17it/s] 42%|████▏     | 4540/10768 [00:15<00:22, 275.30it/s] 43%|████▎     | 4580/10768 [00:15<00:21, 288.77it/s] 43%|████▎     | 4610/10768 [00:16<00:22, 276.03it/s] 43%|████▎     | 4640/10768 [00:16<00:22, 271.32it/s] 43%|████▎     | 4670/10768 [00:16<00:23, 264.20it/s] 44%|████▎     | 4700/10768 [00:16<00:23, 259.75it/s] 44%|████▍     | 4730/10768 [00:16<00:23, 261.46it/s] 44%|████▍     | 4760/10768 [00:16<00:22, 268.41it/s] 44%|████▍     | 4790/10768 [00:16<00:21, 271.77it/s] 45%|████▍     | 4820/10768 [00:16<00:22, 261.56it/s] 45%|████▌     | 4850/10768 [00:17<00:22, 262.00it/s] 45%|████▌     | 4880/10768 [00:17<00:23, 251.88it/s] 46%|████▌     | 4910/10768 [00:17<00:22, 260.63it/s] 46%|████▌     | 4950/10768 [00:17<00:20, 281.76it/s] 46%|████▌     | 4980/10768 [00:17<00:20, 282.05it/s] 47%|████▋     | 5010/10768 [00:17<00:20, 274.77it/s] 47%|████▋     | 5040/10768 [00:17<00:21, 266.20it/s] 47%|████▋     | 5070/10768 [00:17<00:22, 257.16it/s] 47%|████▋     | 5110/10768 [00:17<00:20, 278.20it/s] 48%|████▊     | 5150/10768 [00:18<00:19, 294.52it/s] 48%|████▊     | 5190/10768 [00:18<00:19, 293.22it/s] 48%|████▊     | 5220/10768 [00:18<00:19, 290.85it/s] 49%|████▉     | 5250/10768 [00:18<00:19, 276.18it/s] 49%|████▉     | 5280/10768 [00:18<00:19, 280.86it/s] 49%|████▉     | 5310/10768 [00:18<00:19, 274.67it/s] 50%|████▉     | 5340/10768 [00:18<00:20, 263.25it/s] 50%|████▉     | 5370/10768 [00:18<00:19, 272.06it/s] 50%|█████     | 5400/10768 [00:19<00:19, 278.83it/s] 50%|█████     | 5430/10768 [00:19<00:19, 272.50it/s] 51%|█████     | 5460/10768 [00:19<00:19, 265.97it/s] 51%|█████     | 5490/10768 [00:19<00:19, 273.81it/s] 51%|█████▏    | 5530/10768 [00:19<00:17, 293.41it/s] 52%|█████▏    | 5560/10768 [00:19<00:18, 282.65it/s] 52%|█████▏    | 5590/10768 [00:19<00:18, 281.76it/s] 52%|█████▏    | 5620/10768 [00:19<00:18, 278.81it/s] 52%|█████▏    | 5650/10768 [00:19<00:18, 272.14it/s] 53%|█████▎    | 5680/10768 [00:20<00:19, 258.23it/s] 53%|█████▎    | 5710/10768 [00:20<00:19, 265.01it/s] 53%|█████▎    | 5740/10768 [00:20<00:18, 270.17it/s] 54%|█████▎    | 5770/10768 [00:20<00:18, 264.52it/s] 54%|█████▍    | 5810/10768 [00:20<00:17, 280.01it/s] 54%|█████▍    | 5850/10768 [00:20<00:16, 296.03it/s] 55%|█████▍    | 5890/10768 [00:20<00:15, 306.92it/s] 55%|█████▌    | 5930/10768 [00:20<00:15, 314.89it/s] 55%|█████▌    | 5970/10768 [00:21<00:15, 308.83it/s] 56%|█████▌    | 6010/10768 [00:21<00:15, 315.79it/s] 56%|█████▌    | 6050/10768 [00:21<00:15, 309.09it/s] 57%|█████▋    | 6090/10768 [00:21<00:14, 315.13it/s] 57%|█████▋    | 6130/10768 [00:21<00:14, 320.57it/s] 57%|█████▋    | 6170/10768 [00:21<00:14, 314.13it/s] 58%|█████▊    | 6210/10768 [00:21<00:14, 319.58it/s] 58%|█████▊    | 6250/10768 [00:21<00:14, 313.92it/s] 58%|█████▊    | 6290/10768 [00:22<00:14, 319.76it/s] 59%|█████▉    | 6330/10768 [00:22<00:13, 323.94it/s] 59%|█████▉    | 6370/10768 [00:22<00:13, 326.19it/s] 60%|█████▉    | 6410/10768 [00:22<00:13, 328.23it/s] 60%|█████▉    | 6450/10768 [00:22<00:13, 330.50it/s] 60%|██████    | 6490/10768 [00:22<00:12, 331.42it/s] 61%|██████    | 6530/10768 [00:22<00:12, 331.50it/s] 61%|██████    | 6570/10768 [00:22<00:13, 321.75it/s] 61%|██████▏   | 6610/10768 [00:22<00:12, 323.33it/s] 62%|██████▏   | 6650/10768 [00:23<00:12, 325.87it/s] 62%|██████▏   | 6690/10768 [00:23<00:12, 327.02it/s] 62%|██████▎   | 6730/10768 [00:23<00:12, 329.28it/s] 63%|██████▎   | 6770/10768 [00:23<00:12, 330.13it/s] 63%|██████▎   | 6810/10768 [00:23<00:11, 329.93it/s] 64%|██████▎   | 6850/10768 [00:23<00:11, 330.29it/s] 64%|██████▍   | 6890/10768 [00:23<00:11, 331.92it/s] 64%|██████▍   | 6930/10768 [00:23<00:11, 331.64it/s] 65%|██████▍   | 6970/10768 [00:24<00:11, 330.42it/s] 65%|██████▌   | 7010/10768 [00:24<00:11, 329.81it/s] 65%|██████▌   | 7050/10768 [00:24<00:11, 329.18it/s] 66%|██████▌   | 7090/10768 [00:24<00:11, 329.28it/s] 66%|██████▌   | 7130/10768 [00:24<00:11, 328.16it/s] 67%|██████▋   | 7170/10768 [00:24<00:10, 327.84it/s] 67%|██████▋   | 7210/10768 [00:24<00:10, 327.78it/s] 67%|██████▋   | 7250/10768 [00:24<00:10, 327.16it/s] 68%|██████▊   | 7290/10768 [00:25<00:10, 326.40it/s] 68%|██████▊   | 7330/10768 [00:25<00:10, 327.27it/s] 68%|██████▊   | 7370/10768 [00:25<00:10, 327.19it/s] 69%|██████▉   | 7410/10768 [00:25<00:10, 320.57it/s] 69%|██████▉   | 7450/10768 [00:25<00:10, 312.97it/s] 70%|██████▉   | 7490/10768 [00:25<00:10, 307.35it/s] 70%|██████▉   | 7530/10768 [00:25<00:10, 312.39it/s] 70%|███████   | 7570/10768 [00:25<00:10, 307.93it/s] 71%|███████   | 7610/10768 [00:26<00:10, 303.60it/s] 71%|███████   | 7650/10768 [00:26<00:10, 302.06it/s] 71%|███████▏  | 7690/10768 [00:26<00:10, 301.40it/s] 72%|███████▏  | 7730/10768 [00:26<00:10, 300.16it/s] 72%|███████▏  | 7770/10768 [00:26<00:10, 290.94it/s] 73%|███████▎  | 7810/10768 [00:26<00:10, 292.59it/s] 73%|███████▎  | 7840/10768 [00:26<00:10, 285.48it/s] 73%|███████▎  | 7870/10768 [00:26<00:10, 287.83it/s] 73%|███████▎  | 7900/10768 [00:27<00:09, 287.47it/s] 74%|███████▎  | 7930/10768 [00:27<00:09, 286.72it/s] 74%|███████▍  | 7960/10768 [00:27<00:10, 275.27it/s] 74%|███████▍  | 7990/10768 [00:27<00:10, 277.65it/s] 74%|███████▍  | 8020/10768 [00:27<00:09, 280.29it/s] 75%|███████▍  | 8050/10768 [00:27<00:09, 274.81it/s] 75%|███████▌  | 8080/10768 [00:27<00:09, 277.96it/s] 75%|███████▌  | 8110/10768 [00:27<00:09, 280.72it/s] 76%|███████▌  | 8140/10768 [00:27<00:09, 282.07it/s] 76%|███████▌  | 8170/10768 [00:28<00:09, 272.94it/s] 76%|███████▌  | 8210/10768 [00:28<00:09, 282.59it/s] 77%|███████▋  | 8240/10768 [00:28<00:09, 274.93it/s] 77%|███████▋  | 8270/10768 [00:28<00:09, 277.07it/s] 77%|███████▋  | 8300/10768 [00:28<00:09, 267.49it/s] 77%|███████▋  | 8330/10768 [00:28<00:09, 266.51it/s] 78%|███████▊  | 8360/10768 [00:28<00:09, 262.52it/s] 78%|███████▊  | 8400/10768 [00:28<00:08, 272.74it/s] 78%|███████▊  | 8430/10768 [00:29<00:08, 269.15it/s] 79%|███████▊  | 8460/10768 [00:29<00:08, 262.51it/s] 79%|███████▉  | 8490/10768 [00:29<00:08, 257.56it/s] 79%|███████▉  | 8520/10768 [00:29<00:08, 257.95it/s] 79%|███████▉  | 8550/10768 [00:29<00:08, 261.61it/s] 80%|███████▉  | 8580/10768 [00:29<00:08, 263.34it/s] 80%|███████▉  | 8610/10768 [00:29<00:08, 262.71it/s] 80%|████████  | 8640/10768 [00:29<00:07, 272.33it/s] 81%|████████  | 8670/10768 [00:29<00:07, 276.40it/s] 81%|████████  | 8700/10768 [00:30<00:07, 263.58it/s] 81%|████████  | 8730/10768 [00:30<00:07, 260.22it/s] 81%|████████▏ | 8760/10768 [00:30<00:07, 270.61it/s] 82%|████████▏ | 8790/10768 [00:30<00:07, 266.57it/s] 82%|████████▏ | 8820/10768 [00:30<00:07, 272.00it/s] 82%|████████▏ | 8850/10768 [00:30<00:07, 266.24it/s] 82%|████████▏ | 8880/10768 [00:30<00:07, 258.66it/s] 83%|████████▎ | 8910/10768 [00:30<00:06, 268.90it/s] 83%|████████▎ | 8940/10768 [00:30<00:06, 262.32it/s] 83%|████████▎ | 8970/10768 [00:31<00:06, 271.43it/s] 84%|████████▎ | 9000/10768 [00:31<00:06, 275.73it/s] 84%|████████▍ | 9030/10768 [00:31<00:06, 269.45it/s] 84%|████████▍ | 9060/10768 [00:31<00:06, 265.48it/s] 85%|████████▍ | 9100/10768 [00:31<00:05, 284.42it/s] 85%|████████▍ | 9130/10768 [00:31<00:05, 279.88it/s] 85%|████████▌ | 9160/10768 [00:31<00:05, 272.28it/s] 85%|████████▌ | 9190/10768 [00:31<00:05, 275.97it/s] 86%|████████▌ | 9230/10768 [00:32<00:05, 280.27it/s] 86%|████████▌ | 9260/10768 [00:32<00:05, 279.24it/s] 86%|████████▋ | 9290/10768 [00:32<00:05, 274.59it/s] 87%|████████▋ | 9320/10768 [00:32<00:05, 268.49it/s] 87%|████████▋ | 9350/10768 [00:32<00:05, 265.00it/s] 87%|████████▋ | 9380/10768 [00:32<00:05, 264.49it/s] 87%|████████▋ | 9410/10768 [00:32<00:05, 270.74it/s] 88%|████████▊ | 9440/10768 [00:32<00:04, 273.19it/s] 88%|████████▊ | 9480/10768 [00:32<00:04, 278.44it/s] 88%|████████▊ | 9510/10768 [00:33<00:04, 266.18it/s] 89%|████████▊ | 9540/10768 [00:33<00:04, 271.44it/s] 89%|████████▉ | 9570/10768 [00:33<00:04, 274.40it/s] 89%|████████▉ | 9600/10768 [00:33<00:04, 276.91it/s] 89%|████████▉ | 9630/10768 [00:33<00:04, 268.07it/s] 90%|████████▉ | 9660/10768 [00:33<00:04, 269.27it/s] 90%|████████▉ | 9690/10768 [00:33<00:03, 274.06it/s] 90%|█████████ | 9720/10768 [00:33<00:03, 266.70it/s] 91%|█████████ | 9750/10768 [00:33<00:03, 262.13it/s] 91%|█████████ | 9780/10768 [00:34<00:03, 266.69it/s] 91%|█████████ | 9810/10768 [00:34<00:03, 257.67it/s] 91%|█████████▏| 9840/10768 [00:34<00:03, 254.87it/s] 92%|█████████▏| 9870/10768 [00:34<00:03, 260.82it/s] 92%|█████████▏| 9900/10768 [00:34<00:03, 257.71it/s] 92%|█████████▏| 9930/10768 [00:34<00:03, 250.50it/s] 92%|█████████▏| 9960/10768 [00:34<00:03, 250.63it/s] 93%|█████████▎| 9990/10768 [00:34<00:03, 255.71it/s] 93%|█████████▎| 10020/10768 [00:34<00:02, 262.95it/s] 93%|█████████▎| 10050/10768 [00:35<00:02, 259.48it/s] 94%|█████████▎| 10080/10768 [00:35<00:02, 267.42it/s] 94%|█████████▍| 10110/10768 [00:35<00:02, 261.82it/s] 94%|█████████▍| 10140/10768 [00:35<00:02, 264.09it/s] 94%|█████████▍| 10170/10768 [00:35<00:02, 254.80it/s] 95%|█████████▍| 10200/10768 [00:35<00:02, 251.42it/s] 95%|█████████▌| 10230/10768 [00:35<00:02, 253.19it/s] 95%|█████████▌| 10260/10768 [00:35<00:01, 264.55it/s] 96%|█████████▌| 10290/10768 [00:36<00:01, 253.59it/s] 96%|█████████▌| 10320/10768 [00:36<00:01, 255.17it/s] 96%|█████████▌| 10350/10768 [00:36<00:01, 250.75it/s] 96%|█████████▋| 10380/10768 [00:36<00:01, 258.94it/s] 97%|█████████▋| 10410/10768 [00:36<00:01, 256.05it/s] 97%|█████████▋| 10440/10768 [00:36<00:01, 267.79it/s] 97%|█████████▋| 10470/10768 [00:36<00:01, 264.71it/s] 98%|█████████▊| 10500/10768 [00:36<00:01, 261.65it/s] 98%|█████████▊| 10530/10768 [00:36<00:00, 252.34it/s] 98%|█████████▊| 10560/10768 [00:37<00:00, 245.96it/s] 98%|█████████▊| 10590/10768 [00:37<00:00, 247.60it/s] 99%|█████████▊| 10620/10768 [00:37<00:00, 248.40it/s] 99%|█████████▉| 10660/10768 [00:37<00:00, 262.58it/s] 99%|█████████▉| 10690/10768 [00:37<00:00, 262.36it/s]100%|█████████▉| 10720/10768 [00:37<00:00, 258.81it/s]100%|█████████▉| 10750/10768 [00:37<00:00, 249.43it/s]100%|██████████| 10768/10768 [00:37<00:00, 284.04it/s]
  0%|          | 0/10768 [00:00<?, ?it/s]  0%|          | 20/10768 [00:00<01:05, 164.20it/s]  0%|          | 40/10768 [00:00<01:03, 168.02it/s]  1%|          | 60/10768 [00:00<01:02, 170.31it/s]  1%|          | 80/10768 [00:00<01:02, 171.05it/s]  1%|          | 100/10768 [00:00<01:02, 171.59it/s]  1%|          | 120/10768 [00:00<01:02, 171.73it/s]  1%|▏         | 140/10768 [00:00<01:01, 171.81it/s]  1%|▏         | 160/10768 [00:00<01:01, 171.78it/s]  2%|▏         | 180/10768 [00:01<01:01, 172.04it/s]  2%|▏         | 200/10768 [00:01<01:01, 173.10it/s]  2%|▏         | 230/10768 [00:01<00:54, 194.03it/s]  2%|▏         | 260/10768 [00:01<00:50, 207.61it/s]  3%|▎         | 290/10768 [00:01<00:48, 216.86it/s]  3%|▎         | 320/10768 [00:01<00:46, 223.40it/s]  3%|▎         | 350/10768 [00:01<00:47, 219.56it/s]  4%|▎         | 380/10768 [00:01<00:46, 224.64it/s]  4%|▍         | 410/10768 [00:02<00:45, 228.70it/s]  4%|▍         | 440/10768 [00:02<00:44, 231.39it/s]  4%|▍         | 470/10768 [00:02<00:44, 233.15it/s]  5%|▍         | 500/10768 [00:02<00:43, 234.21it/s]  5%|▍         | 530/10768 [00:02<00:43, 235.46it/s]  5%|▌         | 560/10768 [00:02<00:44, 227.61it/s]  5%|▌         | 590/10768 [00:02<00:44, 230.75it/s]  6%|▌         | 620/10768 [00:02<00:43, 232.74it/s]  6%|▌         | 650/10768 [00:03<00:43, 234.28it/s]  6%|▋         | 680/10768 [00:03<00:43, 234.30it/s]  7%|▋         | 710/10768 [00:03<00:42, 234.73it/s]  7%|▋         | 740/10768 [00:03<00:42, 235.65it/s]  7%|▋         | 770/10768 [00:03<00:42, 236.09it/s]  7%|▋         | 800/10768 [00:03<00:42, 235.97it/s]  8%|▊         | 830/10768 [00:03<00:42, 235.44it/s]  8%|▊         | 860/10768 [00:03<00:42, 235.15it/s]  8%|▊         | 890/10768 [00:04<00:42, 234.93it/s]  9%|▊         | 920/10768 [00:04<00:41, 235.46it/s]  9%|▉         | 950/10768 [00:04<00:41, 235.05it/s]  9%|▉         | 980/10768 [00:04<00:41, 235.71it/s]  9%|▉         | 1010/10768 [00:04<00:41, 234.54it/s] 10%|▉         | 1040/10768 [00:04<00:42, 226.65it/s] 10%|▉         | 1070/10768 [00:04<00:42, 228.40it/s] 10%|█         | 1100/10768 [00:05<00:42, 229.18it/s] 10%|█         | 1130/10768 [00:05<00:41, 230.51it/s] 11%|█         | 1160/10768 [00:05<00:41, 232.03it/s] 11%|█         | 1190/10768 [00:05<00:40, 234.08it/s] 11%|█▏        | 1220/10768 [00:05<00:40, 234.11it/s] 12%|█▏        | 1250/10768 [00:05<00:42, 226.15it/s] 12%|█▏        | 1280/10768 [00:05<00:43, 218.28it/s] 12%|█▏        | 1310/10768 [00:05<00:42, 221.47it/s] 12%|█▏        | 1340/10768 [00:06<00:42, 224.44it/s] 13%|█▎        | 1370/10768 [00:06<00:41, 227.89it/s] 13%|█▎        | 1400/10768 [00:06<00:40, 229.69it/s] 13%|█▎        | 1430/10768 [00:06<00:42, 220.22it/s] 14%|█▎        | 1460/10768 [00:06<00:41, 222.75it/s] 14%|█▍        | 1490/10768 [00:06<00:42, 218.49it/s] 14%|█▍        | 1520/10768 [00:06<00:41, 223.18it/s] 14%|█▍        | 1550/10768 [00:07<00:42, 217.59it/s] 15%|█▍        | 1580/10768 [00:07<00:41, 222.79it/s] 15%|█▍        | 1610/10768 [00:07<00:43, 210.61it/s] 15%|█▌        | 1640/10768 [00:07<00:43, 209.04it/s] 16%|█▌        | 1670/10768 [00:07<00:43, 208.82it/s] 16%|█▌        | 1700/10768 [00:07<00:43, 207.94it/s] 16%|█▌        | 1730/10768 [00:07<00:42, 214.74it/s] 16%|█▋        | 1760/10768 [00:08<00:42, 213.47it/s] 17%|█▋        | 1790/10768 [00:08<00:42, 212.45it/s] 17%|█▋        | 1820/10768 [00:08<00:43, 207.33it/s] 17%|█▋        | 1850/10768 [00:08<00:41, 213.82it/s] 17%|█▋        | 1880/10768 [00:08<00:42, 211.28it/s] 18%|█▊        | 1910/10768 [00:08<00:40, 216.77it/s] 18%|█▊        | 1940/10768 [00:08<00:39, 221.37it/s] 18%|█▊        | 1970/10768 [00:09<00:40, 216.62it/s] 19%|█▊        | 2000/10768 [00:09<00:42, 205.99it/s] 19%|█▉        | 2030/10768 [00:09<00:41, 209.70it/s] 19%|█▉        | 2060/10768 [00:09<00:40, 216.32it/s] 19%|█▉        | 2090/10768 [00:09<00:40, 213.62it/s] 20%|█▉        | 2120/10768 [00:09<00:40, 213.88it/s] 20%|█▉        | 2150/10768 [00:09<00:40, 210.86it/s] 20%|██        | 2180/10768 [00:10<00:42, 202.57it/s] 21%|██        | 2210/10768 [00:10<00:43, 195.59it/s] 21%|██        | 2240/10768 [00:10<00:43, 197.98it/s] 21%|██        | 2270/10768 [00:10<00:40, 208.05it/s] 21%|██▏       | 2300/10768 [00:10<00:42, 199.59it/s] 22%|██▏       | 2330/10768 [00:10<00:41, 204.56it/s] 22%|██▏       | 2360/10768 [00:10<00:39, 211.02it/s] 22%|██▏       | 2390/10768 [00:11<00:41, 202.11it/s] 22%|██▏       | 2420/10768 [00:11<00:39, 209.87it/s] 23%|██▎       | 2450/10768 [00:11<00:38, 215.81it/s] 23%|██▎       | 2480/10768 [00:11<00:38, 212.60it/s] 23%|██▎       | 2510/10768 [00:11<00:39, 209.81it/s] 24%|██▎       | 2540/10768 [00:11<00:38, 214.18it/s] 24%|██▍       | 2570/10768 [00:11<00:38, 211.68it/s] 24%|██▍       | 2600/10768 [00:12<00:39, 207.51it/s] 24%|██▍       | 2630/10768 [00:12<00:39, 206.61it/s] 25%|██▍       | 2660/10768 [00:12<00:39, 206.54it/s] 25%|██▍       | 2690/10768 [00:12<00:39, 202.30it/s] 25%|██▌       | 2720/10768 [00:12<00:38, 211.15it/s] 26%|██▌       | 2750/10768 [00:12<00:38, 207.33it/s] 26%|██▌       | 2780/10768 [00:12<00:40, 195.83it/s] 26%|██▌       | 2800/10768 [00:13<00:41, 190.18it/s] 26%|██▌       | 2820/10768 [00:13<00:41, 190.30it/s] 26%|██▋       | 2840/10768 [00:13<00:41, 191.16it/s] 27%|██▋       | 2870/10768 [00:13<00:40, 194.81it/s] 27%|██▋       | 2900/10768 [00:13<00:38, 203.78it/s] 27%|██▋       | 2930/10768 [00:13<00:38, 204.57it/s] 27%|██▋       | 2960/10768 [00:13<00:37, 205.57it/s] 28%|██▊       | 2990/10768 [00:13<00:38, 204.45it/s] 28%|██▊       | 3020/10768 [00:14<00:38, 201.09it/s] 28%|██▊       | 3050/10768 [00:14<00:38, 202.78it/s] 29%|██▊       | 3080/10768 [00:14<00:38, 200.77it/s] 29%|██▉       | 3110/10768 [00:14<00:36, 208.54it/s] 29%|██▉       | 3140/10768 [00:14<00:36, 207.88it/s] 29%|██▉       | 3170/10768 [00:14<00:38, 199.59it/s] 30%|██▉       | 3200/10768 [00:15<00:38, 198.35it/s] 30%|██▉       | 3220/10768 [00:15<00:38, 198.50it/s] 30%|███       | 3240/10768 [00:15<00:38, 196.84it/s] 30%|███       | 3260/10768 [00:15<00:38, 195.76it/s] 30%|███       | 3280/10768 [00:15<00:38, 194.14it/s] 31%|███       | 3300/10768 [00:15<00:38, 193.46it/s] 31%|███       | 3320/10768 [00:15<00:39, 189.17it/s] 31%|███       | 3350/10768 [00:15<00:38, 194.80it/s] 31%|███▏      | 3380/10768 [00:15<00:38, 194.11it/s] 32%|███▏      | 3400/10768 [00:16<00:37, 194.11it/s] 32%|███▏      | 3420/10768 [00:16<00:37, 193.56it/s] 32%|███▏      | 3450/10768 [00:16<00:37, 193.97it/s] 32%|███▏      | 3470/10768 [00:16<00:37, 193.95it/s] 33%|███▎      | 3500/10768 [00:16<00:36, 198.43it/s] 33%|███▎      | 3520/10768 [00:16<00:38, 190.49it/s] 33%|███▎      | 3540/10768 [00:16<00:37, 191.04it/s] 33%|███▎      | 3570/10768 [00:16<00:35, 201.70it/s] 33%|███▎      | 3600/10768 [00:17<00:36, 196.02it/s] 34%|███▎      | 3630/10768 [00:17<00:36, 196.19it/s] 34%|███▍      | 3650/10768 [00:17<00:36, 195.96it/s] 34%|███▍      | 3670/10768 [00:17<00:36, 194.22it/s] 34%|███▍      | 3700/10768 [00:17<00:35, 198.30it/s] 35%|███▍      | 3720/10768 [00:17<00:37, 189.27it/s] 35%|███▍      | 3740/10768 [00:17<00:36, 191.94it/s] 35%|███▍      | 3760/10768 [00:17<00:36, 192.48it/s] 35%|███▌      | 3790/10768 [00:18<00:34, 205.17it/s] 35%|███▌      | 3820/10768 [00:18<00:34, 201.92it/s] 36%|███▌      | 3850/10768 [00:18<00:35, 193.93it/s] 36%|███▌      | 3870/10768 [00:18<00:35, 193.64it/s] 36%|███▌      | 3900/10768 [00:18<00:35, 191.79it/s] 36%|███▋      | 3920/10768 [00:18<00:36, 187.65it/s] 37%|███▋      | 3940/10768 [00:18<00:35, 190.19it/s] 37%|███▋      | 3960/10768 [00:18<00:36, 185.95it/s] 37%|███▋      | 3980/10768 [00:19<00:36, 185.57it/s] 37%|███▋      | 4000/10768 [00:19<00:36, 186.78it/s] 37%|███▋      | 4020/10768 [00:19<00:35, 189.11it/s] 38%|███▊      | 4040/10768 [00:19<00:35, 190.72it/s] 38%|███▊      | 4070/10768 [00:19<00:34, 195.36it/s] 38%|███▊      | 4100/10768 [00:19<00:32, 206.48it/s] 38%|███▊      | 4130/10768 [00:19<00:32, 201.29it/s] 39%|███▊      | 4160/10768 [00:19<00:32, 202.64it/s] 39%|███▉      | 4190/10768 [00:20<00:32, 200.40it/s] 39%|███▉      | 4220/10768 [00:20<00:32, 199.64it/s] 39%|███▉      | 4240/10768 [00:20<00:32, 197.95it/s] 40%|███▉      | 4270/10768 [00:20<00:31, 206.14it/s] 40%|███▉      | 4300/10768 [00:20<00:32, 197.28it/s] 40%|████      | 4320/10768 [00:20<00:32, 196.01it/s] 40%|████      | 4350/10768 [00:20<00:31, 205.47it/s] 41%|████      | 4380/10768 [00:21<00:31, 204.45it/s] 41%|████      | 4410/10768 [00:21<00:32, 196.40it/s] 41%|████      | 4440/10768 [00:21<00:32, 197.20it/s] 41%|████▏     | 4460/10768 [00:21<00:32, 192.53it/s] 42%|████▏     | 4490/10768 [00:21<00:32, 195.60it/s] 42%|████▏     | 4510/10768 [00:21<00:32, 191.92it/s] 42%|████▏     | 4530/10768 [00:21<00:32, 191.31it/s] 42%|████▏     | 4560/10768 [00:22<00:32, 191.90it/s] 43%|████▎     | 4590/10768 [00:22<00:30, 203.31it/s] 43%|████▎     | 4620/10768 [00:22<00:31, 193.32it/s] 43%|████▎     | 4640/10768 [00:22<00:31, 192.18it/s] 43%|████▎     | 4670/10768 [00:22<00:30, 200.64it/s] 44%|████▎     | 4700/10768 [00:22<00:30, 201.12it/s] 44%|████▍     | 4730/10768 [00:22<00:31, 189.31it/s] 44%|████▍     | 4750/10768 [00:22<00:31, 188.09it/s] 44%|████▍     | 4770/10768 [00:23<00:32, 183.69it/s] 44%|████▍     | 4790/10768 [00:23<00:32, 185.19it/s] 45%|████▍     | 4810/10768 [00:23<00:32, 184.23it/s] 45%|████▍     | 4830/10768 [00:23<00:31, 185.78it/s] 45%|████▌     | 4850/10768 [00:23<00:31, 186.73it/s] 45%|████▌     | 4880/10768 [00:23<00:30, 190.67it/s] 46%|████▌     | 4910/10768 [00:23<00:30, 195.17it/s] 46%|████▌     | 4930/10768 [00:23<00:29, 194.80it/s] 46%|████▌     | 4950/10768 [00:24<00:29, 194.46it/s] 46%|████▌     | 4970/10768 [00:24<00:29, 193.41it/s] 46%|████▋     | 4990/10768 [00:24<00:30, 192.33it/s] 47%|████▋     | 5010/10768 [00:24<00:30, 191.00it/s] 47%|████▋     | 5030/10768 [00:24<00:29, 191.61it/s] 47%|████▋     | 5060/10768 [00:24<00:29, 194.99it/s] 47%|████▋     | 5090/10768 [00:24<00:27, 205.28it/s] 48%|████▊     | 5120/10768 [00:24<00:28, 196.57it/s] 48%|████▊     | 5140/10768 [00:25<00:28, 196.98it/s] 48%|████▊     | 5160/10768 [00:25<00:28, 197.66it/s] 48%|████▊     | 5190/10768 [00:25<00:28, 194.06it/s] 48%|████▊     | 5210/10768 [00:25<00:28, 193.98it/s] 49%|████▊     | 5230/10768 [00:25<00:28, 193.81it/s] 49%|████▉     | 5250/10768 [00:25<00:29, 188.25it/s] 49%|████▉     | 5270/10768 [00:25<00:30, 183.05it/s] 49%|████▉     | 5290/10768 [00:25<00:29, 185.06it/s] 49%|████▉     | 5310/10768 [00:25<00:29, 186.20it/s] 49%|████▉     | 5330/10768 [00:26<00:29, 186.61it/s] 50%|████▉     | 5350/10768 [00:26<00:28, 188.49it/s] 50%|████▉     | 5380/10768 [00:26<00:27, 194.43it/s] 50%|█████     | 5410/10768 [00:26<00:26, 205.26it/s] 51%|█████     | 5440/10768 [00:26<00:27, 190.52it/s] 51%|█████     | 5470/10768 [00:26<00:27, 193.54it/s] 51%|█████     | 5490/10768 [00:26<00:27, 188.68it/s] 51%|█████     | 5510/10768 [00:26<00:27, 189.62it/s] 51%|█████▏    | 5530/10768 [00:27<00:27, 187.16it/s] 52%|█████▏    | 5560/10768 [00:27<00:26, 196.76it/s] 52%|█████▏    | 5580/10768 [00:27<00:26, 195.26it/s] 52%|█████▏    | 5610/10768 [00:27<00:25, 200.29it/s] 52%|█████▏    | 5630/10768 [00:27<00:27, 189.63it/s] 52%|█████▏    | 5650/10768 [00:27<00:27, 188.40it/s] 53%|█████▎    | 5680/10768 [00:27<00:26, 191.61it/s] 53%|█████▎    | 5710/10768 [00:27<00:24, 202.54it/s] 53%|█████▎    | 5740/10768 [00:28<00:25, 193.42it/s] 54%|█████▎    | 5770/10768 [00:28<00:24, 202.12it/s] 54%|█████▍    | 5800/10768 [00:28<00:23, 207.95it/s] 54%|█████▍    | 5830/10768 [00:28<00:24, 204.98it/s] 54%|█████▍    | 5860/10768 [00:28<00:23, 211.06it/s] 55%|█████▍    | 5890/10768 [00:28<00:23, 207.20it/s] 55%|█████▍    | 5920/10768 [00:28<00:23, 205.06it/s] 55%|█████▌    | 5950/10768 [00:29<00:23, 203.74it/s] 56%|█████▌    | 5980/10768 [00:29<00:22, 209.61it/s] 56%|█████▌    | 6010/10768 [00:29<00:22, 213.76it/s] 56%|█████▌    | 6040/10768 [00:29<00:22, 209.73it/s] 56%|█████▋    | 6070/10768 [00:29<00:22, 208.38it/s] 57%|█████▋    | 6100/10768 [00:29<00:21, 213.51it/s] 57%|█████▋    | 6130/10768 [00:29<00:21, 214.79it/s] 57%|█████▋    | 6160/10768 [00:30<00:22, 202.53it/s] 57%|█████▋    | 6190/10768 [00:30<00:21, 209.51it/s] 58%|█████▊    | 6220/10768 [00:30<00:21, 214.59it/s] 58%|█████▊    | 6250/10768 [00:30<00:20, 216.84it/s] 58%|█████▊    | 6280/10768 [00:30<00:21, 206.20it/s] 59%|█████▊    | 6310/10768 [00:30<00:21, 204.50it/s] 59%|█████▉    | 6340/10768 [00:30<00:21, 204.24it/s] 59%|█████▉    | 6370/10768 [00:31<00:21, 202.55it/s] 59%|█████▉    | 6400/10768 [00:31<00:20, 208.33it/s] 60%|█████▉    | 6430/10768 [00:31<00:20, 214.95it/s] 60%|█████▉    | 6460/10768 [00:31<00:19, 218.35it/s] 60%|██████    | 6490/10768 [00:31<00:19, 220.25it/s] 61%|██████    | 6520/10768 [00:31<00:18, 223.61it/s] 61%|██████    | 6550/10768 [00:31<00:18, 223.30it/s] 61%|██████    | 6580/10768 [00:32<00:19, 214.96it/s] 61%|██████▏   | 6610/10768 [00:32<00:19, 207.92it/s] 62%|██████▏   | 6640/10768 [00:32<00:19, 209.63it/s] 62%|██████▏   | 6670/10768 [00:32<00:19, 205.24it/s] 62%|██████▏   | 6700/10768 [00:32<00:19, 210.04it/s] 62%|██████▎   | 6730/10768 [00:32<00:19, 211.39it/s] 63%|██████▎   | 6760/10768 [00:32<00:18, 211.37it/s] 63%|██████▎   | 6790/10768 [00:33<00:18, 212.65it/s] 63%|██████▎   | 6820/10768 [00:33<00:18, 212.97it/s] 64%|██████▎   | 6850/10768 [00:33<00:18, 212.82it/s] 64%|██████▍   | 6880/10768 [00:33<00:18, 206.09it/s] 64%|██████▍   | 6910/10768 [00:33<00:18, 207.46it/s] 64%|██████▍   | 6940/10768 [00:33<00:18, 209.43it/s] 65%|██████▍   | 6970/10768 [00:33<00:18, 210.50it/s] 65%|██████▌   | 7000/10768 [00:34<00:17, 211.61it/s] 65%|██████▌   | 7030/10768 [00:34<00:17, 212.33it/s] 66%|██████▌   | 7060/10768 [00:34<00:18, 205.86it/s] 66%|██████▌   | 7090/10768 [00:34<00:17, 208.37it/s] 66%|██████▌   | 7120/10768 [00:34<00:17, 210.06it/s] 66%|██████▋   | 7150/10768 [00:34<00:16, 213.06it/s] 67%|██████▋   | 7180/10768 [00:34<00:16, 215.47it/s] 67%|██████▋   | 7210/10768 [00:35<00:16, 214.82it/s] 67%|██████▋   | 7240/10768 [00:35<00:16, 210.02it/s] 68%|██████▊   | 7270/10768 [00:35<00:16, 207.33it/s] 68%|██████▊   | 7300/10768 [00:35<00:16, 211.14it/s] 68%|██████▊   | 7330/10768 [00:35<00:16, 212.80it/s] 68%|██████▊   | 7360/10768 [00:35<00:15, 215.40it/s] 69%|██████▊   | 7390/10768 [00:35<00:15, 218.40it/s] 69%|██████▉   | 7420/10768 [00:36<00:15, 213.61it/s] 69%|██████▉   | 7450/10768 [00:36<00:15, 210.32it/s] 69%|██████▉   | 7480/10768 [00:36<00:15, 207.30it/s] 70%|██████▉   | 7510/10768 [00:36<00:15, 210.34it/s] 70%|███████   | 7540/10768 [00:36<00:15, 207.83it/s] 70%|███████   | 7570/10768 [00:36<00:15, 212.14it/s] 71%|███████   | 7600/10768 [00:36<00:15, 207.98it/s] 71%|███████   | 7630/10768 [00:37<00:15, 204.46it/s] 71%|███████   | 7660/10768 [00:37<00:15, 204.39it/s] 71%|███████▏  | 7690/10768 [00:37<00:15, 204.91it/s] 72%|███████▏  | 7720/10768 [00:37<00:14, 210.25it/s] 72%|███████▏  | 7750/10768 [00:37<00:14, 201.60it/s] 72%|███████▏  | 7780/10768 [00:37<00:14, 205.50it/s] 73%|███████▎  | 7810/10768 [00:37<00:14, 204.08it/s] 73%|███████▎  | 7840/10768 [00:38<00:14, 203.24it/s] 73%|███████▎  | 7870/10768 [00:38<00:14, 202.08it/s] 73%|███████▎  | 7900/10768 [00:38<00:14, 201.15it/s] 74%|███████▎  | 7930/10768 [00:38<00:14, 195.11it/s] 74%|███████▍  | 7950/10768 [00:38<00:14, 193.73it/s] 74%|███████▍  | 7980/10768 [00:38<00:13, 202.97it/s] 74%|███████▍  | 8010/10768 [00:38<00:13, 202.60it/s] 75%|███████▍  | 8040/10768 [00:39<00:13, 209.47it/s] 75%|███████▍  | 8070/10768 [00:39<00:12, 209.16it/s] 75%|███████▌  | 8100/10768 [00:39<00:12, 214.67it/s] 76%|███████▌  | 8130/10768 [00:39<00:12, 216.84it/s] 76%|███████▌  | 8160/10768 [00:39<00:11, 219.81it/s] 76%|███████▌  | 8190/10768 [00:39<00:11, 222.05it/s] 76%|███████▋  | 8220/10768 [00:39<00:11, 216.00it/s] 77%|███████▋  | 8250/10768 [00:40<00:11, 218.68it/s] 77%|███████▋  | 8280/10768 [00:40<00:11, 221.60it/s] 77%|███████▋  | 8310/10768 [00:40<00:10, 223.77it/s] 77%|███████▋  | 8340/10768 [00:40<00:10, 225.33it/s] 78%|███████▊  | 8370/10768 [00:40<00:11, 217.01it/s] 78%|███████▊  | 8400/10768 [00:40<00:11, 201.68it/s] 78%|███████▊  | 8430/10768 [00:40<00:11, 201.72it/s] 79%|███████▊  | 8460/10768 [00:41<00:11, 208.23it/s] 79%|███████▉  | 8490/10768 [00:41<00:10, 213.14it/s] 79%|███████▉  | 8520/10768 [00:41<00:10, 216.30it/s] 79%|███████▉  | 8550/10768 [00:41<00:10, 219.06it/s] 80%|███████▉  | 8580/10768 [00:41<00:09, 221.31it/s] 80%|███████▉  | 8610/10768 [00:41<00:09, 223.11it/s] 80%|████████  | 8640/10768 [00:41<00:09, 224.21it/s] 81%|████████  | 8670/10768 [00:41<00:09, 223.96it/s] 81%|████████  | 8700/10768 [00:42<00:09, 217.60it/s] 81%|████████  | 8730/10768 [00:42<00:09, 219.63it/s] 81%|████████▏ | 8760/10768 [00:42<00:09, 221.89it/s] 82%|████████▏ | 8790/10768 [00:42<00:08, 223.30it/s] 82%|████████▏ | 8820/10768 [00:42<00:08, 223.31it/s] 82%|████████▏ | 8850/10768 [00:42<00:08, 223.97it/s] 82%|████████▏ | 8880/10768 [00:42<00:08, 223.38it/s] 83%|████████▎ | 8910/10768 [00:43<00:08, 215.55it/s] 83%|████████▎ | 8940/10768 [00:43<00:08, 210.78it/s] 83%|████████▎ | 8970/10768 [00:43<00:08, 215.35it/s] 84%|████████▎ | 9000/10768 [00:43<00:08, 216.42it/s] 84%|████████▍ | 9030/10768 [00:43<00:07, 217.77it/s] 84%|████████▍ | 9060/10768 [00:43<00:08, 211.47it/s] 84%|████████▍ | 9090/10768 [00:43<00:07, 215.83it/s] 85%|████████▍ | 9120/10768 [00:44<00:08, 203.67it/s] 85%|████████▍ | 9150/10768 [00:44<00:07, 209.27it/s] 85%|████████▌ | 9180/10768 [00:44<00:07, 213.37it/s] 86%|████████▌ | 9210/10768 [00:44<00:07, 216.35it/s] 86%|████████▌ | 9240/10768 [00:44<00:07, 204.93it/s] 86%|████████▌ | 9270/10768 [00:44<00:07, 211.09it/s] 86%|████████▋ | 9300/10768 [00:44<00:07, 200.86it/s] 87%|████████▋ | 9330/10768 [00:45<00:07, 200.25it/s] 87%|████████▋ | 9360/10768 [00:45<00:07, 200.17it/s] 87%|████████▋ | 9390/10768 [00:45<00:06, 207.71it/s] 87%|████████▋ | 9420/10768 [00:45<00:06, 205.50it/s] 88%|████████▊ | 9450/10768 [00:45<00:06, 203.78it/s] 88%|████████▊ | 9480/10768 [00:45<00:06, 202.03it/s] 88%|████████▊ | 9510/10768 [00:46<00:06, 196.89it/s] 89%|████████▊ | 9530/10768 [00:46<00:06, 194.97it/s] 89%|████████▊ | 9550/10768 [00:46<00:06, 186.26it/s] 89%|████████▉ | 9580/10768 [00:46<00:05, 198.77it/s] 89%|████████▉ | 9600/10768 [00:46<00:05, 195.17it/s] 89%|████████▉ | 9630/10768 [00:46<00:05, 201.35it/s] 90%|████████▉ | 9660/10768 [00:46<00:05, 200.70it/s] 90%|████████▉ | 9690/10768 [00:46<00:05, 197.43it/s] 90%|█████████ | 9720/10768 [00:47<00:05, 203.49it/s] 91%|█████████ | 9750/10768 [00:47<00:05, 202.31it/s] 91%|█████████ | 9780/10768 [00:47<00:04, 201.19it/s] 91%|█████████ | 9810/10768 [00:47<00:05, 189.75it/s] 91%|█████████▏| 9840/10768 [00:47<00:04, 198.64it/s] 92%|█████████▏| 9870/10768 [00:47<00:04, 199.70it/s] 92%|█████████▏| 9900/10768 [00:47<00:04, 198.88it/s] 92%|█████████▏| 9930/10768 [00:48<00:04, 206.26it/s] 92%|█████████▏| 9960/10768 [00:48<00:03, 212.16it/s] 93%|█████████▎| 9990/10768 [00:48<00:03, 207.24it/s] 93%|█████████▎| 10020/10768 [00:48<00:03, 204.89it/s] 93%|█████████▎| 10050/10768 [00:48<00:03, 211.36it/s] 94%|█████████▎| 10080/10768 [00:48<00:03, 216.41it/s] 94%|█████████▍| 10110/10768 [00:48<00:02, 219.71it/s] 94%|█████████▍| 10140/10768 [00:49<00:02, 222.09it/s] 94%|█████████▍| 10170/10768 [00:49<00:02, 214.75it/s] 95%|█████████▍| 10200/10768 [00:49<00:02, 218.86it/s] 95%|█████████▌| 10230/10768 [00:49<00:02, 221.89it/s] 95%|█████████▌| 10260/10768 [00:49<00:02, 223.91it/s] 96%|█████████▌| 10290/10768 [00:49<00:02, 224.82it/s] 96%|█████████▌| 10320/10768 [00:49<00:01, 225.36it/s] 96%|█████████▌| 10350/10768 [00:50<00:01, 226.39it/s] 96%|█████████▋| 10380/10768 [00:50<00:01, 219.02it/s] 97%|█████████▋| 10410/10768 [00:50<00:01, 221.85it/s] 97%|█████████▋| 10440/10768 [00:50<00:01, 224.09it/s] 97%|█████████▋| 10470/10768 [00:50<00:01, 225.68it/s] 98%|█████████▊| 10500/10768 [00:50<00:01, 216.93it/s] 98%|█████████▊| 10530/10768 [00:50<00:01, 219.93it/s] 98%|█████████▊| 10560/10768 [00:50<00:00, 213.31it/s] 98%|█████████▊| 10590/10768 [00:51<00:00, 217.18it/s] 99%|█████████▊| 10620/10768 [00:51<00:00, 219.31it/s] 99%|█████████▉| 10650/10768 [00:51<00:00, 220.98it/s] 99%|█████████▉| 10680/10768 [00:51<00:00, 221.55it/s] 99%|█████████▉| 10710/10768 [00:51<00:00, 223.37it/s]100%|█████████▉| 10740/10768 [00:51<00:00, 223.91it/s]100%|██████████| 10768/10768 [00:51<00:00, 220.61it/s]100%|██████████| 10768/10768 [00:51<00:00, 207.44it/s]
  0%|          | 0/10768 [00:00<?, ?it/s] 13%|█▎        | 1365/10768 [00:00<00:00, 12130.05it/s] 24%|██▍       | 2579/10768 [00:00<00:00, 9004.91it/s]  33%|███▎      | 3519/10768 [00:00<00:02, 3168.25it/s] 38%|███▊      | 4101/10768 [00:01<00:03, 1929.09it/s] 58%|█████▊    | 6195/10768 [00:01<00:01, 3878.24it/s] 66%|██████▌   | 7073/10768 [00:02<00:01, 2491.95it/s] 74%|███████▎  | 7920/10768 [00:02<00:00, 3046.73it/s] 80%|████████  | 8655/10768 [00:02<00:00, 3546.60it/s] 88%|████████▊ | 9435/10768 [00:02<00:00, 4150.13it/s] 94%|█████████▍| 10161/10768 [00:03<00:00, 2582.10it/s]100%|██████████| 10768/10768 [00:03<00:00, 3231.22it/s]
