Thu May 21 14:14:03 CEST 2026
NVIDIA H100
==========================================
=== Running jester inference (SMC-RW) ===
==========================================
[INFO] jester: jesterTOV version 0.2.2 (git 71baf5b)
[INFO] jester: Loading configuration from config.yaml
[INFO] jester: JAX devices: [CudaDevice(id=0)]
[INFO] jester: Setting up prior...
[INFO] jester: Fixed parameters found in prior file: {'E_sat': -16.0}
[INFO] jester: Prior has 26 dimensions
[INFO] jester: Prior parameter names: ['K_sat', 'Q_sat', 'Z_sat', 'E_sym', 'L_sym', 'K_sym', 'Q_sym', 'Z_sym', 'nbreak', 'n_CSE_0_u', 'cs2_CSE_0', 'n_CSE_1_u', 'cs2_CSE_1', 'n_CSE_2_u', 'cs2_CSE_2', 'n_CSE_3_u', 'cs2_CSE_3', 'n_CSE_4_u', 'cs2_CSE_4', 'n_CSE_5_u', 'cs2_CSE_5', 'n_CSE_6_u', 'cs2_CSE_6', 'n_CSE_7_u', 'cs2_CSE_7', 'cs2_CSE_8']
[INFO] jester:   [0] K_sat: Uniform(150.0, 300.0)
[INFO] jester:   [1] Q_sat: Uniform(-500.0, 1100.0)
[INFO] jester:   [2] Z_sat: Uniform(-2500.0, 1500.0)
[INFO] jester:   [3] E_sym: Uniform(28.0, 45.0)
[INFO] jester:   [4] L_sym: Uniform(10.0, 200.0)
[INFO] jester:   [5] K_sym: Uniform(-400.0, 200.0)
[INFO] jester:   [6] Q_sym: Uniform(-1000.0, 1500.0)
[INFO] jester:   [7] Z_sym: Uniform(-2000.0, 1500.0)
[INFO] jester:   [8] nbreak: Uniform(0.16, 0.32)
[INFO] jester:   [9] n_CSE_0_u: Uniform(0.0, 1.0)
[INFO] jester:   [10] cs2_CSE_0: Uniform(0.0, 1.0)
[INFO] jester:   [11] n_CSE_1_u: Uniform(0.0, 1.0)
[INFO] jester:   [12] cs2_CSE_1: Uniform(0.0, 1.0)
[INFO] jester:   [13] n_CSE_2_u: Uniform(0.0, 1.0)
[INFO] jester:   [14] cs2_CSE_2: Uniform(0.0, 1.0)
[INFO] jester:   [15] n_CSE_3_u: Uniform(0.0, 1.0)
[INFO] jester:   [16] cs2_CSE_3: Uniform(0.0, 1.0)
[INFO] jester:   [17] n_CSE_4_u: Uniform(0.0, 1.0)
[INFO] jester:   [18] cs2_CSE_4: Uniform(0.0, 1.0)
[INFO] jester:   [19] n_CSE_5_u: Uniform(0.0, 1.0)
[INFO] jester:   [20] cs2_CSE_5: Uniform(0.0, 1.0)
[INFO] jester:   [21] n_CSE_6_u: Uniform(0.0, 1.0)
[INFO] jester:   [22] cs2_CSE_6: Uniform(0.0, 1.0)
[INFO] jester:   [23] n_CSE_7_u: Uniform(0.0, 1.0)
[INFO] jester:   [24] cs2_CSE_7: Uniform(0.0, 1.0)
[INFO] jester:   [25] cs2_CSE_8: Uniform(0.0, 1.0)
[INFO] jester: Setting up transform...
[INFO] jester: Derived max_nbreak from nbreak prior: 2.0000 n_sat
[INFO] jester: Initialized JesterTransform: EOS=MetaModel_with_CSE_EOS_model, TOV=<jesterTOV.tov.gr.GRTOVSolver object at 0x1475067aa0f0>
[INFO] jester:   Fixed parameters: {'E_sat': -16.0}
[INFO] jester: EOS type: metamodel_cse
[INFO] jester:   nb_CSE: 8
[INFO] jester:   ndat_metamodel: 200
[INFO] jester:   nmax_nsat: 25.0
[INFO] jester: TOV solver: gr
[INFO] jester:   ndat_TOV: 100
[INFO] jester: Checking to prepare GW normalizing flows...
[INFO] jester: Setting up likelihood...
[INFO] jester: Number of enabled likelihoods: 2
[INFO] jester:   - CONSTRAINTS_EOS:
[INFO] jester:     {
      "type": "constraints_eos",
      "penalty_causality": -10000000000.0,
      "penalty_stability": -10000000000.0,
      "penalty_pressure": -10000000000.0
}
[INFO] jester:   - RADIO:
[INFO] jester:     {
      "type": "radio",
      "pulsars": [
            {
                  "name": "J1614",
                  "mass_mean": 1.94,
                  "mass_std": 0.01
            },
            {
                  "name": "J0740",
                  "mass_mean": 2.08,
                  "mass_std": 0.07
            }
      ],
      "penalty_value": -100000.0,
      "nb_masses": 100
}
[INFO] jester: Setting up smc-rw sampler...
[INFO] jester: Initializing BlackJAX SMC sampler with random_walk kernel
[INFO] jester: Configuration: 5000 particles, 10 MCMC steps per tempering stage
[INFO] jester: Target ESS: 0.9
[INFO] jester: ============================================================
[INFO] jester: Configuration Summary
[INFO] jester: ============================================================
[INFO] jester: EOS type: metamodel_cse
[INFO] jester: TOV solver: gr
[INFO] jester: Random seed: 43
[INFO] jester: Sampler type: smc-rw
[INFO] jester: Sampler Configuration:
[INFO] jester:   Particles: 5000
[INFO] jester:   MCMC steps: 10
[INFO] jester:   Target ESS: 0.9
[INFO] jester:   EOS samples to generate: 5000
[INFO] jester:   Output directory: ./outdir/
[INFO] jester: ============================================================

[INFO] jester: Testing likelihood evaluation...
[INFO] jester: Test log probabilities: [-335.41549351   -2.25420711 -263.11775191]
[INFO] jester: Starting sampling with seed 43...
[INFO] jester: Starting SMC sampling with random_walk kernel...
[INFO] jester: Using random walk kernel
[INFO] jester: Fixed sigma scaling: 0.05
[INFO] jester: ======================================================================
[INFO] jester: STARTING ADAPTIVE TEMPERING
[INFO] jester: ======================================================================
[INFO] jester: Kernel: RANDOM_WALK
[INFO] jester: Particles: 5000
[INFO] jester: MCMC steps per tempering: 10
[INFO] jester: Target ESS: 90%
[INFO] jester: Temperature progression: lambda = 0 (prior) -> 1 (posterior)
[INFO] jester: Progress updates will be shown after each annealing step
[INFO] jester: ======================================================================
[INFO] jester: Running SMC loop (this may take several minutes)...
[INFO] jester: Step    0 | λ=0.000000 | ESS= 98.9% | Accept= 73.6% | logZ=  -0.016 | t=00:00:57 | ░░░░░░░░░░░░░░░░░░░░░░░░░░░░░░
[INFO] jester: Step    1 | λ=0.000000 | ESS= 99.6% | Accept= 73.9% | logZ=  -0.022 | t=00:01:05 | ░░░░░░░░░░░░░░░░░░░░░░░░░░░░░░
[INFO] jester: Step    2 | λ=0.000000 | ESS= 99.9% | Accept= 73.3% | logZ=  -0.024 | t=00:01:14 | ░░░░░░░░░░░░░░░░░░░░░░░░░░░░░░
[INFO] jester: Step    3 | λ=0.000000 | ESS=100.0% | Accept= 73.7% | logZ=  -0.024 | t=00:01:22 | ░░░░░░░░░░░░░░░░░░░░░░░░░░░░░░
[INFO] jester: Step    4 | λ=0.000282 | ESS= 98.0% | Accept= 74.0% | logZ=  -0.080 | t=00:01:30 | ░░░░░░░░░░░░░░░░░░░░░░░░░░░░░░
[INFO] jester: Step    5 | λ=0.000282 | ESS=100.0% | Accept= 73.3% | logZ=  -0.080 | t=00:01:38 | ░░░░░░░░░░░░░░░░░░░░░░░░░░░░░░
[INFO] jester: Step    6 | λ=0.000692 | ESS= 98.3% | Accept= 73.3% | logZ=  -0.128 | t=00:01:46 | ░░░░░░░░░░░░░░░░░░░░░░░░░░░░░░
[INFO] jester: Step    7 | λ=0.001095 | ESS= 99.2% | Accept= 73.2% | logZ=  -0.158 | t=00:01:54 | ░░░░░░░░░░░░░░░░░░░░░░░░░░░░░░
[INFO] jester: Step    8 | λ=0.001681 | ESS= 99.1% | Accept= 73.3% | logZ=  -0.189 | t=00:02:02 | ░░░░░░░░░░░░░░░░░░░░░░░░░░░░░░
[INFO] jester: Step    9 | λ=0.002412 | ESS= 99.3% | Accept= 73.0% | logZ=  -0.214 | t=00:02:11 | ░░░░░░░░░░░░░░░░░░░░░░░░░░░░░░
[INFO] jester: Step   10 | λ=0.003433 | ESS= 99.3% | Accept= 73.8% | logZ=  -0.238 | t=00:02:19 | ░░░░░░░░░░░░░░░░░░░░░░░░░░░░░░
[INFO] jester: Step   11 | λ=0.004703 | ESS= 99.5% | Accept= 73.4% | logZ=  -0.259 | t=00:02:27 | ░░░░░░░░░░░░░░░░░░░░░░░░░░░░░░
[INFO] jester: Step   12 | λ=0.006687 | ESS= 99.4% | Accept= 73.4% | logZ=  -0.282 | t=00:02:35 | ░░░░░░░░░░░░░░░░░░░░░░░░░░░░░░
[INFO] jester: Step   13 | λ=0.009728 | ESS= 99.3% | Accept= 73.5% | logZ=  -0.308 | t=00:02:43 | ░░░░░░░░░░░░░░░░░░░░░░░░░░░░░░
[INFO] jester: Step   14 | λ=0.013284 | ESS= 99.6% | Accept= 72.6% | logZ=  -0.329 | t=00:02:52 | ░░░░░░░░░░░░░░░░░░░░░░░░░░░░░░
[INFO] jester: Step   15 | λ=0.017705 | ESS= 99.7% | Accept= 72.5% | logZ=  -0.349 | t=00:03:00 | ░░░░░░░░░░░░░░░░░░░░░░░░░░░░░░
[INFO] jester: Step   16 | λ=0.024637 | ESS= 99.6% | Accept= 72.4% | logZ=  -0.377 | t=00:03:07 | ░░░░░░░░░░░░░░░░░░░░░░░░░░░░░░
[INFO] jester: Step   17 | λ=0.033991 | ESS= 99.7% | Accept= 73.0% | logZ=  -0.405 | t=00:03:15 | █░░░░░░░░░░░░░░░░░░░░░░░░░░░░░
[INFO] jester: Step   18 | λ=0.047876 | ESS= 99.7% | Accept= 72.7% | logZ=  -0.442 | t=00:03:23 | █░░░░░░░░░░░░░░░░░░░░░░░░░░░░░
[INFO] jester: Step   19 | λ=0.074209 | ESS= 99.6% | Accept= 72.5% | logZ=  -0.504 | t=00:03:31 | ██░░░░░░░░░░░░░░░░░░░░░░░░░░░░
[INFO] jester: Step   20 | λ=0.104708 | ESS= 99.7% | Accept= 72.3% | logZ=  -0.571 | t=00:03:38 | ███░░░░░░░░░░░░░░░░░░░░░░░░░░░
[INFO] jester: Step   21 | λ=0.154400 | ESS= 99.6% | Accept= 72.2% | logZ=  -0.675 | t=00:03:46 | ████░░░░░░░░░░░░░░░░░░░░░░░░░░
[INFO] jester: Step   22 | λ=0.225623 | ESS= 99.6% | Accept= 72.3% | logZ=  -0.818 | t=00:03:54 | ██████░░░░░░░░░░░░░░░░░░░░░░░░
[INFO] jester: Step   23 | λ=0.319963 | ESS= 99.6% | Accept= 71.8% | logZ=  -1.002 | t=00:04:02 | █████████░░░░░░░░░░░░░░░░░░░░░
[INFO] jester: Step   24 | λ=0.433555 | ESS= 99.6% | Accept= 71.3% | logZ=  -1.219 | t=00:04:10 | █████████████░░░░░░░░░░░░░░░░░
[INFO] jester: Step   25 | λ=0.666128 | ESS= 99.1% | Accept= 71.6% | logZ=  -1.651 | t=00:04:18 | ███████████████████░░░░░░░░░░░
[INFO] jester: Step   26 | λ=0.949830 | ESS= 99.1% | Accept= 70.5% | logZ=  -2.166 | t=00:04:26 | ████████████████████████████░░
[INFO] jester: Step   27 | λ=1.000000 | ESS=100.0% | Accept= 70.7% | logZ=  -2.255 | t=00:04:33 | ██████████████████████████████
[INFO] jester: Sampling complete! Runtime: 4 min 34 sec
[INFO] jester: Generating SMC diagnostic plots...
[INFO] jester: Saved diagnostic plot to outdir/smc_diagnostics.png
[INFO] jester: Creating InferenceResult from sampler output...
[INFO] jester: Extracting results from blackjax_smc_rw sampler
[INFO] jester: Computed 5000 log probability values
[INFO] jester: ============================================================
[INFO] jester: Generating EOS from posterior samples
[INFO] jester: ============================================================
[INFO] jester: Generating EOS for all 5000 posterior samples
[INFO] jester: Applying transform to 5000 samples...
[INFO] jester: Using batch size: 1000
[INFO] jester: TOV solve time: 12.24 s (5000 samples)
[INFO] jester: Adding derived EOS quantities to posterior
[INFO] jester: Added 8 derived EOS quantities
[INFO] jester: EOS generation complete!
[INFO] jester: ============================================================
[INFO] jester: Saving inference results to outdir/results.h5
[INFO] jester: Successfully saved results to outdir/results.h5
[INFO] jester: Results saved to ./outdir/results.h5
[INFO] jester: ============================================================
[INFO] jester: Running postprocessing...
[INFO] jester: ============================================================
[INFO] jester: TeX rendering enabled
[INFO] jester: Generating plots for directory: ./outdir/
[INFO] jester: Saving plots to: ./outdir/figures
[INFO] jester: Loading inference results from outdir/results.h5
[INFO] jester: Successfully loaded blackjax_smc_rw results
[INFO] jester: Found 26 parameter names in metadata: ['K_sat', 'Q_sat', 'Z_sat', 'E_sym', 'L_sym', 'K_sym', 'Q_sym', 'Z_sym', 'nbreak', 'n_CSE_0_u', 'cs2_CSE_0', 'n_CSE_1_u', 'cs2_CSE_1', 'n_CSE_2_u', 'cs2_CSE_2', 'n_CSE_3_u', 'cs2_CSE_3', 'n_CSE_4_u', 'cs2_CSE_4', 'n_CSE_5_u', 'cs2_CSE_5', 'n_CSE_6_u', 'cs2_CSE_6', 'n_CSE_7_u', 'cs2_CSE_7', 'cs2_CSE_8']
[INFO] jester: Data loaded successfully!
[INFO] jester: Creating cornerplot...
[INFO] jester: Excluding 17 CSE parameters from cornerplot: ['cs2_CSE_0', 'cs2_CSE_1', 'cs2_CSE_2', 'cs2_CSE_3', 'cs2_CSE_4', 'cs2_CSE_5', 'cs2_CSE_6', 'cs2_CSE_7', 'cs2_CSE_8', 'n_CSE_0_u', 'n_CSE_1_u', 'n_CSE_2_u', 'n_CSE_3_u', 'n_CSE_4_u', 'n_CSE_5_u', 'n_CSE_6_u', 'n_CSE_7_u']
[INFO] jester: Creating cornerplot with 9 parameters
[INFO] jester: Cornerplot saved to ./outdir/figures/cornerplot.pdf
[INFO] jester: Creating mass-radius plot...
[INFO] jester: Widening mass axis to 4.12 M_sun (max MTOV: 3.87)
[INFO] jester: Plotting 4997 M-R curves (excluded 3 invalid samples)...
[INFO] jester: Mass-radius plot saved to ./outdir/figures/mass_radius_plot.pdf
[INFO] jester: Creating mass-Lambda plot...
[INFO] jester: Widening mass axis to 4.12 M_sun (max MTOV: 3.87)
[INFO] jester: Plotting 4997 M-Lambda curves (excluded 3 invalid samples)...
[INFO] jester: Mass-Lambda plot saved to ./outdir/figures/mass_lambda_plot.pdf
[INFO] jester: Creating pressure-density plot...
[INFO] jester: Plotting 4997 p-n curves (excluded 3 invalid)...
[INFO] jester: Pressure-density plot saved to ./outdir/figures/pressure_density_plot.pdf
[INFO] jester: Creating parameter histograms...
[INFO] jester: MTOV histogram saved to ./outdir/figures/MTOV_histogram.pdf
[INFO] jester: R14 histogram saved to ./outdir/figures/R14_histogram.pdf
[INFO] jester: Lambda14 histogram saved to ./outdir/figures/Lambda14_histogram.pdf
[INFO] jester: p3nsat histogram saved to ./outdir/figures/p3nsat_histogram.pdf
[INFO] jester: n_TOV histogram saved to ./outdir/figures/n_TOV_histogram.pdf
[INFO] jester: Creating cs2-density plot...
[INFO] jester: Plotting 4997 cs2-n curves (excluded 3 invalid)...
[INFO] jester: cs2-density plot saved to ./outdir/figures/cs2_density_plot.pdf
[INFO] jester: All plotting scripts executed and generated plots saved to ./outdir/figures
[INFO] jester: 
Postprocessing complete! Plots saved to ./outdir/
[INFO] jester: 
Inference complete! Results saved to ./outdir/
